ARM Linker, 5.03 [Build 76] [MDK-ARM Standard]

==============================================================================

Section Cross References

    application.o(.text) refers to deca_device.o(.text) for dwt_isr
    application.o(.text) refers to stm32l1xx_gpio.o(.text) for GPIO_ReadInputDataBit
    application.o(.text) refers to timer_event.o(.text) for event_timer_take_all
    application.o(.text) refers to instance.o(.text) for TdoaGetLocalInstStructurePtr
    application.o(.text) refers to rand.o(.text) for rand
    application.o(.text) refers to sleep.o(.text) for Sleep
    application.o(.text) refers to printf_util.o(.text) for PrintfUtil_vPrintf
    application.o(.text) refers to mcu.o(.text) for WatchdogReset
    mac_msg.o(.text) refers to mem.o(.text) for rt_free
    mac_msg.o(.text) refers to mac_msg.o(.bss) for mac_msg_list
    mac_msg.o(.text) refers to mac_msg.o(.data) for free_node
    main.o(.text) refers to printf_util.o(.text) for PrintfUtil_u8Init
    main.o(.text) refers to board.o(.text) for board_init
    main.o(.text) refers to mcu.o(.text) for portResetTickCnt
    main.o(.text) refers to application.o(.text) for Application
    mem.o(.text) refers to mcu.o(.emb_text) for interrupt_disable
    mem.o(.text) refers to mem.o(.data) for heap_ptr
    timer_event.o(.text) refers to mcu.o(.emb_text) for interrupt_disable
    timer_event.o(.text) refers to memseta.o(.text) for __aeabi_memclr4
    timer_event.o(.text) refers to mcu.o(.text) for GetSysClock
    timer_event.o(.text) refers to timer_event.o(.data) for bits_events
    timer_event.o(.text) refers to timer_event.o(.bss) for timer_list
    debug.o(.text) refers to stm32l1xx_gpio.o(.text) for GPIO_ResetBits
    debug.o(.text) refers to mcu.o(.text) for Delay_ms
    instance.o(.text) refers to deca_device.o(.text) for dwt_readrxtimestamp
    instance.o(.text) refers to printf_util.o(.text) for PrintfUtil_vPrintf
    instance.o(.text) refers to timer_event.o(.text) for event_timer_set
    instance.o(.text) refers to rand.o(.text) for rand
    instance.o(.text) refers to memseta.o(.text) for __aeabi_memclr4
    instance.o(.text) refers to memcpya.o(.text) for __aeabi_memcpy4
    instance.o(.text) refers to dotie.o(.text) for TdoaClearMsgArray
    instance.o(.text) refers to instance.o(.bss) for gstTdoaInstData
    instance.o(.text) refers to application.o(.bss) for gTdoaSendPack
    instance.o(.text) refers to instance.o(.data) for gu8NblinkPack
    instance.o(.text) refers to instance.o(.constdata) for .constdata
    instance.o(.text) refers to mcu.o(.text) for portGetTickCnt
    instance.o(.text) refers to dfltui.o(.text) for __aeabi_ui2d
    instance.o(.text) refers to dmul.o(.text) for __aeabi_dmul
    instance.o(.text) refers to ddiv.o(.text) for __aeabi_ddiv
    instance.o(.text) refers to log10.o(i.log10) for log10
    instance.o(.text) refers to dadd.o(.text) for __aeabi_dsub
    instance.o(.text) refers to dfixi.o(.text) for __aeabi_d2iz
    instance.o(.text) refers to port.o(.text) for reset_DW1000
    instance.o(.text) refers to application.o(.text) for DecaTdoaEquipEventSet
    instance.o(.text) refers to bsmac.o(.text) for UwbBsmacBlidPacketHeadProc
    deca_spi.o(.text) refers to stm32l1xx_spi.o(.text) for SPI_I2S_GetFlagStatus
    deca_spi.o(.text) refers to stm32l1xx_gpio.o(.text) for GPIO_ResetBits
    deca_spi.o(.text) refers to mcu.o(.text) for Delay_ms
    port.o(.text) refers to stm32l1xx_gpio.o(.text) for GPIO_Init
    port.o(.text) refers to stm32l1xx_spi.o(.text) for SPI_I2S_DeInit
    port.o(.text) refers to stm32l1xx_rcc.o(.text) for RCC_APB1PeriphClockCmd
    port.o(.text) refers to stm32l1xx_pwr.o(.text) for PWR_RTCAccessCmd
    port.o(.text) refers to stm32l1xx_rtc.o(.text) for RTC_WaitForSynchro
    port.o(.text) refers to stm32l1xx_exti.o(.text) for EXTI_ClearITPendingBit
    port.o(.text) refers to misc.o(.text) for NVIC_Init
    port.o(.text) refers to sleep.o(.text) for Sleep
    unistd.o(.text) refers to mcu.o(.text) for portGetTickCnt
    dotie.o(.text) refers to uldiv.o(.text) for __aeabi_uldivmod
    dotie.o(.text) refers to memseta.o(.text) for __aeabi_memclr4
    dotie.o(.text) refers to instance.o(.text) for TdoaGetLocalInstStructurePtr
    dotie.o(.text) refers to dotie.o(.bss) for avgTie
    dotie.o(.text) refers to instance.o(.bss) for gstTdoaMsgArray
    dotie.o(.text) refers to dotie.o(.data) for max_tie
    dotie.o(.text) refers to instance.o(.data) for gu8NblinkSend
    dotie.o(.text) refers to dfltul.o(.text) for __aeabi_ul2d
    dotie.o(.text) refers to ddiv.o(.text) for __aeabi_ddiv
    dotie.o(.text) refers to dmul.o(.text) for __aeabi_dmul
    dotie.o(.text) refers to dfixul.o(.text) for __aeabi_d2ulz
    dotie.o(.text) refers to printf_util.o(.text) for PrintfUtil_vPrintf
    dotie.o(.text) refers to dotie.o(.constdata) for .constdata
[...]
    Lg                                       0x0800a168   Data          32  log.o(.constdata)
    .constdata                               0x0800a188   Section        8  qnan.o(.constdata)
    .data                                    0x20000000   Section        1  application.o(.data)
    .data                                    0x20000004   Section       13  timer_event.o(.data)
    reload_events                            0x20000004   Data           4  timer_event.o(.data)
    bits_events                              0x20000008   Data           4  timer_event.o(.data)
    min_timer                                0x2000000c   Data           4  timer_event.o(.data)
    timer_cnt                                0x20000010   Data           1  timer_event.o(.data)
    .data                                    0x20000012   Section       69  instance.o(.data)
    .data                                    0x20000058   Section        8  dotie.o(.data)
    .data                                    0x20000060   Section        2  bsmac.o(.data)
    .data                                    0x20000064   Section        4  mcu.o(.data)
    systicks                                 0x20000064   Data           4  mcu.o(.data)
    .data                                    0x20000068   Section        1  mma8452q.o(.data)
    .data                                    0x20000069   Section       25  stm32l1xx_rcc.o(.data)
    PLLMulTable                              0x20000069   Data           9  stm32l1xx_rcc.o(.data)
    APBAHBPrescTable                         0x20000072   Data          16  stm32l1xx_rcc.o(.data)
    .data                                    0x20000084   Section       29  system_stm32l1xx.o(.data)
    .data                                    0x200000a4   Section        4  deca_device.o(.data)
    .data                                    0x200000a8   Section        6  printf_util.o(.data)
    .data                                    0x200000b0   Section        4  rand.o(.data)
    _rand_state                              0x200000b0   Data           4  rand.o(.data)
    .data                                    0x200000b4   Section        4  stdout.o(.data)
    .data                                    0x200000b8   Section        4  errno.o(.data)
    _errno                                   0x200000b8   Data           4  errno.o(.data)
    .bss                                     0x200000bc   Section     1404  application.o(.bss)
    .bss                                     0x20000638   Section      384  timer_event.o(.bss)
    timer_list                               0x20000638   Data         384  timer_event.o(.bss)
    .bss                                     0x200007b8   Section     3920  instance.o(.bss)
    .bss                                     0x20001708   Section      184  dotie.o(.bss)
    .bss                                     0x200017c0   Section      272  stm32l1xx_usart.o(.bss)
    .bss                                     0x200018d0   Section      120  deca_device.o(.bss)
    dw1000local                              0x200018d0   Data         120  deca_device.o(.bss)
    STACK                                    0x20001948   Section     8192  startup_stm32l1xx_md.o(STACK)

    Global Symbols

    Symbol Name                              Value     Ov Type        Size  Object(Section)

    BuildAttributes$$THM_ISAv4$P$D$K$B$S$PE$A:L22UL41UL21$X:L11$S22US41US21$IEEE1$IW$USESV6$~STKCKD$USESV7$~SHL$OTIME$ROPI$IEEEJ$EBA8$MICROLIB$REQ8$PRES8$EABIv2 0x00000000   Number         0  anon$$obj.o ABSOLUTE
    __ARM_use_no_argv                        0x00000000   Number         0  main.o ABSOLUTE
    __cpp_initialize__aeabi_                  - Undefined Weak Reference
    __cxa_finalize                            - Undefined Weak Reference
    __decompress                              - Undefined Weak Reference
    _clock_init                               - Undefined Weak Reference
    _microlib_exit                            - Undefined Weak Reference
    __Vectors_Size                           0x000000f4   Number         0  startup_stm32l1xx_md.o ABSOLUTE
    __Vectors                                0x08000000   Data           4  startup_stm32l1xx_md.o(RESET)
    __Vectors_End                            0x080000f4   Data           0  startup_stm32l1xx_md.o(RESET)
    __main                                   0x080000f5   Thumb Code     0  entry.o(.ARM.Collect$$$$00000000)
    _main_stk                                0x080000f5   Thumb Code     0  entry2.o(.ARM.Collect$$$$00000001)
    _main_scatterload                        0x080000f9   Thumb Code     0  entry5.o(.ARM.Collect$$$$00000004)
    __main_after_scatterload                 0x080000fd   Thumb Code     0  entry5.o(.ARM.Collect$$$$00000004)
    _main_clock                              0x080000fd   Thumb Code     0  entry7b.o(.ARM.Collect$$$$00000008)
    _main_cpp_init                           0x080000fd   Thumb Code     0  entry8b.o(.ARM.Collect$$$$0000000A)
    _main_init                               0x080000fd   Thumb Code     0  entry9a.o(.ARM.Collect$$$$0000000B)
    __rt_final_cpp                           0x08000105   Thumb Code     0  entry10a.o(.ARM.Collect$$$$0000000D)
    __rt_final_exit                          0x08000105   Thumb Code     0  entry11a.o(.ARM.Collect$$$$0000000F)
    interrupt_disable                        0x08000109   Thumb Code     8  mcu.o(.emb_text)
    interrupt_enable                         0x08000111   Thumb Code     6  mcu.o(.emb_text)
    vCheckBattery                            0x08000119   Thumb Code     2  application.o(.text)
    process_deca_irq                         0x0800011b   Thumb Code    22  application.o(.text)
    AppEventsProcess                         0x08000131   Thumb Code   204  application.o(.text)
    Appsleepinit                             0x080001fd   Thumb Code    26  application.o(.text)
    DecaTdoaEquipEventSet                    0x08000217   Thumb Code    86  application.o(.text)
    Application                              0x0800026d   Thumb Code    52  application.o(.text)
    main                                     0x08000311   Thumb Code    38  main.o(.text)
    event_timer_take                         0x08000359   Thumb Code    60  timer_event.o(.text)
    event_timer_take_all                     0x08000395   Thumb Code    28  timer_event.o(.text)
    event_timer_init                         0x080003b1   Thumb Code    28  timer_event.o(.text)
    event_timer_set                          0x080003cd   Thumb Code    46  timer_event.o(.text)
    event_timer_unset                        0x080003fb   Thumb Code    46  timer_event.o(.text)
    event_timer_add                          0x08000429   Thumb Code   124  timer_event.o(.text)
    event_timer_add_reload                   0x080004a5   Thumb Code   138  timer_event.o(.text)
    event_timer_del                          0x0800052f   Thumb Code   118  timer_event.o(.text)
    event_timer_update                       0x080005a5   Thumb Code   204  timer_event.o(.text)
    event_timer_next_tick                    0x08000671   Thumb Code    12  timer_event.o(.text)
    TdoaGetLocalInstStructurePtr             0x08000691   Thumb Code     4  instance.o(.text)
    TdoaGetLocalCardRssiStructurePtr         0x08000695   Thumb Code     4  instance.o(.text)
    TdoaGetLocalCardStructurePtr             0x08000699   Thumb Code     4  instance.o(.text)
    TdoaGetLocalMsgArrayStructurePtr         0x0800069d   Thumb Code     2  instance.o(.text)
    TdoaGetLocalSendPackStructurePtr         0x0800069f   Thumb Code     4  instance.o(.text)
    TdoaGetLocalStdCardMsgStructurePtr       0x080006a3   Thumb Code     4  instance.o(.text)
    TdoaGetLocalBetterTableStructurePtr      0x080006a7   Thumb Code     4  instance.o(.text)
    TDOATxCallback                           0x080006ab   Thumb Code     2  instance.o(.text)
    TDOARxTimeoutCallback                    0x080006ad   Thumb Code     2  instance.o(.text)
    TDOARxErrorCallback                      0x080006af   Thumb Code     2  instance.o(.text)
    TDOARxGoodCallback                       0x080006b1   Thumb Code   330  instance.o(.text)
    TdoaDataBuffClear                        0x080007fb   Thumb Code    42  instance.o(.text)
    TdoaMsgPackInsetUartBuff                 0x08000825   Thumb Code   100  instance.o(.text)
    TdoaRxCardMsgProc                        0x08000889   Thumb Code   124  instance.o(.text)
    TdoaInstConfigFrameHeader                0x08000905   Thumb Code    82  instance.o(.text)
    TdoaSetMacFrameData                      0x08000957   Thumb Code    40  instance.o(.text)
    TdoaInstSendTagPoolPacket                0x0800097f   Thumb Code    88  instance.o(.text)
    TdoaStdCardSaveRssiBuffInit              0x080009d7   Thumb Code    12  instance.o(.text)
    TdoaInstFillTestTagRssiToSendMsgProc     0x080009e3   Thumb Code   390  instance.o(.text)
    TdoaSendTagPoll                          0x08000b69   Thumb Code   176  instance.o(.text)
    TdoaInstRxRssiLevel                      0x08000c19   Thumb Code   142  instance.o(.text)
    TdoaSaveTestRssiFormStandardCardMsg      0x08000ca7   Thumb Code    80  instance.o(.text)
    TdoaInstGetRssiFormRxMsg                 0x08000cf7   Thumb Code    60  instance.o(.text)
    TdoaInstSaveRssiFormRxMsg                0x08000d33   Thumb Code    30  instance.o(.text)
    TdoaInstExistStdCardSaveMsg              0x08000d51   Thumb Code    44  instance.o(.text)
    TdoaInstNoExistStdCardSaveMsg            0x08000d7d   Thumb Code   114  instance.o(.text)
    TdoaInstBetterSelectStdCardCheck         0x08000def   Thumb Code    68  instance.o(.text)
    TdoaInstSaveBetterSelectTableOneStdCard  0x08000e33   Thumb Code    80  instance.o(.text)
    TdoaStdCardMsgBuffInit                   0x08000e83   Thumb Code    84  instance.o(.text)
    TdoaInstSaveBetterSelectTableMultiStdCard 0x08000ed7   Thumb Code   786  instance.o(.text)
    TdoaInstBetterSelectTableByRssi          0x080011e9   Thumb Code    36  instance.o(.text)
    TdoaInstSaveStdCardMsgProc               0x0800120d   Thumb Code   300  instance.o(.text)
    TdoaCardMsgBuffInit                      0x08001339   Thumb Code    14  instance.o(.text)
    TdoaInstRxMsgToCardMsgProc               0x08001347   Thumb Code    94  instance.o(.text)
    TdoaInstSaveTestTagRssiProc              0x080013a5   Thumb Code   270  instance.o(.text)
    TdoaInstRxTestMsgProc                    0x080014b3   Thumb Code    80  instance.o(.text)
    TdoaAnchorInit                           0x08001503   Thumb Code    74  instance.o(.text)
    TdoaTagInit                              0x0800154d   Thumb Code    68  instance.o(.text)
    TdoaInstRunState                         0x08001591   Thumb Code   180  instance.o(.text)
    Dw1000Init                               0x08001645   Thumb Code   112  instance.o(.text)
    TdoaInstChannelConfig                    0x080016b5   Thumb Code   392  instance.o(.text)
    TdoaInstanceBaseMsginit                  0x0800183d   Thumb Code   122  instance.o(.text)
    TdoaBetterTableBuffInit                  0x080018b7   Thumb Code    12  instance.o(.text)
    TdoaMsgBuffInit                          0x080018c3   Thumb Code    36  instance.o(.text)
    AppInstanceInit                          0x080018e7   Thumb Code    28  instance.o(.text)
    TdoaSendCardReportToUart                 0x08001903   Thumb Code   630  instance.o(.text)
    openspi                                  0x08001b91   Thumb Code     4  deca_spi.o(.text)
    closespi                                 0x08001b95   Thumb Code    28  deca_spi.o(.text)
    writetospi                               0x08001bb1   Thumb Code   114  deca_spi.o(.text)
    readfromspi                              0x08001c23   Thumb Code   116  deca_spi.o(.text)
    writetoLCD                               0x08001c97   Thumb Code   136  deca_spi.o(.text)
    reset_DW1000                             0x08001d31   Thumb Code    64  port.o(.text)
    SPI_ConfigFastRate                       0x08001d71   Thumb Code    84  port.o(.text)
    RTC_Configuration                        0x08001dc5   Thumb Code   152  port.o(.text)
    port_set_dw1000_slowrate                 0x08001e5d   Thumb Code    10  port.o(.text)
    port_set_dw1000_fastrate                 0x08001e67   Thumb Code    10  port.o(.text)
    port_wakeup_dw1000                       0x08001e71   Thumb Code    32  port.o(.text)
    gettie                                   0x08001e99   Thumb Code    82  dotie.o(.text)
    avg_ANH_Tie                              0x08001eeb   Thumb Code   538  dotie.o(.text)
    TdoaClearMsgArray                        0x08002105   Thumb Code    52  dotie.o(.text)
    TdoaBuildPackBuffInit                    0x08002139   Thumb Code    38  dotie.o(.text)
    TdoaCardMsdBuildUnityNew                 0x0800215f   Thumb Code   394  dotie.o(.text)
    TdoaCardMsdBuildUnity                    0x080022e9   Thumb Code  1306  dotie.o(.text)
    TdoaCheckRxMsgStandardID                 0x08002803   Thumb Code    48  dotie.o(.text)
    TdoaRxSlowCardMsgProc                    0x08002833   Thumb Code   102  dotie.o(.text)
    TdoaRxQuickCardMsgProc                   0x08002899   Thumb Code   226  dotie.o(.text)
    exchange_data                            0x0800299d   Thumb Code    38  as3933.o(.text)
    SpiReadWriteRegister                     0x080029f5   Thumb Code    50  as3933.o(.text)
    config_As3933                            0x08002a27   Thumb Code   116  as3933.o(.text)
    EXCIT_Configuration                      0x08002a9b   Thumb Code    64  as3933.o(.text)
    as3933_data_init                         0x08002adb   Thumb Code    66  as3933.o(.text)
    init_as3933                              0x08002b1d   Thumb Code    20  as3933.o(.text)
    UwbWriteDataToStm32                      0x08002b3d   Thumb Code    52  bsmac.o(.text)
    UwbBsmacBuildPacketMacHead               0x08002b71   Thumb Code   144  bsmac.o(.text)
    UwbBsmacBuildPacketNetHead               0x08002c01   Thumb Code    20  bsmac.o(.text)
    UwbBsmacBuildPacketData                  0x08002c15   Thumb Code   120  bsmac.o(.text)
    UwbBsmacSendPacketProc                   0x08002c8d   Thumb Code   112  bsmac.o(.text)
    UwbBsmacBlidPacketHeadProc               0x08002cfd   Thumb Code     8  bsmac.o(.text)
    Reset_Handler                            0x08002d29   Thumb Code     8  startup_stm32l1xx_md.o(.text)
    NMI_Handler                              0x08002d31   Thumb Code     2  startup_stm32l1xx_md.o(.text)
    HardFault_Handler                        0x08002d33   Thumb Code     2  startup_stm32l1xx_md.o(.text)
    MemManage_Handler                        0x08002d35   Thumb Code     2  startup_stm32l1xx_md.o(.text)
    BusFault_Handler                         0x08002d37   Thumb Code     2  startup_stm32l1xx_md.o(.text)
    UsageFault_Handler                       0x08002d39   Thumb Code     2  startup_stm32l1xx_md.o(.text)
    SVC_Handler                              0x08002d3b   Thumb Code     2  startup_stm32l1xx_md.o(.text)
    DebugMon_Handler                         0x08002d3d   Thumb Code     2  startup_stm32l1xx_md.o(.text)
    PendSV_Handler                           0x08002d3f   Thumb Code     2  startup_stm32l1xx_md.o(.text)
    ADC1_IRQHandler                          0x08002d43   Thumb Code     0  startup_stm32l1xx_md.o(.text)
    COMP_IRQHandler                          0x08002d43   Thumb Code     0  startup_stm32l1xx_md.o(.text)
    DAC_IRQHandler                           0x08002d43   Thumb Code     0  startup_stm32l1xx_md.o(.text)
    DMA1_Channel1_IRQHandler                 0x08002d43   Thumb Code     0  startup_stm32l1xx_md.o(.text)
    DMA1_Channel2_IRQHandler                 0x08002d43   Thumb Code     0  startup_stm32l1xx_md.o(.text)
    DMA1_Channel3_IRQHandler                 0x08002d43   Thumb Code     0  startup_stm32l1xx_md.o(.text)
    DMA1_Channel4_IRQHandler                 0x08002d43   Thumb Code     0  startup_stm32l1xx_md.o(.text)
    DMA1_Channel5_IRQHandler                 0x08002d43   Thumb Code     0  startup_stm32l1xx_md.o(.text)
    DMA1_Channel6_IRQHandler                 0x08002d43   Thumb Code     0  startup_stm32l1xx_md.o(.text)
    DMA1_Channel7_IRQHandler                 0x08002d43   Thumb Code     0  startup_stm32l1xx_md.o(.text)
    EXTI15_10_IRQHandler                     0x08002d43   Thumb Code     0  startup_stm32l1xx_md.o(.text)
    EXTI2_IRQHandler                         0x08002d43   Thumb Code     0  startup_stm32l1xx_md.o(.text)
    EXTI4_IRQHandler                         0x08002d43   Thumb Code     0  startup_stm32l1xx_md.o(.text)
    FLASH_IRQHandler                         0x08002d43   Thumb Code     0  startup_stm32l1xx_md.o(.text)
    I2C1_ER_IRQHandler                       0x08002d43   Thumb Code     0  startup_stm32l1xx_md.o(.text)
    I2C1_EV_IRQHandler                       0x08002d43   Thumb Code     0  startup_stm32l1xx_md.o(.text)
    I2C2_ER_IRQHandler                       0x08002d43   Thumb Code     0  startup_stm32l1xx_md.o(.text)
    I2C2_EV_IRQHandler                       0x08002d43   Thumb Code     0  startup_stm32l1xx_md.o(.text)
    LCD_IRQHandler                           0x08002d43   Thumb Code     0  startup_stm32l1xx_md.o(.text)
    PVD_IRQHandler                           0x08002d43   Thumb Code     0  startup_stm32l1xx_md.o(.text)
    RCC_IRQHandler                           0x08002d43   Thumb Code     0  startup_stm32l1xx_md.o(.text)
    RTC_Alarm_IRQHandler                     0x08002d43   Thumb Code     0  startup_stm32l1xx_md.o(.text)
    SPI1_IRQHandler                          0x08002d43   Thumb Code     0  startup_stm32l1xx_md.o(.text)
    SPI2_IRQHandler                          0x08002d43   Thumb Code     0  startup_stm32l1xx_md.o(.text)
    TAMPER_STAMP_IRQHandler                  0x08002d43   Thumb Code     0  startup_stm32l1xx_md.o(.text)
    TIM10_IRQHandler                         0x08002d43   Thumb Code     0  startup_stm32l1xx_md.o(.text)
    TIM11_IRQHandler                         0x08002d43   Thumb Code     0  startup_stm32l1xx_md.o(.text)
    TIM2_IRQHandler                          0x08002d43   Thumb Code     0  startup_stm32l1xx_md.o(.text)
    TIM3_IRQHandler                          0x08002d43   Thumb Code     0  startup_stm32l1xx_md.o(.text)
    TIM4_IRQHandler                          0x08002d43   Thumb Code     0  startup_stm32l1xx_md.o(.text)
    TIM6_IRQHandler                          0x08002d43   Thumb Code     0  startup_stm32l1xx_md.o(.text)
    TIM7_IRQHandler                          0x08002d43   Thumb Code     0  startup_stm32l1xx_md.o(.text)
    TIM9_IRQHandler                          0x08002d43   Thumb Code     0  startup_stm32l1xx_md.o(.text)
    USART2_IRQHandler                        0x08002d43   Thumb Code     0  startup_stm32l1xx_md.o(.text)
    USART3_IRQHandler                        0x08002d43   Thumb Code     0  startup_stm32l1xx_md.o(.text)
    USB_FS_WKUP_IRQHandler                   0x08002d43   Thumb Code     0  startup_stm32l1xx_md.o(.text)
    USB_HP_IRQHandler                        0x08002d43   Thumb Code     0  startup_stm32l1xx_md.o(.text)
    USB_LP_IRQHandler                        0x08002d43   Thumb Code     0  startup_stm32l1xx_md.o(.text)
    WWDG_IRQHandler                          0x08002d43   Thumb Code     0  startup_stm32l1xx_md.o(.text)
    ADC_Configuration                        0x08002d4d   Thumb Code   160  adc.o(.text)
    ADC_Start                                0x08002ded   Thumb Code    72  adc.o(.text)
    ADC_Stop                                 0x08002e35   Thumb Code    18  adc.o(.text)
    ADC_Get_ADCValue                         0x08002e47   Thumb Code    22  adc.o(.text)
    ADC_Get_Vdd                              0x08002e5d   Thumb Code    84  adc.o(.text)
    motion_detect_init                       0x08002ec5   Thumb Code    46  board.o(.text)
    motion_detect_int_open                   0x08002ef3   Thumb Code    38  board.o(.text)
    motion_detect_int_close                  0x08002f19   Thumb Code    32  board.o(.text)
    interrupt_init                           0x08002f39   Thumb Code    62  board.o(.text)
    peripheral_int_open                      0x08002f77   Thumb Code    82  board.o(.text)
    board_init                               0x08002fc9   Thumb Code    60  board.o(.text)
    BUTTON_Configuration                     0x08003009   Thumb Code    92  button.o(.text)
    BUTTON_KeyCode_Read                      0x08003065   Thumb Code    38  button.o(.text)
    UART_Configuration                       0x08003091   Thumb Code   170  com_config.o(.text)
    fputc                                    0x0800313b   Thumb Code    58  com_config.o(.text)
    LED_Configuration                        0x0800317d   Thumb Code   242  led.o(.text)
    led_station_init                         0x0800326f   Thumb Code    40  led.o(.text)
    led_station_on                           0x08003297   Thumb Code    14  led.o(.text)
    led_station_off                          0x080032a5   Thumb Code    14  led.o(.text)
    LED_Red_Flash                            0x080032b3   Thumb Code    26  led.o(.text)
    LED_Green_Flash                          0x080032cd   Thumb Code    30  led.o(.text)
    EXTI0_IRQHandler                         0x080032f9   Thumb Code    22  mcu.o(.text)
    EXTI1_IRQHandler                         0x0800330f   Thumb Code    30  mcu.o(.text)
    EXTI3_IRQHandler                         0x0800332d   Thumb Code    30  mcu.o(.text)
    EXTI9_5_IRQHandler                       0x0800334b   Thumb Code    54  mcu.o(.text)
    set_flash_read_protection                0x08003451   Thumb Code     2  mcu.o(.text)
    unset_flash_read_protection              0x08003453   Thumb Code    34  mcu.o(.text)
    SysTick_Configuration                    0x080034af   Thumb Code    96  mcu.o(.text)
    chip_core_init                           0x0800350f   Thumb Code    20  mcu.o(.text)
    chip_interface_init                      0x08003523   Thumb Code    12  mcu.o(.text)
    chip_lowpower_ready                      0x0800352f   Thumb Code    90  mcu.o(.text)
    chip_lowpower_finish                     0x08003589   Thumb Code    64  mcu.o(.text)
    WatchdogReset                            0x080035c9   Thumb Code     8  mcu.o(.text)
    SysTick_Handler                          0x080035d1   Thumb Code    12  mcu.o(.text)
    portResetTickCnt                         0x080035dd   Thumb Code     8  mcu.o(.text)
    portSetTickCnt                           0x080035e5   Thumb Code     6  mcu.o(.text)
    portGetTickCnt                           0x080035eb   Thumb Code     6  mcu.o(.text)
    GetSysClock                              0x080035f1   Thumb Code     6  mcu.o(.text)
    ElapsedSysClock                          0x080035f7   Thumb Code    12  mcu.o(.text)
    Delay_ms                                 0x08003653   Thumb Code    32  mcu.o(.text)
    Delay_us                                 0x08003673   Thumb Code    32  mcu.o(.text)
    MOTOR_Configuration                      0x080036b5   Thumb Code    52  motor.o(.text)
    MOTOR_Start                              0x080036e9   Thumb Code    14  motor.o(.text)
    MOTOR_Stop                               0x080036f7   Thumb Code    14  motor.o(.text)
    SPI_Configuration                        0x08003709   Thumb Code   192  spi_nano.o(.text)
    SPI2_Configuration                       0x080037c9   Thumb Code   198  spi_nano.o(.text)
    close_spi2_as3933                        0x0800388f   Thumb Code    22  spi_nano.o(.text)
    MMA845x_WriteReg                         0x080038bd   Thumb Code    30  mma8452q.o(.text)
    MMA845x_ReadReg                          0x080038db   Thumb Code    26  mma8452q.o(.text)
    MMA845x_ChipCheck                        0x08003923   Thumb Code    64  mma8452q.o(.text)
    MMA845x_Init                             0x08003963   Thumb Code   338  mma8452q.o(.text)
    WAIT_NOP                                 0x08003ab9   Thumb Code    26  hal_io_i2c.o(.text)
    HAL_I2C_Init                             0x08003ad3   Thumb Code   100  hal_io_i2c.o(.text)
    HAL_I2C_Start                            0x08003b37   Thumb Code    98  hal_io_i2c.o(.text)
    HAL_I2C_Stop                             0x08003b99   Thumb Code    88  hal_io_i2c.o(.text)
    HAL_I2C_ACK                              0x08003bf1   Thumb Code   104  hal_io_i2c.o(.text)
    HAL_I2C_SendByte                         0x08003c59   Thumb Code   224  hal_io_i2c.o(.text)
    HAL_I2C_RecvByte                         0x08003d39   Thumb Code   120  hal_io_i2c.o(.text)
    HAL_I2C_WriteReg                         0x08003db1   Thumb Code    36  hal_io_i2c.o(.text)
    HAL_I2C_ReadReg                          0x08003dd5   Thumb Code    54  hal_io_i2c.o(.text)
    RTC_WKUP_IRQHandler                      0x08003e11   Thumb Code    20  sleep.o(.text)
    SleepInit                                0x08003e25   Thumb Code    22  sleep.o(.text)
    Sleep                                    0x08003e3b   Thumb Code   152  sleep.o(.text)
    system_powersave_sleep                   0x08003f3d   Thumb Code    12  sleep.o(.text)
    system_powersave_wakeup                  0x08003f49   Thumb Code    38  sleep.o(.text)
    system_sleep                             0x08003f6f   Thumb Code    12  sleep.o(.text)
    NVIC_PriorityGroupConfig                 0x08003f89   Thumb Code    10  misc.o(.text)
    NVIC_Init                                0x08003f93   Thumb Code   108  misc.o(.text)
    NVIC_SetVectorTable                      0x08003fff   Thumb Code    14  misc.o(.text)
    NVIC_SystemLPConfig                      0x0800400d   Thumb Code    34  misc.o(.text)
    SysTick_CLKSourceConfig                  0x0800402f   Thumb Code    40  misc.o(.text)
    ADC_DeInit                               0x0800406d   Thumb Code    28  stm32l1xx_adc.o(.text)
    ADC_Init                                 0x08004089   Thumb Code    74  stm32l1xx_adc.o(.text)
    ADC_StructInit                           0x080040d3   Thumb Code    26  stm32l1xx_adc.o(.text)
    ADC_CommonInit                           0x080040ed   Thumb Code    22  stm32l1xx_adc.o(.text)
    ADC_CommonStructInit                     0x08004103   Thumb Code     6  stm32l1xx_adc.o(.text)
    ADC_Cmd                                  0x08004109   Thumb Code    22  stm32l1xx_adc.o(.text)
    ADC_BankSelection                        0x0800411f   Thumb Code    22  stm32l1xx_adc.o(.text)
    ADC_PowerDownCmd                         0x08004135   Thumb Code    18  stm32l1xx_adc.o(.text)
    ADC_DelaySelectionConfig                 0x08004147   Thumb Code    16  stm32l1xx_adc.o(.text)
    ADC_AnalogWatchdogCmd                    0x08004157   Thumb Code    16  stm32l1xx_adc.o(.text)
    ADC_AnalogWatchdogThresholdsConfig       0x08004167   Thumb Code     6  stm32l1xx_adc.o(.text)
    ADC_AnalogWatchdogSingleChannelConfig    0x0800416d   Thumb Code    16  stm32l1xx_adc.o(.text)
    ADC_TempSensorVrefintCmd                 0x0800417d   Thumb Code    30  stm32l1xx_adc.o(.text)
    ADC_RegularChannelConfig                 0x0800419b   Thumb Code   344  stm32l1xx_adc.o(.text)
    ADC_SoftwareStartConv                    0x080042f3   Thumb Code    10  stm32l1xx_adc.o(.text)
    ADC_GetSoftwareStartConvStatus           0x080042fd   Thumb Code    20  stm32l1xx_adc.o(.text)
    ADC_EOCOnEachRegularChannelCmd           0x08004311   Thumb Code    22  stm32l1xx_adc.o(.text)
    ADC_ContinuousModeCmd                    0x08004327   Thumb Code    22  stm32l1xx_adc.o(.text)
    ADC_DiscModeChannelCountConfig           0x0800433d   Thumb Code    24  stm32l1xx_adc.o(.text)
    ADC_DiscModeCmd                          0x08004355   Thumb Code    22  stm32l1xx_adc.o(.text)
    ADC_GetConversionValue                   0x0800436b   Thumb Code     8  stm32l1xx_adc.o(.text)
    ADC_DMACmd                               0x08004373   Thumb Code    22  stm32l1xx_adc.o(.text)
    ADC_DMARequestAfterLastTransferCmd       0x08004389   Thumb Code    22  stm32l1xx_adc.o(.text)
    ADC_InjectedChannelConfig                0x0800439f   Thumb Code   232  stm32l1xx_adc.o(.text)
    ADC_InjectedSequencerLengthConfig        0x08004487   Thumb Code    24  stm32l1xx_adc.o(.text)
    ADC_SetInjectedOffset                    0x0800449f   Thumb Code    20  stm32l1xx_adc.o(.text)
    ADC_ExternalTrigInjectedConvConfig       0x080044b3   Thumb Code    16  stm32l1xx_adc.o(.text)
    ADC_ExternalTrigInjectedConvEdgeConfig   0x080044c3   Thumb Code    16  stm32l1xx_adc.o(.text)
    ADC_SoftwareStartInjectedConv            0x080044d3   Thumb Code    10  stm32l1xx_adc.o(.text)
    ADC_GetSoftwareStartInjectedConvCmdStatus 0x080044dd   Thumb Code    20  stm32l1xx_adc.o(.text)
    ADC_AutoInjectedConvCmd                  0x080044f1   Thumb Code    22  stm32l1xx_adc.o(.text)
    ADC_InjectedDiscModeCmd                  0x08004507   Thumb Code    22  stm32l1xx_adc.o(.text)
    ADC_GetInjectedConversionValue           0x0800451d   Thumb Code    28  stm32l1xx_adc.o(.text)
    ADC_ITConfig                             0x08004539   Thumb Code    32  stm32l1xx_adc.o(.text)
    ADC_GetFlagStatus                        0x08004559   Thumb Code    18  stm32l1xx_adc.o(.text)
    ADC_ClearFlag                            0x0800456b   Thumb Code     6  stm32l1xx_adc.o(.text)
    ADC_GetITStatus                          0x08004571   Thumb Code    38  stm32l1xx_adc.o(.text)
    ADC_ClearITPendingBit                    0x08004597   Thumb Code    10  stm32l1xx_adc.o(.text)
    EXTI_DeInit                              0x080045a1   Thumb Code    30  stm32l1xx_exti.o(.text)
    EXTI_Init                                0x080045bf   Thumb Code   142  stm32l1xx_exti.o(.text)
    EXTI_StructInit                          0x0800464d   Thumb Code    16  stm32l1xx_exti.o(.text)
    EXTI_GenerateSWInterrupt                 0x0800465d   Thumb Code    16  stm32l1xx_exti.o(.text)
    EXTI_GetFlagStatus                       0x0800466d   Thumb Code    22  stm32l1xx_exti.o(.text)
    EXTI_ClearFlag                           0x08004683   Thumb Code     8  stm32l1xx_exti.o(.text)
    EXTI_GetITStatus                         0x0800468b   Thumb Code    22  stm32l1xx_exti.o(.text)
    EXTI_ClearITPendingBit                   0x080046a1   Thumb Code     8  stm32l1xx_exti.o(.text)
    FLASH_SetLatency                         0x080046ad   Thumb Code    18  stm32l1xx_flash.o(.text)
    FLASH_PrefetchBufferCmd                  0x080046bf   Thumb Code    30  stm32l1xx_flash.o(.text)
    FLASH_ReadAccess64Cmd                    0x080046dd   Thumb Code    30  stm32l1xx_flash.o(.text)
    FLASH_SLEEPPowerDownCmd                  0x080046fb   Thumb Code    30  stm32l1xx_flash.o(.text)
    DATA_EEPROM_Unlock                       0x08004719   Thumb Code    26  stm32l1xx_flash.o(.text)
    FLASH_Unlock                             0x08004733   Thumb Code    32  stm32l1xx_flash.o(.text)
    FLASH_Lock                               0x08004753   Thumb Code    18  stm32l1xx_flash.o(.text)
    FLASH_GetStatus                          0x08004765   Thumb Code    54  stm32l1xx_flash.o(.text)
    FLASH_WaitForLastOperation               0x0800479b   Thumb Code    48  stm32l1xx_flash.o(.text)
    FLASH_ErasePage                          0x080047cb   Thumb Code    86  stm32l1xx_flash.o(.text)
    FLASH_FastProgramWord                    0x08004821   Thumb Code    34  stm32l1xx_flash.o(.text)
    DATA_EEPROM_Lock                         0x08004843   Thumb Code    18  stm32l1xx_flash.o(.text)
    DATA_EEPROM_FixedTimeProgramCmd          0x08004855   Thumb Code    38  stm32l1xx_flash.o(.text)
    DATA_EEPROM_EraseByte                    0x0800487b   Thumb Code    26  stm32l1xx_flash.o(.text)
    DATA_EEPROM_EraseHalfWord                0x08004895   Thumb Code    26  stm32l1xx_flash.o(.text)
    DATA_EEPROM_EraseWord                    0x080048af   Thumb Code    26  stm32l1xx_flash.o(.text)
    DATA_EEPROM_FastProgramWord              0x080048c9   Thumb Code    50  stm32l1xx_flash.o(.text)
    DATA_EEPROM_FastProgramByte              0x080048fb   Thumb Code   108  stm32l1xx_flash.o(.text)
    DATA_EEPROM_FastProgramHalfWord          0x08004967   Thumb Code   136  stm32l1xx_flash.o(.text)
    DATA_EEPROM_ProgramByte                  0x080049ef   Thumb Code    92  stm32l1xx_flash.o(.text)
    DATA_EEPROM_ProgramHalfWord              0x08004a4b   Thumb Code   140  stm32l1xx_flash.o(.text)
    DATA_EEPROM_ProgramWord                  0x08004ad7   Thumb Code    34  stm32l1xx_flash.o(.text)
    FLASH_OB_Unlock                          0x08004af9   Thumb Code    30  stm32l1xx_flash.o(.text)
    FLASH_OB_Lock                            0x08004b17   Thumb Code    14  stm32l1xx_flash.o(.text)
    FLASH_OB_Launch                          0x08004b25   Thumb Code    14  stm32l1xx_flash.o(.text)
    FLASH_OB_WRPConfig                       0x08004b33   Thumb Code   142  stm32l1xx_flash.o(.text)
    FLASH_OB_WRP1Config                      0x08004bc1   Thumb Code   142  stm32l1xx_flash.o(.text)
    FLASH_OB_WRP2Config                      0x08004c4f   Thumb Code   142  stm32l1xx_flash.o(.text)
    FLASH_OB_RDPConfig                       0x08004cdd   Thumb Code    48  stm32l1xx_flash.o(.text)
    FLASH_OB_PCROPConfig                     0x08004d0d   Thumb Code   142  stm32l1xx_flash.o(.text)
    FLASH_OB_PCROP1Config                    0x08004d9b   Thumb Code   142  stm32l1xx_flash.o(.text)
    FLASH_OB_PCROPSelectionConfig            0x08004e29   Thumb Code    72  stm32l1xx_flash.o(.text)
    FLASH_OB_UserConfig                      0x08004e71   Thumb Code    94  stm32l1xx_flash.o(.text)
    FLASH_OB_BORConfig                       0x08004ecf   Thumb Code    84  stm32l1xx_flash.o(.text)
    FLASH_OB_BootConfig                      0x08004f23   Thumb Code    62  stm32l1xx_flash.o(.text)
    FLASH_OB_GetUser                         0x08004f61   Thumb Code    10  stm32l1xx_flash.o(.text)
    FLASH_OB_GetWRP                          0x08004f6b   Thumb Code     8  stm32l1xx_flash.o(.text)
    FLASH_OB_GetWRP1                         0x08004f73   Thumb Code     8  stm32l1xx_flash.o(.text)
    FLASH_OB_GetWRP2                         0x08004f7b   Thumb Code     8  stm32l1xx_flash.o(.text)
    FLASH_OB_GetRDP                          0x08004f83   Thumb Code    20  stm32l1xx_flash.o(.text)
    FLASH_OB_GetSPRMOD                       0x08004f97   Thumb Code    22  stm32l1xx_flash.o(.text)
    FLASH_OB_GetBOR                          0x08004fad   Thumb Code    10  stm32l1xx_flash.o(.text)
    FLASH_ITConfig                           0x08004fb7   Thumb Code    34  stm32l1xx_flash.o(.text)
    FLASH_GetFlagStatus                      0x08004fd9   Thumb Code    22  stm32l1xx_flash.o(.text)
    FLASH_ClearFlag                          0x08004fef   Thumb Code     8  stm32l1xx_flash.o(.text)
    GPIO_DeInit                              0x08005001   Thumb Code   196  stm32l1xx_gpio.o(.text)
    GPIO_Init                                0x080050c5   Thumb Code   144  stm32l1xx_gpio.o(.text)
    GPIO_StructInit                          0x08005155   Thumb Code    18  stm32l1xx_gpio.o(.text)
    GPIO_PinLockConfig                       0x08005167   Thumb Code    34  stm32l1xx_gpio.o(.text)
    GPIO_ReadInputDataBit                    0x08005189   Thumb Code    18  stm32l1xx_gpio.o(.text)
    GPIO_ReadInputData                       0x0800519b   Thumb Code     6  stm32l1xx_gpio.o(.text)
    GPIO_ReadOutputDataBit                   0x080051a1   Thumb Code    18  stm32l1xx_gpio.o(.text)
    GPIO_ReadOutputData                      0x080051b3   Thumb Code     6  stm32l1xx_gpio.o(.text)
    GPIO_SetBits                             0x080051b9   Thumb Code     4  stm32l1xx_gpio.o(.text)
    GPIO_ResetBits                           0x080051bd   Thumb Code     4  stm32l1xx_gpio.o(.text)
    GPIO_WriteBit                            0x080051c1   Thumb Code    10  stm32l1xx_gpio.o(.text)
    GPIO_Write                               0x080051cb   Thumb Code     4  stm32l1xx_gpio.o(.text)
    GPIO_ToggleBits                          0x080051cf   Thumb Code     8  stm32l1xx_gpio.o(.text)
    GPIO_PinAFConfig                         0x080051d7   Thumb Code    70  stm32l1xx_gpio.o(.text)
    IWDG_WriteAccessCmd                      0x0800523d   Thumb Code     6  stm32l1xx_iwdg.o(.text)
    IWDG_SetPrescaler                        0x08005243   Thumb Code     6  stm32l1xx_iwdg.o(.text)
    IWDG_SetReload                           0x08005249   Thumb Code     6  stm32l1xx_iwdg.o(.text)
    IWDG_ReloadCounter                       0x0800524f   Thumb Code    10  stm32l1xx_iwdg.o(.text)
    IWDG_Enable                              0x08005259   Thumb Code    10  stm32l1xx_iwdg.o(.text)
    IWDG_GetFlagStatus                       0x08005263   Thumb Code    20  stm32l1xx_iwdg.o(.text)
    LCD_DeInit                               0x0800527d   Thumb Code    22  stm32l1xx_lcd.o(.text)
    LCD_WaitForSynchro                       0x08005293   Thumb Code    14  stm32l1xx_lcd.o(.text)
    LCD_Init                                 0x080052a1   Thumb Code    86  stm32l1xx_lcd.o(.text)
    LCD_StructInit                           0x080052f7   Thumb Code    14  stm32l1xx_lcd.o(.text)
    LCD_Cmd                                  0x08005305   Thumb Code     6  stm32l1xx_lcd.o(.text)
    LCD_HighDriveCmd                         0x0800530b   Thumb Code     6  stm32l1xx_lcd.o(.text)
    LCD_MuxSegmentCmd                        0x08005311   Thumb Code     6  stm32l1xx_lcd.o(.text)
    LCD_PulseOnDurationConfig                0x08005317   Thumb Code    26  stm32l1xx_lcd.o(.text)
    LCD_DeadTimeConfig                       0x08005331   Thumb Code    26  stm32l1xx_lcd.o(.text)
    LCD_BlinkConfig                          0x0800534b   Thumb Code    34  stm32l1xx_lcd.o(.text)
    LCD_ContrastConfig                       0x0800536d   Thumb Code    26  stm32l1xx_lcd.o(.text)
    LCD_Write                                0x08005387   Thumb Code    10  stm32l1xx_lcd.o(.text)
    LCD_UpdateDisplayRequest                 0x08005391   Thumb Code     8  stm32l1xx_lcd.o(.text)
    LCD_ITConfig                             0x08005399   Thumb Code    34  stm32l1xx_lcd.o(.text)
    LCD_GetFlagStatus                        0x080053bb   Thumb Code    20  stm32l1xx_lcd.o(.text)
    LCD_ClearFlag                            0x080053cf   Thumb Code     8  stm32l1xx_lcd.o(.text)
    LCD_GetITStatus                          0x080053d7   Thumb Code    38  stm32l1xx_lcd.o(.text)
    LCD_ClearITPendingBit                    0x080053fd   Thumb Code     8  stm32l1xx_lcd.o(.text)
    PWR_DeInit                               0x08005415   Thumb Code    22  stm32l1xx_pwr.o(.text)
    PWR_RTCAccessCmd                         0x0800542b   Thumb Code     6  stm32l1xx_pwr.o(.text)
    PWR_PVDLevelConfig                       0x08005431   Thumb Code    18  stm32l1xx_pwr.o(.text)
    PWR_PVDCmd                               0x08005443   Thumb Code     6  stm32l1xx_pwr.o(.text)
    PWR_WakeUpPinCmd                         0x08005449   Thumb Code    20  stm32l1xx_pwr.o(.text)
    PWR_FastWakeUpCmd                        0x0800545d   Thumb Code     6  stm32l1xx_pwr.o(.text)
    PWR_UltraLowPowerCmd                     0x08005463   Thumb Code     6  stm32l1xx_pwr.o(.text)
    PWR_VoltageScalingConfig                 0x08005469   Thumb Code    24  stm32l1xx_pwr.o(.text)
    PWR_EnterLowPowerRunMode                 0x08005481   Thumb Code    50  stm32l1xx_pwr.o(.text)
    PWR_EnterSleepMode                       0x080054b3   Thumb Code    42  stm32l1xx_pwr.o(.text)
    PWR_EnterSTOPMode                        0x080054dd   Thumb Code    54  stm32l1xx_pwr.o(.text)
    PWR_EnterSTANDBYMode                     0x08005513   Thumb Code    42  stm32l1xx_pwr.o(.text)
    PWR_GetFlagStatus                        0x0800553d   Thumb Code    20  stm32l1xx_pwr.o(.text)
    PWR_ClearFlag                            0x08005551   Thumb Code    14  stm32l1xx_pwr.o(.text)
    RCC_DeInit                               0x0800556d   Thumb Code    74  stm32l1xx_rcc.o(.text)
    RCC_HSEConfig                            0x080055b7   Thumb Code    14  stm32l1xx_rcc.o(.text)
    RCC_GetFlagStatus                        0x080055c5   Thumb Code    48  stm32l1xx_rcc.o(.text)
    RCC_WaitForHSEStartUp                    0x080055f5   Thumb Code    56  stm32l1xx_rcc.o(.text)
    RCC_AdjustMSICalibrationValue            0x0800562d   Thumb Code     8  stm32l1xx_rcc.o(.text)
    RCC_MSIRangeConfig                       0x08005635   Thumb Code    20  stm32l1xx_rcc.o(.text)
    RCC_MSICmd                               0x08005649   Thumb Code     6  stm32l1xx_rcc.o(.text)
    RCC_AdjustHSICalibrationValue            0x0800564f   Thumb Code    22  stm32l1xx_rcc.o(.text)
    RCC_HSICmd                               0x08005665   Thumb Code     6  stm32l1xx_rcc.o(.text)
    RCC_LSEConfig                            0x0800566b   Thumb Code    14  stm32l1xx_rcc.o(.text)
    RCC_LSICmd                               0x08005679   Thumb Code     6  stm32l1xx_rcc.o(.text)
    RCC_PLLConfig                            0x0800567f   Thumb Code    16  stm32l1xx_rcc.o(.text)
    RCC_PLLCmd                               0x0800568f   Thumb Code     6  stm32l1xx_rcc.o(.text)
    RCC_ClockSecuritySystemCmd               0x08005695   Thumb Code     6  stm32l1xx_rcc.o(.text)
    RCC_LSEClockSecuritySystemCmd            0x0800569b   Thumb Code     8  stm32l1xx_rcc.o(.text)
    RCC_MCOConfig                            0x080056a3   Thumb Code    12  stm32l1xx_rcc.o(.text)
    RCC_SYSCLKConfig                         0x080056af   Thumb Code    20  stm32l1xx_rcc.o(.text)
    RCC_GetSYSCLKSource                      0x080056c3   Thumb Code    12  stm32l1xx_rcc.o(.text)
    RCC_HCLKConfig                           0x080056cf   Thumb Code    20  stm32l1xx_rcc.o(.text)
    RCC_PCLK1Config                          0x080056e3   Thumb Code    20  stm32l1xx_rcc.o(.text)
    RCC_PCLK2Config                          0x080056f7   Thumb Code    22  stm32l1xx_rcc.o(.text)
    RCC_GetClocksFreq                        0x0800570d   Thumb Code   248  stm32l1xx_rcc.o(.text)
    RCC_RTCCLKConfig                         0x08005805   Thumb Code    64  stm32l1xx_rcc.o(.text)
    RCC_RTCCLKCmd                            0x08005845   Thumb Code     8  stm32l1xx_rcc.o(.text)
    RCC_RTCResetCmd                          0x0800584d   Thumb Code     8  stm32l1xx_rcc.o(.text)
    RCC_AHBPeriphClockCmd                    0x08005855   Thumb Code    34  stm32l1xx_rcc.o(.text)
    RCC_APB2PeriphClockCmd                   0x08005877   Thumb Code    34  stm32l1xx_rcc.o(.text)
    RCC_APB1PeriphClockCmd                   0x08005899   Thumb Code    34  stm32l1xx_rcc.o(.text)
    RCC_AHBPeriphResetCmd                    0x080058bb   Thumb Code    34  stm32l1xx_rcc.o(.text)
    RCC_APB2PeriphResetCmd                   0x080058dd   Thumb Code    34  stm32l1xx_rcc.o(.text)
    RCC_APB1PeriphResetCmd                   0x080058ff   Thumb Code    34  stm32l1xx_rcc.o(.text)
    RCC_AHBPeriphClockLPModeCmd              0x08005921   Thumb Code    34  stm32l1xx_rcc.o(.text)
    RCC_APB2PeriphClockLPModeCmd             0x08005943   Thumb Code    66  stm32l1xx_rcc.o(.text)
    RCC_APB1PeriphClockLPModeCmd             0x08005985   Thumb Code    34  stm32l1xx_rcc.o(.text)
    RCC_ITConfig                             0x080059a7   Thumb Code    34  stm32l1xx_rcc.o(.text)
    RCC_ClearFlag                            0x080059c9   Thumb Code    18  stm32l1xx_rcc.o(.text)
    RCC_GetITStatus                          0x080059db   Thumb Code    22  stm32l1xx_rcc.o(.text)
    RCC_ClearITPendingBit                    0x080059f1   Thumb Code     8  stm32l1xx_rcc.o(.text)
    RTC_WaitForSynchro                       0x080059fd   Thumb Code    92  stm32l1xx_rtc.o(.text)
    RTC_EnterInitMode                        0x08005a59   Thumb Code    84  stm32l1xx_rtc.o(.text)
    RTC_DeInit                               0x08005aad   Thumb Code   204  stm32l1xx_rtc.o(.text)
    RTC_ExitInitMode                         0x08005b79   Thumb Code    18  stm32l1xx_rtc.o(.text)
    RTC_Init                                 0x08005b8b   Thumb Code    94  stm32l1xx_rtc.o(.text)
    RTC_StructInit                           0x08005be9   Thumb Code    14  stm32l1xx_rtc.o(.text)
    RTC_WriteProtectionCmd                   0x08005bf7   Thumb Code    22  stm32l1xx_rtc.o(.text)
    RTC_RefClockCmd                          0x08005c0d   Thumb Code    76  stm32l1xx_rtc.o(.text)
    RTC_BypassShadowCmd                      0x08005c59   Thumb Code    54  stm32l1xx_rtc.o(.text)
    RTC_SetTime                              0x08005cc1   Thumb Code   200  stm32l1xx_rtc.o(.text)
    RTC_TimeStructInit                       0x08005d89   Thumb Code    12  stm32l1xx_rtc.o(.text)
    RTC_GetTime                              0x08005d95   Thumb Code    74  stm32l1xx_rtc.o(.text)
    RTC_GetSubSecond                         0x08005ddf   Thumb Code    30  stm32l1xx_rtc.o(.text)
    RTC_SetDate                              0x08005dfd   Thumb Code   190  stm32l1xx_rtc.o(.text)
    RTC_DateStructInit                       0x08005ebb   Thumb Code    14  stm32l1xx_rtc.o(.text)
    RTC_GetDate                              0x08005ec9   Thumb Code    70  stm32l1xx_rtc.o(.text)
    RTC_SetAlarm                             0x08005f0f   Thumb Code   230  stm32l1xx_rtc.o(.text)
    RTC_AlarmStructInit                      0x08005ff5   Thumb Code    22  stm32l1xx_rtc.o(.text)
    RTC_GetAlarm                             0x0800600b   Thumb Code   114  stm32l1xx_rtc.o(.text)
    RTC_AlarmCmd                             0x0800607d   Thumb Code   112  stm32l1xx_rtc.o(.text)
    RTC_AlarmSubSecondConfig                 0x080060ed   Thumb Code    46  stm32l1xx_rtc.o(.text)
    RTC_GetAlarmSubSecond                    0x0800611b   Thumb Code    34  stm32l1xx_rtc.o(.text)
    RTC_WakeUpClockConfig                    0x0800613d   Thumb Code    42  stm32l1xx_rtc.o(.text)
    RTC_SetWakeUpCounter                     0x08006167   Thumb Code    22  stm32l1xx_rtc.o(.text)
    RTC_GetWakeUpCounter                     0x0800617d   Thumb Code    10  stm32l1xx_rtc.o(.text)
    RTC_WakeUpCmd                            0x08006187   Thumb Code   116  stm32l1xx_rtc.o(.text)
    RTC_DayLightSavingConfig                 0x080061fb   Thumb Code    50  stm32l1xx_rtc.o(.text)
    RTC_GetStoreOperation                    0x0800622d   Thumb Code    12  stm32l1xx_rtc.o(.text)
    RTC_OutputConfig                         0x08006239   Thumb Code    60  stm32l1xx_rtc.o(.text)
    RTC_CoarseCalibConfig                    0x08006275   Thumb Code    52  stm32l1xx_rtc.o(.text)
    RTC_CoarseCalibCmd                       0x080062a9   Thumb Code    76  stm32l1xx_rtc.o(.text)
    RTC_CalibOutputCmd                       0x080062f5   Thumb Code    54  stm32l1xx_rtc.o(.text)
    RTC_CalibOutputConfig                    0x0800632b   Thumb Code    42  stm32l1xx_rtc.o(.text)
    RTC_SmoothCalibConfig                    0x08006355   Thumb Code    90  stm32l1xx_rtc.o(.text)
    RTC_TimeStampCmd                         0x080063af   Thumb Code    54  stm32l1xx_rtc.o(.text)
    RTC_GetTimeStamp                         0x080063e5   Thumb Code   144  stm32l1xx_rtc.o(.text)
    RTC_GetTimeStampSubSecond                0x08006475   Thumb Code     8  stm32l1xx_rtc.o(.text)
    RTC_TamperTriggerConfig                  0x0800647d   Thumb Code    38  stm32l1xx_rtc.o(.text)
    RTC_TamperCmd                            0x080064a3   Thumb Code    34  stm32l1xx_rtc.o(.text)
    RTC_TamperFilterConfig                   0x080064c5   Thumb Code    26  stm32l1xx_rtc.o(.text)
    RTC_TamperSamplingFreqConfig             0x080064df   Thumb Code    26  stm32l1xx_rtc.o(.text)
    RTC_TamperPinsPrechargeDuration          0x080064f9   Thumb Code    26  stm32l1xx_rtc.o(.text)
    RTC_TimeStampOnTamperDetectionCmd        0x08006513   Thumb Code    38  stm32l1xx_rtc.o(.text)
    RTC_TamperPullUpCmd                      0x08006539   Thumb Code    38  stm32l1xx_rtc.o(.text)
    RTC_WriteBackupRegister                  0x0800655f   Thumb Code    26  stm32l1xx_rtc.o(.text)
    RTC_ReadBackupRegister                   0x08006579   Thumb Code    28  stm32l1xx_rtc.o(.text)
    RTC_OutputTypeConfig                     0x08006595   Thumb Code    26  stm32l1xx_rtc.o(.text)
    RTC_SynchroShiftConfig                   0x080065af   Thumb Code   118  stm32l1xx_rtc.o(.text)
    RTC_ITConfig                             0x08006625   Thumb Code   108  stm32l1xx_rtc.o(.text)
    RTC_GetFlagStatus                        0x08006691   Thumb Code    32  stm32l1xx_rtc.o(.text)
    RTC_ClearFlag                            0x080066b1   Thumb Code    30  stm32l1xx_rtc.o(.text)
    RTC_GetITStatus                          0x080066cf   Thumb Code    68  stm32l1xx_rtc.o(.text)
    RTC_ClearITPendingBit                    0x08006713   Thumb Code    32  stm32l1xx_rtc.o(.text)
    SPI_I2S_DeInit                           0x0800673d   Thumb Code    76  stm32l1xx_spi.o(.text)
    SPI_Init                                 0x08006789   Thumb Code    60  stm32l1xx_spi.o(.text)
    I2S_Init                                 0x080067c5   Thumb Code   212  stm32l1xx_spi.o(.text)
    SPI_StructInit                           0x08006899   Thumb Code    24  stm32l1xx_spi.o(.text)
    I2S_StructInit                           0x080068b1   Thumb Code    20  stm32l1xx_spi.o(.text)
    SPI_Cmd                                  0x080068c5   Thumb Code    24  stm32l1xx_spi.o(.text)
    I2S_Cmd                                  0x080068dd   Thumb Code    24  stm32l1xx_spi.o(.text)
    SPI_DataSizeConfig                       0x080068f5   Thumb Code    18  stm32l1xx_spi.o(.text)
    SPI_BiDirectionalLineConfig              0x08006907   Thumb Code    28  stm32l1xx_spi.o(.text)
    SPI_NSSInternalSoftwareConfig            0x08006923   Thumb Code    30  stm32l1xx_spi.o(.text)
    SPI_SSOutputCmd                          0x08006941   Thumb Code    24  stm32l1xx_spi.o(.text)
    SPI_I2S_ReceiveData                      0x08006959   Thumb Code     6  stm32l1xx_spi.o(.text)
    SPI_I2S_SendData                         0x0800695f   Thumb Code     4  stm32l1xx_spi.o(.text)
    SPI_CalculateCRC                         0x08006963   Thumb Code    24  stm32l1xx_spi.o(.text)
    SPI_TransmitCRC                          0x0800697b   Thumb Code    10  stm32l1xx_spi.o(.text)
    SPI_GetCRC                               0x08006985   Thumb Code    16  stm32l1xx_spi.o(.text)
    SPI_GetCRCPolynomial                     0x08006995   Thumb Code     6  stm32l1xx_spi.o(.text)
    SPI_I2S_DMACmd                           0x0800699b   Thumb Code    18  stm32l1xx_spi.o(.text)
    SPI_I2S_ITConfig                         0x080069ad   Thumb Code    32  stm32l1xx_spi.o(.text)
    SPI_I2S_GetFlagStatus                    0x080069cd   Thumb Code    18  stm32l1xx_spi.o(.text)
    SPI_I2S_ClearFlag                        0x080069df   Thumb Code     6  stm32l1xx_spi.o(.text)
    SPI_I2S_GetITStatus                      0x080069e5   Thumb Code    52  stm32l1xx_spi.o(.text)
    SPI_I2S_ClearITPendingBit                0x08006a19   Thumb Code    20  stm32l1xx_spi.o(.text)
    SYSCFG_DeInit                            0x08006a39   Thumb Code    20  stm32l1xx_syscfg.o(.text)
    SYSCFG_RIDeInit                          0x08006a4d   Thumb Code    32  stm32l1xx_syscfg.o(.text)
    SYSCFG_MemoryRemapConfig                 0x08006a6d   Thumb Code     6  stm32l1xx_syscfg.o(.text)
    SYSCFG_GetBootMode                       0x08006a73   Thumb Code    10  stm32l1xx_syscfg.o(.text)
    SYSCFG_USBPuCmd                          0x08006a7d   Thumb Code    30  stm32l1xx_syscfg.o(.text)
    SYSCFG_EXTILineConfig                    0x08006a9b   Thumb Code    66  stm32l1xx_syscfg.o(.text)
    SYSCFG_RITIMSelect                       0x08006add   Thumb Code    18  stm32l1xx_syscfg.o(.text)
    SYSCFG_RITIMInputCaptureConfig           0x08006aef   Thumb Code    86  stm32l1xx_syscfg.o(.text)
    SYSCFG_RIResistorConfig                  0x08006b45   Thumb Code    34  stm32l1xx_syscfg.o(.text)
    SYSCFG_RIChannelSpeedConfig              0x08006b67   Thumb Code    34  stm32l1xx_syscfg.o(.text)
    SYSCFG_RIIOSwitchConfig                  0x08006b89   Thumb Code    80  stm32l1xx_syscfg.o(.text)
    SYSCFG_RISwitchControlModeCmd            0x08006bd9   Thumb Code    38  stm32l1xx_syscfg.o(.text)
    SYSCFG_RIHysteresisConfig                0x08006bff   Thumb Code   282  stm32l1xx_syscfg.o(.text)
    USART_DeInit                             0x08006d21   Thumb Code   134  stm32l1xx_usart.o(.text)
    USART_Init                               0x08006da7   Thumb Code   198  stm32l1xx_usart.o(.text)
    USART_StructInit                         0x08006e6d   Thumb Code    24  stm32l1xx_usart.o(.text)
    USART_ClockInit                          0x08006e85   Thumb Code    32  stm32l1xx_usart.o(.text)
    USART_ClockStructInit                    0x08006ea5   Thumb Code    12  stm32l1xx_usart.o(.text)
    USART_Cmd                                0x08006eb1   Thumb Code    24  stm32l1xx_usart.o(.text)
    USART_SetPrescaler                       0x08006ec9   Thumb Code    16  stm32l1xx_usart.o(.text)
    USART_OverSampling8Cmd                   0x08006ed9   Thumb Code    22  stm32l1xx_usart.o(.text)
    USART_OneBitMethodCmd                    0x08006eef   Thumb Code    24  stm32l1xx_usart.o(.text)
    USART_SendData                           0x08006f07   Thumb Code     8  stm32l1xx_usart.o(.text)
    USART_ReceiveData                        0x08006f0f   Thumb Code    10  stm32l1xx_usart.o(.text)
    USART_SetAddress                         0x08006f19   Thumb Code    18  stm32l1xx_usart.o(.text)
    USART_ReceiverWakeUpCmd                  0x08006f2b   Thumb Code    24  stm32l1xx_usart.o(.text)
    USART_WakeUpConfig                       0x08006f43   Thumb Code    18  stm32l1xx_usart.o(.text)
    USART_LINBreakDetectLengthConfig         0x08006f55   Thumb Code    18  stm32l1xx_usart.o(.text)
    USART_LINCmd                             0x08006f67   Thumb Code    24  stm32l1xx_usart.o(.text)
    USART_SendBreak                          0x08006f7f   Thumb Code    10  stm32l1xx_usart.o(.text)
    USART_HalfDuplexCmd                      0x08006f89   Thumb Code    24  stm32l1xx_usart.o(.text)
    USART_SetGuardTime                       0x08006fa1   Thumb Code    16  stm32l1xx_usart.o(.text)
    USART_SmartCardCmd                       0x08006fb1   Thumb Code    24  stm32l1xx_usart.o(.text)
    USART_SmartCardNACKCmd                   0x08006fc9   Thumb Code    24  stm32l1xx_usart.o(.text)
    USART_IrDAConfig                         0x08006fe1   Thumb Code    18  stm32l1xx_usart.o(.text)
    USART_IrDACmd                            0x08006ff3   Thumb Code    24  stm32l1xx_usart.o(.text)
    USART_DMACmd                             0x0800700b   Thumb Code    18  stm32l1xx_usart.o(.text)
    USART_ITConfig                           0x0800701d   Thumb Code    74  stm32l1xx_usart.o(.text)
    USART_GetFlagStatus                      0x08007067   Thumb Code    26  stm32l1xx_usart.o(.text)
    USART_ClearFlag                          0x08007081   Thumb Code    18  stm32l1xx_usart.o(.text)
    USART_GetITStatus                        0x08007093   Thumb Code    84  stm32l1xx_usart.o(.text)
    USART_ClearITPendingBit                  0x080070e7   Thumb Code    50  stm32l1xx_usart.o(.text)
    msg_analyser_register                    0x08007119   Thumb Code    34  stm32l1xx_usart.o(.text)
    USART1_IRQHandler                        0x0800713b   Thumb Code   432  stm32l1xx_usart.o(.text)
    SystemInit                               0x080073ed   Thumb Code    88  system_stm32l1xx.o(.text)
    SystemCoreClockUpdate                    0x08007445   Thumb Code   204  system_stm32l1xx.o(.text)
    dwt_writetodevice                        0x0800753d   Thumb Code   138  deca_device.o(.text)
    dwt_write16bitoffsetreg                  0x080075c7   Thumb Code    38  deca_device.o(.text)
    dwt_write32bitoffsetreg                  0x080075ed   Thumb Code    48  deca_device.o(.text)
    dwt_readfromdevice                       0x0800761d   Thumb Code   134  deca_device.o(.text)
    dwt_read32bitoffsetreg                   0x080076a3   Thumb Code    56  deca_device.o(.text)
    _dwt_enableclocks                        0x080076db   Thumb Code   314  deca_device.o(.text)
    _dwt_loaducodefromrom                    0x08007815   Thumb Code    82  deca_device.o(.text)
    _dwt_nvmread                             0x08007867   Thumb Code    84  deca_device.o(.text)
    dwt_readdevid                            0x080078bb   Thumb Code    12  deca_device.o(.text)
    dwt_initialise                           0x080078c7   Thumb Code   306  deca_device.o(.text)
    dwt_getpartid                            0x080079f9   Thumb Code     6  deca_device.o(.text)
    dwt_getlotid                             0x080079ff   Thumb Code     6  deca_device.o(.text)
    dwt_configuretxrf                        0x08007a05   Thumb Code    28  deca_device.o(.text)
    dwt_getotptxpower                        0x08007a21   Thumb Code    22  deca_device.o(.text)
    dwt_settxantennadelay                    0x08007a37   Thumb Code    20  deca_device.o(.text)
    dwt_setrxantennadelay                    0x08007a4b   Thumb Code    22  deca_device.o(.text)
    dwt_xtaltrim                             0x08007a61   Thumb Code    48  deca_device.o(.text)
    _dwt_configlde                           0x08007a91   Thumb Code    56  deca_device.o(.text)
    dwt_configure                            0x08007ac9   Thumb Code   630  deca_device.o(.text)
    dwt_readantennadelay                     0x08007d3f   Thumb Code    16  deca_device.o(.text)
    dwt_writetxdata                          0x08007d4f   Thumb Code    38  deca_device.o(.text)
    dwt_writetxfctrl                         0x08007d75   Thumb Code    30  deca_device.o(.text)
    dwt_readrxdata                           0x08007d93   Thumb Code    22  deca_device.o(.text)
    dwt_readaccdata                          0x08007da9   Thumb Code    34  deca_device.o(.text)
    dwt_read16bitoffsetreg                   0x08007dcb   Thumb Code    44  deca_device.o(.text)
    dwt_readdignostics                       0x08007df7   Thumb Code    96  deca_device.o(.text)
    dwt_readtxtimestamp                      0x08007e57   Thumb Code    18  deca_device.o(.text)
    dwt_readtxtimestamphi32                  0x08007e69   Thumb Code    12  deca_device.o(.text)
    dwt_readrxtimestamp                      0x08007e75   Thumb Code    18  deca_device.o(.text)
    dwt_readrxtimestamphi32                  0x08007e87   Thumb Code    12  deca_device.o(.text)
    dwt_readsystimestamphi32                 0x08007e93   Thumb Code    12  deca_device.o(.text)
    dwt_readsystime                          0x08007e9f   Thumb Code    18  deca_device.o(.text)
    dwt_enableframefilter                    0x08007eb1   Thumb Code    50  deca_device.o(.text)
    dwt_setpanid                             0x08007ee3   Thumb Code    16  deca_device.o(.text)
    dwt_setaddress16                         0x08007ef3   Thumb Code    16  deca_device.o(.text)
    dwt_seteui                               0x08007f03   Thumb Code    18  deca_device.o(.text)
    dwt_setlnapamode                         0x08007f15   Thumb Code    44  deca_device.o(.text)
    dwt_geteui                               0x08007f41   Thumb Code    18  deca_device.o(.text)
    _dwt_nvmsetmrregs                        0x08007f53   Thumb Code   612  deca_device.o(.text)
    _dwt_nvmprogword32                       0x080081b7   Thumb Code   176  deca_device.o(.text)
    dwt_otpwriteandverify                    0x08008267   Thumb Code    94  deca_device.o(.text)
    _dwt_aonconfigupload                     0x080082c5   Thumb Code    36  deca_device.o(.text)
    _dwt_aonarrayupload                      0x080082e9   Thumb Code    36  deca_device.o(.text)
    dwt_entersleep                           0x0800830d   Thumb Code     8  deca_device.o(.text)
    dwt_configuresleepcnt                    0x08008315   Thumb Code   132  deca_device.o(.text)
    dwt_calibratesleepcnt                    0x08008399   Thumb Code   260  deca_device.o(.text)
    dwt_configuresleep                       0x0800849d   Thumb Code    32  deca_device.o(.text)
    dwt_entersleepaftertx                    0x080084bd   Thumb Code    38  deca_device.o(.text)
    dwt_spicswakeup                          0x080084e3   Thumb Code    58  deca_device.o(.text)
    dwt_loadopsettabfromotp                  0x0800851d   Thumb Code    76  deca_device.o(.text)
    dwt_setsmarttxpower                      0x08008569   Thumb Code    56  deca_device.o(.text)
    dwt_enableautoack                        0x080085a1   Thumb Code    52  deca_device.o(.text)
    dwt_setdblrxbuffmode                     0x080085d5   Thumb Code    58  deca_device.o(.text)
    dwt_setautorxreenable                    0x0800860f   Thumb Code    46  deca_device.o(.text)
    dwt_setrxaftertxdelay                    0x0800863d   Thumb Code    36  deca_device.o(.text)
    dwt_setcallbacks                         0x08008661   Thumb Code     8  deca_device.o(.text)
    dwt_sethsrb                              0x08008669   Thumb Code    20  deca_device.o(.text)
    dwt_isr                                  0x0800867d   Thumb Code   376  deca_device.o(.text)
    dwt_setleds                              0x080087f5   Thumb Code   196  deca_device.o(.text)
    _dwt_checkclkplllock                     0x080088b9   Thumb Code    64  deca_device.o(.text)
    _dwt_disablesequencing                   0x080088f9   Thumb Code    20  deca_device.o(.text)
    dwt_setdelayedtrxtime                    0x0800890d   Thumb Code    16  deca_device.o(.text)
    dwt_starttx                              0x0800891d   Thumb Code   122  deca_device.o(.text)
    dwt_syncrxbufptrs                        0x08008997   Thumb Code    70  deca_device.o(.text)
    dwt_forcetrxoff                          0x080089dd   Thumb Code    50  deca_device.o(.text)
    dwt_setrxmode                            0x08008a0f   Thumb Code    46  deca_device.o(.text)
    dwt_rxenable                             0x08008a3d   Thumb Code    82  deca_device.o(.text)
    dwt_setrxtimeout                         0x08008a8f   Thumb Code   102  deca_device.o(.text)
    dwt_setpreambledetecttimeout             0x08008af5   Thumb Code    16  deca_device.o(.text)
    dwt_setinterrupt                         0x08008b05   Thumb Code    36  deca_device.o(.text)
    dwt_configeventcounters                  0x08008b29   Thumb Code    44  deca_device.o(.text)
    dwt_readeventcounters                    0x08008b55   Thumb Code   138  deca_device.o(.text)
    dwt_softreset                            0x08008bdf   Thumb Code   100  deca_device.o(.text)
    dwt_configcwmode                         0x08008c43   Thumb Code   144  deca_device.o(.text)
    dwt_configcontinuousframemode            0x08008cd3   Thumb Code    78  deca_device.o(.text)
    dwt_readtempvbat                         0x08008d21   Thumb Code   152  deca_device.o(.text)
    dwt_readwakeuptemp                       0x08008db9   Thumb Code    56  deca_device.o(.text)
    dwt_readwakeupvbat                       0x08008df1   Thumb Code    20  deca_device.o(.text)
    vPutC                                    0x08008e05   Thumb Code    30  printf_util.o(.text)
    vInitPrintf                              0x08008e23   Thumb Code     6  printf_util.o(.text)
    PrintfUtil_u8Init                        0x08008e29   Thumb Code    12  printf_util.o(.text)
    vNum2String                              0x08008e35   Thumb Code    94  printf_util.o(.text)
    PrintfUtil_vPrintf                       0x08008e93   Thumb Code   304  printf_util.o(.text)
    PrintfUtil_vPrintMem                     0x08008fc3   Thumb Code    32  printf_util.o(.text)
    CRC16                                    0x08008ff5   Thumb Code    48  crc.o(.text)
    __aeabi_uldivmod                         0x0800902d   Thumb Code    98  uldiv.o(.text)
    rand                                     0x08009091   Thumb Code    20  rand.o(.text)
    srand                                    0x080090a5   Thumb Code     6  rand.o(.text)
    __aeabi_memcpy                           0x080090b5   Thumb Code    36  memcpya.o(.text)
    __aeabi_memcpy4                          0x080090b5   Thumb Code     0  memcpya.o(.text)
    __aeabi_memcpy8                          0x080090b5   Thumb Code     0  memcpya.o(.text)
    __aeabi_memset                           0x080090d9   Thumb Code    14  memseta.o(.text)
    __aeabi_memset4                          0x080090d9   Thumb Code     0  memseta.o(.text)
    __aeabi_memset8                          0x080090d9   Thumb Code     0  memseta.o(.text)
    __aeabi_memclr                           0x080090e7   Thumb Code     4  memseta.o(.text)
    __aeabi_memclr4                          0x080090e7   Thumb Code     0  memseta.o(.text)
    __aeabi_memclr8                          0x080090e7   Thumb Code     0  memseta.o(.text)
    _memset$wrapper                          0x080090eb   Thumb Code    18  memseta.o(.text)
    __aeabi_fmul                             0x080090fd   Thumb Code   108  fmul.o(.text)
    __aeabi_fdiv                             0x08009169   Thumb Code   128  fdiv.o(.text)
    __aeabi_dadd                             0x080091e9   Thumb Code   322  dadd.o(.text)
    __aeabi_dsub                             0x0800932b   Thumb Code     6  dadd.o(.text)
    __aeabi_drsub                            0x08009331   Thumb Code     6  dadd.o(.text)
    __aeabi_dmul                             0x08009337   Thumb Code   228  dmul.o(.text)
    __aeabi_ddiv                             0x0800941b   Thumb Code   222  ddiv.o(.text)
    __aeabi_ui2f                             0x080094f9   Thumb Code    10  ffltui.o(.text)
    __aeabi_ui2d                             0x08009503   Thumb Code    26  dfltui.o(.text)
    __aeabi_ul2d                             0x0800951d   Thumb Code    24  dfltul.o(.text)
    __aeabi_f2uiz                            0x08009535   Thumb Code    40  ffixui.o(.text)
    __aeabi_d2iz                             0x0800955d   Thumb Code    62  dfixi.o(.text)
    __aeabi_d2ulz                            0x0800959b   Thumb Code    48  dfixul.o(.text)
    __aeabi_llsl                             0x080095cb   Thumb Code    30  llshl.o(.text)
    _ll_shift_l                              0x080095cb   Thumb Code     0  llshl.o(.text)
    __aeabi_llsr                             0x080095e9   Thumb Code    32  llushr.o(.text)
    _ll_ushift_r                             0x080095e9   Thumb Code     0  llushr.o(.text)
    __aeabi_lasr                             0x08009609   Thumb Code    36  llsshr.o(.text)
    _ll_sshift_r                             0x08009609   Thumb Code     0  llsshr.o(.text)
    __I$use$fp                               0x0800962d   Thumb Code     0  iusefp.o(.text)
    _float_round                             0x0800962d   Thumb Code    18  fepilogue.o(.text)
    _float_epilogue                          0x0800963f   Thumb Code    90  fepilogue.o(.text)
    _double_round                            0x08009699   Thumb Code    26  depilogue.o(.text)
    _double_epilogue                         0x080096b3   Thumb Code   164  depilogue.o(.text)
    __ARM_scalbn                             0x08009757   Thumb Code    46  dscalb.o(.text)
    scalbn                                   0x08009757   Thumb Code     0  dscalb.o(.text)
    __aeabi_i2d                              0x08009785   Thumb Code    34  dflti.o(.text)
    __scatterload                            0x080097a9   Thumb Code    28  init.o(.text)
    __scatterload_rt2                        0x080097a9   Thumb Code     0  init.o(.text)
    __aeabi_cdcmpeq                          0x080097cd   Thumb Code     0  cdcmple.o(.text)
    __aeabi_cdcmple                          0x080097cd   Thumb Code    38  cdcmple.o(.text)
    __0printf$bare                           0x080097f5   Thumb Code     8  printfb.o(i.__0printf$bare)
    __1printf$bare                           0x080097f5   Thumb Code     0  printfb.o(i.__0printf$bare)
    __2printf                                0x080097f5   Thumb Code     0  printfb.o(i.__0printf$bare)
    __kernel_poly                            0x08009805   Thumb Code   170  poly.o(i.__kernel_poly)
    __scatterload_copy                       0x080098af   Thumb Code    14  handlers.o(i.__scatterload_copy)
    __scatterload_null                       0x080098bd   Thumb Code     2  handlers.o(i.__scatterload_null)
    __scatterload_zeroinit                   0x080098bf   Thumb Code    14  handlers.o(i.__scatterload_zeroinit)
    __set_errno                              0x080098cd   Thumb Code     6  errno.o(i.__set_errno)
    log                                      0x080098fd   Thumb Code   822  log.o(i.log)
    log10                                    0x08009c6d   Thumb Code   212  log10.o(i.log10)
    gstSpectrumTxConfig                      0x08009d60   Data          96  instance.o(.constdata)
    gau16RfDelays                            0x08009dc0   Data           4  instance.o(.constdata)
    chan_idx                                 0x08009e98   Data           8  deca_params_init.o(.constdata)
    tx_config                                0x08009ea0   Data          24  deca_params_init.o(.constdata)
    pll2_config                              0x08009eb8   Data          30  deca_params_init.o(.constdata)
    pll2calcfg                               0x08009ed6   Data           1  deca_params_init.o(.constdata)
    rx_config                                0x08009ed7   Data           2  deca_params_init.o(.constdata)
    agc_config                               0x08009edc   Data           8  deca_params_init.o(.constdata)
    dwnsSFDlen                               0x08009ee4   Data           3  deca_params_init.o(.constdata)
    sftsh                                    0x08009ee8   Data          12  deca_params_init.o(.constdata)
    dtune1                                   0x08009ef4   Data           4  deca_params_init.o(.constdata)
    digital_bb_config                        0x08009ef8   Data          32  deca_params_init.o(.constdata)
    lde_replicaCoeff                         0x08009f18   Data          50  deca_params_init.o(.constdata)
    __mathlib_zero                           0x0800a188   Data           8  qnan.o(.constdata)
    Region$$Table$$Base                      0x0800a190   Number         0  anon$$obj.o(Region$$Table)
    Region$$Table$$Limit                     0x0800a1b0   Number         0  anon$$obj.o(Region$$Table)
    isMoving                                 0x20000000   Data           1  application.o(.data)
    gu8NblinkPack                            0x20000012   Data           1  instance.o(.data)
    gu8NblinkSend                            0x20000013   Data           1  instance.o(.data)
    gu8Dealtime                              0x20000014   Data           1  instance.o(.data)
    gu16InstanceTypeRecv                     0x20000016   Data           2  instance.o(.data)
    gstChConfig                              0x20000018   Data          63  instance.o(.data)
    max_tie                                  0x20000058   Data           8  dotie.o(.data)
    u16HdlTxFrameCnt                         0x20000060   Data           2  bsmac.o(.data)
    bInvalid                                 0x20000068   Data           1  mma8452q.o(.data)
    SystemCoreClock                          0x20000084   Data           4  system_stm32l1xx.o(.data)
    PLLMulTable                              0x20000088   Data           9  system_stm32l1xx.o(.data)
    AHBPrescTable                            0x20000091   Data          16  system_stm32l1xx.o(.data)
    reg                                      0x200000a4   Data           4  deca_device.o(.data)
    vPutChar                                 0x200000a8   Data           4  printf_util.o(.data)
    u8Port_G                                 0x200000ac   Data           1  printf_util.o(.data)
    u8BaudRate_G                             0x200000ad   Data           1  printf_util.o(.data)
    __stdout                                 0x200000b4   Data           4  stdout.o(.data)
    gTdoaSendPack                            0x200000bc   Data        1404  application.o(.bss)
    gstTdoaInstData                          0x200007b8   Data         304  instance.o(.bss)
    gstTdoaCardMsg                           0x200008e8   Data          16  instance.o(.bss)
    gstBetterTable                           0x200008f8   Data         122  instance.o(.bss)
    gstTdoaSaveRssiMsg                       0x20000972   Data          86  instance.o(.bss)
    gstTdoaStdCardMsg                        0x200009c8   Data         432  instance.o(.bss)
    gstTdoaMsgArray                          0x20000b78   Data        2960  instance.o(.bss)
    standardID                               0x20001708   Data          20  dotie.o(.bss)
    avgTie                                   0x20001720   Data         160  dotie.o(.bss)
    UartHdl                                  0x200017c0   Data         272  stm32l1xx_usart.o(.bss)
    __initial_sp                             0x20003948   Data           0  startup_stm32l1xx_md.o(STACK)



==============================================================================

Memory Map of the image

  Image Entry point : 0x080000f5

  Load Region LR_IROM1 (Base: 0x08000000, Size: 0x0000a26c, Max: 0x00020000, ABSOLUTE)

    Execution Region ER_IROM1 (Base: 0x08000000, Size: 0x0000a1b0, Max: 0x00020000, ABSOLUTE)

    Base Addr    Size         Type   Attr      Idx    E Section Name        Object

    0x08000000   0x000000f4   Data   RO          702    RESET               startup_stm32l1xx_md.o
    0x080000f4   0x00000000   Code   RO         1766  * .ARM.Collect$$$$00000000  mc_w.l(entry.o)
    0x080000f4   0x00000004   Code   RO         2076    .ARM.Collect$$$$00000001  mc_w.l(entry2.o)
    0x080000f8   0x00000004   Code   RO         2079    .ARM.Collect$$$$00000004  mc_w.l(entry5.o)
    0x080000fc   0x00000000   Code   RO         2081    .ARM.Collect$$$$00000008  mc_w.l(entry7b.o)
    0x080000fc   0x00000000   Code   RO         2083    .ARM.Collect$$$$0000000A  mc_w.l(entry8b.o)
    0x080000fc   0x00000008   Code   RO         2084    .ARM.Collect$$$$0000000B  mc_w.l(entry9a.o)
    0x08000104   0x00000000   Code   RO         2086    .ARM.Collect$$$$0000000D  mc_w.l(entry10a.o)
    0x08000104   0x00000000   Code   RO         2088    .ARM.Collect$$$$0000000F  mc_w.l(entry11a.o)
    0x08000104   0x00000004   Code   RO         2077    .ARM.Collect$$$$00002712  mc_w.l(entry2.o)
    0x08000108   0x0000000e   Code   RO          929    .emb_text           mcu.o
    0x08000116   0x00000002   PAD
    0x08000118   0x000001f8   Code   RO            3    .text               application.o
    0x08000310   0x0000002c   Code   RO          295    .text               main.o
    0x0800033c   0x00000354   Code   RO          377    .text               timer_event.o
    0x08000690   0x00001500   Code   RO          430    .text               instance.o
    0x08001b90   0x000001a0   Code   RO          468    .text               deca_spi.o
    0x08001d30   0x00000168   Code   RO          562    .text               port.o
    0x08001e98   0x00000b04   Code   RO          602    .text               dotie.o
    0x0800299c   0x000001a0   Code   RO          653    .text               as3933.o
    0x08002b3c   0x000001ec   Code   RO          679    .text               bsmac.o
    0x08002d28   0x00000024   Code   RO          703    .text               startup_stm32l1xx_md.o
    0x08002d4c   0x00000178   Code   RO          709    .text               adc.o
    0x08002ec4   0x00000144   Code   RO          769    .text               board.o
    0x08003008   0x00000088   Code   RO          802    .text               button.o
    0x08003090   0x000000ec   Code   RO          845    .text               com_config.o
    0x0800317c   0x0000017c   Code   RO          893    .text               led.o
    0x080032f8   0x000003bc   Code   RO          930    .text               mcu.o
    0x080036b4   0x00000054   Code   RO          966    .text               motor.o
    0x08003708   0x000001b4   Code   RO          986    .text               spi_nano.o
    0x080038bc   0x000001fc   Code   RO         1006    .text               mma8452q.o
    0x08003ab8   0x00000358   Code   RO         1029    .text               hal_io_i2c.o
    0x08003e10   0x00000178   Code   RO         1049    .text               sleep.o
    0x08003f88   0x000000e4   Code   RO         1074    .text               misc.o
    0x0800406c   0x00000534   Code   RO         1094    .text               stm32l1xx_adc.o
    0x080045a0   0x0000010c   Code   RO         1254    .text               stm32l1xx_exti.o
    0x080046ac   0x00000954   Code   RO         1274    .text               stm32l1xx_flash.o
    0x08005000   0x0000023c   Code   RO         1334    .text               stm32l1xx_gpio.o
    0x0800523c   0x00000040   Code   RO         1374    .text               stm32l1xx_iwdg.o
    0x0800527c   0x00000198   Code   RO         1394    .text               stm32l1xx_lcd.o
    0x08005414   0x00000158   Code   RO         1434    .text               stm32l1xx_pwr.o
    0x0800556c   0x00000490   Code   RO         1454    .text               stm32l1xx_rcc.o
    0x080059fc   0x00000d40   Code   RO         1476    .text               stm32l1xx_rtc.o
    0x0800673c   0x000002fc   Code   RO         1516    .text               stm32l1xx_spi.o
    0x08006a38   0x000002e8   Code   RO         1536    .text               stm32l1xx_syscfg.o
    0x08006d20   0x000005d4   Code   RO         1576    .text               stm32l1xx_usart.o
    0x080072f4   0x00000248   Code   RO         1622    .text               system_stm32l1xx.o
    0x0800753c   0x000018c8   Code   RO         1674    .text               deca_device.o
    0x08008e04   0x000001f0   Code   RO         1719    .text               printf_util.o
    0x08008ff4   0x00000038   Code   RO         1744    .text               crc.o
    0x0800902c   0x00000062   Code   RO         1769    .text               mc_w.l(uldiv.o)
    0x0800908e   0x00000002   PAD
    0x08009090   0x00000024   Code   RO         1771    .text               mc_w.l(rand.o)
    0x080090b4   0x00000024   Code   RO         1774    .text               mc_w.l(memcpya.o)
    0x080090d8   0x00000024   Code   RO         1776    .text               mc_w.l(memseta.o)
    0x080090fc   0x0000006c   Code   RO         2040    .text               mf_w.l(fmul.o)
    0x08009168   0x00000080   Code   RO         2042    .text               mf_w.l(fdiv.o)
    0x080091e8   0x0000014e   Code   RO         2044    .text               mf_w.l(dadd.o)
    0x08009336   0x000000e4   Code   RO         2046    .text               mf_w.l(dmul.o)
    0x0800941a   0x000000de   Code   RO         2048    .text               mf_w.l(ddiv.o)
    0x080094f8   0x0000000a   Code   RO         2052    .text               mf_w.l(ffltui.o)
    0x08009502   0x0000001a   Code   RO         2054    .text               mf_w.l(dfltui.o)
    0x0800951c   0x00000018   Code   RO         2056    .text               mf_w.l(dfltul.o)
    0x08009534   0x00000028   Code   RO         2058    .text               mf_w.l(ffixui.o)
    0x0800955c   0x0000003e   Code   RO         2060    .text               mf_w.l(dfixi.o)
    0x0800959a   0x00000030   Code   RO         2062    .text               mf_w.l(dfixul.o)
    0x080095ca   0x0000001e   Code   RO         2093    .text               mc_w.l(llshl.o)
    0x080095e8   0x00000020   Code   RO         2095    .text               mc_w.l(llushr.o)
    0x08009608   0x00000024   Code   RO         2097    .text               mc_w.l(llsshr.o)
    0x0800962c   0x00000000   Code   RO         2106    .text               mc_w.l(iusefp.o)
    0x0800962c   0x0000006c   Code   RO         2107    .text               mf_w.l(fepilogue.o)
    0x08009698   0x000000be   Code   RO         2109    .text               mf_w.l(depilogue.o)
    0x08009756   0x0000002e   Code   RO         2111    .text               mf_w.l(dscalb.o)
    0x08009784   0x00000022   Code   RO         2113    .text               mf_w.l(dflti.o)
    0x080097a6   0x00000002   PAD
    0x080097a8   0x00000024   Code   RO         2120    .text               mc_w.l(init.o)
    0x080097cc   0x00000028   Code   RO         2122    .text               mf_w.l(cdcmple.o)
    0x080097f4   0x00000010   Code   RO         1781    i.__0printf$bare    mc_w.l(printfb.o)
    0x08009804   0x000000aa   Code   RO         2117    i.__kernel_poly     m_ws.l(poly.o)
    0x080098ae   0x0000000e   Code   RO         2126    i.__scatterload_copy  mc_w.l(handlers.o)
    0x080098bc   0x00000002   Code   RO         2127    i.__scatterload_null  mc_w.l(handlers.o)
    0x080098be   0x0000000e   Code   RO         2128    i.__scatterload_zeroinit  mc_w.l(handlers.o)
    0x080098cc   0x0000000c   Code   RO         2101    i.__set_errno       mc_w.l(errno.o)
    0x080098d8   0x00000022   Code   RO         1788    i._printf_core      mc_w.l(printfb.o)
    0x080098fa   0x00000002   PAD
    0x080098fc   0x00000370   Code   RO         2067    i.log               m_ws.l(log.o)
    0x08009c6c   0x000000f4   Code   RO         1759    i.log10             m_ws.l(log10.o)
    0x08009d60   0x000000a8   Data   RO          432    .constdata          instance.o
    0x08009e08   0x00000042   Data   RO          604    .constdata          dotie.o
    0x08009e4a   0x00000002   PAD
    0x08009e4c   0x0000004b   Data   RO         1676    .constdata          deca_device.o
    0x08009e97   0x00000001   PAD
    0x08009e98   0x000000b2   Data   RO         1705    .constdata          deca_params_init.o
    0x08009f4a   0x00000200   Data   RO         1745    .constdata          crc.o
    0x0800a14a   0x00000006   PAD
    0x0800a150   0x00000038   Data   RO         2068    .constdata          m_ws.l(log.o)
    0x0800a188   0x00000008   Data   RO         2119    .constdata          m_ws.l(qnan.o)
    0x0800a190   0x00000020   Data   RO         2124    Region$$Table       anon$$obj.o


    Execution Region RW_IRAM1 (Base: 0x20000000, Size: 0x00003948, Max: 0x00004000, ABSOLUTE)

    Base Addr    Size         Type   Attr      Idx    E Section Name        Object

    0x20000000   0x00000001   Data   RW            5    .data               application.o
    0x20000001   0x00000003   PAD
    0x20000004   0x0000000d   Data   RW          379    .data               timer_event.o
    0x20000011   0x00000001   PAD
    0x20000012   0x00000045   Data   RW          433    .data               instance.o
    0x20000057   0x00000001   PAD
    0x20000058   0x00000008   Data   RW          605    .data               dotie.o
    0x20000060   0x00000002   Data   RW          680    .data               bsmac.o
    0x20000062   0x00000002   PAD
    0x20000064   0x00000004   Data   RW          931    .data               mcu.o
    0x20000068   0x00000001   Data   RW         1007    .data               mma8452q.o
    0x20000069   0x00000019   Data   RW         1455    .data               stm32l1xx_rcc.o
    0x20000082   0x00000002   PAD
    0x20000084   0x0000001d   Data   RW         1623    .data               system_stm32l1xx.o
    0x200000a1   0x00000003   PAD
    0x200000a4   0x00000004   Data   RW         1677    .data               deca_device.o
    0x200000a8   0x00000006   Data   RW         1721    .data               printf_util.o
    0x200000ae   0x00000002   PAD
    0x200000b0   0x00000004   Data   RW         1772    .data               mc_w.l(rand.o)
    0x200000b4   0x00000004   Data   RW         2090    .data               mc_w.l(stdout.o)
    0x200000b8   0x00000004   Data   RW         2102    .data               mc_w.l(errno.o)
    0x200000bc   0x0000057c   Zero   RW            4    .bss                application.o
    0x20000638   0x00000180   Zero   RW          378    .bss                timer_event.o
    0x200007b8   0x00000f50   Zero   RW          431    .bss                instance.o
    0x20001708   0x000000b8   Zero   RW          603    .bss                dotie.o
    0x200017c0   0x00000110   Zero   RW         1577    .bss                stm32l1xx_usart.o
    0x200018d0   0x00000078   Zero   RW         1675    .bss                deca_device.o
    0x20001948   0x00002000   Zero   RW          700    STACK               startup_stm32l1xx_md.o


==============================================================================

Image component sizes


      Code (inc. data)   RO Data    RW Data    ZI Data      Debug   Object Name

       376         20          0          0          0       1320   adc.o
       504        112          0          1       1404     299323   application.o
       416         12          0          0          0       1660   as3933.o
       324          4          0          0          0       1482   board.o
       492         36          0          2          0       3457   bsmac.o
       136          6          0          0          0        747   button.o
       236          8          0          0          0        895   com_config.o
        56          8        512          0          0       1172   crc.o
      6344        148         75          4        120      24774   deca_device.o
         0          0        178          0          0       1740   deca_params_init.o
         0          0          0          0          0       2892   deca_range_tables.o
       416         18          0          0          0     191297   deca_spi.o
      2820         58         66          8        184      16566   dotie.o
       856          6          0          0          0       3730   hal_io_i2c.o
      5376        596        168         69       3920      27609   instance.o
       380         14          0          0          0       1258   led.o
         0          0          0          0          0       1188   mac_msg.o
        44          6          0          0          0      44818   main.o
       970         34          0          4          0      29062   mcu.o
       228         22          0          0          0       1941   misc.o
       508          4          0          1          0       1845   mma8452q.o
        84          4          0          0          0        713   motor.o
       360          8          0          0          0       1465   port.o
       496         18          0          6          0       3074   printf_util.o
       376         14          0          0          0      25916   sleep.o
       436         24          0          0          0       1085   spi_nano.o
        36          8        244          0       8192        900   startup_stm32l1xx_md.o
      1332         20          0          0          0      10790   stm32l1xx_adc.o
       268          4          0          0          0       2343   stm32l1xx_exti.o
      2388         46          0          0          0      11845   stm32l1xx_flash.o
       572         32          0          0          0       4013   stm32l1xx_gpio.o
        64          6          0          0          0       1321   stm32l1xx_iwdg.o
       408         16          0          0          0       4581   stm32l1xx_lcd.o
       344         14          0          0          0       4124   stm32l1xx_pwr.o
      1168         40          0         25          0       9569   stm32l1xx_rcc.o
      3392         46          0          0          0      14611   stm32l1xx_rtc.o
       764         12          0          0          0       6070   stm32l1xx_spi.o
       744          8          0          0          0       3316   stm32l1xx_syscfg.o
      1492         44          0          0        272      11798   stm32l1xx_usart.o
       584         44          0         29          0       2055   system_stm32l1xx.o
       852         20          0         13        384       4519   timer_event.o

    ----------------------------------------------------------------------
     36644       1540       1284        176      14476     782884   Object Totals
         0          0         32          0          0          0   (incl. Generated)
         2          0          9         14          0          0   (incl. Padding)

    ----------------------------------------------------------------------

      Code (inc. data)   RO Data    RW Data    ZI Data      Debug   Library Member Name

       880         58         56          0          0        264   log.o
       244         32          0          0          0        128   log10.o
       170          0          0          0          0         96   poly.o
         0          0          8          0          0          0   qnan.o
         0          0          0          0          0          0   entry.o
         0          0          0          0          0          0   entry10a.o
         0          0          0          0          0          0   entry11a.o
         8          4          0          0          0          0   entry2.o
         4          0          0          0          0          0   entry5.o
         0          0          0          0          0          0   entry7b.o
         0          0          0          0          0          0   entry8b.o
         8          4          0          0          0          0   entry9a.o
        12          6          0          4          0         68   errno.o
        30          0          0          0          0          0   handlers.o
        36          8          0          0          0         68   init.o
         0          0          0          0          0          0   iusefp.o
        30          0          0          0          0         68   llshl.o
        36          0          0          0          0         68   llsshr.o
        32          0          0          0          0         68   llushr.o
        36          0          0          0          0         68   memcpya.o
        36          0          0          0          0        108   memseta.o
        50          8          0          0          0        152   printfb.o
        36         10          0          4          0        136   rand.o
         0          0          0          4          0          0   stdout.o
        98          0          0          0          0         92   uldiv.o
        40          2          0          0          0         68   cdcmple.o
       334          0          0          0          0        148   dadd.o
       222          0          0          0          0        100   ddiv.o
       190          0          0          0          0        176   depilogue.o
        62          0          0          0          0         80   dfixi.o
        48          0          0          0          0         68   dfixul.o
        34          0          0          0          0         76   dflti.o
        26          0          0          0          0         76   dfltui.o
        24          0          0          0          0         76   dfltul.o
       228          0          0          0          0         96   dmul.o
        46          0          0          0          0         80   dscalb.o
       128          0          0          0          0         88   fdiv.o
       108          0          0          0          0        168   fepilogue.o
        40          0          0          0          0         68   ffixui.o
        10          0          0          0          0         68   ffltui.o
       108          0          0          0          0         76   fmul.o

    ----------------------------------------------------------------------
      3400        132         64         12          0       2896   Library Totals
         6          0          0          0          0          0   (incl. Padding)

    ----------------------------------------------------------------------

      Code (inc. data)   RO Data    RW Data    ZI Data      Debug   Library Name

      1294         90         64          0          0        488   m_ws.l
       452         40          0         12          0        896   mc_w.l
      1648          2          0          0          0       1512   mf_w.l

    ----------------------------------------------------------------------
      3400        132         64         12          0       2896   Library Totals

    ----------------------------------------------------------------------

==============================================================================


      Code (inc. data)   RO Data    RW Data    ZI Data      Debug   

     40044       1672       1348        188      14476     780268   Grand Totals
     40044       1672       1348        188      14476     780268   ELF Image Totals
     40044       1672       1348        188          0          0   ROM Totals

==============================================================================

    Total RO  Size (Code + RO Data)                41392 (  40.42kB)
    Total RW  Size (RW Data + ZI Data)             14664 (  14.32kB)
    Total ROM Size (Code + RO Data + RW Data)      41580 (  40.61kB)

==============================================================================

