Component: ARM Compiler 5.05 update 1 (build 106) Tool: armlink [4d0efa]

==============================================================================

Section Cross References

    application.o(.text) refers to stm32l1xx_flash.o(.text) for DATA_EEPROM_Unlock
    application.o(.text) refers to stm32l1xx_gpio.o(.text) for GPIO_ResetBits
    application.o(.text) refers to timer_event.o(.text) for event_timer_add
    application.o(.text) refers to deca_device.o(.text) for dwt_isr
    application.o(.text) refers to adc.o(.text) for ADC_Get_ADCValue
    application.o(.text) refers to dflti.o(.text) for __aeabi_i2d
    application.o(.text) refers to ddiv.o(.text) for __aeabi_ddiv
    application.o(.text) refers to dadd.o(.text) for __aeabi_dadd
    application.o(.text) refers to dfixui.o(.text) for __aeabi_d2uiz
    application.o(.text) refers to instance.o(.text) for instance_set_vbat
    application.o(.text) refers to beeper.o(.text) for BEEP_Stop
    application.o(.text) refers to motor.o(.text) for MOTOR_Stop
    application.o(.text) refers to printf_util.o(.text) for PrintfUtil_vPrintf
    application.o(.text) refers to port.o(.text) for reset_DW1000
    application.o(.text) refers to unistd.o(.text) for usleep
    application.o(.text) refers to application.o(.data) for eventHold
    application.o(.text) refers to instance.o(.bss) for my_cardslotmsg
    application.o(.text) refers to application.o(.conststring) for .conststring
    application.o(.text) refers to button.o(.text) for BUTTON_KeyCode_Read
    application.o(.text) refers to mma8452q.o(.text) for MMA845x_ReadReg
    application.o(.text) refers to board.o(.text) for motion_detect_int_open
    application.o(.text) refers to mcu.o(.text) for GetSysClock
    application.o(.text) refers to stm32l1xx_usart.o(.text) for USART_SendData
    application.o(.text) refers to memcpya.o(.text) for __aeabi_memcpy
    application.o(.text) refers to crc.o(.text) for CRC16
    application.o(.text) refers to application.o(.bss) for tsVersionReport
    application.o(.text) refers to memseta.o(.text) for __aeabi_memclr
    application.o(.text) refers to sleep.o(.text) for system_sleep
    application.o(.text) refers to rand.o(.text) for rand
    application.o(.text) refers to instancetdoa.o(.text) for TdoaRxCardMsgProc
    application.o(.text) refers to led.o(.text) for led_station_off
    application.o(.text) refers to instance.o(.data) for u8TdoaCardSendCount
    application.o(.text) refers to main.o(.data) for instance_TxSpeed
    mac_msg.o(.text) refers to mem.o(.text) for rt_free
    mac_msg.o(.text) refers to mac_msg.o(.bss) for mac_msg_list
    mac_msg.o(.text) refers to mac_msg.o(.data) for free_node
    main.o(.text) refers to port.o(.text) for SPI_ConfigFastRate
    main.o(.text) refers to instance.o(.text) for instancereaddeviceid
    main.o(.text) refers to printf_util.o(.text) for PrintfUtil_vPrintf
    main.o(.text) refers to stm32l1xx_gpio.o(.text) for GPIO_ResetBits
    main.o(.text) refers to unistd.o(.text) for usleep
    main.o(.text) refers to deca_device.o(.text) for dwt_softreset
    main.o(.text) refers to board.o(.text) for board_init
    main.o(.text) refers to application.o(.text) for Application
    main.o(.text) refers to main.o(.data) for instance_mode
    mem.o(.text) refers to mcu.o(.emb_text) for interrupt_disable
    mem.o(.text) refers to mem.o(.data) for heap_ptr
    timer_event.o(.text) refers to mcu.o(.emb_text) for interrupt_disable
    timer_event.o(.text) refers to memseta.o(.text) for __aeabi_memclr4
    timer_event.o(.text) refers to mcu.o(.text) for GetSysClock
    timer_event.o(.text) refers to timer_event.o(.data) for bits_events
    timer_event.o(.text) refers to timer_event.o(.bss) for timer_list
    debug.o(.text) refers to stm32l1xx_gpio.o(.text) for GPIO_ResetBits
    debug.o(.text) refers to mcu.o(.text) for Delay_ms
    instance.o(.text) refers to printf_util.o(.text) for PrintfUtil_vPrintf
    instance.o(.text) refers to stm32l1xx_gpio.o(.text) for GPIO_ReadInputDataBit
    instance.o(.text) refers to led.o(.text) for led_station_on
    instance.o(.text) refers to deca_device.o(.text) for dwt_forcetrxoff
    instance.o(.text) refers to timer_event.o(.text) for event_timer_unset
    instance.o(.text) refers to instance.o(.data) for pre_event
    instance.o(.text) refers to instance.o(.bss) for instance_data
    instance.o(.text) refers to instance.o(.constdata) for txSpectrumConfig
    instance.o(.text) refers to memseta.o(.text) for __aeabi_memclr
    instance.o(.text) refers to application.o(.bss) for CardType_5s
    instance.o(.text) refers to dmul.o(.text) for __aeabi_dmul
    instance.o(.text) refers to dfixui.o(.text) for __aeabi_d2uiz
    instance.o(.text) refers to dfltui.o(.text) for __aeabi_ui2d
    instance.o(.text) refers to dflti.o(.text) for __aeabi_i2d
    instance.o(.text) refers to dadd.o(.text) for __aeabi_dadd
[...]
    motion_detect_int_close                  0x080092b1   Thumb Code    32  board.o(.text)
    interrupt_init                           0x080092d1   Thumb Code    62  board.o(.text)
    peripheral_int_open                      0x0800930f   Thumb Code    82  board.o(.text)
    board_init                               0x08009361   Thumb Code    56  board.o(.text)
    BUTTON_Configuration                     0x0800939d   Thumb Code    92  button.o(.text)
    BUTTON_KeyCode_Read                      0x080093f9   Thumb Code    38  button.o(.text)
    UART_Configuration                       0x08009425   Thumb Code   170  com_config.o(.text)
    fputc                                    0x080094cf   Thumb Code    58  com_config.o(.text)
    LED_Configuration                        0x08009511   Thumb Code   242  led.o(.text)
    led_station_init                         0x08009603   Thumb Code    40  led.o(.text)
    led_station_on                           0x0800962b   Thumb Code    14  led.o(.text)
    led_station_off                          0x08009639   Thumb Code    14  led.o(.text)
    LED_Red_Flash                            0x08009647   Thumb Code    30  led.o(.text)
    LED_Green_Flash                          0x08009665   Thumb Code    30  led.o(.text)
    EXTI0_IRQHandler                         0x08009691   Thumb Code    22  mcu.o(.text)
    EXTI1_IRQHandler                         0x080096a7   Thumb Code    30  mcu.o(.text)
    EXTI3_IRQHandler                         0x080096c5   Thumb Code    30  mcu.o(.text)
    EXTI9_5_IRQHandler                       0x080096e3   Thumb Code    54  mcu.o(.text)
    set_flash_read_protection                0x080097e9   Thumb Code     2  mcu.o(.text)
    unset_flash_read_protection              0x080097eb   Thumb Code    34  mcu.o(.text)
    SysTick_Configuration                    0x08009847   Thumb Code    96  mcu.o(.text)
    chip_core_init                           0x080098a7   Thumb Code    20  mcu.o(.text)
    chip_interface_init                      0x080098bb   Thumb Code    12  mcu.o(.text)
    chip_lowpower_ready                      0x080098c7   Thumb Code    90  mcu.o(.text)
    chip_lowpower_finish                     0x08009921   Thumb Code    64  mcu.o(.text)
    WatchdogReset                            0x08009961   Thumb Code     8  mcu.o(.text)
    SysTick_Handler                          0x08009969   Thumb Code    12  mcu.o(.text)
    portResetTickCnt                         0x08009975   Thumb Code     8  mcu.o(.text)
    portSetTickCnt                           0x0800997d   Thumb Code     6  mcu.o(.text)
    portGetTickCnt                           0x08009983   Thumb Code     6  mcu.o(.text)
    GetSysClock                              0x08009989   Thumb Code     6  mcu.o(.text)
    ElapsedSysClock                          0x0800998f   Thumb Code    12  mcu.o(.text)
    Delay_ms                                 0x080099eb   Thumb Code    32  mcu.o(.text)
    Delay_us                                 0x08009a0b   Thumb Code    32  mcu.o(.text)
    MOTOR_Configuration                      0x08009a4d   Thumb Code    52  motor.o(.text)
    MOTOR_Start                              0x08009a81   Thumb Code    14  motor.o(.text)
    MOTOR_Stop                               0x08009a8f   Thumb Code    14  motor.o(.text)
    SPI_Configuration                        0x08009aa1   Thumb Code   192  spi_nano.o(.text)
    SPI2_Configuration                       0x08009b61   Thumb Code   198  spi_nano.o(.text)
    close_spi2_as3933                        0x08009c27   Thumb Code    22  spi_nano.o(.text)
    MMA845x_WriteReg                         0x08009c55   Thumb Code    30  mma8452q.o(.text)
    MMA845x_ReadReg                          0x08009c73   Thumb Code    26  mma8452q.o(.text)
    MMA845x_ChipCheck                        0x08009cbb   Thumb Code    64  mma8452q.o(.text)
    MMA845x_Init                             0x08009cfb   Thumb Code   338  mma8452q.o(.text)
    WAIT_NOP                                 0x08009e51   Thumb Code    26  hal_io_i2c.o(.text)
    HAL_I2C_Init                             0x08009e6b   Thumb Code   100  hal_io_i2c.o(.text)
    HAL_I2C_Start                            0x08009ecf   Thumb Code    98  hal_io_i2c.o(.text)
    HAL_I2C_Stop                             0x08009f31   Thumb Code    88  hal_io_i2c.o(.text)
    HAL_I2C_ACK                              0x08009f89   Thumb Code   104  hal_io_i2c.o(.text)
    HAL_I2C_SendByte                         0x08009ff1   Thumb Code   224  hal_io_i2c.o(.text)
    HAL_I2C_RecvByte                         0x0800a0d1   Thumb Code   120  hal_io_i2c.o(.text)
    HAL_I2C_WriteReg                         0x0800a149   Thumb Code    36  hal_io_i2c.o(.text)
    HAL_I2C_ReadReg                          0x0800a16d   Thumb Code    54  hal_io_i2c.o(.text)
    RTC_WKUP_IRQHandler                      0x0800a1a9   Thumb Code    20  sleep.o(.text)
    SleepInit                                0x0800a1bd   Thumb Code    22  sleep.o(.text)
    Sleep                                    0x0800a1d3   Thumb Code   152  sleep.o(.text)
    system_powersave_sleep                   0x0800a2d5   Thumb Code    12  sleep.o(.text)
    system_powersave_wakeup                  0x0800a2e1   Thumb Code    38  sleep.o(.text)
    system_sleep                             0x0800a307   Thumb Code    12  sleep.o(.text)
    NVIC_PriorityGroupConfig                 0x0800a321   Thumb Code    10  misc.o(.text)
    NVIC_Init                                0x0800a32b   Thumb Code   106  misc.o(.text)
    NVIC_SetVectorTable                      0x0800a395   Thumb Code    14  misc.o(.text)
    NVIC_SystemLPConfig                      0x0800a3a3   Thumb Code    34  misc.o(.text)
    SysTick_CLKSourceConfig                  0x0800a3c5   Thumb Code    40  misc.o(.text)
    ADC_DeInit                               0x0800a401   Thumb Code    28  stm32l1xx_adc.o(.text)
    ADC_Init                                 0x0800a41d   Thumb Code    74  stm32l1xx_adc.o(.text)
    ADC_StructInit                           0x0800a467   Thumb Code    26  stm32l1xx_adc.o(.text)
    ADC_CommonInit                           0x0800a481   Thumb Code    22  stm32l1xx_adc.o(.text)
    ADC_CommonStructInit                     0x0800a497   Thumb Code     6  stm32l1xx_adc.o(.text)
    ADC_Cmd                                  0x0800a49d   Thumb Code    22  stm32l1xx_adc.o(.text)
    ADC_BankSelection                        0x0800a4b3   Thumb Code    22  stm32l1xx_adc.o(.text)
    ADC_PowerDownCmd                         0x0800a4c9   Thumb Code    18  stm32l1xx_adc.o(.text)
    ADC_DelaySelectionConfig                 0x0800a4db   Thumb Code    16  stm32l1xx_adc.o(.text)
    ADC_AnalogWatchdogCmd                    0x0800a4eb   Thumb Code    16  stm32l1xx_adc.o(.text)
    ADC_AnalogWatchdogThresholdsConfig       0x0800a4fb   Thumb Code     6  stm32l1xx_adc.o(.text)
    ADC_AnalogWatchdogSingleChannelConfig    0x0800a501   Thumb Code    16  stm32l1xx_adc.o(.text)
    ADC_TempSensorVrefintCmd                 0x0800a511   Thumb Code    30  stm32l1xx_adc.o(.text)
    ADC_RegularChannelConfig                 0x0800a52f   Thumb Code   344  stm32l1xx_adc.o(.text)
    ADC_SoftwareStartConv                    0x0800a687   Thumb Code    10  stm32l1xx_adc.o(.text)
    ADC_GetSoftwareStartConvStatus           0x0800a691   Thumb Code    20  stm32l1xx_adc.o(.text)
    ADC_EOCOnEachRegularChannelCmd           0x0800a6a5   Thumb Code    22  stm32l1xx_adc.o(.text)
    ADC_ContinuousModeCmd                    0x0800a6bb   Thumb Code    22  stm32l1xx_adc.o(.text)
    ADC_DiscModeChannelCountConfig           0x0800a6d1   Thumb Code    24  stm32l1xx_adc.o(.text)
    ADC_DiscModeCmd                          0x0800a6e9   Thumb Code    22  stm32l1xx_adc.o(.text)
    ADC_GetConversionValue                   0x0800a6ff   Thumb Code     8  stm32l1xx_adc.o(.text)
    ADC_DMACmd                               0x0800a707   Thumb Code    22  stm32l1xx_adc.o(.text)
    ADC_DMARequestAfterLastTransferCmd       0x0800a71d   Thumb Code    22  stm32l1xx_adc.o(.text)
    ADC_InjectedChannelConfig                0x0800a733   Thumb Code   232  stm32l1xx_adc.o(.text)
    ADC_InjectedSequencerLengthConfig        0x0800a81b   Thumb Code    24  stm32l1xx_adc.o(.text)
    ADC_SetInjectedOffset                    0x0800a833   Thumb Code    20  stm32l1xx_adc.o(.text)
    ADC_ExternalTrigInjectedConvConfig       0x0800a847   Thumb Code    16  stm32l1xx_adc.o(.text)
    ADC_ExternalTrigInjectedConvEdgeConfig   0x0800a857   Thumb Code    16  stm32l1xx_adc.o(.text)
    ADC_SoftwareStartInjectedConv            0x0800a867   Thumb Code    10  stm32l1xx_adc.o(.text)
    ADC_GetSoftwareStartInjectedConvCmdStatus 0x0800a871   Thumb Code    20  stm32l1xx_adc.o(.text)
    ADC_AutoInjectedConvCmd                  0x0800a885   Thumb Code    22  stm32l1xx_adc.o(.text)
    ADC_InjectedDiscModeCmd                  0x0800a89b   Thumb Code    22  stm32l1xx_adc.o(.text)
    ADC_GetInjectedConversionValue           0x0800a8b1   Thumb Code    28  stm32l1xx_adc.o(.text)
    ADC_ITConfig                             0x0800a8cd   Thumb Code    32  stm32l1xx_adc.o(.text)
    ADC_GetFlagStatus                        0x0800a8ed   Thumb Code    18  stm32l1xx_adc.o(.text)
    ADC_ClearFlag                            0x0800a8ff   Thumb Code     6  stm32l1xx_adc.o(.text)
    ADC_GetITStatus                          0x0800a905   Thumb Code    38  stm32l1xx_adc.o(.text)
    ADC_ClearITPendingBit                    0x0800a92b   Thumb Code    10  stm32l1xx_adc.o(.text)
    EXTI_DeInit                              0x0800a935   Thumb Code    30  stm32l1xx_exti.o(.text)
    EXTI_Init                                0x0800a953   Thumb Code   142  stm32l1xx_exti.o(.text)
    EXTI_StructInit                          0x0800a9e1   Thumb Code    16  stm32l1xx_exti.o(.text)
    EXTI_GenerateSWInterrupt                 0x0800a9f1   Thumb Code    16  stm32l1xx_exti.o(.text)
    EXTI_GetFlagStatus                       0x0800aa01   Thumb Code    22  stm32l1xx_exti.o(.text)
    EXTI_ClearFlag                           0x0800aa17   Thumb Code     8  stm32l1xx_exti.o(.text)
    EXTI_GetITStatus                         0x0800aa1f   Thumb Code    22  stm32l1xx_exti.o(.text)
    EXTI_ClearITPendingBit                   0x0800aa35   Thumb Code     8  stm32l1xx_exti.o(.text)
    FLASH_SetLatency                         0x0800aa41   Thumb Code    18  stm32l1xx_flash.o(.text)
    FLASH_PrefetchBufferCmd                  0x0800aa53   Thumb Code    30  stm32l1xx_flash.o(.text)
    FLASH_ReadAccess64Cmd                    0x0800aa71   Thumb Code    30  stm32l1xx_flash.o(.text)
    FLASH_SLEEPPowerDownCmd                  0x0800aa8f   Thumb Code    30  stm32l1xx_flash.o(.text)
    DATA_EEPROM_Unlock                       0x0800aaad   Thumb Code    26  stm32l1xx_flash.o(.text)
    FLASH_Unlock                             0x0800aac7   Thumb Code    32  stm32l1xx_flash.o(.text)
    FLASH_Lock                               0x0800aae7   Thumb Code    18  stm32l1xx_flash.o(.text)
    FLASH_GetStatus                          0x0800aaf9   Thumb Code    54  stm32l1xx_flash.o(.text)
    FLASH_WaitForLastOperation               0x0800ab2f   Thumb Code    48  stm32l1xx_flash.o(.text)
    FLASH_ErasePage                          0x0800ab5f   Thumb Code    86  stm32l1xx_flash.o(.text)
    FLASH_FastProgramWord                    0x0800abb5   Thumb Code    34  stm32l1xx_flash.o(.text)
    DATA_EEPROM_Lock                         0x0800abd7   Thumb Code    18  stm32l1xx_flash.o(.text)
    DATA_EEPROM_FixedTimeProgramCmd          0x0800abe9   Thumb Code    38  stm32l1xx_flash.o(.text)
    DATA_EEPROM_EraseByte                    0x0800ac0f   Thumb Code    26  stm32l1xx_flash.o(.text)
    DATA_EEPROM_EraseHalfWord                0x0800ac29   Thumb Code    26  stm32l1xx_flash.o(.text)
    DATA_EEPROM_EraseWord                    0x0800ac43   Thumb Code    26  stm32l1xx_flash.o(.text)
    DATA_EEPROM_FastProgramWord              0x0800ac5d   Thumb Code    50  stm32l1xx_flash.o(.text)
    DATA_EEPROM_FastProgramByte              0x0800ac8f   Thumb Code   108  stm32l1xx_flash.o(.text)
    DATA_EEPROM_FastProgramHalfWord          0x0800acfb   Thumb Code   136  stm32l1xx_flash.o(.text)
    DATA_EEPROM_ProgramByte                  0x0800ad83   Thumb Code    92  stm32l1xx_flash.o(.text)
    DATA_EEPROM_ProgramHalfWord              0x0800addf   Thumb Code   140  stm32l1xx_flash.o(.text)
    DATA_EEPROM_ProgramWord                  0x0800ae6b   Thumb Code    34  stm32l1xx_flash.o(.text)
    FLASH_OB_Unlock                          0x0800ae8d   Thumb Code    30  stm32l1xx_flash.o(.text)
    FLASH_OB_Lock                            0x0800aeab   Thumb Code    14  stm32l1xx_flash.o(.text)
    FLASH_OB_Launch                          0x0800aeb9   Thumb Code    14  stm32l1xx_flash.o(.text)
    FLASH_OB_WRPConfig                       0x0800aec7   Thumb Code   142  stm32l1xx_flash.o(.text)
    FLASH_OB_WRP1Config                      0x0800af55   Thumb Code   142  stm32l1xx_flash.o(.text)
    FLASH_OB_WRP2Config                      0x0800afe3   Thumb Code   142  stm32l1xx_flash.o(.text)
    FLASH_OB_RDPConfig                       0x0800b071   Thumb Code    48  stm32l1xx_flash.o(.text)
    FLASH_OB_PCROPConfig                     0x0800b0a1   Thumb Code   142  stm32l1xx_flash.o(.text)
    FLASH_OB_PCROP1Config                    0x0800b12f   Thumb Code   142  stm32l1xx_flash.o(.text)
    FLASH_OB_PCROPSelectionConfig            0x0800b1bd   Thumb Code    72  stm32l1xx_flash.o(.text)
    FLASH_OB_UserConfig                      0x0800b205   Thumb Code    94  stm32l1xx_flash.o(.text)
    FLASH_OB_BORConfig                       0x0800b263   Thumb Code    84  stm32l1xx_flash.o(.text)
    FLASH_OB_BootConfig                      0x0800b2b7   Thumb Code    62  stm32l1xx_flash.o(.text)
    FLASH_OB_GetUser                         0x0800b2f5   Thumb Code    10  stm32l1xx_flash.o(.text)
    FLASH_OB_GetWRP                          0x0800b2ff   Thumb Code     8  stm32l1xx_flash.o(.text)
    FLASH_OB_GetWRP1                         0x0800b307   Thumb Code     8  stm32l1xx_flash.o(.text)
    FLASH_OB_GetWRP2                         0x0800b30f   Thumb Code     8  stm32l1xx_flash.o(.text)
    FLASH_OB_GetRDP                          0x0800b317   Thumb Code    20  stm32l1xx_flash.o(.text)
    FLASH_OB_GetSPRMOD                       0x0800b32b   Thumb Code    22  stm32l1xx_flash.o(.text)
    FLASH_OB_GetBOR                          0x0800b341   Thumb Code    10  stm32l1xx_flash.o(.text)
    FLASH_ITConfig                           0x0800b34b   Thumb Code    34  stm32l1xx_flash.o(.text)
    FLASH_GetFlagStatus                      0x0800b36d   Thumb Code    22  stm32l1xx_flash.o(.text)
    FLASH_ClearFlag                          0x0800b383   Thumb Code     8  stm32l1xx_flash.o(.text)
    GPIO_DeInit                              0x0800b395   Thumb Code   196  stm32l1xx_gpio.o(.text)
    GPIO_Init                                0x0800b459   Thumb Code   144  stm32l1xx_gpio.o(.text)
    GPIO_StructInit                          0x0800b4e9   Thumb Code    18  stm32l1xx_gpio.o(.text)
    GPIO_PinLockConfig                       0x0800b4fb   Thumb Code    34  stm32l1xx_gpio.o(.text)
    GPIO_ReadInputDataBit                    0x0800b51d   Thumb Code    18  stm32l1xx_gpio.o(.text)
    GPIO_ReadInputData                       0x0800b52f   Thumb Code     6  stm32l1xx_gpio.o(.text)
    GPIO_ReadOutputDataBit                   0x0800b535   Thumb Code    18  stm32l1xx_gpio.o(.text)
    GPIO_ReadOutputData                      0x0800b547   Thumb Code     6  stm32l1xx_gpio.o(.text)
    GPIO_SetBits                             0x0800b54d   Thumb Code     4  stm32l1xx_gpio.o(.text)
    GPIO_ResetBits                           0x0800b551   Thumb Code     4  stm32l1xx_gpio.o(.text)
    GPIO_WriteBit                            0x0800b555   Thumb Code    10  stm32l1xx_gpio.o(.text)
    GPIO_Write                               0x0800b55f   Thumb Code     4  stm32l1xx_gpio.o(.text)
    GPIO_ToggleBits                          0x0800b563   Thumb Code     8  stm32l1xx_gpio.o(.text)
    GPIO_PinAFConfig                         0x0800b56b   Thumb Code    70  stm32l1xx_gpio.o(.text)
    IWDG_WriteAccessCmd                      0x0800b5d1   Thumb Code     6  stm32l1xx_iwdg.o(.text)
    IWDG_SetPrescaler                        0x0800b5d7   Thumb Code     6  stm32l1xx_iwdg.o(.text)
    IWDG_SetReload                           0x0800b5dd   Thumb Code     6  stm32l1xx_iwdg.o(.text)
    IWDG_ReloadCounter                       0x0800b5e3   Thumb Code    10  stm32l1xx_iwdg.o(.text)
    IWDG_Enable                              0x0800b5ed   Thumb Code    10  stm32l1xx_iwdg.o(.text)
    IWDG_GetFlagStatus                       0x0800b5f7   Thumb Code    20  stm32l1xx_iwdg.o(.text)
    LCD_DeInit                               0x0800b611   Thumb Code    22  stm32l1xx_lcd.o(.text)
    LCD_WaitForSynchro                       0x0800b627   Thumb Code    16  stm32l1xx_lcd.o(.text)
    LCD_Init                                 0x0800b637   Thumb Code    86  stm32l1xx_lcd.o(.text)
    LCD_StructInit                           0x0800b68d   Thumb Code    14  stm32l1xx_lcd.o(.text)
    LCD_Cmd                                  0x0800b69b   Thumb Code     6  stm32l1xx_lcd.o(.text)
    LCD_HighDriveCmd                         0x0800b6a1   Thumb Code     8  stm32l1xx_lcd.o(.text)
    LCD_MuxSegmentCmd                        0x0800b6a9   Thumb Code     6  stm32l1xx_lcd.o(.text)
    LCD_PulseOnDurationConfig                0x0800b6af   Thumb Code    26  stm32l1xx_lcd.o(.text)
    LCD_DeadTimeConfig                       0x0800b6c9   Thumb Code    26  stm32l1xx_lcd.o(.text)
    LCD_BlinkConfig                          0x0800b6e3   Thumb Code    34  stm32l1xx_lcd.o(.text)
    LCD_ContrastConfig                       0x0800b705   Thumb Code    26  stm32l1xx_lcd.o(.text)
    LCD_Write                                0x0800b71f   Thumb Code    10  stm32l1xx_lcd.o(.text)
    LCD_UpdateDisplayRequest                 0x0800b729   Thumb Code     8  stm32l1xx_lcd.o(.text)
    LCD_ITConfig                             0x0800b731   Thumb Code    34  stm32l1xx_lcd.o(.text)
    LCD_GetFlagStatus                        0x0800b753   Thumb Code    20  stm32l1xx_lcd.o(.text)
    LCD_ClearFlag                            0x0800b767   Thumb Code     8  stm32l1xx_lcd.o(.text)
    LCD_GetITStatus                          0x0800b76f   Thumb Code    38  stm32l1xx_lcd.o(.text)
    LCD_ClearITPendingBit                    0x0800b795   Thumb Code     8  stm32l1xx_lcd.o(.text)
    PWR_DeInit                               0x0800b7a9   Thumb Code    22  stm32l1xx_pwr.o(.text)
    PWR_RTCAccessCmd                         0x0800b7bf   Thumb Code     6  stm32l1xx_pwr.o(.text)
    PWR_PVDLevelConfig                       0x0800b7c5   Thumb Code    18  stm32l1xx_pwr.o(.text)
    PWR_PVDCmd                               0x0800b7d7   Thumb Code     6  stm32l1xx_pwr.o(.text)
    PWR_WakeUpPinCmd                         0x0800b7dd   Thumb Code    20  stm32l1xx_pwr.o(.text)
    PWR_FastWakeUpCmd                        0x0800b7f1   Thumb Code     6  stm32l1xx_pwr.o(.text)
    PWR_UltraLowPowerCmd                     0x0800b7f7   Thumb Code     6  stm32l1xx_pwr.o(.text)
    PWR_VoltageScalingConfig                 0x0800b7fd   Thumb Code    24  stm32l1xx_pwr.o(.text)
    PWR_EnterLowPowerRunMode                 0x0800b815   Thumb Code    50  stm32l1xx_pwr.o(.text)
    PWR_EnterSleepMode                       0x0800b847   Thumb Code    42  stm32l1xx_pwr.o(.text)
    PWR_EnterSTOPMode                        0x0800b871   Thumb Code    54  stm32l1xx_pwr.o(.text)
    PWR_EnterSTANDBYMode                     0x0800b8a7   Thumb Code    42  stm32l1xx_pwr.o(.text)
    PWR_GetFlagStatus                        0x0800b8d1   Thumb Code    20  stm32l1xx_pwr.o(.text)
    PWR_ClearFlag                            0x0800b8e5   Thumb Code    14  stm32l1xx_pwr.o(.text)
    RCC_DeInit                               0x0800b901   Thumb Code    74  stm32l1xx_rcc.o(.text)
    RCC_HSEConfig                            0x0800b94b   Thumb Code    14  stm32l1xx_rcc.o(.text)
    RCC_GetFlagStatus                        0x0800b959   Thumb Code    48  stm32l1xx_rcc.o(.text)
    RCC_WaitForHSEStartUp                    0x0800b989   Thumb Code    56  stm32l1xx_rcc.o(.text)
    RCC_AdjustMSICalibrationValue            0x0800b9c1   Thumb Code     8  stm32l1xx_rcc.o(.text)
    RCC_MSIRangeConfig                       0x0800b9c9   Thumb Code    20  stm32l1xx_rcc.o(.text)
    RCC_MSICmd                               0x0800b9dd   Thumb Code     6  stm32l1xx_rcc.o(.text)
    RCC_AdjustHSICalibrationValue            0x0800b9e3   Thumb Code    22  stm32l1xx_rcc.o(.text)
    RCC_HSICmd                               0x0800b9f9   Thumb Code     6  stm32l1xx_rcc.o(.text)
    RCC_LSEConfig                            0x0800b9ff   Thumb Code    14  stm32l1xx_rcc.o(.text)
    RCC_LSICmd                               0x0800ba0d   Thumb Code     6  stm32l1xx_rcc.o(.text)
    RCC_PLLConfig                            0x0800ba13   Thumb Code    16  stm32l1xx_rcc.o(.text)
    RCC_PLLCmd                               0x0800ba23   Thumb Code     6  stm32l1xx_rcc.o(.text)
    RCC_ClockSecuritySystemCmd               0x0800ba29   Thumb Code     6  stm32l1xx_rcc.o(.text)
    RCC_LSEClockSecuritySystemCmd            0x0800ba2f   Thumb Code     8  stm32l1xx_rcc.o(.text)
    RCC_MCOConfig                            0x0800ba37   Thumb Code    12  stm32l1xx_rcc.o(.text)
    RCC_SYSCLKConfig                         0x0800ba43   Thumb Code    20  stm32l1xx_rcc.o(.text)
    RCC_GetSYSCLKSource                      0x0800ba57   Thumb Code    12  stm32l1xx_rcc.o(.text)
    RCC_HCLKConfig                           0x0800ba63   Thumb Code    20  stm32l1xx_rcc.o(.text)
    RCC_PCLK1Config                          0x0800ba77   Thumb Code    20  stm32l1xx_rcc.o(.text)
    RCC_PCLK2Config                          0x0800ba8b   Thumb Code    22  stm32l1xx_rcc.o(.text)
    RCC_GetClocksFreq                        0x0800baa1   Thumb Code   248  stm32l1xx_rcc.o(.text)
    RCC_RTCCLKConfig                         0x0800bb99   Thumb Code    64  stm32l1xx_rcc.o(.text)
    RCC_RTCCLKCmd                            0x0800bbd9   Thumb Code     8  stm32l1xx_rcc.o(.text)
    RCC_RTCResetCmd                          0x0800bbe1   Thumb Code     8  stm32l1xx_rcc.o(.text)
    RCC_AHBPeriphClockCmd                    0x0800bbe9   Thumb Code    34  stm32l1xx_rcc.o(.text)
    RCC_APB2PeriphClockCmd                   0x0800bc0b   Thumb Code    34  stm32l1xx_rcc.o(.text)
    RCC_APB1PeriphClockCmd                   0x0800bc2d   Thumb Code    34  stm32l1xx_rcc.o(.text)
    RCC_AHBPeriphResetCmd                    0x0800bc4f   Thumb Code    34  stm32l1xx_rcc.o(.text)
    RCC_APB2PeriphResetCmd                   0x0800bc71   Thumb Code    34  stm32l1xx_rcc.o(.text)
    RCC_APB1PeriphResetCmd                   0x0800bc93   Thumb Code    34  stm32l1xx_rcc.o(.text)
    RCC_AHBPeriphClockLPModeCmd              0x0800bcb5   Thumb Code    34  stm32l1xx_rcc.o(.text)
    RCC_APB2PeriphClockLPModeCmd             0x0800bcd7   Thumb Code    66  stm32l1xx_rcc.o(.text)
    RCC_APB1PeriphClockLPModeCmd             0x0800bd19   Thumb Code    34  stm32l1xx_rcc.o(.text)
    RCC_ITConfig                             0x0800bd3b   Thumb Code    34  stm32l1xx_rcc.o(.text)
    RCC_ClearFlag                            0x0800bd5d   Thumb Code    18  stm32l1xx_rcc.o(.text)
    RCC_GetITStatus                          0x0800bd6f   Thumb Code    22  stm32l1xx_rcc.o(.text)
    RCC_ClearITPendingBit                    0x0800bd85   Thumb Code     8  stm32l1xx_rcc.o(.text)
    RTC_WaitForSynchro                       0x0800bd91   Thumb Code    92  stm32l1xx_rtc.o(.text)
    RTC_EnterInitMode                        0x0800bded   Thumb Code    84  stm32l1xx_rtc.o(.text)
    RTC_DeInit                               0x0800be41   Thumb Code   204  stm32l1xx_rtc.o(.text)
    RTC_ExitInitMode                         0x0800bf0d   Thumb Code    18  stm32l1xx_rtc.o(.text)
    RTC_Init                                 0x0800bf1f   Thumb Code    94  stm32l1xx_rtc.o(.text)
    RTC_StructInit                           0x0800bf7d   Thumb Code    14  stm32l1xx_rtc.o(.text)
    RTC_WriteProtectionCmd                   0x0800bf8b   Thumb Code    22  stm32l1xx_rtc.o(.text)
    RTC_RefClockCmd                          0x0800bfa1   Thumb Code    76  stm32l1xx_rtc.o(.text)
    RTC_BypassShadowCmd                      0x0800bfed   Thumb Code    54  stm32l1xx_rtc.o(.text)
    RTC_SetTime                              0x0800c055   Thumb Code   200  stm32l1xx_rtc.o(.text)
    RTC_TimeStructInit                       0x0800c11d   Thumb Code    12  stm32l1xx_rtc.o(.text)
    RTC_GetTime                              0x0800c129   Thumb Code    74  stm32l1xx_rtc.o(.text)
    RTC_GetSubSecond                         0x0800c173   Thumb Code    30  stm32l1xx_rtc.o(.text)
    RTC_SetDate                              0x0800c191   Thumb Code   190  stm32l1xx_rtc.o(.text)
    RTC_DateStructInit                       0x0800c24f   Thumb Code    14  stm32l1xx_rtc.o(.text)
    RTC_GetDate                              0x0800c25d   Thumb Code    70  stm32l1xx_rtc.o(.text)
    RTC_SetAlarm                             0x0800c2a3   Thumb Code   230  stm32l1xx_rtc.o(.text)
    RTC_AlarmStructInit                      0x0800c389   Thumb Code    22  stm32l1xx_rtc.o(.text)
    RTC_GetAlarm                             0x0800c39f   Thumb Code   114  stm32l1xx_rtc.o(.text)
    RTC_AlarmCmd                             0x0800c411   Thumb Code   112  stm32l1xx_rtc.o(.text)
    RTC_AlarmSubSecondConfig                 0x0800c481   Thumb Code    46  stm32l1xx_rtc.o(.text)
    RTC_GetAlarmSubSecond                    0x0800c4af   Thumb Code    34  stm32l1xx_rtc.o(.text)
    RTC_WakeUpClockConfig                    0x0800c4d1   Thumb Code    42  stm32l1xx_rtc.o(.text)
    RTC_SetWakeUpCounter                     0x0800c4fb   Thumb Code    22  stm32l1xx_rtc.o(.text)
    RTC_GetWakeUpCounter                     0x0800c511   Thumb Code    10  stm32l1xx_rtc.o(.text)
    RTC_WakeUpCmd                            0x0800c51b   Thumb Code   116  stm32l1xx_rtc.o(.text)
    RTC_DayLightSavingConfig                 0x0800c58f   Thumb Code    50  stm32l1xx_rtc.o(.text)
    RTC_GetStoreOperation                    0x0800c5c1   Thumb Code    12  stm32l1xx_rtc.o(.text)
    RTC_OutputConfig                         0x0800c5cd   Thumb Code    60  stm32l1xx_rtc.o(.text)
    RTC_CoarseCalibConfig                    0x0800c609   Thumb Code    52  stm32l1xx_rtc.o(.text)
    RTC_CoarseCalibCmd                       0x0800c63d   Thumb Code    76  stm32l1xx_rtc.o(.text)
    RTC_CalibOutputCmd                       0x0800c689   Thumb Code    54  stm32l1xx_rtc.o(.text)
    RTC_CalibOutputConfig                    0x0800c6bf   Thumb Code    42  stm32l1xx_rtc.o(.text)
    RTC_SmoothCalibConfig                    0x0800c6e9   Thumb Code    90  stm32l1xx_rtc.o(.text)
    RTC_TimeStampCmd                         0x0800c743   Thumb Code    54  stm32l1xx_rtc.o(.text)
    RTC_GetTimeStamp                         0x0800c779   Thumb Code   144  stm32l1xx_rtc.o(.text)
    RTC_GetTimeStampSubSecond                0x0800c809   Thumb Code     8  stm32l1xx_rtc.o(.text)
    RTC_TamperTriggerConfig                  0x0800c811   Thumb Code    38  stm32l1xx_rtc.o(.text)
    RTC_TamperCmd                            0x0800c837   Thumb Code    34  stm32l1xx_rtc.o(.text)
    RTC_TamperFilterConfig                   0x0800c859   Thumb Code    26  stm32l1xx_rtc.o(.text)
    RTC_TamperSamplingFreqConfig             0x0800c873   Thumb Code    26  stm32l1xx_rtc.o(.text)
    RTC_TamperPinsPrechargeDuration          0x0800c88d   Thumb Code    26  stm32l1xx_rtc.o(.text)
    RTC_TimeStampOnTamperDetectionCmd        0x0800c8a7   Thumb Code    38  stm32l1xx_rtc.o(.text)
    RTC_TamperPullUpCmd                      0x0800c8cd   Thumb Code    38  stm32l1xx_rtc.o(.text)
    RTC_WriteBackupRegister                  0x0800c8f3   Thumb Code    26  stm32l1xx_rtc.o(.text)
    RTC_ReadBackupRegister                   0x0800c90d   Thumb Code    28  stm32l1xx_rtc.o(.text)
    RTC_OutputTypeConfig                     0x0800c929   Thumb Code    26  stm32l1xx_rtc.o(.text)
    RTC_SynchroShiftConfig                   0x0800c943   Thumb Code   118  stm32l1xx_rtc.o(.text)
    RTC_ITConfig                             0x0800c9b9   Thumb Code   108  stm32l1xx_rtc.o(.text)
    RTC_GetFlagStatus                        0x0800ca25   Thumb Code    34  stm32l1xx_rtc.o(.text)
    RTC_ClearFlag                            0x0800ca47   Thumb Code    30  stm32l1xx_rtc.o(.text)
    RTC_GetITStatus                          0x0800ca65   Thumb Code    66  stm32l1xx_rtc.o(.text)
    RTC_ClearITPendingBit                    0x0800caa7   Thumb Code    32  stm32l1xx_rtc.o(.text)
    SPI_I2S_DeInit                           0x0800cad1   Thumb Code    76  stm32l1xx_spi.o(.text)
    SPI_Init                                 0x0800cb1d   Thumb Code    60  stm32l1xx_spi.o(.text)
    I2S_Init                                 0x0800cb59   Thumb Code   212  stm32l1xx_spi.o(.text)
    SPI_StructInit                           0x0800cc2d   Thumb Code    24  stm32l1xx_spi.o(.text)
    I2S_StructInit                           0x0800cc45   Thumb Code    20  stm32l1xx_spi.o(.text)
    SPI_Cmd                                  0x0800cc59   Thumb Code    24  stm32l1xx_spi.o(.text)
    I2S_Cmd                                  0x0800cc71   Thumb Code    24  stm32l1xx_spi.o(.text)
    SPI_DataSizeConfig                       0x0800cc89   Thumb Code    18  stm32l1xx_spi.o(.text)
    SPI_BiDirectionalLineConfig              0x0800cc9b   Thumb Code    28  stm32l1xx_spi.o(.text)
    SPI_NSSInternalSoftwareConfig            0x0800ccb7   Thumb Code    30  stm32l1xx_spi.o(.text)
    SPI_SSOutputCmd                          0x0800ccd5   Thumb Code    24  stm32l1xx_spi.o(.text)
    SPI_I2S_ReceiveData                      0x0800cced   Thumb Code     6  stm32l1xx_spi.o(.text)
    SPI_I2S_SendData                         0x0800ccf3   Thumb Code     4  stm32l1xx_spi.o(.text)
    SPI_CalculateCRC                         0x0800ccf7   Thumb Code    24  stm32l1xx_spi.o(.text)
    SPI_TransmitCRC                          0x0800cd0f   Thumb Code    10  stm32l1xx_spi.o(.text)
    SPI_GetCRC                               0x0800cd19   Thumb Code    16  stm32l1xx_spi.o(.text)
    SPI_GetCRCPolynomial                     0x0800cd29   Thumb Code     6  stm32l1xx_spi.o(.text)
    SPI_I2S_DMACmd                           0x0800cd2f   Thumb Code    18  stm32l1xx_spi.o(.text)
    SPI_I2S_ITConfig                         0x0800cd41   Thumb Code    32  stm32l1xx_spi.o(.text)
    SPI_I2S_GetFlagStatus                    0x0800cd61   Thumb Code    18  stm32l1xx_spi.o(.text)
    SPI_I2S_ClearFlag                        0x0800cd73   Thumb Code     6  stm32l1xx_spi.o(.text)
    SPI_I2S_GetITStatus                      0x0800cd79   Thumb Code    52  stm32l1xx_spi.o(.text)
    SPI_I2S_ClearITPendingBit                0x0800cdad   Thumb Code    20  stm32l1xx_spi.o(.text)
    SYSCFG_DeInit                            0x0800cdcd   Thumb Code    20  stm32l1xx_syscfg.o(.text)
    SYSCFG_RIDeInit                          0x0800cde1   Thumb Code    32  stm32l1xx_syscfg.o(.text)
    SYSCFG_MemoryRemapConfig                 0x0800ce01   Thumb Code     6  stm32l1xx_syscfg.o(.text)
    SYSCFG_GetBootMode                       0x0800ce07   Thumb Code    10  stm32l1xx_syscfg.o(.text)
    SYSCFG_USBPuCmd                          0x0800ce11   Thumb Code    30  stm32l1xx_syscfg.o(.text)
    SYSCFG_EXTILineConfig                    0x0800ce2f   Thumb Code    66  stm32l1xx_syscfg.o(.text)
    SYSCFG_RITIMSelect                       0x0800ce71   Thumb Code    18  stm32l1xx_syscfg.o(.text)
    SYSCFG_RITIMInputCaptureConfig           0x0800ce83   Thumb Code    86  stm32l1xx_syscfg.o(.text)
    SYSCFG_RIResistorConfig                  0x0800ced9   Thumb Code    34  stm32l1xx_syscfg.o(.text)
    SYSCFG_RIChannelSpeedConfig              0x0800cefb   Thumb Code    34  stm32l1xx_syscfg.o(.text)
    SYSCFG_RIIOSwitchConfig                  0x0800cf1d   Thumb Code    80  stm32l1xx_syscfg.o(.text)
    SYSCFG_RISwitchControlModeCmd            0x0800cf6d   Thumb Code    38  stm32l1xx_syscfg.o(.text)
    SYSCFG_RIHysteresisConfig                0x0800cf93   Thumb Code   282  stm32l1xx_syscfg.o(.text)
    TIM_DeInit                               0x0800d0b5   Thumb Code   220  stm32l1xx_tim.o(.text)
    TIM_TimeBaseInit                         0x0800d191   Thumb Code    76  stm32l1xx_tim.o(.text)
    TIM_TimeBaseStructInit                   0x0800d1dd   Thumb Code    16  stm32l1xx_tim.o(.text)
    TIM_PrescalerConfig                      0x0800d1ed   Thumb Code     6  stm32l1xx_tim.o(.text)
    TIM_CounterModeConfig                    0x0800d1f3   Thumb Code    18  stm32l1xx_tim.o(.text)
    TIM_SetCounter                           0x0800d205   Thumb Code     4  stm32l1xx_tim.o(.text)
    TIM_SetAutoreload                        0x0800d209   Thumb Code     4  stm32l1xx_tim.o(.text)
    TIM_GetCounter                           0x0800d20d   Thumb Code     6  stm32l1xx_tim.o(.text)
    TIM_GetPrescaler                         0x0800d213   Thumb Code     6  stm32l1xx_tim.o(.text)
    TIM_UpdateDisableConfig                  0x0800d219   Thumb Code    24  stm32l1xx_tim.o(.text)
    TIM_UpdateRequestConfig                  0x0800d231   Thumb Code    24  stm32l1xx_tim.o(.text)
    TIM_ARRPreloadConfig                     0x0800d249   Thumb Code    24  stm32l1xx_tim.o(.text)
    TIM_SelectOnePulseMode                   0x0800d261   Thumb Code    18  stm32l1xx_tim.o(.text)
    TIM_SetClockDivision                     0x0800d273   Thumb Code    18  stm32l1xx_tim.o(.text)
    TIM_Cmd                                  0x0800d285   Thumb Code    24  stm32l1xx_tim.o(.text)
    TIM_OC1Init                              0x0800d29d   Thumb Code    56  stm32l1xx_tim.o(.text)
    TIM_OC2Init                              0x0800d2d5   Thumb Code    70  stm32l1xx_tim.o(.text)
    TIM_OC3Init                              0x0800d31b   Thumb Code    66  stm32l1xx_tim.o(.text)
    TIM_OC4Init                              0x0800d35d   Thumb Code    70  stm32l1xx_tim.o(.text)
    TIM_OCStructInit                         0x0800d3a3   Thumb Code    12  stm32l1xx_tim.o(.text)
    TIM_SelectOCxM                           0x0800d3af   Thumb Code    82  stm32l1xx_tim.o(.text)
    TIM_SetCompare1                          0x0800d401   Thumb Code     4  stm32l1xx_tim.o(.text)
    TIM_SetCompare2                          0x0800d405   Thumb Code     4  stm32l1xx_tim.o(.text)
    TIM_SetCompare3                          0x0800d409   Thumb Code     4  stm32l1xx_tim.o(.text)
    TIM_SetCompare4                          0x0800d40d   Thumb Code     4  stm32l1xx_tim.o(.text)
    TIM_ForcedOC1Config                      0x0800d411   Thumb Code    18  stm32l1xx_tim.o(.text)
    TIM_ForcedOC2Config                      0x0800d423   Thumb Code    26  stm32l1xx_tim.o(.text)
    TIM_ForcedOC3Config                      0x0800d43d   Thumb Code    18  stm32l1xx_tim.o(.text)
    TIM_ForcedOC4Config                      0x0800d44f   Thumb Code    26  stm32l1xx_tim.o(.text)
    TIM_OC1PreloadConfig                     0x0800d469   Thumb Code    18  stm32l1xx_tim.o(.text)
    TIM_OC2PreloadConfig                     0x0800d47b   Thumb Code    26  stm32l1xx_tim.o(.text)
    TIM_OC3PreloadConfig                     0x0800d495   Thumb Code    18  stm32l1xx_tim.o(.text)
    TIM_OC4PreloadConfig                     0x0800d4a7   Thumb Code    58  stm32l1xx_tim.o(.text)
    TIM_OC1FastConfig                        0x0800d4e1   Thumb Code    18  stm32l1xx_tim.o(.text)
    TIM_OC2FastConfig                        0x0800d4f3   Thumb Code    26  stm32l1xx_tim.o(.text)
    TIM_OC3FastConfig                        0x0800d50d   Thumb Code    18  stm32l1xx_tim.o(.text)
    TIM_OC4FastConfig                        0x0800d51f   Thumb Code    26  stm32l1xx_tim.o(.text)
    TIM_ClearOC1Ref                          0x0800d539   Thumb Code    18  stm32l1xx_tim.o(.text)
    TIM_ClearOC2Ref                          0x0800d54b   Thumb Code    24  stm32l1xx_tim.o(.text)
    TIM_ClearOC3Ref                          0x0800d563   Thumb Code    18  stm32l1xx_tim.o(.text)
    TIM_ClearOC4Ref                          0x0800d575   Thumb Code    24  stm32l1xx_tim.o(.text)
    TIM_OC1PolarityConfig                    0x0800d58d   Thumb Code    18  stm32l1xx_tim.o(.text)
    TIM_OC2PolarityConfig                    0x0800d59f   Thumb Code    26  stm32l1xx_tim.o(.text)
    TIM_OC3PolarityConfig                    0x0800d5b9   Thumb Code    26  stm32l1xx_tim.o(.text)
    TIM_OC4PolarityConfig                    0x0800d5d3   Thumb Code    26  stm32l1xx_tim.o(.text)
    TIM_SelectOCREFClear                     0x0800d5ed   Thumb Code    18  stm32l1xx_tim.o(.text)
    TIM_CCxCmd                               0x0800d5ff   Thumb Code    30  stm32l1xx_tim.o(.text)
    TIM_SetIC4Prescaler                      0x0800d61d   Thumb Code    26  stm32l1xx_tim.o(.text)
    TIM_SetIC3Prescaler                      0x0800d687   Thumb Code    18  stm32l1xx_tim.o(.text)
    TIM_SetIC2Prescaler                      0x0800d6e1   Thumb Code    26  stm32l1xx_tim.o(.text)
    TIM_SetIC1Prescaler                      0x0800d74b   Thumb Code    18  stm32l1xx_tim.o(.text)
    TIM_ICInit                               0x0800d797   Thumb Code   110  stm32l1xx_tim.o(.text)
    TIM_ICStructInit                         0x0800d805   Thumb Code    18  stm32l1xx_tim.o(.text)
    TIM_PWMIConfig                           0x0800d817   Thumb Code   124  stm32l1xx_tim.o(.text)
    TIM_GetCapture1                          0x0800d893   Thumb Code     6  stm32l1xx_tim.o(.text)
    TIM_GetCapture2                          0x0800d899   Thumb Code     6  stm32l1xx_tim.o(.text)
    TIM_GetCapture3                          0x0800d89f   Thumb Code     6  stm32l1xx_tim.o(.text)
    TIM_GetCapture4                          0x0800d8a5   Thumb Code     6  stm32l1xx_tim.o(.text)
    TIM_ITConfig                             0x0800d8ab   Thumb Code    18  stm32l1xx_tim.o(.text)
    TIM_GenerateEvent                        0x0800d8bd   Thumb Code     4  stm32l1xx_tim.o(.text)
    TIM_GetFlagStatus                        0x0800d8c1   Thumb Code    18  stm32l1xx_tim.o(.text)
    TIM_ClearFlag                            0x0800d8d3   Thumb Code     6  stm32l1xx_tim.o(.text)
    TIM_GetITStatus                          0x0800d8d9   Thumb Code    34  stm32l1xx_tim.o(.text)
    TIM_ClearITPendingBit                    0x0800d8fb   Thumb Code     6  stm32l1xx_tim.o(.text)
    TIM_DMAConfig                            0x0800d901   Thumb Code    10  stm32l1xx_tim.o(.text)
    TIM_DMACmd                               0x0800d90b   Thumb Code    18  stm32l1xx_tim.o(.text)
    TIM_SelectCCDMA                          0x0800d91d   Thumb Code    24  stm32l1xx_tim.o(.text)
    TIM_InternalClockConfig                  0x0800d935   Thumb Code    12  stm32l1xx_tim.o(.text)
    TIM_SelectInputTrigger                   0x0800d941   Thumb Code    18  stm32l1xx_tim.o(.text)
    TIM_ITRxExternalClockConfig              0x0800d953   Thumb Code    24  stm32l1xx_tim.o(.text)
    TIM_TIxExternalClockConfig               0x0800d96b   Thumb Code    62  stm32l1xx_tim.o(.text)
    TIM_ETRConfig                            0x0800d9a9   Thumb Code    28  stm32l1xx_tim.o(.text)
    TIM_ETRClockMode1Config                  0x0800d9c5   Thumb Code    54  stm32l1xx_tim.o(.text)
    TIM_ETRClockMode2Config                  0x0800d9fb   Thumb Code    32  stm32l1xx_tim.o(.text)
    TIM_SelectOutputTrigger                  0x0800da1b   Thumb Code    18  stm32l1xx_tim.o(.text)
    TIM_SelectSlaveMode                      0x0800da2d   Thumb Code    18  stm32l1xx_tim.o(.text)
    TIM_SelectMasterSlaveMode                0x0800da3f   Thumb Code    18  stm32l1xx_tim.o(.text)
    TIM_EncoderInterfaceConfig               0x0800da51   Thumb Code    66  stm32l1xx_tim.o(.text)
    TIM_SelectHallSensor                     0x0800da93   Thumb Code    24  stm32l1xx_tim.o(.text)
    TIM_RemapConfig                          0x0800daab   Thumb Code    22  stm32l1xx_tim.o(.text)
    USART_DeInit                             0x0800dac1   Thumb Code   134  stm32l1xx_usart.o(.text)
    USART_Init                               0x0800db47   Thumb Code   198  stm32l1xx_usart.o(.text)
    USART_StructInit                         0x0800dc0d   Thumb Code    24  stm32l1xx_usart.o(.text)
    USART_ClockInit                          0x0800dc25   Thumb Code    32  stm32l1xx_usart.o(.text)
    USART_ClockStructInit                    0x0800dc45   Thumb Code    12  stm32l1xx_usart.o(.text)
    USART_Cmd                                0x0800dc51   Thumb Code    24  stm32l1xx_usart.o(.text)
    USART_SetPrescaler                       0x0800dc69   Thumb Code    16  stm32l1xx_usart.o(.text)
    USART_OverSampling8Cmd                   0x0800dc79   Thumb Code    22  stm32l1xx_usart.o(.text)
    USART_OneBitMethodCmd                    0x0800dc8f   Thumb Code    24  stm32l1xx_usart.o(.text)
    USART_SendData                           0x0800dca7   Thumb Code     8  stm32l1xx_usart.o(.text)
    USART_ReceiveData                        0x0800dcaf   Thumb Code    10  stm32l1xx_usart.o(.text)
    USART_SetAddress                         0x0800dcb9   Thumb Code    18  stm32l1xx_usart.o(.text)
    USART_ReceiverWakeUpCmd                  0x0800dccb   Thumb Code    24  stm32l1xx_usart.o(.text)
    USART_WakeUpConfig                       0x0800dce3   Thumb Code    18  stm32l1xx_usart.o(.text)
    USART_LINBreakDetectLengthConfig         0x0800dcf5   Thumb Code    18  stm32l1xx_usart.o(.text)
    USART_LINCmd                             0x0800dd07   Thumb Code    24  stm32l1xx_usart.o(.text)
    USART_SendBreak                          0x0800dd1f   Thumb Code    10  stm32l1xx_usart.o(.text)
    USART_HalfDuplexCmd                      0x0800dd29   Thumb Code    24  stm32l1xx_usart.o(.text)
    USART_SetGuardTime                       0x0800dd41   Thumb Code    16  stm32l1xx_usart.o(.text)
    USART_SmartCardCmd                       0x0800dd51   Thumb Code    24  stm32l1xx_usart.o(.text)
    USART_SmartCardNACKCmd                   0x0800dd69   Thumb Code    24  stm32l1xx_usart.o(.text)
    USART_IrDAConfig                         0x0800dd81   Thumb Code    18  stm32l1xx_usart.o(.text)
    USART_IrDACmd                            0x0800dd93   Thumb Code    24  stm32l1xx_usart.o(.text)
    USART_DMACmd                             0x0800ddab   Thumb Code    18  stm32l1xx_usart.o(.text)
    USART_ITConfig                           0x0800ddbd   Thumb Code    74  stm32l1xx_usart.o(.text)
    USART_GetFlagStatus                      0x0800de07   Thumb Code    26  stm32l1xx_usart.o(.text)
    USART_ClearFlag                          0x0800de21   Thumb Code    18  stm32l1xx_usart.o(.text)
    USART_GetITStatus                        0x0800de33   Thumb Code    84  stm32l1xx_usart.o(.text)
    USART_ClearITPendingBit                  0x0800de87   Thumb Code    50  stm32l1xx_usart.o(.text)
    msg_analyser_register                    0x0800deb9   Thumb Code    34  stm32l1xx_usart.o(.text)
    USART1_IRQHandler                        0x0800dedb   Thumb Code   432  stm32l1xx_usart.o(.text)
    dwt_getrangebias                         0x0800e095   Thumb Code   254  deca_range_tables.o(.text)
    dwt_writetodevice                        0x0800e1b9   Thumb Code   138  deca_device.o(.text)
    dwt_write16bitoffsetreg                  0x0800e243   Thumb Code    38  deca_device.o(.text)
    dwt_write32bitoffsetreg                  0x0800e269   Thumb Code    48  deca_device.o(.text)
    dwt_readfromdevice                       0x0800e299   Thumb Code   134  deca_device.o(.text)
    dwt_read32bitoffsetreg                   0x0800e31f   Thumb Code    56  deca_device.o(.text)
    _dwt_enableclocks                        0x0800e357   Thumb Code   314  deca_device.o(.text)
    _dwt_loaducodefromrom                    0x0800e491   Thumb Code    82  deca_device.o(.text)
    _dwt_nvmread                             0x0800e4e3   Thumb Code    84  deca_device.o(.text)
    dwt_readdevid                            0x0800e537   Thumb Code    12  deca_device.o(.text)
    dwt_initialise                           0x0800e543   Thumb Code   306  deca_device.o(.text)
    dwt_getpartid                            0x0800e675   Thumb Code     6  deca_device.o(.text)
    dwt_getlotid                             0x0800e67b   Thumb Code     6  deca_device.o(.text)
    dwt_configuretxrf                        0x0800e681   Thumb Code    28  deca_device.o(.text)
    dwt_getotptxpower                        0x0800e69d   Thumb Code    22  deca_device.o(.text)
    dwt_settxantennadelay                    0x0800e6b3   Thumb Code    20  deca_device.o(.text)
    dwt_setrxantennadelay                    0x0800e6c7   Thumb Code    22  deca_device.o(.text)
    dwt_xtaltrim                             0x0800e6dd   Thumb Code    48  deca_device.o(.text)
    _dwt_configlde                           0x0800e70d   Thumb Code    56  deca_device.o(.text)
    dwt_configure                            0x0800e745   Thumb Code   630  deca_device.o(.text)
    dwt_readantennadelay                     0x0800e9bb   Thumb Code    16  deca_device.o(.text)
    dwt_writetxdata                          0x0800e9cb   Thumb Code    38  deca_device.o(.text)
    dwt_writetxfctrl                         0x0800e9f1   Thumb Code    30  deca_device.o(.text)
    dwt_readrxdata                           0x0800ea0f   Thumb Code    22  deca_device.o(.text)
    dwt_readaccdata                          0x0800ea25   Thumb Code    34  deca_device.o(.text)
    dwt_read16bitoffsetreg                   0x0800ea47   Thumb Code    44  deca_device.o(.text)
    dwt_readdignostics                       0x0800ea73   Thumb Code   126  deca_device.o(.text)
    dwt_readtxtimestamp                      0x0800eaf1   Thumb Code    18  deca_device.o(.text)
    dwt_readtxtimestamphi32                  0x0800eb03   Thumb Code    12  deca_device.o(.text)
    dwt_readrxtimestamp                      0x0800eb0f   Thumb Code    18  deca_device.o(.text)
    dwt_readrxtimestamphi32                  0x0800eb21   Thumb Code    12  deca_device.o(.text)
    dwt_readsystimestamphi32                 0x0800eb2d   Thumb Code    12  deca_device.o(.text)
    dwt_readsystime                          0x0800eb39   Thumb Code    18  deca_device.o(.text)
    dwt_enableframefilter                    0x0800eb4b   Thumb Code    50  deca_device.o(.text)
    dwt_setpanid                             0x0800eb7d   Thumb Code    16  deca_device.o(.text)
    dwt_setaddress16                         0x0800eb8d   Thumb Code    16  deca_device.o(.text)
    dwt_seteui                               0x0800eb9d   Thumb Code    18  deca_device.o(.text)
    dwt_geteui                               0x0800ebaf   Thumb Code    18  deca_device.o(.text)
    _dwt_nvmsetmrregs                        0x0800ebc1   Thumb Code   612  deca_device.o(.text)
    _dwt_nvmprogword32                       0x0800ee25   Thumb Code   176  deca_device.o(.text)
    dwt_otpwriteandverify                    0x0800eed5   Thumb Code    94  deca_device.o(.text)
    _dwt_aonconfigupload                     0x0800ef33   Thumb Code    36  deca_device.o(.text)
    _dwt_aonarrayupload                      0x0800ef57   Thumb Code    36  deca_device.o(.text)
    dwt_entersleep                           0x0800ef7b   Thumb Code     8  deca_device.o(.text)
    dwt_configuresleepcnt                    0x0800ef83   Thumb Code   132  deca_device.o(.text)
    dwt_calibratesleepcnt                    0x0800f007   Thumb Code   260  deca_device.o(.text)
    dwt_configuresleep                       0x0800f10b   Thumb Code    32  deca_device.o(.text)
    dwt_entersleepaftertx                    0x0800f12b   Thumb Code    38  deca_device.o(.text)
    dwt_spicswakeup                          0x0800f151   Thumb Code    58  deca_device.o(.text)
    dwt_loadopsettabfromotp                  0x0800f18b   Thumb Code    76  deca_device.o(.text)
    dwt_setsmarttxpower                      0x0800f1d7   Thumb Code    56  deca_device.o(.text)
    dwt_enableautoack                        0x0800f20f   Thumb Code    54  deca_device.o(.text)
    dwt_setdblrxbuffmode                     0x0800f245   Thumb Code    58  deca_device.o(.text)
    dwt_setautorxreenable                    0x0800f27f   Thumb Code    46  deca_device.o(.text)
    dwt_setrxaftertxdelay                    0x0800f2ad   Thumb Code    36  deca_device.o(.text)
    dwt_setcallbacks                         0x0800f2d1   Thumb Code     8  deca_device.o(.text)
    dwt_isr                                  0x0800f2d9   Thumb Code   374  deca_device.o(.text)
    dwt_setleds                              0x0800f44f   Thumb Code   196  deca_device.o(.text)
    _dwt_checkclkplllock                     0x0800f513   Thumb Code    64  deca_device.o(.text)
    _dwt_disablesequencing                   0x0800f553   Thumb Code    20  deca_device.o(.text)
    dwt_setdelayedtrxtime                    0x0800f567   Thumb Code    16  deca_device.o(.text)
    dwt_starttx                              0x0800f577   Thumb Code   122  deca_device.o(.text)
    dwt_syncrxbufptrs                        0x0800f5f1   Thumb Code    64  deca_device.o(.text)
    dwt_forcetrxoff                          0x0800f631   Thumb Code    50  deca_device.o(.text)
    dwt_setrxmode                            0x0800f663   Thumb Code    46  deca_device.o(.text)
    dwt_rxenable                             0x0800f691   Thumb Code    76  deca_device.o(.text)
    dwt_setrxtimeout                         0x0800f6dd   Thumb Code   102  deca_device.o(.text)
    dwt_setpreambledetecttimeout             0x0800f743   Thumb Code    16  deca_device.o(.text)
    decamutexon                              0x0800f753   Thumb Code    34  deca_device.o(.text)
    decamutexoff                             0x0800f775   Thumb Code    28  deca_device.o(.text)
    dwt_setinterrupt                         0x0800f791   Thumb Code    52  deca_device.o(.text)
    dwt_configeventcounters                  0x0800f7c5   Thumb Code    44  deca_device.o(.text)
    dwt_readeventcounters                    0x0800f7f1   Thumb Code   138  deca_device.o(.text)
    dwt_rxreset                              0x0800f87b   Thumb Code    36  deca_device.o(.text)
    dwt_softreset                            0x0800f89f   Thumb Code   100  deca_device.o(.text)
    dwt_configcwmode                         0x0800f903   Thumb Code   144  deca_device.o(.text)
    dwt_configcontinuousframemode            0x0800f993   Thumb Code    78  deca_device.o(.text)
    dwt_readtempvbat                         0x0800f9e1   Thumb Code   186  deca_device.o(.text)
    dwt_readwakeuptemp                       0x0800fa9b   Thumb Code    20  deca_device.o(.text)
    dwt_readwakeupvbat                       0x0800faaf   Thumb Code    20  deca_device.o(.text)
    vPutC                                    0x0800fac5   Thumb Code    30  printf_util.o(.text)
    vInitPrintf                              0x0800fae3   Thumb Code     6  printf_util.o(.text)
    PrintfUtil_u8Init                        0x0800fae9   Thumb Code    12  printf_util.o(.text)
    vNum2String                              0x0800faf5   Thumb Code    94  printf_util.o(.text)
    PrintfUtil_vPrintf                       0x0800fb53   Thumb Code   304  printf_util.o(.text)
    PrintfUtil_vPrintMem                     0x0800fc83   Thumb Code    32  printf_util.o(.text)
    CRC16                                    0x0800fcb5   Thumb Code    48  crc.o(.text)
    __aeabi_uldivmod                         0x0800fced   Thumb Code    98  uldiv.o(.text)
    rand                                     0x0800fd51   Thumb Code    20  rand.o(.text)
    srand                                    0x0800fd65   Thumb Code     6  rand.o(.text)
    __aeabi_memcpy                           0x0800fd75   Thumb Code    36  memcpya.o(.text)
    __aeabi_memcpy4                          0x0800fd75   Thumb Code     0  memcpya.o(.text)
    __aeabi_memcpy8                          0x0800fd75   Thumb Code     0  memcpya.o(.text)
    __aeabi_memset                           0x0800fd99   Thumb Code    14  memseta.o(.text)
    __aeabi_memset4                          0x0800fd99   Thumb Code     0  memseta.o(.text)
    __aeabi_memset8                          0x0800fd99   Thumb Code     0  memseta.o(.text)
    __aeabi_memclr                           0x0800fda7   Thumb Code     4  memseta.o(.text)
    __aeabi_memclr4                          0x0800fda7   Thumb Code     0  memseta.o(.text)
    __aeabi_memclr8                          0x0800fda7   Thumb Code     0  memseta.o(.text)
    _memset$wrapper                          0x0800fdab   Thumb Code    18  memseta.o(.text)
    __aeabi_fmul                             0x0800fdbd   Thumb Code   100  fmul.o(.text)
    __aeabi_fdiv                             0x0800fe21   Thumb Code   124  fdiv.o(.text)
    __aeabi_dadd                             0x0800fe9d   Thumb Code   322  dadd.o(.text)
    __aeabi_dsub                             0x0800ffdf   Thumb Code     6  dadd.o(.text)
    __aeabi_drsub                            0x0800ffe5   Thumb Code     6  dadd.o(.text)
    __aeabi_dmul                             0x0800ffeb   Thumb Code   228  dmul.o(.text)
    __aeabi_ddiv                             0x080100cf   Thumb Code   222  ddiv.o(.text)
    __aeabi_i2f                              0x080101ad   Thumb Code    18  fflti.o(.text)
    __aeabi_ui2f                             0x080101bf   Thumb Code    10  ffltui.o(.text)
    __aeabi_i2d                              0x080101c9   Thumb Code    34  dflti.o(.text)
    __aeabi_ui2d                             0x080101eb   Thumb Code    26  dfltui.o(.text)
    __aeabi_l2d                              0x08010205   Thumb Code    40  dfltl.o(.text)
    __aeabi_ul2d                             0x0801022d   Thumb Code    24  dfltul.o(.text)
    __aeabi_f2uiz                            0x08010245   Thumb Code    40  ffixui.o(.text)
    __aeabi_d2iz                             0x0801026d   Thumb Code    62  dfixi.o(.text)
    __aeabi_d2uiz                            0x080102ab   Thumb Code    50  dfixui.o(.text)
    __aeabi_d2ulz                            0x080102dd   Thumb Code    48  dfixul.o(.text)
    __aeabi_f2d                              0x0801030d   Thumb Code    38  f2d.o(.text)
    __aeabi_cdcmpeq                          0x08010335   Thumb Code     0  cdcmple.o(.text)
    __aeabi_cdcmple                          0x08010335   Thumb Code    48  cdcmple.o(.text)
    __aeabi_cdrcmple                         0x08010365   Thumb Code    48  cdrcmple.o(.text)
    __aeabi_d2f                              0x08010395   Thumb Code    56  d2f.o(.text)
    __aeabi_llsl                             0x080103cd   Thumb Code    30  llshl.o(.text)
    _ll_shift_l                              0x080103cd   Thumb Code     0  llshl.o(.text)
    __aeabi_llsr                             0x080103eb   Thumb Code    32  llushr.o(.text)
    _ll_ushift_r                             0x080103eb   Thumb Code     0  llushr.o(.text)
    __aeabi_lasr                             0x0801040b   Thumb Code    36  llsshr.o(.text)
    _ll_sshift_r                             0x0801040b   Thumb Code     0  llsshr.o(.text)
    __I$use$fp                               0x0801042f   Thumb Code     0  iusefp.o(.text)
    _float_round                             0x0801042f   Thumb Code    18  fepilogue.o(.text)
    _float_epilogue                          0x08010441   Thumb Code    92  fepilogue.o(.text)
    _double_round                            0x0801049d   Thumb Code    30  depilogue.o(.text)
    _double_epilogue                         0x080104bb   Thumb Code   156  depilogue.o(.text)
    __ARM_scalbn                             0x08010557   Thumb Code    46  dscalb.o(.text)
    scalbn                                   0x08010557   Thumb Code     0  dscalb.o(.text)
    __scatterload                            0x08010585   Thumb Code    28  init.o(.text)
    __scatterload_rt2                        0x08010585   Thumb Code     0  init.o(.text)
    __decompress                             0x080105a9   Thumb Code     0  __dczerorl2.o(.text)
    __decompress1                            0x080105a9   Thumb Code    86  __dczerorl2.o(.text)
    __0printf$bare                           0x08010601   Thumb Code     8  printfb.o(i.__0printf$bare)
    __1printf$bare                           0x08010601   Thumb Code     0  printfb.o(i.__0printf$bare)
    __2printf                                0x08010601   Thumb Code     0  printfb.o(i.__0printf$bare)
    __kernel_poly                            0x08010611   Thumb Code   170  poly.o(i.__kernel_poly)
    __mathlib_dbl_divzero                    0x080106bd   Thumb Code    12  dunder.o(i.__mathlib_dbl_divzero)
    __mathlib_dbl_infnan                     0x080106cd   Thumb Code     6  dunder.o(i.__mathlib_dbl_infnan)
    __mathlib_dbl_invalid                    0x080106d3   Thumb Code    12  dunder.o(i.__mathlib_dbl_invalid)
    __scatterload_copy                       0x080106df   Thumb Code    14  handlers.o(i.__scatterload_copy)
    __scatterload_null                       0x080106ed   Thumb Code     2  handlers.o(i.__scatterload_null)
    __scatterload_zeroinit                   0x080106ef   Thumb Code    14  handlers.o(i.__scatterload_zeroinit)
    __set_errno                              0x080106fd   Thumb Code     6  errno.o(i.__set_errno)
    log                                      0x0801072d   Thumb Code   808  log.o(i.log)
    log10                                    0x08010a89   Thumb Code   198  log10.o(i.log10)
    txSpectrumConfig                         0x08010b6c   Data          96  instance.o(.constdata)
    rfDelays                                 0x08010bcc   Data           4  instance.o(.constdata)
    gstSpectrumTxConfig                      0x08010bd0   Data          96  instancetdoa.o(.constdata)
    gau16RfDelays                            0x08010c30   Data           4  instancetdoa.o(.constdata)
    chan_idxnb                               0x08010c34   Data           8  deca_range_tables.o(.constdata)
    chan_idxwb                               0x08010c3c   Data           8  deca_range_tables.o(.constdata)
    range25cm16PRFnb                         0x08010c44   Data         148  deca_range_tables.o(.constdata)
    range25cm16PRFwb                         0x08010cd8   Data         136  deca_range_tables.o(.constdata)
    range25cm64PRFnb                         0x08010d60   Data         104  deca_range_tables.o(.constdata)
    range25cm64PRFwb                         0x08010dc8   Data         118  deca_range_tables.o(.constdata)
    chan_idx                                 0x08010e40   Data           8  deca_params_init.o(.constdata)
    tx_config                                0x08010e48   Data          24  deca_params_init.o(.constdata)
    pll2_config                              0x08010e60   Data          30  deca_params_init.o(.constdata)
    pll2calcfg                               0x08010e7e   Data           1  deca_params_init.o(.constdata)
    rx_config                                0x08010e7f   Data           2  deca_params_init.o(.constdata)
    agc_config                               0x08010e84   Data           8  deca_params_init.o(.constdata)
    dwnsSFDlen                               0x08010e8c   Data           3  deca_params_init.o(.constdata)
    sftsh                                    0x08010e90   Data          12  deca_params_init.o(.constdata)
    dtune1                                   0x08010e9c   Data           4  deca_params_init.o(.constdata)
    digital_bb_config                        0x08010ea0   Data          32  deca_params_init.o(.constdata)
    lde_replicaCoeff                         0x08010ec0   Data          50  deca_params_init.o(.constdata)
    __mathlib_zero                           0x08011130   Data           8  qnan.o(.constdata)
    Region$$Table$$Base                      0x08011440   Number         0  anon$$obj.o(Region$$Table)
    Region$$Table$$Limit                     0x08011460   Number         0  anon$$obj.o(Region$$Table)
    mma845xData                              0x2000003f   Data           7  application.o(.data)
    set_helpover_sleep                       0x20000046   Data           1  application.o(.data)
    u16CardMotionTimeout                     0x20000048   Data           2  application.o(.data)
    u16CardMotionCnt                         0x2000004a   Data           2  application.o(.data)
    tsVersionReportLen                       0x2000004c   Data           1  application.o(.data)
    isMoving                                 0x20000054   Data           1  application.o(.data)
    u8HelpCnt                                0x20000055   Data           1  application.o(.data)
    u16ArmId                                 0x20000056   Data           2  application.o(.data)
    u8ReportStatusNum                        0x20000058   Data           1  application.o(.data)
    u16Hdl_tx_frame_cnt                      0x2000005a   Data           2  application.o(.data)
    u16Hdl_rx_frame_cnt                      0x2000005c   Data           2  application.o(.data)
    cur_slot                                 0x20000060   Data           1  application.o(.data)
    tof_count                                0x20000061   Data           1  application.o(.data)
    next_retreat                             0x20000062   Data           1  application.o(.data)
    count_tof                                0x20000064   Data           2  application.o(.data)
    pretick                                  0x20000068   Data           4  application.o(.data)
    quiet_count                              0x2000006c   Data           1  application.o(.data)
    u16ShortAddr                             0x2000006e   Data           2  application.o(.data)
    newstarttype                             0x20000070   Data           1  application.o(.data)
    avg_tof_tick                             0x20000071   Data           1  application.o(.data)
    ever_rev_dis                             0x20000072   Data           1  application.o(.data)
    bool_check_poll                          0x20000073   Data           1  application.o(.data)
    tStationStatus                           0x20000074   Data           1  application.o(.data)
    U8iCount                                 0x20000075   Data           1  application.o(.data)
    u8ExciteTure                             0x20000076   Data           1  application.o(.data)
    U16ExciterID                             0x20000078   Data           2  application.o(.data)
    u16LastExciterID                         0x2000007a   Data           2  application.o(.data)
    new_inblink                              0x2000007f   Data           1  application.o(.data)
    is_sendlink                              0x20000080   Data           1  application.o(.data)
    last_time                                0x20000084   Data           4  application.o(.data)
    idle_list_count                          0x2000008a   Data           2  application.o(.data)
    card_clc_count                           0x2000008c   Data           2  application.o(.data)
    motor_count                              0x2000008e   Data           1  application.o(.data)
    instance_anchaddr                        0x200000dc   Data           4  main.o(.data)
    dr_mode                                  0x200000e0   Data           4  main.o(.data)
    instance_mode                            0x200000e4   Data           4  main.o(.data)
    instance_TxSpeed                         0x200000e8   Data           4  main.o(.data)
    inst_idist                               0x20000140   Data           8  instance.o(.data)
    inst_adist                               0x20000148   Data           8  instance.o(.data)
    inst_ldist                               0x20000150   Data           8  instance.o(.data)
    inst_m_idist                             0x20000158   Data           8  instance.o(.data)
    LastPollTick                             0x20000160   Data           4  instance.o(.data)
    CurPollTick                              0x20000164   Data           4  instance.o(.data)
    RngInitTick                              0x20000168   Data           4  instance.o(.data)
    LastrevfinalTick                         0x2000016c   Data           4  instance.o(.data)
    LastRsepTick                             0x20000170   Data           4  instance.o(.data)
    delayedReplyTime                         0x20000178   Data           8  instance.o(.data)
    tx_antennaDelay                          0x20000180   Data           2  instance.o(.data)
    toftimesum                               0x20000184   Data           4  instance.o(.data)
    isnewblinkon                             0x20000188   Data           1  instance.o(.data)
    slotfirstinpoll                          0x20000189   Data           1  instance.o(.data)
    pre_event                                0x2000018c   Data           4  instance.o(.data)
    sleeptime                                0x20000190   Data           4  instance.o(.data)
    is_in_blink                              0x20000194   Data           1  instance.o(.data)
    test_tof_an_addr                         0x20000196   Data           2  instance.o(.data)
    rx_time                                  0x20000198   Data           4  instance.o(.data)
    helpreportoff                            0x2000019c   Data           1  instance.o(.data)
    new_2blink_tick                          0x2000019d   Data           1  instance.o(.data)
    pre_distance                             0x200001a0   Data           4  instance.o(.data)
    pre_seqnum                               0x200001a4   Data           2  instance.o(.data)
    card_last_dist_msgtype                   0x200001a6   Data           1  instance.o(.data)
    pre_dist_right                           0x200001a7   Data           1  instance.o(.data)
    card_inblink_slot                        0x200001a9   Data           1  instance.o(.data)
    inblink_status                           0x200001aa   Data           1  instance.o(.data)
    inblink_uptime                           0x200001ac   Data           2  instance.o(.data)
    Station_Power                            0x200001b0   Data           4  instance.o(.data)
    u8seqnum                                 0x200001b4   Data           1  instance.o(.data)
    sub_alarmmsg                             0x200001b6   Data           4  instance.o(.data)
    new_inblinkmsg                           0x200001ba   Data           6  instance.o(.data)
    rev_retreat_ack                          0x200001c0   Data           1  instance.o(.data)
    u8TdoaCardSendCount                      0x200001c1   Data           1  instance.o(.data)
    u16TdoaQuickCardSendCount                0x200001c2   Data           2  instance.o(.data)
    sta_samecount                            0x200001c4   Data           4  instance.o(.data)
    u16HdlTxFrameCnt                         0x20000208   Data           2  instancetdoa.o(.data)
    gstChConfig                              0x2000020a   Data          63  instancetdoa.o(.data)
    max_tie                                  0x20000290   Data           8  dotie.o(.data)
    bInvalid                                 0x2000029c   Data           1  mma8452q.o(.data)
    SystemCoreClock                          0x200002b8   Data           4  system_stm32l1xx.o(.data)
    PLLMulTable                              0x200002bc   Data           9  system_stm32l1xx.o(.data)
    AHBPrescTable                            0x200002c5   Data          16  system_stm32l1xx.o(.data)
    reg                                      0x200002d8   Data           4  deca_device.o(.data)
    u8Port_G                                 0x200002dc   Data           1  printf_util.o(.data)
    u8BaudRate_G                             0x200002dd   Data           1  printf_util.o(.data)
    vPutChar                                 0x200002e0   Data           4  printf_util.o(.data)
    __stdout                                 0x200002e8   Data           4  stdout.o(.data)
    gTdoaSendPack                            0x200002f0   Data        1404  application.o(.bss)
    tsVersionReport                          0x2000086c   Data          80  application.o(.bss)
    distlist                                 0x200008bc   Data         640  application.o(.bss)
    u32CommonBuf                             0x20000b3c   Data         512  application.o(.bss)
    u8UartSendBuf                            0x20000d3c   Data         300  application.o(.bss)
    CardType_5s                              0x20000e68   Data          62  application.o(.bss)
    CardType_1s                              0x20000ea6   Data          62  application.o(.bss)
    instance_data                            0x20001068   Data         728  instance.o(.bss)
    my_slotlist                              0x20001340   Data        4160  instance.o(.bss)
    my_alarmlist                             0x20002380   Data         102  instance.o(.bss)
    my_cardslotmsg                           0x200023e8   Data          20  instance.o(.bss)
    my_staslotmsg                            0x200023fc   Data          20  instance.o(.bss)
    gstTofInstCardDate                       0x20002410   Data          16  instance.o(.bss)
    gstTdoaInstData                          0x20002420   Data         304  instancetdoa.o(.bss)
    gstTdoaCardMsg                           0x20002550   Data          16  instancetdoa.o(.bss)
    gstTdoaMsgArray                          0x20002560   Data        2960  instancetdoa.o(.bss)
    avgTie                                   0x200030f0   Data         160  dotie.o(.bss)
    standardID                               0x20003190   Data          20  dotie.o(.bss)
    UartHdl                                  0x200031a4   Data         272  stm32l1xx_usart.o(.bss)
    __initial_sp                             0x20005330   Data           0  startup_stm32l1xx_md.o(STACK)



==============================================================================

Memory Map of the image

  Image Entry point : 0x080000f5

  Load Region LR_IROM1 (Base: 0x08000000, Size: 0x00011750, Max: 0x00020000, ABSOLUTE, COMPRESSED[0x000114dc])

    Execution Region ER_IROM1 (Base: 0x08000000, Size: 0x00011460, Max: 0x00020000, ABSOLUTE)

    Base Addr    Size         Type   Attr      Idx    E Section Name        Object

    0x08000000   0x000000f4   Data   RO          735    RESET               startup_stm32l1xx_md.o
    0x080000f4   0x00000000   Code   RO         1834  * .ARM.Collect$$$$00000000  mc_w.l(entry.o)
    0x080000f4   0x00000004   Code   RO         2170    .ARM.Collect$$$$00000001  mc_w.l(entry2.o)
    0x080000f8   0x00000004   Code   RO         2173    .ARM.Collect$$$$00000004  mc_w.l(entry5.o)
    0x080000fc   0x00000000   Code   RO         2175    .ARM.Collect$$$$00000008  mc_w.l(entry7b.o)
    0x080000fc   0x00000000   Code   RO         2177    .ARM.Collect$$$$0000000A  mc_w.l(entry8b.o)
    0x080000fc   0x00000008   Code   RO         2178    .ARM.Collect$$$$0000000B  mc_w.l(entry9a.o)
    0x08000104   0x00000000   Code   RO         2180    .ARM.Collect$$$$0000000D  mc_w.l(entry10a.o)
    0x08000104   0x00000000   Code   RO         2182    .ARM.Collect$$$$0000000F  mc_w.l(entry11a.o)
    0x08000104   0x00000004   Code   RO         2171    .ARM.Collect$$$$00002712  mc_w.l(entry2.o)
    0x08000108   0x0000000e   Code   RO          926    .emb_text           mcu.o
    0x08000116   0x00000002   PAD
    0x08000118   0x00001f14   Code   RO            3    .text               application.o
    0x0800202c   0x00000184   Code   RO          293    .text               main.o
    0x080021b0   0x00000354   Code   RO          378    .text               timer_event.o
    0x08002504   0x00005094   Code   RO          427    .text               instance.o
    0x08007598   0x000001b8   Code   RO          468    .text               deca_spi.o
    0x08007750   0x00000150   Code   RO          562    .text               port.o
    0x080078a0   0x0000008c   Code   RO          582    .text               unistd.o
    0x0800792c   0x000001a0   Code   RO          602    .text               as3933.o
    0x08007acc   0x00000de4   Code   RO          665    .text               instancetdoa.o
    0x080088b0   0x0000075c   Code   RO          699    .text               dotie.o
    0x0800900c   0x00000018   Code   RO          736    .text               startup_stm32l1xx_md.o
    0x08009024   0x00000178   Code   RO          742    .text               adc.o
    0x0800919c   0x000000c0   Code   RO          782    .text               beeper.o
    0x0800925c   0x00000140   Code   RO          802    .text               board.o
    0x0800939c   0x00000088   Code   RO          828    .text               button.o
    0x08009424   0x000000ec   Code   RO          871    .text               com_config.o
    0x08009510   0x00000180   Code   RO          903    .text               led.o
    0x08009690   0x000003bc   Code   RO          927    .text               mcu.o
    0x08009a4c   0x00000054   Code   RO          963    .text               motor.o
    0x08009aa0   0x000001b4   Code   RO          983    .text               spi_nano.o
    0x08009c54   0x000001fc   Code   RO         1003    .text               mma8452q.o
    0x08009e50   0x00000358   Code   RO         1026    .text               hal_io_i2c.o
    0x0800a1a8   0x00000178   Code   RO         1046    .text               sleep.o
    0x0800a320   0x000000e0   Code   RO         1067    .text               misc.o
    0x0800a400   0x00000534   Code   RO         1087    .text               stm32l1xx_adc.o
    0x0800a934   0x0000010c   Code   RO         1247    .text               stm32l1xx_exti.o
    0x0800aa40   0x00000954   Code   RO         1267    .text               stm32l1xx_flash.o
    0x0800b394   0x0000023c   Code   RO         1327    .text               stm32l1xx_gpio.o
    0x0800b5d0   0x00000040   Code   RO         1367    .text               stm32l1xx_iwdg.o
    0x0800b610   0x00000198   Code   RO         1387    .text               stm32l1xx_lcd.o
    0x0800b7a8   0x00000158   Code   RO         1427    .text               stm32l1xx_pwr.o
    0x0800b900   0x00000490   Code   RO         1447    .text               stm32l1xx_rcc.o
    0x0800bd90   0x00000d40   Code   RO         1469    .text               stm32l1xx_rtc.o
    0x0800cad0   0x000002fc   Code   RO         1509    .text               stm32l1xx_spi.o
    0x0800cdcc   0x000002e8   Code   RO         1529    .text               stm32l1xx_syscfg.o
    0x0800d0b4   0x00000a0c   Code   RO         1549    .text               stm32l1xx_tim.o
    0x0800dac0   0x000005d4   Code   RO         1569    .text               stm32l1xx_usart.o
    0x0800e094   0x00000124   Code   RO         1636    .text               deca_range_tables.o
    0x0800e1b8   0x0000190a   Code   RO         1666    .text               deca_device.o
    0x0800fac2   0x00000002   PAD
    0x0800fac4   0x000001f0   Code   RO         1787    .text               printf_util.o
    0x0800fcb4   0x00000038   Code   RO         1812    .text               crc.o
    0x0800fcec   0x00000062   Code   RO         1837    .text               mc_w.l(uldiv.o)
    0x0800fd4e   0x00000002   PAD
    0x0800fd50   0x00000024   Code   RO         1839    .text               mc_w.l(rand.o)
    0x0800fd74   0x00000024   Code   RO         1842    .text               mc_w.l(memcpya.o)
    0x0800fd98   0x00000024   Code   RO         1844    .text               mc_w.l(memseta.o)
    0x0800fdbc   0x00000064   Code   RO         2108    .text               mf_w.l(fmul.o)
    0x0800fe20   0x0000007c   Code   RO         2110    .text               mf_w.l(fdiv.o)
    0x0800fe9c   0x0000014e   Code   RO         2112    .text               mf_w.l(dadd.o)
    0x0800ffea   0x000000e4   Code   RO         2114    .text               mf_w.l(dmul.o)
    0x080100ce   0x000000de   Code   RO         2116    .text               mf_w.l(ddiv.o)
    0x080101ac   0x00000012   Code   RO         2118    .text               mf_w.l(fflti.o)
    0x080101be   0x0000000a   Code   RO         2120    .text               mf_w.l(ffltui.o)
    0x080101c8   0x00000022   Code   RO         2122    .text               mf_w.l(dflti.o)
    0x080101ea   0x0000001a   Code   RO         2124    .text               mf_w.l(dfltui.o)
    0x08010204   0x00000028   Code   RO         2126    .text               mf_w.l(dfltl.o)
    0x0801022c   0x00000018   Code   RO         2128    .text               mf_w.l(dfltul.o)
    0x08010244   0x00000028   Code   RO         2130    .text               mf_w.l(ffixui.o)
    0x0801026c   0x0000003e   Code   RO         2132    .text               mf_w.l(dfixi.o)
    0x080102aa   0x00000032   Code   RO         2134    .text               mf_w.l(dfixui.o)
    0x080102dc   0x00000030   Code   RO         2136    .text               mf_w.l(dfixul.o)
    0x0801030c   0x00000026   Code   RO         2138    .text               mf_w.l(f2d.o)
    0x08010332   0x00000002   PAD
    0x08010334   0x00000030   Code   RO         2140    .text               mf_w.l(cdcmple.o)
    0x08010364   0x00000030   Code   RO         2142    .text               mf_w.l(cdrcmple.o)
    0x08010394   0x00000038   Code   RO         2144    .text               mf_w.l(d2f.o)
    0x080103cc   0x0000001e   Code   RO         2187    .text               mc_w.l(llshl.o)
    0x080103ea   0x00000020   Code   RO         2189    .text               mc_w.l(llushr.o)
    0x0801040a   0x00000024   Code   RO         2191    .text               mc_w.l(llsshr.o)
    0x0801042e   0x00000000   Code   RO         2200    .text               mc_w.l(iusefp.o)
    0x0801042e   0x0000006e   Code   RO         2201    .text               mf_w.l(fepilogue.o)
    0x0801049c   0x000000ba   Code   RO         2203    .text               mf_w.l(depilogue.o)
    0x08010556   0x0000002e   Code   RO         2205    .text               mf_w.l(dscalb.o)
    0x08010584   0x00000024   Code   RO         2210    .text               mc_w.l(init.o)
    0x080105a8   0x00000056   Code   RO         2220    .text               mc_w.l(__dczerorl2.o)
    0x080105fe   0x00000002   PAD
    0x08010600   0x00000010   Code   RO         1849    i.__0printf$bare    mc_w.l(printfb.o)
    0x08010610   0x000000aa   Code   RO         2207    i.__kernel_poly     m_ws.l(poly.o)
    0x080106ba   0x00000002   PAD
    0x080106bc   0x00000010   Code   RO         2146    i.__mathlib_dbl_divzero  m_ws.l(dunder.o)
    0x080106cc   0x00000006   Code   RO         2147    i.__mathlib_dbl_infnan  m_ws.l(dunder.o)
    0x080106d2   0x0000000c   Code   RO         2149    i.__mathlib_dbl_invalid  m_ws.l(dunder.o)
    0x080106de   0x0000000e   Code   RO         2214    i.__scatterload_copy  mc_w.l(handlers.o)
    0x080106ec   0x00000002   Code   RO         2215    i.__scatterload_null  mc_w.l(handlers.o)
    0x080106ee   0x0000000e   Code   RO         2216    i.__scatterload_zeroinit  mc_w.l(handlers.o)
    0x080106fc   0x0000000c   Code   RO         2195    i.__set_errno       mc_w.l(errno.o)
    0x08010708   0x00000022   Code   RO         1856    i._printf_core      mc_w.l(printfb.o)
    0x0801072a   0x00000002   PAD
    0x0801072c   0x0000035c   Code   RO         2161    i.log               m_ws.l(log.o)
    0x08010a88   0x000000e4   Code   RO         1827    i.log10             m_ws.l(log10.o)
    0x08010b6c   0x00000064   Data   RO          429    .constdata          instance.o
    0x08010bd0   0x00000064   Data   RO          667    .constdata          instancetdoa.o
    0x08010c34   0x0000020a   Data   RO         1637    .constdata          deca_range_tables.o
    0x08010e3e   0x00000002   PAD
    0x08010e40   0x000000b2   Data   RO         1773    .constdata          deca_params_init.o
    0x08010ef2   0x00000200   Data   RO         1813    .constdata          crc.o
    0x080110f2   0x00000006   PAD
    0x080110f8   0x00000038   Data   RO         2162    .constdata          m_ws.l(log.o)
    0x08011130   0x00000008   Data   RO         2209    .constdata          m_ws.l(qnan.o)
    0x08011138   0x000000d6   Data   RO            5    .conststring        application.o
    0x0801120e   0x00000002   PAD
    0x08011210   0x0000010f   Data   RO          430    .conststring        instance.o
    0x0801131f   0x00000001   PAD
    0x08011320   0x0000008d   Data   RO          668    .conststring        instancetdoa.o
    0x080113ad   0x00000003   PAD
    0x080113b0   0x00000042   Data   RO          701    .conststring        dotie.o
    0x080113f2   0x00000002   PAD
    0x080113f4   0x0000004b   Data   RO         1668    .conststring        deca_device.o
    0x0801143f   0x00000001   PAD
    0x08011440   0x00000020   Data   RO         2212    Region$$Table       anon$$obj.o


    Execution Region RW_IRAM1 (Base: 0x20000000, Size: 0x00005330, Max: 0x00008000, ABSOLUTE, COMPRESSED[0x0000007c])

    Base Addr    Size         Type   Attr      Idx    E Section Name        Object

    0x20000000   0x0000009a   Data   RW            6    .data               application.o
    0x2000009a   0x00000002   PAD
    0x2000009c   0x00000050   Data   RW          294    .data               main.o
    0x200000ec   0x0000000d   Data   RW          380    .data               timer_event.o
    0x200000f9   0x00000007   PAD
    0x20000100   0x000000c8   Data   RW          431    .data               instance.o
    0x200001c8   0x00000081   Data   RW          669    .data               instancetdoa.o
    0x20000249   0x00000007   PAD
    0x20000250   0x00000048   Data   RW          702    .data               dotie.o
    0x20000298   0x00000004   Data   RW          928    .data               mcu.o
    0x2000029c   0x00000001   Data   RW         1004    .data               mma8452q.o
    0x2000029d   0x00000019   Data   RW         1448    .data               stm32l1xx_rcc.o
    0x200002b6   0x00000002   PAD
    0x200002b8   0x0000001d   Data   RW         1613    .data               system_stm32l1xx.o
    0x200002d5   0x00000003   PAD
    0x200002d8   0x00000004   Data   RW         1669    .data               deca_device.o
    0x200002dc   0x00000008   Data   RW         1789    .data               printf_util.o
    0x200002e4   0x00000004   Data   RW         1840    .data               mc_w.l(rand.o)
    0x200002e8   0x00000004   Data   RW         2184    .data               mc_w.l(stdout.o)
    0x200002ec   0x00000004   Data   RW         2196    .data               mc_w.l(errno.o)
    0x200002f0   0x00000bf4   Zero   RW            4    .bss                application.o
    0x20000ee4   0x00000180   Zero   RW          379    .bss                timer_event.o
    0x20001064   0x00000004   PAD
    0x20001068   0x000013b8   Zero   RW          428    .bss                instance.o
    0x20002420   0x00000cd0   Zero   RW          666    .bss                instancetdoa.o
    0x200030f0   0x000000b4   Zero   RW          700    .bss                dotie.o
    0x200031a4   0x00000110   Zero   RW         1570    .bss                stm32l1xx_usart.o
    0x200032b4   0x00000078   Zero   RW         1667    .bss                deca_device.o
    0x2000332c   0x00000004   PAD
    0x20003330   0x00002000   Zero   RW          733    STACK               startup_stm32l1xx_md.o


==============================================================================

Image component sizes


      Code (inc. data)   RO Data    RW Data    ZI Data      Debug   Object Name

       376         20          0          0          0       1388   adc.o
      7956       1088        214        154       3060     355878   application.o
       416         12          0          0          0       2380   as3933.o
       192         10          0          0          0        930   beeper.o
       320          4          0          0          0       1546   board.o
       136          6          0          0          0        811   button.o
       236          8          0          0          0        963   com_config.o
        56          8        512          0          0       1376   crc.o
      6410        140         75          4        120     226721   deca_device.o
         0          0        178          0          0       1936   deca_params_init.o
       292         38        522          0          0       5287   deca_range_tables.o
       440         18          0          0          0     192081   deca_spi.o
      1884         26         66         72        180      18156   dotie.o
       856          6          0          0          0       3866   hal_io_i2c.o
     20628       1552        371        200       5048      81363   instance.o
      3556        732        241        129       3280      26068   instancetdoa.o
       384         14          0          0          0       1326   led.o
         0          0          0          0          0       1228   mac_msg.o
       388         78          0         80          0      35323   main.o
       970         34          0          4          0      29334   mcu.o
       224         20          0          0          0       2073   misc.o
       508          4          0          1          0       1977   mma8452q.o
        84          4          0          0          0        781   motor.o
       336         12          0          0          0       1331   port.o
       496         18          0          8          0       3322   printf_util.o
       376         14          0          0          0       2317   sleep.o
       436         24          0          0          0       1149   spi_nano.o
        24          2        244          0       8192        972   startup_stm32l1xx_md.o
      1332         20          0          0          0      10922   stm32l1xx_adc.o
       268          4          0          0          0       2475   stm32l1xx_exti.o
      2388         46          0          0          0      11981   stm32l1xx_flash.o
       572         32          0          0          0       4145   stm32l1xx_gpio.o
        64          6          0          0          0       1385   stm32l1xx_iwdg.o
       408         12          0          0          0       4713   stm32l1xx_lcd.o
       344         14          0          0          0       4252   stm32l1xx_pwr.o
      1168         40          0         25          0       9765   stm32l1xx_rcc.o
      3392         46          0          0          0      14739   stm32l1xx_rtc.o
       764         12          0          0          0       6202   stm32l1xx_spi.o
       744          8          0          0          0       3384   stm32l1xx_syscfg.o
      2572         32          0          0          0      20240   stm32l1xx_tim.o
      1492         44          0          0        272       9358   stm32l1xx_usart.o
         0          0          0         29          0       1004   system_stm32l1xx.o
       852         20          0         13        384       4715   timer_event.o
       140          6          0          0          0       1229   unistd.o

    ----------------------------------------------------------------------
     64484       4234       2472        740      20544    1112392   Object Totals
         0          0         32          0          0          0   (incl. Generated)
         4          0         17         21          8          0   (incl. Padding)

    ----------------------------------------------------------------------

      Code (inc. data)   RO Data    RW Data    ZI Data      Debug   Library Member Name

        34          4          0          0          0        204   dunder.o
       860         52         56          0          0        256   log.o
       228         30          0          0          0        120   log10.o
       170          0          0          0          0         96   poly.o
         0          0          8          0          0          0   qnan.o
        86          0          0          0          0          0   __dczerorl2.o
         0          0          0          0          0          0   entry.o
         0          0          0          0          0          0   entry10a.o
         0          0          0          0          0          0   entry11a.o
         8          4          0          0          0          0   entry2.o
         4          0          0          0          0          0   entry5.o
         0          0          0          0          0          0   entry7b.o
         0          0          0          0          0          0   entry8b.o
         8          4          0          0          0          0   entry9a.o
        12          6          0          4          0         68   errno.o
        30          0          0          0          0          0   handlers.o
        36          8          0          0          0         68   init.o
         0          0          0          0          0          0   iusefp.o
        30          0          0          0          0         68   llshl.o
        36          0          0          0          0         68   llsshr.o
        32          0          0          0          0         68   llushr.o
        36          0          0          0          0         68   memcpya.o
        36          0          0          0          0        108   memseta.o
        50          8          0          0          0        152   printfb.o
        36         10          0          4          0        136   rand.o
         0          0          0          4          0          0   stdout.o
        98          0          0          0          0         92   uldiv.o
        48          0          0          0          0         68   cdcmple.o
        48          0          0          0          0         68   cdrcmple.o
        56          0          0          0          0         88   d2f.o
       334          0          0          0          0        148   dadd.o
       222          0          0          0          0        100   ddiv.o
       186          0          0          0          0        176   depilogue.o
        62          0          0          0          0         80   dfixi.o
        50          0          0          0          0         76   dfixui.o
        48          0          0          0          0         68   dfixul.o
        34          0          0          0          0         76   dflti.o
        40          0          0          0          0         80   dfltl.o
        26          0          0          0          0         76   dfltui.o
        24          0          0          0          0         76   dfltul.o
       228          0          0          0          0         96   dmul.o
        46          0          0          0          0         80   dscalb.o
        38          0          0          0          0         68   f2d.o
       124          0          0          0          0         88   fdiv.o
       110          0          0          0          0        168   fepilogue.o
        40          0          0          0          0         68   ffixui.o
        18          0          0          0          0         68   fflti.o
        10          0          0          0          0         68   ffltui.o
       100          0          0          0          0         76   fmul.o

    ----------------------------------------------------------------------
      3732        126         64         12          0       3532   Library Totals
        10          0          0          0          0          0   (incl. Padding)

    ----------------------------------------------------------------------

      Code (inc. data)   RO Data    RW Data    ZI Data      Debug   Library Name

      1292         86         64          0          0        676   m_ws.l
       538         40          0         12          0        896   mc_w.l
      1892          0          0          0          0       1960   mf_w.l

    ----------------------------------------------------------------------
      3732        126         64         12          0       3532   Library Totals

    ----------------------------------------------------------------------

==============================================================================


      Code (inc. data)   RO Data    RW Data    ZI Data      Debug   

     68216       4360       2536        752      20544    1109864   Grand Totals
     68216       4360       2536        124      20544    1109864   ELF Image Totals (compressed)
     68216       4360       2536        124          0          0   ROM Totals

==============================================================================

    Total RO  Size (Code + RO Data)                70752 (  69.09kB)
    Total RW  Size (RW Data + ZI Data)             21296 (  20.80kB)
    Total ROM Size (Code + RO Data + RW Data)      70876 (  69.21kB)

==============================================================================

