<!doctype html public "-//w3c//dtd html 4.0 transitional//en">
<html><head>
<title>Static Call Graph - [.\build\coalwashery.axf]</title></head>
<body><HR>
<H1>Static Call Graph for image .\build\coalwashery.axf</H1><HR>
<BR><P>#&#060CALLGRAPH&#062# ARM Linker, 5050106: Last Updated: Fri Oct 12 17:17:04 2018
<BR><P>
<H3>Maximum Stack Usage =        816 bytes + Unknown(Cycles, Untraceable Function Pointers)</H3><H3>
Call chain for Maximum Stack Depth:</H3>
main &rArr; Application &rArr; AppEventsProcess &rArr; TdoaSendCardReportToUart &rArr; TdoaBsmacBuildPacket &rArr; TdoaWriteDataToStm32 &rArr; PrintfUtil_vPrintf &rArr; vNum2String
<P>
<H3>
Mutually Recursive functions
</H3> <LI><a href="#[1]">NMI_Handler</a>&nbsp;&nbsp;&nbsp;&rArr;&nbsp;&nbsp;&nbsp;<a href="#[1]">NMI_Handler</a><BR>
 <LI><a href="#[2]">HardFault_Handler</a>&nbsp;&nbsp;&nbsp;&rArr;&nbsp;&nbsp;&nbsp;<a href="#[2]">HardFault_Handler</a><BR>
 <LI><a href="#[3]">MemManage_Handler</a>&nbsp;&nbsp;&nbsp;&rArr;&nbsp;&nbsp;&nbsp;<a href="#[3]">MemManage_Handler</a><BR>
 <LI><a href="#[4]">BusFault_Handler</a>&nbsp;&nbsp;&nbsp;&rArr;&nbsp;&nbsp;&nbsp;<a href="#[4]">BusFault_Handler</a><BR>
 <LI><a href="#[5]">UsageFault_Handler</a>&nbsp;&nbsp;&nbsp;&rArr;&nbsp;&nbsp;&nbsp;<a href="#[5]">UsageFault_Handler</a><BR>
 <LI><a href="#[6]">SVC_Handler</a>&nbsp;&nbsp;&nbsp;&rArr;&nbsp;&nbsp;&nbsp;<a href="#[6]">SVC_Handler</a><BR>
 <LI><a href="#[7]">DebugMon_Handler</a>&nbsp;&nbsp;&nbsp;&rArr;&nbsp;&nbsp;&nbsp;<a href="#[7]">DebugMon_Handler</a><BR>
 <LI><a href="#[8]">PendSV_Handler</a>&nbsp;&nbsp;&nbsp;&rArr;&nbsp;&nbsp;&nbsp;<a href="#[8]">PendSV_Handler</a><BR>
 <LI><a href="#[1c]">ADC1_IRQHandler</a>&nbsp;&nbsp;&nbsp;&rArr;&nbsp;&nbsp;&nbsp;<a href="#[1c]">ADC1_IRQHandler</a><BR>
</UL>
<P>
<H3>
Function Pointers
</H3><UL>
 <LI><a href="#[1c]">ADC1_IRQHandler</a> from startup_stm32l1xx_md.o(.text) referenced from startup_stm32l1xx_md.o(RESET)
 <LI><a href="#[4]">BusFault_Handler</a> from startup_stm32l1xx_md.o(.text) referenced from startup_stm32l1xx_md.o(RESET)
 <LI><a href="#[20]">COMP_IRQHandler</a> from startup_stm32l1xx_md.o(.text) referenced from startup_stm32l1xx_md.o(RESET)
 <LI><a href="#[1f]">DAC_IRQHandler</a> from startup_stm32l1xx_md.o(.text) referenced from startup_stm32l1xx_md.o(RESET)
 <LI><a href="#[15]">DMA1_Channel1_IRQHandler</a> from startup_stm32l1xx_md.o(.text) referenced from startup_stm32l1xx_md.o(RESET)
 <LI><a href="#[16]">DMA1_Channel2_IRQHandler</a> from startup_stm32l1xx_md.o(.text) referenced from startup_stm32l1xx_md.o(RESET)
 <LI><a href="#[17]">DMA1_Channel3_IRQHandler</a> from startup_stm32l1xx_md.o(.text) referenced from startup_stm32l1xx_md.o(RESET)
 <LI><a href="#[18]">DMA1_Channel4_IRQHandler</a> from startup_stm32l1xx_md.o(.text) referenced from startup_stm32l1xx_md.o(RESET)
 <LI><a href="#[19]">DMA1_Channel5_IRQHandler</a> from startup_stm32l1xx_md.o(.text) referenced from startup_stm32l1xx_md.o(RESET)
 <LI><a href="#[1a]">DMA1_Channel6_IRQHandler</a> from startup_stm32l1xx_md.o(.text) referenced from startup_stm32l1xx_md.o(RESET)
 <LI><a href="#[1b]">DMA1_Channel7_IRQHandler</a> from startup_stm32l1xx_md.o(.text) referenced from startup_stm32l1xx_md.o(RESET)
 <LI><a href="#[7]">DebugMon_Handler</a> from startup_stm32l1xx_md.o(.text) referenced from startup_stm32l1xx_md.o(RESET)
 <LI><a href="#[10]">EXTI0_IRQHandler</a> from mcu.o(.text) referenced from startup_stm32l1xx_md.o(RESET)
 <LI><a href="#[32]">EXTI15_10_IRQHandler</a> from startup_stm32l1xx_md.o(.text) referenced from startup_stm32l1xx_md.o(RESET)
 <LI><a href="#[11]">EXTI1_IRQHandler</a> from mcu.o(.text) referenced from startup_stm32l1xx_md.o(RESET)
 <LI><a href="#[12]">EXTI2_IRQHandler</a> from startup_stm32l1xx_md.o(.text) referenced from startup_stm32l1xx_md.o(RESET)
 <LI><a href="#[13]">EXTI3_IRQHandler</a> from mcu.o(.text) referenced from startup_stm32l1xx_md.o(RESET)
 <LI><a href="#[14]">EXTI4_IRQHandler</a> from startup_stm32l1xx_md.o(.text) referenced from startup_stm32l1xx_md.o(RESET)
 <LI><a href="#[21]">EXTI9_5_IRQHandler</a> from mcu.o(.text) referenced from startup_stm32l1xx_md.o(RESET)
 <LI><a href="#[e]">FLASH_IRQHandler</a> from startup_stm32l1xx_md.o(.text) referenced from startup_stm32l1xx_md.o(RESET)
 <LI><a href="#[2]">HardFault_Handler</a> from startup_stm32l1xx_md.o(.text) referenced from startup_stm32l1xx_md.o(RESET)
 <LI><a href="#[2a]">I2C1_ER_IRQHandler</a> from startup_stm32l1xx_md.o(.text) referenced from startup_stm32l1xx_md.o(RESET)
 <LI><a href="#[29]">I2C1_EV_IRQHandler</a> from startup_stm32l1xx_md.o(.text) referenced from startup_stm32l1xx_md.o(RESET)
 <LI><a href="#[2c]">I2C2_ER_IRQHandler</a> from startup_stm32l1xx_md.o(.text) referenced from startup_stm32l1xx_md.o(RESET)
 <LI><a href="#[2b]">I2C2_EV_IRQHandler</a> from startup_stm32l1xx_md.o(.text) referenced from startup_stm32l1xx_md.o(RESET)
 <LI><a href="#[22]">LCD_IRQHandler</a> from startup_stm32l1xx_md.o(.text) referenced from startup_stm32l1xx_md.o(RESET)
 <LI><a href="#[3]">MemManage_Handler</a> from startup_stm32l1xx_md.o(.text) referenced from startup_stm32l1xx_md.o(RESET)
 <LI><a href="#[1]">NMI_Handler</a> from startup_stm32l1xx_md.o(.text) referenced from startup_stm32l1xx_md.o(RESET)
 <LI><a href="#[b]">PVD_IRQHandler</a> from startup_stm32l1xx_md.o(.text) referenced from startup_stm32l1xx_md.o(RESET)
 <LI><a href="#[8]">PendSV_Handler</a> from startup_stm32l1xx_md.o(.text) referenced from startup_stm32l1xx_md.o(RESET)
 <LI><a href="#[f]">RCC_IRQHandler</a> from startup_stm32l1xx_md.o(.text) referenced from startup_stm32l1xx_md.o(RESET)
 <LI><a href="#[33]">RTC_Alarm_IRQHandler</a> from startup_stm32l1xx_md.o(.text) referenced from startup_stm32l1xx_md.o(RESET)
 <LI><a href="#[d]">RTC_WKUP_IRQHandler</a> from sleep.o(.text) referenced from startup_stm32l1xx_md.o(RESET)
 <LI><a href="#[0]">Reset_Handler</a> from startup_stm32l1xx_md.o(.text) referenced from startup_stm32l1xx_md.o(RESET)
 <LI><a href="#[2d]">SPI1_IRQHandler</a> from startup_stm32l1xx_md.o(.text) referenced from startup_stm32l1xx_md.o(RESET)
 <LI><a href="#[2e]">SPI2_IRQHandler</a> from startup_stm32l1xx_md.o(.text) referenced from startup_stm32l1xx_md.o(RESET)
 <LI><a href="#[6]">SVC_Handler</a> from startup_stm32l1xx_md.o(.text) referenced from startup_stm32l1xx_md.o(RESET)
 <LI><a href="#[9]">SysTick_Handler</a> from mcu.o(.text) referenced from startup_stm32l1xx_md.o(RESET)
 <LI><a href="#[c]">TAMPER_STAMP_IRQHandler</a> from startup_stm32l1xx_md.o(.text) referenced from startup_stm32l1xx_md.o(RESET)
 <LI><a href="#[170]">TDOARxGoodCallback</a> from instancetdoa.o(.text) referenced from instancetdoa.o(.text)
 <LI><a href="#[17d]">TDOATxCallback</a> from instancetdoa.o(.text) referenced from instancetdoa.o(.text)
 <LI><a href="#[24]">TIM10_IRQHandler</a> from startup_stm32l1xx_md.o(.text) referenced from startup_stm32l1xx_md.o(RESET)
 <LI><a href="#[25]">TIM11_IRQHandler</a> from startup_stm32l1xx_md.o(.text) referenced from startup_stm32l1xx_md.o(RESET)
 <LI><a href="#[26]">TIM2_IRQHandler</a> from startup_stm32l1xx_md.o(.text) referenced from startup_stm32l1xx_md.o(RESET)
 <LI><a href="#[27]">TIM3_IRQHandler</a> from startup_stm32l1xx_md.o(.text) referenced from startup_stm32l1xx_md.o(RESET)
 <LI><a href="#[28]">TIM4_IRQHandler</a> from startup_stm32l1xx_md.o(.text) referenced from startup_stm32l1xx_md.o(RESET)
 <LI><a href="#[35]">TIM6_IRQHandler</a> from startup_stm32l1xx_md.o(.text) referenced from startup_stm32l1xx_md.o(RESET)
 <LI><a href="#[36]">TIM7_IRQHandler</a> from startup_stm32l1xx_md.o(.text) referenced from startup_stm32l1xx_md.o(RESET)
 <LI><a href="#[23]">TIM9_IRQHandler</a> from startup_stm32l1xx_md.o(.text) referenced from startup_stm32l1xx_md.o(RESET)
 <LI><a href="#[2f]">USART1_IRQHandler</a> from stm32l1xx_usart.o(.text) referenced from startup_stm32l1xx_md.o(RESET)
 <LI><a href="#[30]">USART2_IRQHandler</a> from startup_stm32l1xx_md.o(.text) referenced from startup_stm32l1xx_md.o(RESET)
 <LI><a href="#[31]">USART3_IRQHandler</a> from startup_stm32l1xx_md.o(.text) referenced from startup_stm32l1xx_md.o(RESET)
 <LI><a href="#[34]">USB_FS_WKUP_IRQHandler</a> from startup_stm32l1xx_md.o(.text) referenced from startup_stm32l1xx_md.o(RESET)
 <LI><a href="#[1d]">USB_HP_IRQHandler</a> from startup_stm32l1xx_md.o(.text) referenced from startup_stm32l1xx_md.o(RESET)
 <LI><a href="#[1e]">USB_LP_IRQHandler</a> from startup_stm32l1xx_md.o(.text) referenced from startup_stm32l1xx_md.o(RESET)
 <LI><a href="#[5]">UsageFault_Handler</a> from startup_stm32l1xx_md.o(.text) referenced from startup_stm32l1xx_md.o(RESET)
 <LI><a href="#[a]">WWDG_IRQHandler</a> from startup_stm32l1xx_md.o(.text) referenced from startup_stm32l1xx_md.o(RESET)
 <LI><a href="#[38]">fputc</a> from com_config.o(.text) referenced from printfb.o(i.__0printf$bare)
 <LI><a href="#[13b]">instance_rxcallback</a> from instance.o(.text) referenced 2 times from instance.o(.text)
 <LI><a href="#[13e]">instance_txcallback</a> from instance.o(.text) referenced 2 times from instance.o(.text)
 <LI><a href="#[37]">main</a> from main.o(.text) referenced from entry9a.o(.ARM.Collect$$$$0000000B)
 <LI><a href="#[262]">vPutC</a> from printf_util.o(.text) referenced from printf_util.o(.text)
</UL>
<P>
<H3>
Global Symbols
</H3>
<P><STRONG><a name="[39]"></a>__main</STRONG> (Thumb, 0 bytes, Stack size unknown bytes, entry.o(.ARM.Collect$$$$00000000))

<P><STRONG><a name="[27a]"></a>_main_stk</STRONG> (Thumb, 0 bytes, Stack size unknown bytes, entry2.o(.ARM.Collect$$$$00000001))

<P><STRONG><a name="[3a]"></a>_main_scatterload</STRONG> (Thumb, 0 bytes, Stack size unknown bytes, entry5.o(.ARM.Collect$$$$00000004))
<BR><BR>[Calls]<UL><LI><a href="#[3b]">&gt;&gt;</a>&nbsp;&nbsp;&nbsp;__scatterload
</UL>

<P><STRONG><a name="[26f]"></a>__main_after_scatterload</STRONG> (Thumb, 0 bytes, Stack size unknown bytes, entry5.o(.ARM.Collect$$$$00000004))
<BR><BR>[Called By]<UL><LI><a href="#[3b]">&gt;&gt;</a>&nbsp;&nbsp;&nbsp;__scatterload
</UL>

<P><STRONG><a name="[27b]"></a>_main_clock</STRONG> (Thumb, 0 bytes, Stack size unknown bytes, entry7b.o(.ARM.Collect$$$$00000008))

<P><STRONG><a name="[27c]"></a>_main_cpp_init</STRONG> (Thumb, 0 bytes, Stack size unknown bytes, entry8b.o(.ARM.Collect$$$$0000000A))

<P><STRONG><a name="[27d]"></a>_main_init</STRONG> (Thumb, 0 bytes, Stack size unknown bytes, entry9a.o(.ARM.Collect$$$$0000000B))

<P><STRONG><a name="[27e]"></a>__rt_final_cpp</STRONG> (Thumb, 0 bytes, Stack size unknown bytes, entry10a.o(.ARM.Collect$$$$0000000D))

<P><STRONG><a name="[27f]"></a>__rt_final_exit</STRONG> (Thumb, 0 bytes, Stack size unknown bytes, entry11a.o(.ARM.Collect$$$$0000000F))

<P><STRONG><a name="[d3]"></a>interrupt_disable</STRONG> (Thumb, 8 bytes, Stack size 0 bytes, mcu.o(.emb_text))
<BR><BR>[Called By]<UL><LI><a href="#[d2]">&gt;&gt;</a>&nbsp;&nbsp;&nbsp;event_timer_take
<LI><a href="#[cb]">&gt;&gt;</a>&nbsp;&nbsp;&nbsp;event_timer_update
<LI><a href="#[67]">&gt;&gt;</a>&nbsp;&nbsp;&nbsp;event_timer_unset
<LI><a href="#[a5]">&gt;&gt;</a>&nbsp;&nbsp;&nbsp;event_timer_take_all
<LI><a href="#[6e]">&gt;&gt;</a>&nbsp;&nbsp;&nbsp;event_timer_set
<LI><a href="#[68]">&gt;&gt;</a>&nbsp;&nbsp;&nbsp;event_timer_del
<LI><a href="#[c7]">&gt;&gt;</a>&nbsp;&nbsp;&nbsp;event_timer_add_reload
<LI><a href="#[43]">&gt;&gt;</a>&nbsp;&nbsp;&nbsp;event_timer_add
<LI><a href="#[1f6]">&gt;&gt;</a>&nbsp;&nbsp;&nbsp;system_powersave_wakeup
</UL>

<P><STRONG><a name="[d4]"></a>interrupt_enable</STRONG> (Thumb, 6 bytes, Stack size 0 bytes, mcu.o(.emb_text))
<BR><BR>[Called By]<UL><LI><a href="#[d2]">&gt;&gt;</a>&nbsp;&nbsp;&nbsp;event_timer_take
<LI><a href="#[cb]">&gt;&gt;</a>&nbsp;&nbsp;&nbsp;event_timer_update
<LI><a href="#[67]">&gt;&gt;</a>&nbsp;&nbsp;&nbsp;event_timer_unset
<LI><a href="#[a5]">&gt;&gt;</a>&nbsp;&nbsp;&nbsp;event_timer_take_all
<LI><a href="#[6e]">&gt;&gt;</a>&nbsp;&nbsp;&nbsp;event_timer_set
<LI><a href="#[68]">&gt;&gt;</a>&nbsp;&nbsp;&nbsp;event_timer_del
<LI><a href="#[c7]">&gt;&gt;</a>&nbsp;&nbsp;&nbsp;event_timer_add_reload
<LI><a href="#[43]">&gt;&gt;</a>&nbsp;&nbsp;&nbsp;event_timer_add
</UL>

<P><STRONG><a name="[3c]"></a>Write_Devtype</STRONG> (Thumb, 24 bytes, Stack size 8 bytes, application.o(.text), UNUSED)
<BR><BR>[Calls]<UL><LI><a href="#[3d]">&gt;&gt;</a>&nbsp;&nbsp;&nbsp;DATA_EEPROM_Unlock
<LI><a href="#[3f]">&gt;&gt;</a>&nbsp;&nbsp;&nbsp;DATA_EEPROM_Lock
<LI><a href="#[3e]">&gt;&gt;</a>&nbsp;&nbsp;&nbsp;DATA_EEPROM_EraseWord
</UL>
<BR>[Called By]<UL><LI><a href="#[75]">&gt;&gt;</a>&nbsp;&nbsp;&nbsp;vCheck_Devtype_change
</UL>

<P><STRONG><a name="[c9]"></a>instance_get_cardtype</STRONG> (Thumb, 36 bytes, Stack size 0 bytes, application.o(.text))
<BR><BR>[Called By]<UL><LI><a href="#[c4]">&gt;&gt;</a>&nbsp;&nbsp;&nbsp;Application
</UL>

<P><STRONG><a name="[42]"></a>AppSleepOff</STRONG> (Thumb, 12 bytes, Stack size 0 bytes, application.o(.text))
<BR><BR>[Called By]<UL><LI><a href="#[44]">&gt;&gt;</a>&nbsp;&nbsp;&nbsp;AppRedLedFlash
<LI><a href="#[40]">&gt;&gt;</a>&nbsp;&nbsp;&nbsp;AppGreenLedFlash
<LI><a href="#[64]">&gt;&gt;</a>&nbsp;&nbsp;&nbsp;AppHelpBegin
</UL>

<P><STRONG><a name="[280]"></a>AppSleepOn</STRONG> (Thumb, 12 bytes, Stack size 0 bytes, application.o(.text), UNUSED)

<P><STRONG><a name="[40]"></a>AppGreenLedFlash</STRONG> (Thumb, 32 bytes, Stack size 8 bytes, application.o(.text))
<BR><BR>[Stack]<UL><LI>Max Depth = 48<LI>Call Chain = AppGreenLedFlash &rArr; event_timer_add &rArr; event_timer_set
</UL>
<BR>[Calls]<UL><LI><a href="#[43]">&gt;&gt;</a>&nbsp;&nbsp;&nbsp;event_timer_add
<LI><a href="#[41]">&gt;&gt;</a>&nbsp;&nbsp;&nbsp;GPIO_ResetBits
<LI><a href="#[42]">&gt;&gt;</a>&nbsp;&nbsp;&nbsp;AppSleepOff
</UL>
<BR>[Called By]<UL><LI><a href="#[65]">&gt;&gt;</a>&nbsp;&nbsp;&nbsp;AppHelpProc
</UL>

<P><STRONG><a name="[44]"></a>AppRedLedFlash</STRONG> (Thumb, 32 bytes, Stack size 8 bytes, application.o(.text))
<BR><BR>[Stack]<UL><LI>Max Depth = 48<LI>Call Chain = AppRedLedFlash &rArr; event_timer_add &rArr; event_timer_set
</UL>
<BR>[Calls]<UL><LI><a href="#[43]">&gt;&gt;</a>&nbsp;&nbsp;&nbsp;event_timer_add
<LI><a href="#[41]">&gt;&gt;</a>&nbsp;&nbsp;&nbsp;GPIO_ResetBits
<LI><a href="#[42]">&gt;&gt;</a>&nbsp;&nbsp;&nbsp;AppSleepOff
</UL>
<BR>[Called By]<UL><LI><a href="#[7c]">&gt;&gt;</a>&nbsp;&nbsp;&nbsp;ProcessExcite
<LI><a href="#[62]">&gt;&gt;</a>&nbsp;&nbsp;&nbsp;Beep_and_redflsh
</UL>

<P><STRONG><a name="[45]"></a>process_deca_irq</STRONG> (Thumb, 22 bytes, Stack size 8 bytes, application.o(.text))
<BR><BR>[Stack]<UL><LI>Max Depth = 136<LI>Call Chain = process_deca_irq &rArr; dwt_isr &rArr; dwt_read32bitoffsetreg &rArr; dwt_readfromdevice &rArr; readfromspi &rArr; decamutexon
</UL>
<BR>[Calls]<UL><LI><a href="#[46]">&gt;&gt;</a>&nbsp;&nbsp;&nbsp;dwt_isr
<LI><a href="#[47]">&gt;&gt;</a>&nbsp;&nbsp;&nbsp;GPIO_ReadInputDataBit
</UL>
<BR>[Called By]<UL><LI><a href="#[10]">&gt;&gt;</a>&nbsp;&nbsp;&nbsp;EXTI0_IRQHandler
</UL>

<P><STRONG><a name="[48]"></a>vCheckBattery</STRONG> (Thumb, 144 bytes, Stack size 40 bytes, application.o(.text), UNUSED)
<BR><BR>[Calls]<UL><LI><a href="#[4e]">&gt;&gt;</a>&nbsp;&nbsp;&nbsp;instance_set_vbat
<LI><a href="#[4a]">&gt;&gt;</a>&nbsp;&nbsp;&nbsp;__aeabi_i2d
<LI><a href="#[4b]">&gt;&gt;</a>&nbsp;&nbsp;&nbsp;__aeabi_ddiv
<LI><a href="#[4c]">&gt;&gt;</a>&nbsp;&nbsp;&nbsp;__aeabi_dadd
<LI><a href="#[4d]">&gt;&gt;</a>&nbsp;&nbsp;&nbsp;__aeabi_d2uiz
<LI><a href="#[49]">&gt;&gt;</a>&nbsp;&nbsp;&nbsp;ADC_Get_ADCValue
</UL>
<BR>[Called By]<UL><LI><a href="#[1f2]">&gt;&gt;</a>&nbsp;&nbsp;&nbsp;sleep_each
</UL>

<P><STRONG><a name="[4f]"></a>Stop_ledvbeep</STRONG> (Thumb, 92 bytes, Stack size 8 bytes, application.o(.text))
<BR><BR>[Stack]<UL><LI>Max Depth = 16<LI>Call Chain = Stop_ledvbeep &rArr; MOTOR_Stop
</UL>
<BR>[Calls]<UL><LI><a href="#[52]">&gt;&gt;</a>&nbsp;&nbsp;&nbsp;MOTOR_Stop
<LI><a href="#[50]">&gt;&gt;</a>&nbsp;&nbsp;&nbsp;GPIO_SetBits
<LI><a href="#[51]">&gt;&gt;</a>&nbsp;&nbsp;&nbsp;BEEP_Stop
</UL>
<BR>[Called By]<UL><LI><a href="#[a4]">&gt;&gt;</a>&nbsp;&nbsp;&nbsp;AppEventsProcess
<LI><a href="#[9b]">&gt;&gt;</a>&nbsp;&nbsp;&nbsp;App_SleepProc
<LI><a href="#[6a]">&gt;&gt;</a>&nbsp;&nbsp;&nbsp;AppAlarmProc
</UL>

<P><STRONG><a name="[56]"></a>Appsleepinit</STRONG> (Thumb, 26 bytes, Stack size 8 bytes, application.o(.text))
<BR><BR>[Stack]<UL><LI>Max Depth = 120<LI>Call Chain = Appsleepinit &rArr; dwt_setdblrxbuffmode &rArr; dwt_write32bitoffsetreg &rArr; dwt_writetodevice &rArr; writetospi &rArr; decamutexon
</UL>
<BR>[Calls]<UL><LI><a href="#[57]">&gt;&gt;</a>&nbsp;&nbsp;&nbsp;dwt_setdblrxbuffmode
<LI><a href="#[58]">&gt;&gt;</a>&nbsp;&nbsp;&nbsp;dwt_enableautoack
<LI><a href="#[59]">&gt;&gt;</a>&nbsp;&nbsp;&nbsp;dwt_configuresleep
</UL>
<BR>[Called By]<UL><LI><a href="#[c4]">&gt;&gt;</a>&nbsp;&nbsp;&nbsp;Application
<LI><a href="#[5a]">&gt;&gt;</a>&nbsp;&nbsp;&nbsp;card_reset_dw1000
</UL>

<P><STRONG><a name="[5a]"></a>card_reset_dw1000</STRONG> (Thumb, 214 bytes, Stack size 16 bytes, application.o(.text), UNUSED)
<BR><BR>[Calls]<UL><LI><a href="#[5e]">&gt;&gt;</a>&nbsp;&nbsp;&nbsp;usleep
<LI><a href="#[5b]">&gt;&gt;</a>&nbsp;&nbsp;&nbsp;reset_DW1000
<LI><a href="#[60]">&gt;&gt;</a>&nbsp;&nbsp;&nbsp;reinit_dw1000
<LI><a href="#[5d]">&gt;&gt;</a>&nbsp;&nbsp;&nbsp;instancereaddeviceid
<LI><a href="#[61]">&gt;&gt;</a>&nbsp;&nbsp;&nbsp;instance_config
<LI><a href="#[5f]">&gt;&gt;</a>&nbsp;&nbsp;&nbsp;dwt_softreset
<LI><a href="#[5c]">&gt;&gt;</a>&nbsp;&nbsp;&nbsp;SPI_ConfigFastRate
<LI><a href="#[50]">&gt;&gt;</a>&nbsp;&nbsp;&nbsp;GPIO_SetBits
<LI><a href="#[41]">&gt;&gt;</a>&nbsp;&nbsp;&nbsp;GPIO_ResetBits
<LI><a href="#[56]">&gt;&gt;</a>&nbsp;&nbsp;&nbsp;Appsleepinit
</UL>
<BR>[Called By]<UL><LI><a href="#[9b]">&gt;&gt;</a>&nbsp;&nbsp;&nbsp;App_SleepProc
</UL>

<P><STRONG><a name="[71]"></a>CardMotionDetect</STRONG> (Thumb, 402 bytes, Stack size 16 bytes, application.o(.text))
<BR><BR>[Stack]<UL><LI>Max Depth = 120<LI>Call Chain = CardMotionDetect &rArr; PrintfUtil_vPrintf &rArr; vNum2String
</UL>
<BR>[Calls]<UL><LI><a href="#[74]">&gt;&gt;</a>&nbsp;&nbsp;&nbsp;motion_detect_int_open
<LI><a href="#[55]">&gt;&gt;</a>&nbsp;&nbsp;&nbsp;PrintfUtil_vPrintf
<LI><a href="#[72]">&gt;&gt;</a>&nbsp;&nbsp;&nbsp;MMA845x_ReadReg
<LI><a href="#[73]">&gt;&gt;</a>&nbsp;&nbsp;&nbsp;MMA845x_ChipCheck
</UL>
<BR>[Called By]<UL><LI><a href="#[a4]">&gt;&gt;</a>&nbsp;&nbsp;&nbsp;AppEventsProcess
<LI><a href="#[7f]">&gt;&gt;</a>&nbsp;&nbsp;&nbsp;card_newslot_init
</UL>

<P><STRONG><a name="[75]"></a>vCheck_Devtype_change</STRONG> (Thumb, 70 bytes, Stack size 8 bytes, application.o(.text), UNUSED)
<BR><BR>[Calls]<UL><LI><a href="#[54]">&gt;&gt;</a>&nbsp;&nbsp;&nbsp;instance_set_idle
<LI><a href="#[77]">&gt;&gt;</a>&nbsp;&nbsp;&nbsp;instance_init_cardslot
<LI><a href="#[76]">&gt;&gt;</a>&nbsp;&nbsp;&nbsp;instance_getchange_devtype
<LI><a href="#[55]">&gt;&gt;</a>&nbsp;&nbsp;&nbsp;PrintfUtil_vPrintf
<LI><a href="#[3c]">&gt;&gt;</a>&nbsp;&nbsp;&nbsp;Write_Devtype
</UL>

<P><STRONG><a name="[78]"></a>Check_used_status</STRONG> (Thumb, 94 bytes, Stack size 8 bytes, application.o(.text), UNUSED)
<BR><BR>[Calls]<UL><LI><a href="#[54]">&gt;&gt;</a>&nbsp;&nbsp;&nbsp;instance_set_idle
<LI><a href="#[7a]">&gt;&gt;</a>&nbsp;&nbsp;&nbsp;instance_set_AnchorPanid
<LI><a href="#[79]">&gt;&gt;</a>&nbsp;&nbsp;&nbsp;instance_get_revpolltype
<LI><a href="#[7b]">&gt;&gt;</a>&nbsp;&nbsp;&nbsp;instance_get_inblinkmsg
<LI><a href="#[55]">&gt;&gt;</a>&nbsp;&nbsp;&nbsp;PrintfUtil_vPrintf
</UL>

<P><STRONG><a name="[7e]"></a>calcrc_1byte</STRONG> (Thumb, 44 bytes, Stack size 0 bytes, application.o(.text))
<BR><BR>[Called By]<UL><LI><a href="#[7c]">&gt;&gt;</a>&nbsp;&nbsp;&nbsp;ProcessExcite
</UL>

<P><STRONG><a name="[7c]"></a>ProcessExcite</STRONG> (Thumb, 450 bytes, Stack size 32 bytes, application.o(.text))
<BR><BR>[Stack]<UL><LI>Max Depth = 136<LI>Call Chain = ProcessExcite &rArr; PrintfUtil_vPrintf &rArr; vNum2String
</UL>
<BR>[Calls]<UL><LI><a href="#[6f]">&gt;&gt;</a>&nbsp;&nbsp;&nbsp;instance_set_helpexcit
<LI><a href="#[6e]">&gt;&gt;</a>&nbsp;&nbsp;&nbsp;event_timer_set
<LI><a href="#[43]">&gt;&gt;</a>&nbsp;&nbsp;&nbsp;event_timer_add
<LI><a href="#[55]">&gt;&gt;</a>&nbsp;&nbsp;&nbsp;PrintfUtil_vPrintf
<LI><a href="#[7d]">&gt;&gt;</a>&nbsp;&nbsp;&nbsp;GetSysClock
<LI><a href="#[47]">&gt;&gt;</a>&nbsp;&nbsp;&nbsp;GPIO_ReadInputDataBit
<LI><a href="#[63]">&gt;&gt;</a>&nbsp;&nbsp;&nbsp;BEEP_Start
<LI><a href="#[7e]">&gt;&gt;</a>&nbsp;&nbsp;&nbsp;calcrc_1byte
<LI><a href="#[44]">&gt;&gt;</a>&nbsp;&nbsp;&nbsp;AppRedLedFlash
</UL>
<BR>[Called By]<UL><LI><a href="#[a4]">&gt;&gt;</a>&nbsp;&nbsp;&nbsp;AppEventsProcess
</UL>

<P><STRONG><a name="[7f]"></a>card_newslot_init</STRONG> (Thumb, 94 bytes, Stack size 8 bytes, application.o(.text), UNUSED)
<BR><BR>[Calls]<UL><LI><a href="#[80]">&gt;&gt;</a>&nbsp;&nbsp;&nbsp;clear_inblinkmsg
<LI><a href="#[71]">&gt;&gt;</a>&nbsp;&nbsp;&nbsp;CardMotionDetect
</UL>

<P><STRONG><a name="[81]"></a>vProcessCardVersion</STRONG> (Thumb, 164 bytes, Stack size 24 bytes, application.o(.text))
<BR><BR>[Stack]<UL><LI>Max Depth = 40<LI>Call Chain = vProcessCardVersion &rArr; event_timer_unset
</UL>
<BR>[Calls]<UL><LI><a href="#[67]">&gt;&gt;</a>&nbsp;&nbsp;&nbsp;event_timer_unset
<LI><a href="#[6e]">&gt;&gt;</a>&nbsp;&nbsp;&nbsp;event_timer_set
</UL>
<BR>[Called By]<UL><LI><a href="#[130]">&gt;&gt;</a>&nbsp;&nbsp;&nbsp;testapprun
</UL>

<P><STRONG><a name="[82]"></a>vWriteData2Stm32</STRONG> (Thumb, 50 bytes, Stack size 16 bytes, application.o(.text))
<BR><BR>[Stack]<UL><LI>Max Depth = 16<LI>Call Chain = vWriteData2Stm32
</UL>
<BR>[Calls]<UL><LI><a href="#[83]">&gt;&gt;</a>&nbsp;&nbsp;&nbsp;USART_SendData
<LI><a href="#[84]">&gt;&gt;</a>&nbsp;&nbsp;&nbsp;USART_GetFlagStatus
</UL>
<BR>[Called By]<UL><LI><a href="#[85]">&gt;&gt;</a>&nbsp;&nbsp;&nbsp;bsmac_build_packet
</UL>

<P><STRONG><a name="[85]"></a>bsmac_build_packet</STRONG> (Thumb, 372 bytes, Stack size 40 bytes, application.o(.text))
<BR><BR>[Stack]<UL><LI>Max Depth = 144<LI>Call Chain = bsmac_build_packet &rArr; PrintfUtil_vPrintf &rArr; vNum2String
</UL>
<BR>[Calls]<UL><LI><a href="#[86]">&gt;&gt;</a>&nbsp;&nbsp;&nbsp;instancegetrole
<LI><a href="#[55]">&gt;&gt;</a>&nbsp;&nbsp;&nbsp;PrintfUtil_vPrintf
<LI><a href="#[88]">&gt;&gt;</a>&nbsp;&nbsp;&nbsp;CRC16
<LI><a href="#[82]">&gt;&gt;</a>&nbsp;&nbsp;&nbsp;vWriteData2Stm32
<LI><a href="#[87]">&gt;&gt;</a>&nbsp;&nbsp;&nbsp;__aeabi_memcpy
</UL>
<BR>[Called By]<UL><LI><a href="#[96]">&gt;&gt;</a>&nbsp;&nbsp;&nbsp;vReportCardVersion
<LI><a href="#[8b]">&gt;&gt;</a>&nbsp;&nbsp;&nbsp;vReportCardAlarm
<LI><a href="#[8a]">&gt;&gt;</a>&nbsp;&nbsp;&nbsp;vReportCardDistance
<LI><a href="#[89]">&gt;&gt;</a>&nbsp;&nbsp;&nbsp;vReportStatus
</UL>

<P><STRONG><a name="[89]"></a>vReportStatus</STRONG> (Thumb, 280 bytes, Stack size 16 bytes, application.o(.text), UNUSED)
<BR><BR>[Calls]<UL><LI><a href="#[85]">&gt;&gt;</a>&nbsp;&nbsp;&nbsp;bsmac_build_packet
<LI><a href="#[87]">&gt;&gt;</a>&nbsp;&nbsp;&nbsp;__aeabi_memcpy
</UL>
<BR>[Called By]<UL><LI><a href="#[8e]">&gt;&gt;</a>&nbsp;&nbsp;&nbsp;uart_rx_callback
</UL>

<P><STRONG><a name="[8a]"></a>vReportCardDistance</STRONG> (Thumb, 428 bytes, Stack size 352 bytes, application.o(.text))
<BR><BR>[Stack]<UL><LI>Max Depth = 496<LI>Call Chain = vReportCardDistance &rArr; bsmac_build_packet &rArr; PrintfUtil_vPrintf &rArr; vNum2String
</UL>
<BR>[Calls]<UL><LI><a href="#[85]">&gt;&gt;</a>&nbsp;&nbsp;&nbsp;bsmac_build_packet
</UL>
<BR>[Called By]<UL><LI><a href="#[a4]">&gt;&gt;</a>&nbsp;&nbsp;&nbsp;AppEventsProcess
</UL>

<P><STRONG><a name="[8b]"></a>vReportCardAlarm</STRONG> (Thumb, 60 bytes, Stack size 24 bytes, application.o(.text), UNUSED)
<BR><BR>[Calls]<UL><LI><a href="#[85]">&gt;&gt;</a>&nbsp;&nbsp;&nbsp;bsmac_build_packet
</UL>

<P><STRONG><a name="[93]"></a>check_cardtype_buff</STRONG> (Thumb, 348 bytes, Stack size 8 bytes, application.o(.text), UNUSED)
<BR><BR>[Called By]<UL><LI><a href="#[8e]">&gt;&gt;</a>&nbsp;&nbsp;&nbsp;uart_rx_callback
</UL>

<P><STRONG><a name="[8c]"></a>card_retreat</STRONG> (Thumb, 88 bytes, Stack size 24 bytes, application.o(.text), UNUSED)
<BR><BR>[Calls]<UL><LI><a href="#[8d]">&gt;&gt;</a>&nbsp;&nbsp;&nbsp;instance_set_alarmlist
<LI><a href="#[68]">&gt;&gt;</a>&nbsp;&nbsp;&nbsp;event_timer_del
<LI><a href="#[43]">&gt;&gt;</a>&nbsp;&nbsp;&nbsp;event_timer_add
</UL>
<BR>[Called By]<UL><LI><a href="#[8e]">&gt;&gt;</a>&nbsp;&nbsp;&nbsp;uart_rx_callback
</UL>

<P><STRONG><a name="[8e]"></a>uart_rx_callback</STRONG> (Thumb, 618 bytes, Stack size 64 bytes, application.o(.text), UNUSED)
<BR><BR>[Calls]<UL><LI><a href="#[86]">&gt;&gt;</a>&nbsp;&nbsp;&nbsp;instancegetrole
<LI><a href="#[94]">&gt;&gt;</a>&nbsp;&nbsp;&nbsp;instance_setpower_rssi
<LI><a href="#[90]">&gt;&gt;</a>&nbsp;&nbsp;&nbsp;instance_set_sta_status
<LI><a href="#[8f]">&gt;&gt;</a>&nbsp;&nbsp;&nbsp;instance_set_helpstatus
<LI><a href="#[8d]">&gt;&gt;</a>&nbsp;&nbsp;&nbsp;instance_set_alarmlist
<LI><a href="#[91]">&gt;&gt;</a>&nbsp;&nbsp;&nbsp;instance_reset_sta_status
<LI><a href="#[95]">&gt;&gt;</a>&nbsp;&nbsp;&nbsp;instance_change_channel
<LI><a href="#[6e]">&gt;&gt;</a>&nbsp;&nbsp;&nbsp;event_timer_set
<LI><a href="#[43]">&gt;&gt;</a>&nbsp;&nbsp;&nbsp;event_timer_add
<LI><a href="#[55]">&gt;&gt;</a>&nbsp;&nbsp;&nbsp;PrintfUtil_vPrintf
<LI><a href="#[88]">&gt;&gt;</a>&nbsp;&nbsp;&nbsp;CRC16
<LI><a href="#[8c]">&gt;&gt;</a>&nbsp;&nbsp;&nbsp;card_retreat
<LI><a href="#[93]">&gt;&gt;</a>&nbsp;&nbsp;&nbsp;check_cardtype_buff
<LI><a href="#[89]">&gt;&gt;</a>&nbsp;&nbsp;&nbsp;vReportStatus
<LI><a href="#[92]">&gt;&gt;</a>&nbsp;&nbsp;&nbsp;__aeabi_memclr
<LI><a href="#[87]">&gt;&gt;</a>&nbsp;&nbsp;&nbsp;__aeabi_memcpy
</UL>

<P><STRONG><a name="[af]"></a>Appclear_distancelist</STRONG> (Thumb, 70 bytes, Stack size 0 bytes, application.o(.text))
<BR><BR>[Called By]<UL><LI><a href="#[a4]">&gt;&gt;</a>&nbsp;&nbsp;&nbsp;AppEventsProcess
</UL>

<P><STRONG><a name="[96]"></a>vReportCardVersion</STRONG> (Thumb, 110 bytes, Stack size 16 bytes, application.o(.text), UNUSED)
<BR><BR>[Calls]<UL><LI><a href="#[85]">&gt;&gt;</a>&nbsp;&nbsp;&nbsp;bsmac_build_packet
<LI><a href="#[92]">&gt;&gt;</a>&nbsp;&nbsp;&nbsp;__aeabi_memclr
</UL>

<P><STRONG><a name="[b7]"></a>check_cardtype</STRONG> (Thumb, 104 bytes, Stack size 0 bytes, application.o(.text))
<BR><BR>[Called By]<UL><LI><a href="#[a4]">&gt;&gt;</a>&nbsp;&nbsp;&nbsp;AppEventsProcess
</UL>

<P><STRONG><a name="[97]"></a>reset_cardtype_list</STRONG> (Thumb, 34 bytes, Stack size 8 bytes, application.o(.text))
<BR><BR>[Stack]<UL><LI>Max Depth = 8<LI>Call Chain = reset_cardtype_list
</UL>
<BR>[Calls]<UL><LI><a href="#[92]">&gt;&gt;</a>&nbsp;&nbsp;&nbsp;__aeabi_memclr
</UL>
<BR>[Called By]<UL><LI><a href="#[c4]">&gt;&gt;</a>&nbsp;&nbsp;&nbsp;Application
<LI><a href="#[a4]">&gt;&gt;</a>&nbsp;&nbsp;&nbsp;AppEventsProcess
</UL>

<P><STRONG><a name="[98]"></a>vInitParameter</STRONG> (Thumb, 12 bytes, Stack size 8 bytes, application.o(.text))
<BR><BR>[Stack]<UL><LI>Max Depth = 8<LI>Call Chain = vInitParameter
</UL>
<BR>[Calls]<UL><LI><a href="#[92]">&gt;&gt;</a>&nbsp;&nbsp;&nbsp;__aeabi_memclr
</UL>
<BR>[Called By]<UL><LI><a href="#[c4]">&gt;&gt;</a>&nbsp;&nbsp;&nbsp;Application
</UL>

<P><STRONG><a name="[a4]"></a>AppEventsProcess</STRONG> (Thumb, 1040 bytes, Stack size 24 bytes, application.o(.text))
<BR><BR>[Stack]<UL><LI>Max Depth = 808<LI>Call Chain = AppEventsProcess &rArr; TdoaSendCardReportToUart &rArr; TdoaBsmacBuildPacket &rArr; TdoaWriteDataToStm32 &rArr; PrintfUtil_vPrintf &rArr; vNum2String
</UL>
<BR>[Calls]<UL><LI><a href="#[bc]">&gt;&gt;</a>&nbsp;&nbsp;&nbsp;txhelp_call_send
<LI><a href="#[bb]">&gt;&gt;</a>&nbsp;&nbsp;&nbsp;txexcit_wait_send
<LI><a href="#[a6]">&gt;&gt;</a>&nbsp;&nbsp;&nbsp;motion_detect_int_close
<LI><a href="#[ae]">&gt;&gt;</a>&nbsp;&nbsp;&nbsp;led_station_off
<LI><a href="#[b2]">&gt;&gt;</a>&nbsp;&nbsp;&nbsp;instancerxon
<LI><a href="#[86]">&gt;&gt;</a>&nbsp;&nbsp;&nbsp;instancegetrole
<LI><a href="#[a2]">&gt;&gt;</a>&nbsp;&nbsp;&nbsp;instance_set_slot_starttick
<LI><a href="#[b9]">&gt;&gt;</a>&nbsp;&nbsp;&nbsp;instance_set_seqnum
<LI><a href="#[b5]">&gt;&gt;</a>&nbsp;&nbsp;&nbsp;instance_set_event
<LI><a href="#[7a]">&gt;&gt;</a>&nbsp;&nbsp;&nbsp;instance_set_AnchorPanid
<LI><a href="#[ba]">&gt;&gt;</a>&nbsp;&nbsp;&nbsp;instance_run
<LI><a href="#[bd]">&gt;&gt;</a>&nbsp;&nbsp;&nbsp;instance_get_retreatstatus
<LI><a href="#[b3]">&gt;&gt;</a>&nbsp;&nbsp;&nbsp;instance_get_listslotmsg
<LI><a href="#[66]">&gt;&gt;</a>&nbsp;&nbsp;&nbsp;instance_get_helpstatus
<LI><a href="#[b4]">&gt;&gt;</a>&nbsp;&nbsp;&nbsp;instance_clear_substa
<LI><a href="#[b8]">&gt;&gt;</a>&nbsp;&nbsp;&nbsp;instance_change_devtype
<LI><a href="#[95]">&gt;&gt;</a>&nbsp;&nbsp;&nbsp;instance_change_channel
<LI><a href="#[b6]">&gt;&gt;</a>&nbsp;&nbsp;&nbsp;get_curslot_cardmsg
<LI><a href="#[67]">&gt;&gt;</a>&nbsp;&nbsp;&nbsp;event_timer_unset
<LI><a href="#[a5]">&gt;&gt;</a>&nbsp;&nbsp;&nbsp;event_timer_take_all
<LI><a href="#[6e]">&gt;&gt;</a>&nbsp;&nbsp;&nbsp;event_timer_set
<LI><a href="#[b1]">&gt;&gt;</a>&nbsp;&nbsp;&nbsp;dwt_setrxtimeout
<LI><a href="#[a7]">&gt;&gt;</a>&nbsp;&nbsp;&nbsp;dwt_forcetrxoff
<LI><a href="#[b0]">&gt;&gt;</a>&nbsp;&nbsp;&nbsp;WatchdogReset
<LI><a href="#[aa]">&gt;&gt;</a>&nbsp;&nbsp;&nbsp;TdoaSendTagPollInTof
<LI><a href="#[ac]">&gt;&gt;</a>&nbsp;&nbsp;&nbsp;TdoaSendCardReportToUart
<LI><a href="#[ab]">&gt;&gt;</a>&nbsp;&nbsp;&nbsp;TdoaRxCardMsgProc
<LI><a href="#[a9]">&gt;&gt;</a>&nbsp;&nbsp;&nbsp;Sleep
<LI><a href="#[55]">&gt;&gt;</a>&nbsp;&nbsp;&nbsp;PrintfUtil_vPrintf
<LI><a href="#[7d]">&gt;&gt;</a>&nbsp;&nbsp;&nbsp;GetSysClock
<LI><a href="#[50]">&gt;&gt;</a>&nbsp;&nbsp;&nbsp;GPIO_SetBits
<LI><a href="#[ad]">&gt;&gt;</a>&nbsp;&nbsp;&nbsp;CardSendPollToStation
<LI><a href="#[97]">&gt;&gt;</a>&nbsp;&nbsp;&nbsp;reset_cardtype_list
<LI><a href="#[b7]">&gt;&gt;</a>&nbsp;&nbsp;&nbsp;check_cardtype
<LI><a href="#[af]">&gt;&gt;</a>&nbsp;&nbsp;&nbsp;Appclear_distancelist
<LI><a href="#[8a]">&gt;&gt;</a>&nbsp;&nbsp;&nbsp;vReportCardDistance
<LI><a href="#[7c]">&gt;&gt;</a>&nbsp;&nbsp;&nbsp;ProcessExcite
<LI><a href="#[71]">&gt;&gt;</a>&nbsp;&nbsp;&nbsp;CardMotionDetect
<LI><a href="#[4f]">&gt;&gt;</a>&nbsp;&nbsp;&nbsp;Stop_ledvbeep
<LI><a href="#[6c]">&gt;&gt;</a>&nbsp;&nbsp;&nbsp;AppButtonProc
<LI><a href="#[6a]">&gt;&gt;</a>&nbsp;&nbsp;&nbsp;AppAlarmProc
<LI><a href="#[65]">&gt;&gt;</a>&nbsp;&nbsp;&nbsp;AppHelpProc
<LI><a href="#[a8]">&gt;&gt;</a>&nbsp;&nbsp;&nbsp;rand
</UL>
<BR>[Called By]<UL><LI><a href="#[c4]">&gt;&gt;</a>&nbsp;&nbsp;&nbsp;Application
</UL>

<P><STRONG><a name="[be]"></a>TofCardOfStation</STRONG> (Thumb, 66 bytes, Stack size 16 bytes, application.o(.text))
<BR><BR>[Stack]<UL><LI>Max Depth = 16<LI>Call Chain = TofCardOfStation
</UL>
<BR>[Calls]<UL><LI><a href="#[bf]">&gt;&gt;</a>&nbsp;&nbsp;&nbsp;TdoaGetOldLocalInstStructurePtr
</UL>
<BR>[Called By]<UL><LI><a href="#[130]">&gt;&gt;</a>&nbsp;&nbsp;&nbsp;testapprun
</UL>

<P><STRONG><a name="[c0]"></a>led_tofresult</STRONG> (Thumb, 90 bytes, Stack size 16 bytes, application.o(.text), UNUSED)
<BR><BR>[Calls]<UL><LI><a href="#[c1]">&gt;&gt;</a>&nbsp;&nbsp;&nbsp;instancenewrange
<LI><a href="#[86]">&gt;&gt;</a>&nbsp;&nbsp;&nbsp;instancegetrole
<LI><a href="#[c2]">&gt;&gt;</a>&nbsp;&nbsp;&nbsp;instance_get_seqnum
<LI><a href="#[6e]">&gt;&gt;</a>&nbsp;&nbsp;&nbsp;event_timer_set
<LI><a href="#[68]">&gt;&gt;</a>&nbsp;&nbsp;&nbsp;event_timer_del
<LI><a href="#[55]">&gt;&gt;</a>&nbsp;&nbsp;&nbsp;PrintfUtil_vPrintf
</UL>

<P><STRONG><a name="[c3]"></a>Application1</STRONG> (Thumb, 10 bytes, Stack size 8 bytes, application.o(.text), UNUSED)
<BR><BR>[Calls]<UL><LI><a href="#[55]">&gt;&gt;</a>&nbsp;&nbsp;&nbsp;PrintfUtil_vPrintf
</UL>

<P><STRONG><a name="[c4]"></a>Application</STRONG> (Thumb, 262 bytes, Stack size 0 bytes, application.o(.text))
<BR><BR>[Stack]<UL><LI>Max Depth = 808<LI>Call Chain = Application &rArr; AppEventsProcess &rArr; TdoaSendCardReportToUart &rArr; TdoaBsmacBuildPacket &rArr; TdoaWriteDataToStm32 &rArr; PrintfUtil_vPrintf &rArr; vNum2String
</UL>
<BR>[Calls]<UL><LI><a href="#[c5]">&gt;&gt;</a>&nbsp;&nbsp;&nbsp;instancesetrole
<LI><a href="#[86]">&gt;&gt;</a>&nbsp;&nbsp;&nbsp;instancegetrole
<LI><a href="#[54]">&gt;&gt;</a>&nbsp;&nbsp;&nbsp;instance_set_idle
<LI><a href="#[c8]">&gt;&gt;</a>&nbsp;&nbsp;&nbsp;instance_init_slotlist
<LI><a href="#[77]">&gt;&gt;</a>&nbsp;&nbsp;&nbsp;instance_init_cardslot
<LI><a href="#[ca]">&gt;&gt;</a>&nbsp;&nbsp;&nbsp;instance_get_status
<LI><a href="#[b4]">&gt;&gt;</a>&nbsp;&nbsp;&nbsp;instance_clear_substa
<LI><a href="#[95]">&gt;&gt;</a>&nbsp;&nbsp;&nbsp;instance_change_channel
<LI><a href="#[cb]">&gt;&gt;</a>&nbsp;&nbsp;&nbsp;event_timer_update
<LI><a href="#[67]">&gt;&gt;</a>&nbsp;&nbsp;&nbsp;event_timer_unset
<LI><a href="#[6e]">&gt;&gt;</a>&nbsp;&nbsp;&nbsp;event_timer_set
<LI><a href="#[c7]">&gt;&gt;</a>&nbsp;&nbsp;&nbsp;event_timer_add_reload
<LI><a href="#[43]">&gt;&gt;</a>&nbsp;&nbsp;&nbsp;event_timer_add
<LI><a href="#[c6]">&gt;&gt;</a>&nbsp;&nbsp;&nbsp;TofInstanceCardDataInit
<LI><a href="#[55]">&gt;&gt;</a>&nbsp;&nbsp;&nbsp;PrintfUtil_vPrintf
<LI><a href="#[50]">&gt;&gt;</a>&nbsp;&nbsp;&nbsp;GPIO_SetBits
<LI><a href="#[a4]">&gt;&gt;</a>&nbsp;&nbsp;&nbsp;AppEventsProcess
<LI><a href="#[98]">&gt;&gt;</a>&nbsp;&nbsp;&nbsp;vInitParameter
<LI><a href="#[97]">&gt;&gt;</a>&nbsp;&nbsp;&nbsp;reset_cardtype_list
<LI><a href="#[56]">&gt;&gt;</a>&nbsp;&nbsp;&nbsp;Appsleepinit
<LI><a href="#[c9]">&gt;&gt;</a>&nbsp;&nbsp;&nbsp;instance_get_cardtype
</UL>
<BR>[Called By]<UL><LI><a href="#[37]">&gt;&gt;</a>&nbsp;&nbsp;&nbsp;main
</UL>

<P><STRONG><a name="[cc]"></a>inittestapplication</STRONG> (Thumb, 286 bytes, Stack size 24 bytes, main.o(.text), UNUSED)
<BR><BR>[Calls]<UL><LI><a href="#[ce]">&gt;&gt;</a>&nbsp;&nbsp;&nbsp;instancesettagsleepdelay
<LI><a href="#[cf]">&gt;&gt;</a>&nbsp;&nbsp;&nbsp;instancesetreplydelay
<LI><a href="#[cd]">&gt;&gt;</a>&nbsp;&nbsp;&nbsp;instance_init
<LI><a href="#[5e]">&gt;&gt;</a>&nbsp;&nbsp;&nbsp;usleep
<LI><a href="#[5b]">&gt;&gt;</a>&nbsp;&nbsp;&nbsp;reset_DW1000
<LI><a href="#[c5]">&gt;&gt;</a>&nbsp;&nbsp;&nbsp;instancesetrole
<LI><a href="#[5d]">&gt;&gt;</a>&nbsp;&nbsp;&nbsp;instancereaddeviceid
<LI><a href="#[61]">&gt;&gt;</a>&nbsp;&nbsp;&nbsp;instance_config
<LI><a href="#[5f]">&gt;&gt;</a>&nbsp;&nbsp;&nbsp;dwt_softreset
<LI><a href="#[5c]">&gt;&gt;</a>&nbsp;&nbsp;&nbsp;SPI_ConfigFastRate
<LI><a href="#[55]">&gt;&gt;</a>&nbsp;&nbsp;&nbsp;PrintfUtil_vPrintf
<LI><a href="#[50]">&gt;&gt;</a>&nbsp;&nbsp;&nbsp;GPIO_SetBits
<LI><a href="#[41]">&gt;&gt;</a>&nbsp;&nbsp;&nbsp;GPIO_ResetBits
</UL>

<P><STRONG><a name="[37]"></a>main</STRONG> (Thumb, 24 bytes, Stack size 8 bytes, main.o(.text))
<BR><BR>[Stack]<UL><LI>Max Depth = 816<LI>Call Chain = main &rArr; Application &rArr; AppEventsProcess &rArr; TdoaSendCardReportToUart &rArr; TdoaBsmacBuildPacket &rArr; TdoaWriteDataToStm32 &rArr; PrintfUtil_vPrintf &rArr; vNum2String
</UL>
<BR>[Calls]<UL><LI><a href="#[d0]">&gt;&gt;</a>&nbsp;&nbsp;&nbsp;board_init
<LI><a href="#[d1]">&gt;&gt;</a>&nbsp;&nbsp;&nbsp;PrintfUtil_u8Init
<LI><a href="#[c4]">&gt;&gt;</a>&nbsp;&nbsp;&nbsp;Application
</UL>
<BR>[Address Reference Count : 1]<UL><LI> entry9a.o(.ARM.Collect$$$$0000000B)
</UL>
<P><STRONG><a name="[d2]"></a>event_timer_take</STRONG> (Thumb, 60 bytes, Stack size 16 bytes, timer_event.o(.text), UNUSED)
<BR><BR>[Calls]<UL><LI><a href="#[d4]">&gt;&gt;</a>&nbsp;&nbsp;&nbsp;interrupt_enable
<LI><a href="#[d3]">&gt;&gt;</a>&nbsp;&nbsp;&nbsp;interrupt_disable
</UL>

<P><STRONG><a name="[a5]"></a>event_timer_take_all</STRONG> (Thumb, 28 bytes, Stack size 16 bytes, timer_event.o(.text))
<BR><BR>[Stack]<UL><LI>Max Depth = 16<LI>Call Chain = event_timer_take_all
</UL>
<BR>[Calls]<UL><LI><a href="#[d4]">&gt;&gt;</a>&nbsp;&nbsp;&nbsp;interrupt_enable
<LI><a href="#[d3]">&gt;&gt;</a>&nbsp;&nbsp;&nbsp;interrupt_disable
</UL>
<BR>[Called By]<UL><LI><a href="#[a4]">&gt;&gt;</a>&nbsp;&nbsp;&nbsp;AppEventsProcess
</UL>

<P><STRONG><a name="[d5]"></a>event_timer_init</STRONG> (Thumb, 28 bytes, Stack size 8 bytes, timer_event.o(.text), UNUSED)
<BR><BR>[Calls]<UL><LI><a href="#[d6]">&gt;&gt;</a>&nbsp;&nbsp;&nbsp;__aeabi_memclr4
</UL>

<P><STRONG><a name="[6e]"></a>event_timer_set</STRONG> (Thumb, 46 bytes, Stack size 16 bytes, timer_event.o(.text))
<BR><BR>[Stack]<UL><LI>Max Depth = 16<LI>Call Chain = event_timer_set
</UL>
<BR>[Calls]<UL><LI><a href="#[d4]">&gt;&gt;</a>&nbsp;&nbsp;&nbsp;interrupt_enable
<LI><a href="#[d3]">&gt;&gt;</a>&nbsp;&nbsp;&nbsp;interrupt_disable
</UL>
<BR>[Called By]<UL><LI><a href="#[130]">&gt;&gt;</a>&nbsp;&nbsp;&nbsp;testapprun
<LI><a href="#[e9]">&gt;&gt;</a>&nbsp;&nbsp;&nbsp;instance_check_discon
<LI><a href="#[43]">&gt;&gt;</a>&nbsp;&nbsp;&nbsp;event_timer_add
<LI><a href="#[c4]">&gt;&gt;</a>&nbsp;&nbsp;&nbsp;Application
<LI><a href="#[c0]">&gt;&gt;</a>&nbsp;&nbsp;&nbsp;led_tofresult
<LI><a href="#[a4]">&gt;&gt;</a>&nbsp;&nbsp;&nbsp;AppEventsProcess
<LI><a href="#[8e]">&gt;&gt;</a>&nbsp;&nbsp;&nbsp;uart_rx_callback
<LI><a href="#[81]">&gt;&gt;</a>&nbsp;&nbsp;&nbsp;vProcessCardVersion
<LI><a href="#[7c]">&gt;&gt;</a>&nbsp;&nbsp;&nbsp;ProcessExcite
<LI><a href="#[9b]">&gt;&gt;</a>&nbsp;&nbsp;&nbsp;App_SleepProc
<LI><a href="#[6c]">&gt;&gt;</a>&nbsp;&nbsp;&nbsp;AppButtonProc
<LI><a href="#[21]">&gt;&gt;</a>&nbsp;&nbsp;&nbsp;EXTI9_5_IRQHandler
<LI><a href="#[13]">&gt;&gt;</a>&nbsp;&nbsp;&nbsp;EXTI3_IRQHandler
<LI><a href="#[11]">&gt;&gt;</a>&nbsp;&nbsp;&nbsp;EXTI1_IRQHandler
<LI><a href="#[185]">&gt;&gt;</a>&nbsp;&nbsp;&nbsp;TdoaInstRunState
<LI><a href="#[173]">&gt;&gt;</a>&nbsp;&nbsp;&nbsp;TdoaMsgPackInsetUartBuff
<LI><a href="#[170]">&gt;&gt;</a>&nbsp;&nbsp;&nbsp;TDOARxGoodCallback
</UL>

<P><STRONG><a name="[67]"></a>event_timer_unset</STRONG> (Thumb, 46 bytes, Stack size 16 bytes, timer_event.o(.text))
<BR><BR>[Stack]<UL><LI>Max Depth = 16<LI>Call Chain = event_timer_unset
</UL>
<BR>[Calls]<UL><LI><a href="#[d4]">&gt;&gt;</a>&nbsp;&nbsp;&nbsp;interrupt_enable
<LI><a href="#[d3]">&gt;&gt;</a>&nbsp;&nbsp;&nbsp;interrupt_disable
</UL>
<BR>[Called By]<UL><LI><a href="#[dc]">&gt;&gt;</a>&nbsp;&nbsp;&nbsp;instance_set_insleep
<LI><a href="#[ad]">&gt;&gt;</a>&nbsp;&nbsp;&nbsp;CardSendPollToStation
<LI><a href="#[c4]">&gt;&gt;</a>&nbsp;&nbsp;&nbsp;Application
<LI><a href="#[a4]">&gt;&gt;</a>&nbsp;&nbsp;&nbsp;AppEventsProcess
<LI><a href="#[81]">&gt;&gt;</a>&nbsp;&nbsp;&nbsp;vProcessCardVersion
<LI><a href="#[65]">&gt;&gt;</a>&nbsp;&nbsp;&nbsp;AppHelpProc
</UL>

<P><STRONG><a name="[43]"></a>event_timer_add</STRONG> (Thumb, 124 bytes, Stack size 24 bytes, timer_event.o(.text))
<BR><BR>[Stack]<UL><LI>Max Depth = 40<LI>Call Chain = event_timer_add &rArr; event_timer_set
</UL>
<BR>[Calls]<UL><LI><a href="#[d7]">&gt;&gt;</a>&nbsp;&nbsp;&nbsp;_event_timer_idx
<LI><a href="#[d4]">&gt;&gt;</a>&nbsp;&nbsp;&nbsp;interrupt_enable
<LI><a href="#[d3]">&gt;&gt;</a>&nbsp;&nbsp;&nbsp;interrupt_disable
<LI><a href="#[6e]">&gt;&gt;</a>&nbsp;&nbsp;&nbsp;event_timer_set
</UL>
<BR>[Called By]<UL><LI><a href="#[130]">&gt;&gt;</a>&nbsp;&nbsp;&nbsp;testapprun
<LI><a href="#[dc]">&gt;&gt;</a>&nbsp;&nbsp;&nbsp;instance_set_insleep
<LI><a href="#[c4]">&gt;&gt;</a>&nbsp;&nbsp;&nbsp;Application
<LI><a href="#[8e]">&gt;&gt;</a>&nbsp;&nbsp;&nbsp;uart_rx_callback
<LI><a href="#[8c]">&gt;&gt;</a>&nbsp;&nbsp;&nbsp;card_retreat
<LI><a href="#[7c]">&gt;&gt;</a>&nbsp;&nbsp;&nbsp;ProcessExcite
<LI><a href="#[44]">&gt;&gt;</a>&nbsp;&nbsp;&nbsp;AppRedLedFlash
<LI><a href="#[40]">&gt;&gt;</a>&nbsp;&nbsp;&nbsp;AppGreenLedFlash
<LI><a href="#[9b]">&gt;&gt;</a>&nbsp;&nbsp;&nbsp;App_SleepProc
<LI><a href="#[99]">&gt;&gt;</a>&nbsp;&nbsp;&nbsp;check_chang_ST
<LI><a href="#[6c]">&gt;&gt;</a>&nbsp;&nbsp;&nbsp;AppButtonProc
<LI><a href="#[6a]">&gt;&gt;</a>&nbsp;&nbsp;&nbsp;AppAlarmProc
<LI><a href="#[65]">&gt;&gt;</a>&nbsp;&nbsp;&nbsp;AppHelpProc
<LI><a href="#[62]">&gt;&gt;</a>&nbsp;&nbsp;&nbsp;Beep_and_redflsh
</UL>

<P><STRONG><a name="[c7]"></a>event_timer_add_reload</STRONG> (Thumb, 138 bytes, Stack size 24 bytes, timer_event.o(.text))
<BR><BR>[Stack]<UL><LI>Max Depth = 24<LI>Call Chain = event_timer_add_reload
</UL>
<BR>[Calls]<UL><LI><a href="#[d7]">&gt;&gt;</a>&nbsp;&nbsp;&nbsp;_event_timer_idx
<LI><a href="#[d4]">&gt;&gt;</a>&nbsp;&nbsp;&nbsp;interrupt_enable
<LI><a href="#[d3]">&gt;&gt;</a>&nbsp;&nbsp;&nbsp;interrupt_disable
</UL>
<BR>[Called By]<UL><LI><a href="#[c4]">&gt;&gt;</a>&nbsp;&nbsp;&nbsp;Application
</UL>

<P><STRONG><a name="[68]"></a>event_timer_del</STRONG> (Thumb, 118 bytes, Stack size 16 bytes, timer_event.o(.text))
<BR><BR>[Stack]<UL><LI>Max Depth = 16<LI>Call Chain = event_timer_del
</UL>
<BR>[Calls]<UL><LI><a href="#[d7]">&gt;&gt;</a>&nbsp;&nbsp;&nbsp;_event_timer_idx
<LI><a href="#[d4]">&gt;&gt;</a>&nbsp;&nbsp;&nbsp;interrupt_enable
<LI><a href="#[d3]">&gt;&gt;</a>&nbsp;&nbsp;&nbsp;interrupt_disable
</UL>
<BR>[Called By]<UL><LI><a href="#[c0]">&gt;&gt;</a>&nbsp;&nbsp;&nbsp;led_tofresult
<LI><a href="#[8c]">&gt;&gt;</a>&nbsp;&nbsp;&nbsp;card_retreat
<LI><a href="#[6c]">&gt;&gt;</a>&nbsp;&nbsp;&nbsp;AppButtonProc
<LI><a href="#[65]">&gt;&gt;</a>&nbsp;&nbsp;&nbsp;AppHelpProc
</UL>

<P><STRONG><a name="[cb]"></a>event_timer_update</STRONG> (Thumb, 204 bytes, Stack size 24 bytes, timer_event.o(.text))
<BR><BR>[Stack]<UL><LI>Max Depth = 24<LI>Call Chain = event_timer_update
</UL>
<BR>[Calls]<UL><LI><a href="#[d4]">&gt;&gt;</a>&nbsp;&nbsp;&nbsp;interrupt_enable
<LI><a href="#[d3]">&gt;&gt;</a>&nbsp;&nbsp;&nbsp;interrupt_disable
<LI><a href="#[7d]">&gt;&gt;</a>&nbsp;&nbsp;&nbsp;GetSysClock
</UL>
<BR>[Called By]<UL><LI><a href="#[d8]">&gt;&gt;</a>&nbsp;&nbsp;&nbsp;event_timer_next_tick
<LI><a href="#[c4]">&gt;&gt;</a>&nbsp;&nbsp;&nbsp;Application
</UL>

<P><STRONG><a name="[d8]"></a>event_timer_next_tick</STRONG> (Thumb, 12 bytes, Stack size 8 bytes, timer_event.o(.text), UNUSED)
<BR><BR>[Calls]<UL><LI><a href="#[cb]">&gt;&gt;</a>&nbsp;&nbsp;&nbsp;event_timer_update
</UL>

<P><STRONG><a name="[d9]"></a>printf_event</STRONG> (Thumb, 36 bytes, Stack size 16 bytes, instance.o(.text), UNUSED)
<BR><BR>[Calls]<UL><LI><a href="#[55]">&gt;&gt;</a>&nbsp;&nbsp;&nbsp;PrintfUtil_vPrintf
</UL>

<P><STRONG><a name="[da]"></a>led_station_flash</STRONG> (Thumb, 30 bytes, Stack size 8 bytes, instance.o(.text), UNUSED)
<BR><BR>[Calls]<UL><LI><a href="#[ae]">&gt;&gt;</a>&nbsp;&nbsp;&nbsp;led_station_off
<LI><a href="#[47]">&gt;&gt;</a>&nbsp;&nbsp;&nbsp;GPIO_ReadInputDataBit
<LI><a href="#[db]">&gt;&gt;</a>&nbsp;&nbsp;&nbsp;led_station_on
</UL>

<P><STRONG><a name="[90]"></a>instance_set_sta_status</STRONG> (Thumb, 16 bytes, Stack size 0 bytes, instance.o(.text))
<BR><BR>[Called By]<UL><LI><a href="#[130]">&gt;&gt;</a>&nbsp;&nbsp;&nbsp;testapprun
<LI><a href="#[8d]">&gt;&gt;</a>&nbsp;&nbsp;&nbsp;instance_set_alarmlist
<LI><a href="#[8e]">&gt;&gt;</a>&nbsp;&nbsp;&nbsp;uart_rx_callback
</UL>

<P><STRONG><a name="[91]"></a>instance_reset_sta_status</STRONG> (Thumb, 16 bytes, Stack size 0 bytes, instance.o(.text), UNUSED)
<BR><BR>[Called By]<UL><LI><a href="#[8d]">&gt;&gt;</a>&nbsp;&nbsp;&nbsp;instance_set_alarmlist
<LI><a href="#[8e]">&gt;&gt;</a>&nbsp;&nbsp;&nbsp;uart_rx_callback
</UL>

<P><STRONG><a name="[281]"></a>instance_get_sta_status</STRONG> (Thumb, 28 bytes, Stack size 0 bytes, instance.o(.text), UNUSED)

<P><STRONG><a name="[134]"></a>instance_check_devchg</STRONG> (Thumb, 72 bytes, Stack size 0 bytes, instance.o(.text))
<BR><BR>[Called By]<UL><LI><a href="#[130]">&gt;&gt;</a>&nbsp;&nbsp;&nbsp;testapprun
</UL>

<P><STRONG><a name="[94]"></a>instance_setpower_rssi</STRONG> (Thumb, 130 bytes, Stack size 0 bytes, instance.o(.text), UNUSED)
<BR><BR>[Called By]<UL><LI><a href="#[8e]">&gt;&gt;</a>&nbsp;&nbsp;&nbsp;uart_rx_callback
</UL>

<P><STRONG><a name="[bf]"></a>TdoaGetOldLocalInstStructurePtr</STRONG> (Thumb, 4 bytes, Stack size 0 bytes, instance.o(.text))
<BR><BR>[Called By]<UL><LI><a href="#[132]">&gt;&gt;</a>&nbsp;&nbsp;&nbsp;TdoaInstRxMsgToCardMsgProcNew
<LI><a href="#[aa]">&gt;&gt;</a>&nbsp;&nbsp;&nbsp;TdoaSendTagPollInTof
<LI><a href="#[ad]">&gt;&gt;</a>&nbsp;&nbsp;&nbsp;CardSendPollToStation
<LI><a href="#[be]">&gt;&gt;</a>&nbsp;&nbsp;&nbsp;TofCardOfStation
</UL>

<P><STRONG><a name="[143]"></a>instance_get_cardid</STRONG> (Thumb, 12 bytes, Stack size 0 bytes, instance.o(.text), UNUSED)
<BR><BR>[Called By]<UL><LI><a href="#[cd]">&gt;&gt;</a>&nbsp;&nbsp;&nbsp;instance_init
</UL>

<P><STRONG><a name="[dc]"></a>instance_set_insleep</STRONG> (Thumb, 24 bytes, Stack size 8 bytes, instance.o(.text))
<BR><BR>[Stack]<UL><LI>Max Depth = 120<LI>Call Chain = instance_set_insleep &rArr; dwt_forcetrxoff &rArr; dwt_write32bitoffsetreg &rArr; dwt_writetodevice &rArr; writetospi &rArr; decamutexon
</UL>
<BR>[Calls]<UL><LI><a href="#[67]">&gt;&gt;</a>&nbsp;&nbsp;&nbsp;event_timer_unset
<LI><a href="#[43]">&gt;&gt;</a>&nbsp;&nbsp;&nbsp;event_timer_add
<LI><a href="#[a7]">&gt;&gt;</a>&nbsp;&nbsp;&nbsp;dwt_forcetrxoff
</UL>
<BR>[Called By]<UL><LI><a href="#[130]">&gt;&gt;</a>&nbsp;&nbsp;&nbsp;testapprun
<LI><a href="#[12f]">&gt;&gt;</a>&nbsp;&nbsp;&nbsp;ta_tx_wait_conf
</UL>

<P><STRONG><a name="[95]"></a>instance_change_channel</STRONG> (Thumb, 442 bytes, Stack size 24 bytes, instance.o(.text))
<BR><BR>[Stack]<UL><LI>Max Depth = 184<LI>Call Chain = instance_change_channel &rArr; dwt_configure &rArr; _dwt_configlde &rArr; dwt_write16bitoffsetreg &rArr; dwt_writetodevice &rArr; writetospi &rArr; decamutexon
</UL>
<BR>[Calls]<UL><LI><a href="#[e3]">&gt;&gt;</a>&nbsp;&nbsp;&nbsp;dwt_readantennadelay
<LI><a href="#[de]">&gt;&gt;</a>&nbsp;&nbsp;&nbsp;dwt_getotptxpower
<LI><a href="#[e0]">&gt;&gt;</a>&nbsp;&nbsp;&nbsp;dwt_configuretxrf
<LI><a href="#[dd]">&gt;&gt;</a>&nbsp;&nbsp;&nbsp;dwt_configure
<LI><a href="#[e2]">&gt;&gt;</a>&nbsp;&nbsp;&nbsp;dwt_settxantennadelay
<LI><a href="#[df]">&gt;&gt;</a>&nbsp;&nbsp;&nbsp;dwt_setsmarttxpower
<LI><a href="#[e1]">&gt;&gt;</a>&nbsp;&nbsp;&nbsp;dwt_setrxantennadelay
</UL>
<BR>[Called By]<UL><LI><a href="#[11a]">&gt;&gt;</a>&nbsp;&nbsp;&nbsp;blink_in_slotend
<LI><a href="#[10f]">&gt;&gt;</a>&nbsp;&nbsp;&nbsp;tdoa_send
<LI><a href="#[7a]">&gt;&gt;</a>&nbsp;&nbsp;&nbsp;instance_set_AnchorPanid
<LI><a href="#[c4]">&gt;&gt;</a>&nbsp;&nbsp;&nbsp;Application
<LI><a href="#[a4]">&gt;&gt;</a>&nbsp;&nbsp;&nbsp;AppEventsProcess
<LI><a href="#[8e]">&gt;&gt;</a>&nbsp;&nbsp;&nbsp;uart_rx_callback
</UL>

<P><STRONG><a name="[7a]"></a>instance_set_AnchorPanid</STRONG> (Thumb, 38 bytes, Stack size 16 bytes, instance.o(.text))
<BR><BR>[Stack]<UL><LI>Max Depth = 200<LI>Call Chain = instance_set_AnchorPanid &rArr; instance_change_channel &rArr; dwt_configure &rArr; _dwt_configlde &rArr; dwt_write16bitoffsetreg &rArr; dwt_writetodevice &rArr; writetospi &rArr; decamutexon
</UL>
<BR>[Calls]<UL><LI><a href="#[95]">&gt;&gt;</a>&nbsp;&nbsp;&nbsp;instance_change_channel
<LI><a href="#[e4]">&gt;&gt;</a>&nbsp;&nbsp;&nbsp;dwt_setpanid
</UL>
<BR>[Called By]<UL><LI><a href="#[54]">&gt;&gt;</a>&nbsp;&nbsp;&nbsp;instance_set_idle
<LI><a href="#[a4]">&gt;&gt;</a>&nbsp;&nbsp;&nbsp;AppEventsProcess
<LI><a href="#[78]">&gt;&gt;</a>&nbsp;&nbsp;&nbsp;Check_used_status
<LI><a href="#[9b]">&gt;&gt;</a>&nbsp;&nbsp;&nbsp;App_SleepProc
</UL>

<P><STRONG><a name="[e5]"></a>instance_set_Alarmstatus</STRONG> (Thumb, 534 bytes, Stack size 20 bytes, instance.o(.text), UNUSED)
<BR><BR>[Called By]<UL><LI><a href="#[8d]">&gt;&gt;</a>&nbsp;&nbsp;&nbsp;instance_set_alarmlist
</UL>

<P><STRONG><a name="[8d]"></a>instance_set_alarmlist</STRONG> (Thumb, 202 bytes, Stack size 24 bytes, instance.o(.text), UNUSED)
<BR><BR>[Calls]<UL><LI><a href="#[e5]">&gt;&gt;</a>&nbsp;&nbsp;&nbsp;instance_set_Alarmstatus
<LI><a href="#[90]">&gt;&gt;</a>&nbsp;&nbsp;&nbsp;instance_set_sta_status
<LI><a href="#[91]">&gt;&gt;</a>&nbsp;&nbsp;&nbsp;instance_reset_sta_status
<LI><a href="#[92]">&gt;&gt;</a>&nbsp;&nbsp;&nbsp;__aeabi_memclr
</UL>
<BR>[Called By]<UL><LI><a href="#[8e]">&gt;&gt;</a>&nbsp;&nbsp;&nbsp;uart_rx_callback
<LI><a href="#[8c]">&gt;&gt;</a>&nbsp;&nbsp;&nbsp;card_retreat
</UL>

<P><STRONG><a name="[119]"></a>instance_inset_alarmmsg</STRONG> (Thumb, 16 bytes, Stack size 0 bytes, instance.o(.text))
<BR><BR>[Called By]<UL><LI><a href="#[115]">&gt;&gt;</a>&nbsp;&nbsp;&nbsp;txblink_wait_send
</UL>

<P><STRONG><a name="[120]"></a>instance_get_Alarmstatus</STRONG> (Thumb, 158 bytes, Stack size 20 bytes, instance.o(.text))
<BR><BR>[Stack]<UL><LI>Max Depth = 20<LI>Call Chain = instance_get_Alarmstatus
</UL>
<BR>[Called By]<UL><LI><a href="#[11d]">&gt;&gt;</a>&nbsp;&nbsp;&nbsp;txpoll_wait_send
</UL>

<P><STRONG><a name="[121]"></a>instance_check_chgdevtype</STRONG> (Thumb, 168 bytes, Stack size 20 bytes, instance.o(.text))
<BR><BR>[Stack]<UL><LI>Max Depth = 20<LI>Call Chain = instance_check_chgdevtype
</UL>
<BR>[Called By]<UL><LI><a href="#[11d]">&gt;&gt;</a>&nbsp;&nbsp;&nbsp;txpoll_wait_send
</UL>

<P><STRONG><a name="[8f]"></a>instance_set_helpstatus</STRONG> (Thumb, 336 bytes, Stack size 16 bytes, instance.o(.text), UNUSED)
<BR><BR>[Called By]<UL><LI><a href="#[8e]">&gt;&gt;</a>&nbsp;&nbsp;&nbsp;uart_rx_callback
</UL>

<P><STRONG><a name="[117]"></a>u16GetIdleSlot_TOF1s</STRONG> (Thumb, 324 bytes, Stack size 40 bytes, instance.o(.text))
<BR><BR>[Stack]<UL><LI>Max Depth = 40<LI>Call Chain = u16GetIdleSlot_TOF1s
</UL>
<BR>[Called By]<UL><LI><a href="#[115]">&gt;&gt;</a>&nbsp;&nbsp;&nbsp;txblink_wait_send
</UL>

<P><STRONG><a name="[118]"></a>u16GetIdleSlot_TOF5s</STRONG> (Thumb, 544 bytes, Stack size 44 bytes, instance.o(.text))
<BR><BR>[Stack]<UL><LI>Max Depth = 44<LI>Call Chain = u16GetIdleSlot_TOF5s
</UL>
<BR>[Called By]<UL><LI><a href="#[115]">&gt;&gt;</a>&nbsp;&nbsp;&nbsp;txblink_wait_send
</UL>

<P><STRONG><a name="[282]"></a>check_slot_list</STRONG> (Thumb, 496 bytes, Stack size 36 bytes, instance.o(.text), UNUSED)

<P><STRONG><a name="[283]"></a>instance_setslot_alarm</STRONG> (Thumb, 180 bytes, Stack size 20 bytes, instance.o(.text), UNUSED)

<P><STRONG><a name="[135]"></a>instance_set_sleeptick</STRONG> (Thumb, 294 bytes, Stack size 16 bytes, instance.o(.text))
<BR><BR>[Stack]<UL><LI>Max Depth = 16<LI>Call Chain = instance_set_sleeptick
</UL>
<BR>[Called By]<UL><LI><a href="#[130]">&gt;&gt;</a>&nbsp;&nbsp;&nbsp;testapprun
</UL>

<P><STRONG><a name="[136]"></a>instance_inset_slotlist</STRONG> (Thumb, 528 bytes, Stack size 28 bytes, instance.o(.text))
<BR><BR>[Stack]<UL><LI>Max Depth = 28<LI>Call Chain = instance_inset_slotlist
</UL>
<BR>[Called By]<UL><LI><a href="#[130]">&gt;&gt;</a>&nbsp;&nbsp;&nbsp;testapprun
</UL>

<P><STRONG><a name="[e6]"></a>instance_set_cardidle</STRONG> (Thumb, 578 bytes, Stack size 16 bytes, instance.o(.text))
<BR><BR>[Stack]<UL><LI>Max Depth = 16<LI>Call Chain = instance_set_cardidle
</UL>
<BR>[Called By]<UL><LI><a href="#[11d]">&gt;&gt;</a>&nbsp;&nbsp;&nbsp;txpoll_wait_send
<LI><a href="#[b3]">&gt;&gt;</a>&nbsp;&nbsp;&nbsp;instance_get_listslotmsg
</UL>

<P><STRONG><a name="[b3]"></a>instance_get_listslotmsg</STRONG> (Thumb, 346 bytes, Stack size 32 bytes, instance.o(.text))
<BR><BR>[Stack]<UL><LI>Max Depth = 48<LI>Call Chain = instance_get_listslotmsg &rArr; instance_set_cardidle
</UL>
<BR>[Calls]<UL><LI><a href="#[e6]">&gt;&gt;</a>&nbsp;&nbsp;&nbsp;instance_set_cardidle
</UL>
<BR>[Called By]<UL><LI><a href="#[a4]">&gt;&gt;</a>&nbsp;&nbsp;&nbsp;AppEventsProcess
</UL>

<P><STRONG><a name="[11f]"></a>instance_get_curseq</STRONG> (Thumb, 312 bytes, Stack size 20 bytes, instance.o(.text))
<BR><BR>[Stack]<UL><LI>Max Depth = 20<LI>Call Chain = instance_get_curseq
</UL>
<BR>[Called By]<UL><LI><a href="#[11d]">&gt;&gt;</a>&nbsp;&nbsp;&nbsp;txpoll_wait_send
</UL>

<P><STRONG><a name="[11e]"></a>get_curslot_destaddr</STRONG> (Thumb, 64 bytes, Stack size 12 bytes, instance.o(.text))
<BR><BR>[Stack]<UL><LI>Max Depth = 12<LI>Call Chain = get_curslot_destaddr
</UL>
<BR>[Called By]<UL><LI><a href="#[11d]">&gt;&gt;</a>&nbsp;&nbsp;&nbsp;txpoll_wait_send
</UL>

<P><STRONG><a name="[b6]"></a>get_curslot_cardmsg</STRONG> (Thumb, 68 bytes, Stack size 12 bytes, instance.o(.text))
<BR><BR>[Stack]<UL><LI>Max Depth = 12<LI>Call Chain = get_curslot_cardmsg
</UL>
<BR>[Called By]<UL><LI><a href="#[a4]">&gt;&gt;</a>&nbsp;&nbsp;&nbsp;AppEventsProcess
</UL>

<P><STRONG><a name="[e7]"></a>set_curslot_distance</STRONG> (Thumb, 132 bytes, Stack size 40 bytes, instance.o(.text))
<BR><BR>[Stack]<UL><LI>Max Depth = 128<LI>Call Chain = set_curslot_distance &rArr; __aeabi_dmul &rArr; _double_epilogue &rArr; _double_round
</UL>
<BR>[Calls]<UL><LI><a href="#[e8]">&gt;&gt;</a>&nbsp;&nbsp;&nbsp;__aeabi_dmul
<LI><a href="#[4d]">&gt;&gt;</a>&nbsp;&nbsp;&nbsp;__aeabi_d2uiz
</UL>
<BR>[Called By]<UL><LI><a href="#[130]">&gt;&gt;</a>&nbsp;&nbsp;&nbsp;testapprun
</UL>

<P><STRONG><a name="[c8]"></a>instance_init_slotlist</STRONG> (Thumb, 564 bytes, Stack size 16 bytes, instance.o(.text))
<BR><BR>[Stack]<UL><LI>Max Depth = 16<LI>Call Chain = instance_init_slotlist
</UL>
<BR>[Called By]<UL><LI><a href="#[c4]">&gt;&gt;</a>&nbsp;&nbsp;&nbsp;Application
</UL>

<P><STRONG><a name="[284]"></a>instance_get_distancelist</STRONG> (Thumb, 222 bytes, Stack size 12 bytes, instance.o(.text), UNUSED)

<P><STRONG><a name="[77]"></a>instance_init_cardslot</STRONG> (Thumb, 82 bytes, Stack size 8 bytes, instance.o(.text))
<BR><BR>[Stack]<UL><LI>Max Depth = 112<LI>Call Chain = instance_init_cardslot &rArr; PrintfUtil_vPrintf &rArr; vNum2String
</UL>
<BR>[Calls]<UL><LI><a href="#[55]">&gt;&gt;</a>&nbsp;&nbsp;&nbsp;PrintfUtil_vPrintf
</UL>
<BR>[Called By]<UL><LI><a href="#[c4]">&gt;&gt;</a>&nbsp;&nbsp;&nbsp;Application
<LI><a href="#[75]">&gt;&gt;</a>&nbsp;&nbsp;&nbsp;vCheck_Devtype_change
</UL>

<P><STRONG><a name="[b4]"></a>instance_clear_substa</STRONG> (Thumb, 36 bytes, Stack size 0 bytes, instance.o(.text))
<BR><BR>[Called By]<UL><LI><a href="#[c4]">&gt;&gt;</a>&nbsp;&nbsp;&nbsp;Application
<LI><a href="#[a4]">&gt;&gt;</a>&nbsp;&nbsp;&nbsp;AppEventsProcess
</UL>

<P><STRONG><a name="[137]"></a>instance_check_predistance</STRONG> (Thumb, 350 bytes, Stack size 24 bytes, instance.o(.text))
<BR><BR>[Stack]<UL><LI>Max Depth = 24<LI>Call Chain = instance_check_predistance
</UL>
<BR>[Called By]<UL><LI><a href="#[130]">&gt;&gt;</a>&nbsp;&nbsp;&nbsp;testapprun
</UL>

<P><STRONG><a name="[ea]"></a>instance_set_revpolltype</STRONG> (Thumb, 8 bytes, Stack size 0 bytes, instance.o(.text))
<BR><BR>[Called By]<UL><LI><a href="#[130]">&gt;&gt;</a>&nbsp;&nbsp;&nbsp;testapprun
<LI><a href="#[e9]">&gt;&gt;</a>&nbsp;&nbsp;&nbsp;instance_check_discon
</UL>

<P><STRONG><a name="[e9]"></a>instance_check_discon</STRONG> (Thumb, 48 bytes, Stack size 16 bytes, instance.o(.text), UNUSED)
<BR><BR>[Calls]<UL><LI><a href="#[ea]">&gt;&gt;</a>&nbsp;&nbsp;&nbsp;instance_set_revpolltype
<LI><a href="#[6e]">&gt;&gt;</a>&nbsp;&nbsp;&nbsp;event_timer_set
</UL>

<P><STRONG><a name="[133]"></a>reset_sub_alarmmsg</STRONG> (Thumb, 12 bytes, Stack size 0 bytes, instance.o(.text))
<BR><BR>[Called By]<UL><LI><a href="#[130]">&gt;&gt;</a>&nbsp;&nbsp;&nbsp;testapprun
</UL>

<P><STRONG><a name="[eb]"></a>convertdevicetimetosec8</STRONG> (Thumb, 106 bytes, Stack size 64 bytes, instance.o(.text), UNUSED)
<BR><BR>[Calls]<UL><LI><a href="#[ec]">&gt;&gt;</a>&nbsp;&nbsp;&nbsp;__aeabi_ui2d
<LI><a href="#[e8]">&gt;&gt;</a>&nbsp;&nbsp;&nbsp;__aeabi_dmul
<LI><a href="#[4a]">&gt;&gt;</a>&nbsp;&nbsp;&nbsp;__aeabi_i2d
<LI><a href="#[4c]">&gt;&gt;</a>&nbsp;&nbsp;&nbsp;__aeabi_dadd
</UL>

<P><STRONG><a name="[ed]"></a>rx_power_lever</STRONG> (Thumb, 232 bytes, Stack size 72 bytes, instance.o(.text))
<BR><BR>[Stack]<UL><LI>Max Depth = 304<LI>Call Chain = rx_power_lever &rArr; log10 &rArr; log &rArr; __kernel_poly &rArr; __aeabi_dmul &rArr; _double_epilogue &rArr; _double_round
</UL>
<BR>[Calls]<UL><LI><a href="#[ee]">&gt;&gt;</a>&nbsp;&nbsp;&nbsp;dwt_readdignostics
<LI><a href="#[ec]">&gt;&gt;</a>&nbsp;&nbsp;&nbsp;__aeabi_ui2d
<LI><a href="#[f0]">&gt;&gt;</a>&nbsp;&nbsp;&nbsp;__aeabi_dsub
<LI><a href="#[e8]">&gt;&gt;</a>&nbsp;&nbsp;&nbsp;__aeabi_dmul
<LI><a href="#[f1]">&gt;&gt;</a>&nbsp;&nbsp;&nbsp;__aeabi_d2iz
<LI><a href="#[4b]">&gt;&gt;</a>&nbsp;&nbsp;&nbsp;__aeabi_ddiv
<LI><a href="#[ef]">&gt;&gt;</a>&nbsp;&nbsp;&nbsp;log10
</UL>
<BR>[Called By]<UL><LI><a href="#[132]">&gt;&gt;</a>&nbsp;&nbsp;&nbsp;TdoaInstRxMsgToCardMsgProcNew
<LI><a href="#[130]">&gt;&gt;</a>&nbsp;&nbsp;&nbsp;testapprun
<LI><a href="#[f3]">&gt;&gt;</a>&nbsp;&nbsp;&nbsp;check_inblinkmsg
</UL>

<P><STRONG><a name="[f2]"></a>rx_power_lever1</STRONG> (Thumb, 228 bytes, Stack size 128 bytes, instance.o(.text), UNUSED)
<BR><BR>[Calls]<UL><LI><a href="#[ee]">&gt;&gt;</a>&nbsp;&nbsp;&nbsp;dwt_readdignostics
<LI><a href="#[ec]">&gt;&gt;</a>&nbsp;&nbsp;&nbsp;__aeabi_ui2d
<LI><a href="#[f0]">&gt;&gt;</a>&nbsp;&nbsp;&nbsp;__aeabi_dsub
<LI><a href="#[e8]">&gt;&gt;</a>&nbsp;&nbsp;&nbsp;__aeabi_dmul
<LI><a href="#[f1]">&gt;&gt;</a>&nbsp;&nbsp;&nbsp;__aeabi_d2iz
<LI><a href="#[4b]">&gt;&gt;</a>&nbsp;&nbsp;&nbsp;__aeabi_ddiv
<LI><a href="#[4c]">&gt;&gt;</a>&nbsp;&nbsp;&nbsp;__aeabi_dadd
<LI><a href="#[ef]">&gt;&gt;</a>&nbsp;&nbsp;&nbsp;log10
</UL>

<P><STRONG><a name="[f3]"></a>check_inblinkmsg</STRONG> (Thumb, 134 bytes, Stack size 16 bytes, instance.o(.text))
<BR><BR>[Stack]<UL><LI>Max Depth = 320<LI>Call Chain = check_inblinkmsg &rArr; rx_power_lever &rArr; log10 &rArr; log &rArr; __kernel_poly &rArr; __aeabi_dmul &rArr; _double_epilogue &rArr; _double_round
</UL>
<BR>[Calls]<UL><LI><a href="#[ed]">&gt;&gt;</a>&nbsp;&nbsp;&nbsp;rx_power_lever
</UL>
<BR>[Called By]<UL><LI><a href="#[130]">&gt;&gt;</a>&nbsp;&nbsp;&nbsp;testapprun
</UL>

<P><STRONG><a name="[80]"></a>clear_inblinkmsg</STRONG> (Thumb, 24 bytes, Stack size 0 bytes, instance.o(.text))
<BR><BR>[Called By]<UL><LI><a href="#[54]">&gt;&gt;</a>&nbsp;&nbsp;&nbsp;instance_set_idle
<LI><a href="#[7f]">&gt;&gt;</a>&nbsp;&nbsp;&nbsp;card_newslot_init
</UL>

<P><STRONG><a name="[f4]"></a>convertmicrosectodevicetimeu</STRONG> (Thumb, 54 bytes, Stack size 40 bytes, instance.o(.text), UNUSED)
<BR><BR>[Calls]<UL><LI><a href="#[f5]">&gt;&gt;</a>&nbsp;&nbsp;&nbsp;__aeabi_d2ulz
<LI><a href="#[4b]">&gt;&gt;</a>&nbsp;&nbsp;&nbsp;__aeabi_ddiv
</UL>
<BR>[Called By]<UL><LI><a href="#[cf]">&gt;&gt;</a>&nbsp;&nbsp;&nbsp;instancesetreplydelay
<LI><a href="#[cd]">&gt;&gt;</a>&nbsp;&nbsp;&nbsp;instance_init
</UL>

<P><STRONG><a name="[f6]"></a>convertdevicetimetosec</STRONG> (Thumb, 40 bytes, Stack size 32 bytes, instance.o(.text))
<BR><BR>[Stack]<UL><LI>Max Depth = 120<LI>Call Chain = convertdevicetimetosec &rArr; __aeabi_dmul &rArr; _double_epilogue &rArr; _double_round
</UL>
<BR>[Calls]<UL><LI><a href="#[f7]">&gt;&gt;</a>&nbsp;&nbsp;&nbsp;__aeabi_l2d
<LI><a href="#[e8]">&gt;&gt;</a>&nbsp;&nbsp;&nbsp;__aeabi_dmul
</UL>
<BR>[Called By]<UL><LI><a href="#[fe]">&gt;&gt;</a>&nbsp;&nbsp;&nbsp;reportTOF
<LI><a href="#[f8]">&gt;&gt;</a>&nbsp;&nbsp;&nbsp;reportTOF1
</UL>

<P><STRONG><a name="[f8]"></a>reportTOF1</STRONG> (Thumb, 154 bytes, Stack size 48 bytes, instance.o(.text), UNUSED)
<BR><BR>[Calls]<UL><LI><a href="#[fc]">&gt;&gt;</a>&nbsp;&nbsp;&nbsp;dwt_getrangebias
<LI><a href="#[fd]">&gt;&gt;</a>&nbsp;&nbsp;&nbsp;__aeabi_drsub
<LI><a href="#[e8]">&gt;&gt;</a>&nbsp;&nbsp;&nbsp;__aeabi_dmul
<LI><a href="#[fb]">&gt;&gt;</a>&nbsp;&nbsp;&nbsp;__aeabi_d2f
<LI><a href="#[fa]">&gt;&gt;</a>&nbsp;&nbsp;&nbsp;__aeabi_cdrcmple
<LI><a href="#[f9]">&gt;&gt;</a>&nbsp;&nbsp;&nbsp;__aeabi_cdcmple
<LI><a href="#[f6]">&gt;&gt;</a>&nbsp;&nbsp;&nbsp;convertdevicetimetosec
</UL>

<P><STRONG><a name="[fe]"></a>reportTOF</STRONG> (Thumb, 446 bytes, Stack size 64 bytes, instance.o(.text))
<BR><BR>[Stack]<UL><LI>Max Depth = 216<LI>Call Chain = reportTOF &rArr; dwt_getrangebias &rArr; __aeabi_dmul &rArr; _double_epilogue &rArr; _double_round
</UL>
<BR>[Calls]<UL><LI><a href="#[fc]">&gt;&gt;</a>&nbsp;&nbsp;&nbsp;dwt_getrangebias
<LI><a href="#[fd]">&gt;&gt;</a>&nbsp;&nbsp;&nbsp;__aeabi_drsub
<LI><a href="#[e8]">&gt;&gt;</a>&nbsp;&nbsp;&nbsp;__aeabi_dmul
<LI><a href="#[fb]">&gt;&gt;</a>&nbsp;&nbsp;&nbsp;__aeabi_d2f
<LI><a href="#[fa]">&gt;&gt;</a>&nbsp;&nbsp;&nbsp;__aeabi_cdrcmple
<LI><a href="#[f9]">&gt;&gt;</a>&nbsp;&nbsp;&nbsp;__aeabi_cdcmple
<LI><a href="#[f6]">&gt;&gt;</a>&nbsp;&nbsp;&nbsp;convertdevicetimetosec
<LI><a href="#[4a]">&gt;&gt;</a>&nbsp;&nbsp;&nbsp;__aeabi_i2d
<LI><a href="#[4b]">&gt;&gt;</a>&nbsp;&nbsp;&nbsp;__aeabi_ddiv
<LI><a href="#[4c]">&gt;&gt;</a>&nbsp;&nbsp;&nbsp;__aeabi_dadd
</UL>
<BR>[Called By]<UL><LI><a href="#[130]">&gt;&gt;</a>&nbsp;&nbsp;&nbsp;testapprun
</UL>

<P><STRONG><a name="[100]"></a>instanceconfigframeheader</STRONG> (Thumb, 262 bytes, Stack size 0 bytes, instance.o(.text))
<BR><BR>[Called By]<UL><LI><a href="#[ff]">&gt;&gt;</a>&nbsp;&nbsp;&nbsp;setupmacframedata
</UL>

<P><STRONG><a name="[285]"></a>instsettagtorangewith</STRONG> (Thumb, 20 bytes, Stack size 8 bytes, instance.o(.text), UNUSED)

<P><STRONG><a name="[ff]"></a>setupmacframedata</STRONG> (Thumb, 66 bytes, Stack size 24 bytes, instance.o(.text))
<BR><BR>[Stack]<UL><LI>Max Depth = 24<LI>Call Chain = setupmacframedata
</UL>
<BR>[Calls]<UL><LI><a href="#[100]">&gt;&gt;</a>&nbsp;&nbsp;&nbsp;instanceconfigframeheader
<LI><a href="#[87]">&gt;&gt;</a>&nbsp;&nbsp;&nbsp;__aeabi_memcpy
</UL>
<BR>[Called By]<UL><LI><a href="#[126]">&gt;&gt;</a>&nbsp;&nbsp;&nbsp;txreport_wait_send
<LI><a href="#[124]">&gt;&gt;</a>&nbsp;&nbsp;&nbsp;txfinal_wait_send
<LI><a href="#[123]">&gt;&gt;</a>&nbsp;&nbsp;&nbsp;txresponse_wait_send
<LI><a href="#[11d]">&gt;&gt;</a>&nbsp;&nbsp;&nbsp;txpoll_wait_send
<LI><a href="#[11c]">&gt;&gt;</a>&nbsp;&nbsp;&nbsp;txranging_ack_wait_send
<LI><a href="#[11b]">&gt;&gt;</a>&nbsp;&nbsp;&nbsp;txranginginit_wait_send
<LI><a href="#[115]">&gt;&gt;</a>&nbsp;&nbsp;&nbsp;txblink_wait_send
<LI><a href="#[112]">&gt;&gt;</a>&nbsp;&nbsp;&nbsp;txexcit_ack_send
<LI><a href="#[110]">&gt;&gt;</a>&nbsp;&nbsp;&nbsp;txhelp_resp_send
<LI><a href="#[10e]">&gt;&gt;</a>&nbsp;&nbsp;&nbsp;txtdoa_wait_send
<LI><a href="#[70]">&gt;&gt;</a>&nbsp;&nbsp;&nbsp;txretreat_ack_send
<LI><a href="#[bc]">&gt;&gt;</a>&nbsp;&nbsp;&nbsp;txhelp_call_send
<LI><a href="#[bb]">&gt;&gt;</a>&nbsp;&nbsp;&nbsp;txexcit_wait_send
<LI><a href="#[aa]">&gt;&gt;</a>&nbsp;&nbsp;&nbsp;TdoaSendTagPollInTof
</UL>

<P><STRONG><a name="[b2]"></a>instancerxon</STRONG> (Thumb, 54 bytes, Stack size 24 bytes, instance.o(.text))
<BR><BR>[Stack]<UL><LI>Max Depth = 152<LI>Call Chain = instancerxon &rArr; dwt_rxenable &rArr; dwt_forcetrxoff &rArr; dwt_write32bitoffsetreg &rArr; dwt_writetodevice &rArr; writetospi &rArr; decamutexon
</UL>
<BR>[Calls]<UL><LI><a href="#[101]">&gt;&gt;</a>&nbsp;&nbsp;&nbsp;dwt_setdelayedtrxtime
<LI><a href="#[103]">&gt;&gt;</a>&nbsp;&nbsp;&nbsp;dwt_rxenable
<LI><a href="#[102]">&gt;&gt;</a>&nbsp;&nbsp;&nbsp;dwt_setrxmode
</UL>
<BR>[Called By]<UL><LI><a href="#[13b]">&gt;&gt;</a>&nbsp;&nbsp;&nbsp;instance_rxcallback
<LI><a href="#[130]">&gt;&gt;</a>&nbsp;&nbsp;&nbsp;testapprun
<LI><a href="#[111]">&gt;&gt;</a>&nbsp;&nbsp;&nbsp;ta_rxe_wait
<LI><a href="#[a4]">&gt;&gt;</a>&nbsp;&nbsp;&nbsp;AppEventsProcess
</UL>

<P><STRONG><a name="[104]"></a>instancesendpacket</STRONG> (Thumb, 94 bytes, Stack size 24 bytes, instance.o(.text))
<BR><BR>[Stack]<UL><LI>Max Depth = 168<LI>Call Chain = instancesendpacket &rArr; dwt_starttx &rArr; dwt_entersleepaftertx &rArr; dwt_read32bitoffsetreg &rArr; dwt_readfromdevice &rArr; readfromspi &rArr; decamutexon
</UL>
<BR>[Calls]<UL><LI><a href="#[101]">&gt;&gt;</a>&nbsp;&nbsp;&nbsp;dwt_setdelayedtrxtime
<LI><a href="#[b1]">&gt;&gt;</a>&nbsp;&nbsp;&nbsp;dwt_setrxtimeout
<LI><a href="#[106]">&gt;&gt;</a>&nbsp;&nbsp;&nbsp;dwt_writetxfctrl
<LI><a href="#[105]">&gt;&gt;</a>&nbsp;&nbsp;&nbsp;dwt_writetxdata
<LI><a href="#[107]">&gt;&gt;</a>&nbsp;&nbsp;&nbsp;dwt_starttx
</UL>
<BR>[Called By]<UL><LI><a href="#[126]">&gt;&gt;</a>&nbsp;&nbsp;&nbsp;txreport_wait_send
<LI><a href="#[124]">&gt;&gt;</a>&nbsp;&nbsp;&nbsp;txfinal_wait_send
<LI><a href="#[123]">&gt;&gt;</a>&nbsp;&nbsp;&nbsp;txresponse_wait_send
<LI><a href="#[11d]">&gt;&gt;</a>&nbsp;&nbsp;&nbsp;txpoll_wait_send
<LI><a href="#[11c]">&gt;&gt;</a>&nbsp;&nbsp;&nbsp;txranging_ack_wait_send
<LI><a href="#[11b]">&gt;&gt;</a>&nbsp;&nbsp;&nbsp;txranginginit_wait_send
<LI><a href="#[115]">&gt;&gt;</a>&nbsp;&nbsp;&nbsp;txblink_wait_send
<LI><a href="#[112]">&gt;&gt;</a>&nbsp;&nbsp;&nbsp;txexcit_ack_send
<LI><a href="#[110]">&gt;&gt;</a>&nbsp;&nbsp;&nbsp;txhelp_resp_send
<LI><a href="#[10e]">&gt;&gt;</a>&nbsp;&nbsp;&nbsp;txtdoa_wait_send
<LI><a href="#[70]">&gt;&gt;</a>&nbsp;&nbsp;&nbsp;txretreat_ack_send
<LI><a href="#[bc]">&gt;&gt;</a>&nbsp;&nbsp;&nbsp;txhelp_call_send
<LI><a href="#[bb]">&gt;&gt;</a>&nbsp;&nbsp;&nbsp;txexcit_wait_send
<LI><a href="#[aa]">&gt;&gt;</a>&nbsp;&nbsp;&nbsp;TdoaSendTagPollInTof
</UL>

<P><STRONG><a name="[108]"></a>powertest</STRONG> (Thumb, 172 bytes, Stack size 160 bytes, instance.o(.text), UNUSED)
<BR><BR>[Calls]<UL><LI><a href="#[e0]">&gt;&gt;</a>&nbsp;&nbsp;&nbsp;dwt_configuretxrf
<LI><a href="#[dd]">&gt;&gt;</a>&nbsp;&nbsp;&nbsp;dwt_configure
<LI><a href="#[10a]">&gt;&gt;</a>&nbsp;&nbsp;&nbsp;dwt_configcontinuousframemode
<LI><a href="#[5f]">&gt;&gt;</a>&nbsp;&nbsp;&nbsp;dwt_softreset
<LI><a href="#[5c]">&gt;&gt;</a>&nbsp;&nbsp;&nbsp;SPI_ConfigFastRate
<LI><a href="#[106]">&gt;&gt;</a>&nbsp;&nbsp;&nbsp;dwt_writetxfctrl
<LI><a href="#[105]">&gt;&gt;</a>&nbsp;&nbsp;&nbsp;dwt_writetxdata
<LI><a href="#[107]">&gt;&gt;</a>&nbsp;&nbsp;&nbsp;dwt_starttx
<LI><a href="#[109]">&gt;&gt;</a>&nbsp;&nbsp;&nbsp;__aeabi_memcpy4
</UL>

<P><STRONG><a name="[10b]"></a>xtalcalibration</STRONG> (Thumb, 78 bytes, Stack size 24 bytes, instance.o(.text), UNUSED)
<BR><BR>[Calls]<UL><LI><a href="#[e0]">&gt;&gt;</a>&nbsp;&nbsp;&nbsp;dwt_configuretxrf
<LI><a href="#[10c]">&gt;&gt;</a>&nbsp;&nbsp;&nbsp;dwt_configcwmode
<LI><a href="#[5f]">&gt;&gt;</a>&nbsp;&nbsp;&nbsp;dwt_softreset
<LI><a href="#[5c]">&gt;&gt;</a>&nbsp;&nbsp;&nbsp;SPI_ConfigFastRate
<LI><a href="#[10d]">&gt;&gt;</a>&nbsp;&nbsp;&nbsp;dwt_xtaltrim
</UL>

<P><STRONG><a name="[10e]"></a>txtdoa_wait_send</STRONG> (Thumb, 190 bytes, Stack size 16 bytes, instance.o(.text), UNUSED)
<BR><BR>[Calls]<UL><LI><a href="#[104]">&gt;&gt;</a>&nbsp;&nbsp;&nbsp;instancesendpacket
<LI><a href="#[ff]">&gt;&gt;</a>&nbsp;&nbsp;&nbsp;setupmacframedata
<LI><a href="#[5e]">&gt;&gt;</a>&nbsp;&nbsp;&nbsp;usleep
<LI><a href="#[b1]">&gt;&gt;</a>&nbsp;&nbsp;&nbsp;dwt_setrxtimeout
<LI><a href="#[a7]">&gt;&gt;</a>&nbsp;&nbsp;&nbsp;dwt_forcetrxoff
<LI><a href="#[55]">&gt;&gt;</a>&nbsp;&nbsp;&nbsp;PrintfUtil_vPrintf
</UL>
<BR>[Called By]<UL><LI><a href="#[10f]">&gt;&gt;</a>&nbsp;&nbsp;&nbsp;tdoa_send
</UL>

<P><STRONG><a name="[10f]"></a>tdoa_send</STRONG> (Thumb, 20 bytes, Stack size 8 bytes, instance.o(.text), UNUSED)
<BR><BR>[Calls]<UL><LI><a href="#[10e]">&gt;&gt;</a>&nbsp;&nbsp;&nbsp;txtdoa_wait_send
<LI><a href="#[95]">&gt;&gt;</a>&nbsp;&nbsp;&nbsp;instance_change_channel
</UL>

<P><STRONG><a name="[70]"></a>txretreat_ack_send</STRONG> (Thumb, 142 bytes, Stack size 16 bytes, instance.o(.text))
<BR><BR>[Stack]<UL><LI>Max Depth = 184<LI>Call Chain = txretreat_ack_send &rArr; instancesendpacket &rArr; dwt_starttx &rArr; dwt_entersleepaftertx &rArr; dwt_read32bitoffsetreg &rArr; dwt_readfromdevice &rArr; readfromspi &rArr; decamutexon
</UL>
<BR>[Calls]<UL><LI><a href="#[104]">&gt;&gt;</a>&nbsp;&nbsp;&nbsp;instancesendpacket
<LI><a href="#[ff]">&gt;&gt;</a>&nbsp;&nbsp;&nbsp;setupmacframedata
<LI><a href="#[5e]">&gt;&gt;</a>&nbsp;&nbsp;&nbsp;usleep
<LI><a href="#[b1]">&gt;&gt;</a>&nbsp;&nbsp;&nbsp;dwt_setrxtimeout
<LI><a href="#[a7]">&gt;&gt;</a>&nbsp;&nbsp;&nbsp;dwt_forcetrxoff
<LI><a href="#[55]">&gt;&gt;</a>&nbsp;&nbsp;&nbsp;PrintfUtil_vPrintf
</UL>
<BR>[Called By]<UL><LI><a href="#[6c]">&gt;&gt;</a>&nbsp;&nbsp;&nbsp;AppButtonProc
</UL>

<P><STRONG><a name="[bc]"></a>txhelp_call_send</STRONG> (Thumb, 102 bytes, Stack size 16 bytes, instance.o(.text))
<BR><BR>[Stack]<UL><LI>Max Depth = 184<LI>Call Chain = txhelp_call_send &rArr; instancesendpacket &rArr; dwt_starttx &rArr; dwt_entersleepaftertx &rArr; dwt_read32bitoffsetreg &rArr; dwt_readfromdevice &rArr; readfromspi &rArr; decamutexon
</UL>
<BR>[Calls]<UL><LI><a href="#[104]">&gt;&gt;</a>&nbsp;&nbsp;&nbsp;instancesendpacket
<LI><a href="#[ff]">&gt;&gt;</a>&nbsp;&nbsp;&nbsp;setupmacframedata
<LI><a href="#[5e]">&gt;&gt;</a>&nbsp;&nbsp;&nbsp;usleep
<LI><a href="#[b1]">&gt;&gt;</a>&nbsp;&nbsp;&nbsp;dwt_setrxtimeout
<LI><a href="#[a7]">&gt;&gt;</a>&nbsp;&nbsp;&nbsp;dwt_forcetrxoff
<LI><a href="#[55]">&gt;&gt;</a>&nbsp;&nbsp;&nbsp;PrintfUtil_vPrintf
</UL>
<BR>[Called By]<UL><LI><a href="#[130]">&gt;&gt;</a>&nbsp;&nbsp;&nbsp;testapprun
<LI><a href="#[a4]">&gt;&gt;</a>&nbsp;&nbsp;&nbsp;AppEventsProcess
</UL>

<P><STRONG><a name="[110]"></a>txhelp_resp_send</STRONG> (Thumb, 100 bytes, Stack size 16 bytes, instance.o(.text))
<BR><BR>[Stack]<UL><LI>Max Depth = 184<LI>Call Chain = txhelp_resp_send &rArr; instancesendpacket &rArr; dwt_starttx &rArr; dwt_entersleepaftertx &rArr; dwt_read32bitoffsetreg &rArr; dwt_readfromdevice &rArr; readfromspi &rArr; decamutexon
</UL>
<BR>[Calls]<UL><LI><a href="#[104]">&gt;&gt;</a>&nbsp;&nbsp;&nbsp;instancesendpacket
<LI><a href="#[ff]">&gt;&gt;</a>&nbsp;&nbsp;&nbsp;setupmacframedata
<LI><a href="#[5e]">&gt;&gt;</a>&nbsp;&nbsp;&nbsp;usleep
<LI><a href="#[b1]">&gt;&gt;</a>&nbsp;&nbsp;&nbsp;dwt_setrxtimeout
<LI><a href="#[a7]">&gt;&gt;</a>&nbsp;&nbsp;&nbsp;dwt_forcetrxoff
<LI><a href="#[55]">&gt;&gt;</a>&nbsp;&nbsp;&nbsp;PrintfUtil_vPrintf
</UL>
<BR>[Called By]<UL><LI><a href="#[130]">&gt;&gt;</a>&nbsp;&nbsp;&nbsp;testapprun
</UL>

<P><STRONG><a name="[111]"></a>ta_rxe_wait</STRONG> (Thumb, 134 bytes, Stack size 24 bytes, instance.o(.text))
<BR><BR>[Stack]<UL><LI>Max Depth = 176<LI>Call Chain = ta_rxe_wait &rArr; instancerxon &rArr; dwt_rxenable &rArr; dwt_forcetrxoff &rArr; dwt_write32bitoffsetreg &rArr; dwt_writetodevice &rArr; writetospi &rArr; decamutexon
</UL>
<BR>[Calls]<UL><LI><a href="#[fa]">&gt;&gt;</a>&nbsp;&nbsp;&nbsp;__aeabi_cdrcmple
<LI><a href="#[b2]">&gt;&gt;</a>&nbsp;&nbsp;&nbsp;instancerxon
<LI><a href="#[b1]">&gt;&gt;</a>&nbsp;&nbsp;&nbsp;dwt_setrxtimeout
</UL>
<BR>[Called By]<UL><LI><a href="#[130]">&gt;&gt;</a>&nbsp;&nbsp;&nbsp;testapprun
<LI><a href="#[12f]">&gt;&gt;</a>&nbsp;&nbsp;&nbsp;ta_tx_wait_conf
<LI><a href="#[12b]">&gt;&gt;</a>&nbsp;&nbsp;&nbsp;init_anchor
<LI><a href="#[126]">&gt;&gt;</a>&nbsp;&nbsp;&nbsp;txreport_wait_send
<LI><a href="#[123]">&gt;&gt;</a>&nbsp;&nbsp;&nbsp;txresponse_wait_send
<LI><a href="#[11b]">&gt;&gt;</a>&nbsp;&nbsp;&nbsp;txranginginit_wait_send
<LI><a href="#[112]">&gt;&gt;</a>&nbsp;&nbsp;&nbsp;txexcit_ack_send
<LI><a href="#[bb]">&gt;&gt;</a>&nbsp;&nbsp;&nbsp;txexcit_wait_send
<LI><a href="#[ba]">&gt;&gt;</a>&nbsp;&nbsp;&nbsp;instance_run
</UL>

<P><STRONG><a name="[bb]"></a>txexcit_wait_send</STRONG> (Thumb, 90 bytes, Stack size 16 bytes, instance.o(.text))
<BR><BR>[Stack]<UL><LI>Max Depth = 192<LI>Call Chain = txexcit_wait_send &rArr; ta_rxe_wait &rArr; instancerxon &rArr; dwt_rxenable &rArr; dwt_forcetrxoff &rArr; dwt_write32bitoffsetreg &rArr; dwt_writetodevice &rArr; writetospi &rArr; decamutexon
</UL>
<BR>[Calls]<UL><LI><a href="#[111]">&gt;&gt;</a>&nbsp;&nbsp;&nbsp;ta_rxe_wait
<LI><a href="#[104]">&gt;&gt;</a>&nbsp;&nbsp;&nbsp;instancesendpacket
<LI><a href="#[ff]">&gt;&gt;</a>&nbsp;&nbsp;&nbsp;setupmacframedata
<LI><a href="#[b1]">&gt;&gt;</a>&nbsp;&nbsp;&nbsp;dwt_setrxtimeout
<LI><a href="#[a7]">&gt;&gt;</a>&nbsp;&nbsp;&nbsp;dwt_forcetrxoff
<LI><a href="#[55]">&gt;&gt;</a>&nbsp;&nbsp;&nbsp;PrintfUtil_vPrintf
</UL>
<BR>[Called By]<UL><LI><a href="#[a4]">&gt;&gt;</a>&nbsp;&nbsp;&nbsp;AppEventsProcess
</UL>

<P><STRONG><a name="[112]"></a>txexcit_ack_send</STRONG> (Thumb, 82 bytes, Stack size 8 bytes, instance.o(.text))
<BR><BR>[Stack]<UL><LI>Max Depth = 184<LI>Call Chain = txexcit_ack_send &rArr; ta_rxe_wait &rArr; instancerxon &rArr; dwt_rxenable &rArr; dwt_forcetrxoff &rArr; dwt_write32bitoffsetreg &rArr; dwt_writetodevice &rArr; writetospi &rArr; decamutexon
</UL>
<BR>[Calls]<UL><LI><a href="#[111]">&gt;&gt;</a>&nbsp;&nbsp;&nbsp;ta_rxe_wait
<LI><a href="#[104]">&gt;&gt;</a>&nbsp;&nbsp;&nbsp;instancesendpacket
<LI><a href="#[ff]">&gt;&gt;</a>&nbsp;&nbsp;&nbsp;setupmacframedata
<LI><a href="#[b1]">&gt;&gt;</a>&nbsp;&nbsp;&nbsp;dwt_setrxtimeout
<LI><a href="#[a7]">&gt;&gt;</a>&nbsp;&nbsp;&nbsp;dwt_forcetrxoff
<LI><a href="#[55]">&gt;&gt;</a>&nbsp;&nbsp;&nbsp;PrintfUtil_vPrintf
</UL>
<BR>[Called By]<UL><LI><a href="#[130]">&gt;&gt;</a>&nbsp;&nbsp;&nbsp;testapprun
</UL>

<P><STRONG><a name="[113]"></a>TdoaStationTest1</STRONG> (Thumb, 10 bytes, Stack size 8 bytes, instance.o(.text), UNUSED)
<BR><BR>[Calls]<UL><LI><a href="#[55]">&gt;&gt;</a>&nbsp;&nbsp;&nbsp;PrintfUtil_vPrintf
</UL>

<P><STRONG><a name="[114]"></a>TdoaStationTest2</STRONG> (Thumb, 10 bytes, Stack size 8 bytes, instance.o(.text), UNUSED)
<BR><BR>[Calls]<UL><LI><a href="#[55]">&gt;&gt;</a>&nbsp;&nbsp;&nbsp;PrintfUtil_vPrintf
</UL>

<P><STRONG><a name="[aa]"></a>TdoaSendTagPollInTof</STRONG> (Thumb, 138 bytes, Stack size 16 bytes, instance.o(.text))
<BR><BR>[Stack]<UL><LI>Max Depth = 184<LI>Call Chain = TdoaSendTagPollInTof &rArr; instancesendpacket &rArr; dwt_starttx &rArr; dwt_entersleepaftertx &rArr; dwt_read32bitoffsetreg &rArr; dwt_readfromdevice &rArr; readfromspi &rArr; decamutexon
</UL>
<BR>[Calls]<UL><LI><a href="#[104]">&gt;&gt;</a>&nbsp;&nbsp;&nbsp;instancesendpacket
<LI><a href="#[ff]">&gt;&gt;</a>&nbsp;&nbsp;&nbsp;setupmacframedata
<LI><a href="#[9d]">&gt;&gt;</a>&nbsp;&nbsp;&nbsp;dwt_setleds
<LI><a href="#[bf]">&gt;&gt;</a>&nbsp;&nbsp;&nbsp;TdoaGetOldLocalInstStructurePtr
<LI><a href="#[55]">&gt;&gt;</a>&nbsp;&nbsp;&nbsp;PrintfUtil_vPrintf
</UL>
<BR>[Called By]<UL><LI><a href="#[a4]">&gt;&gt;</a>&nbsp;&nbsp;&nbsp;AppEventsProcess
</UL>

<P><STRONG><a name="[9e]"></a>instance_get_slot_starttick</STRONG> (Thumb, 8 bytes, Stack size 0 bytes, instance.o(.text))
<BR><BR>[Called By]<UL><LI><a href="#[130]">&gt;&gt;</a>&nbsp;&nbsp;&nbsp;testapprun
<LI><a href="#[11d]">&gt;&gt;</a>&nbsp;&nbsp;&nbsp;txpoll_wait_send
<LI><a href="#[115]">&gt;&gt;</a>&nbsp;&nbsp;&nbsp;txblink_wait_send
<LI><a href="#[9b]">&gt;&gt;</a>&nbsp;&nbsp;&nbsp;App_SleepProc
</UL>

<P><STRONG><a name="[115]"></a>txblink_wait_send</STRONG> (Thumb, 614 bytes, Stack size 32 bytes, instance.o(.text))
<BR><BR>[Stack]<UL><LI>Max Depth = 200<LI>Call Chain = txblink_wait_send &rArr; instancesendpacket &rArr; dwt_starttx &rArr; dwt_entersleepaftertx &rArr; dwt_read32bitoffsetreg &rArr; dwt_readfromdevice &rArr; readfromspi &rArr; decamutexon
</UL>
<BR>[Calls]<UL><LI><a href="#[104]">&gt;&gt;</a>&nbsp;&nbsp;&nbsp;instancesendpacket
<LI><a href="#[ff]">&gt;&gt;</a>&nbsp;&nbsp;&nbsp;setupmacframedata
<LI><a href="#[118]">&gt;&gt;</a>&nbsp;&nbsp;&nbsp;u16GetIdleSlot_TOF5s
<LI><a href="#[117]">&gt;&gt;</a>&nbsp;&nbsp;&nbsp;u16GetIdleSlot_TOF1s
<LI><a href="#[119]">&gt;&gt;</a>&nbsp;&nbsp;&nbsp;instance_inset_alarmmsg
<LI><a href="#[9e]">&gt;&gt;</a>&nbsp;&nbsp;&nbsp;instance_get_slot_starttick
<LI><a href="#[b1]">&gt;&gt;</a>&nbsp;&nbsp;&nbsp;dwt_setrxtimeout
<LI><a href="#[a7]">&gt;&gt;</a>&nbsp;&nbsp;&nbsp;dwt_forcetrxoff
<LI><a href="#[55]">&gt;&gt;</a>&nbsp;&nbsp;&nbsp;PrintfUtil_vPrintf
<LI><a href="#[116]">&gt;&gt;</a>&nbsp;&nbsp;&nbsp;portGetTickCnt
</UL>
<BR>[Called By]<UL><LI><a href="#[130]">&gt;&gt;</a>&nbsp;&nbsp;&nbsp;testapprun
<LI><a href="#[11a]">&gt;&gt;</a>&nbsp;&nbsp;&nbsp;blink_in_slotend
</UL>

<P><STRONG><a name="[11a]"></a>blink_in_slotend</STRONG> (Thumb, 18 bytes, Stack size 8 bytes, instance.o(.text))
<BR><BR>[Stack]<UL><LI>Max Depth = 208<LI>Call Chain = blink_in_slotend &rArr; txblink_wait_send &rArr; instancesendpacket &rArr; dwt_starttx &rArr; dwt_entersleepaftertx &rArr; dwt_read32bitoffsetreg &rArr; dwt_readfromdevice &rArr; readfromspi &rArr; decamutexon
</UL>
<BR>[Calls]<UL><LI><a href="#[115]">&gt;&gt;</a>&nbsp;&nbsp;&nbsp;txblink_wait_send
<LI><a href="#[95]">&gt;&gt;</a>&nbsp;&nbsp;&nbsp;instance_change_channel
</UL>
<BR>[Called By]<UL><LI><a href="#[11d]">&gt;&gt;</a>&nbsp;&nbsp;&nbsp;txpoll_wait_send
</UL>

<P><STRONG><a name="[11b]"></a>txranginginit_wait_send</STRONG> (Thumb, 134 bytes, Stack size 8 bytes, instance.o(.text))
<BR><BR>[Stack]<UL><LI>Max Depth = 184<LI>Call Chain = txranginginit_wait_send &rArr; ta_rxe_wait &rArr; instancerxon &rArr; dwt_rxenable &rArr; dwt_forcetrxoff &rArr; dwt_write32bitoffsetreg &rArr; dwt_writetodevice &rArr; writetospi &rArr; decamutexon
</UL>
<BR>[Calls]<UL><LI><a href="#[111]">&gt;&gt;</a>&nbsp;&nbsp;&nbsp;ta_rxe_wait
<LI><a href="#[104]">&gt;&gt;</a>&nbsp;&nbsp;&nbsp;instancesendpacket
<LI><a href="#[ff]">&gt;&gt;</a>&nbsp;&nbsp;&nbsp;setupmacframedata
<LI><a href="#[b1]">&gt;&gt;</a>&nbsp;&nbsp;&nbsp;dwt_setrxtimeout
<LI><a href="#[55]">&gt;&gt;</a>&nbsp;&nbsp;&nbsp;PrintfUtil_vPrintf
<LI><a href="#[116]">&gt;&gt;</a>&nbsp;&nbsp;&nbsp;portGetTickCnt
</UL>
<BR>[Called By]<UL><LI><a href="#[130]">&gt;&gt;</a>&nbsp;&nbsp;&nbsp;testapprun
</UL>

<P><STRONG><a name="[11c]"></a>txranging_ack_wait_send</STRONG> (Thumb, 154 bytes, Stack size 16 bytes, instance.o(.text))
<BR><BR>[Stack]<UL><LI>Max Depth = 184<LI>Call Chain = txranging_ack_wait_send &rArr; instancesendpacket &rArr; dwt_starttx &rArr; dwt_entersleepaftertx &rArr; dwt_read32bitoffsetreg &rArr; dwt_readfromdevice &rArr; readfromspi &rArr; decamutexon
</UL>
<BR>[Calls]<UL><LI><a href="#[104]">&gt;&gt;</a>&nbsp;&nbsp;&nbsp;instancesendpacket
<LI><a href="#[ff]">&gt;&gt;</a>&nbsp;&nbsp;&nbsp;setupmacframedata
<LI><a href="#[b1]">&gt;&gt;</a>&nbsp;&nbsp;&nbsp;dwt_setrxtimeout
<LI><a href="#[a7]">&gt;&gt;</a>&nbsp;&nbsp;&nbsp;dwt_forcetrxoff
</UL>
<BR>[Called By]<UL><LI><a href="#[130]">&gt;&gt;</a>&nbsp;&nbsp;&nbsp;testapprun
</UL>

<P><STRONG><a name="[11d]"></a>txpoll_wait_send</STRONG> (Thumb, 334 bytes, Stack size 24 bytes, instance.o(.text))
<BR><BR>[Stack]<UL><LI>Max Depth = 232<LI>Call Chain = txpoll_wait_send &rArr; blink_in_slotend &rArr; txblink_wait_send &rArr; instancesendpacket &rArr; dwt_starttx &rArr; dwt_entersleepaftertx &rArr; dwt_read32bitoffsetreg &rArr; dwt_readfromdevice &rArr; readfromspi &rArr; decamutexon
</UL>
<BR>[Calls]<UL><LI><a href="#[11a]">&gt;&gt;</a>&nbsp;&nbsp;&nbsp;blink_in_slotend
<LI><a href="#[104]">&gt;&gt;</a>&nbsp;&nbsp;&nbsp;instancesendpacket
<LI><a href="#[ff]">&gt;&gt;</a>&nbsp;&nbsp;&nbsp;setupmacframedata
<LI><a href="#[11e]">&gt;&gt;</a>&nbsp;&nbsp;&nbsp;get_curslot_destaddr
<LI><a href="#[11f]">&gt;&gt;</a>&nbsp;&nbsp;&nbsp;instance_get_curseq
<LI><a href="#[e6]">&gt;&gt;</a>&nbsp;&nbsp;&nbsp;instance_set_cardidle
<LI><a href="#[121]">&gt;&gt;</a>&nbsp;&nbsp;&nbsp;instance_check_chgdevtype
<LI><a href="#[120]">&gt;&gt;</a>&nbsp;&nbsp;&nbsp;instance_get_Alarmstatus
[...]

<P><STRONG><a name="[3b]"></a>__scatterload</STRONG> (Thumb, 28 bytes, Stack size 0 bytes, init.o(.text))
<BR><BR>[Calls]<UL><LI><a href="#[26f]">&gt;&gt;</a>&nbsp;&nbsp;&nbsp;__main_after_scatterload
</UL>
<BR>[Called By]<UL><LI><a href="#[3a]">&gt;&gt;</a>&nbsp;&nbsp;&nbsp;_main_scatterload
</UL>

<P><STRONG><a name="[39f]"></a>__scatterload_rt2</STRONG> (Thumb, 0 bytes, Stack size 0 bytes, init.o(.text), UNUSED)

<P><STRONG><a name="[3a0]"></a>__decompress</STRONG> (Thumb, 0 bytes, Stack size unknown bytes, __dczerorl2.o(.text), UNUSED)

<P><STRONG><a name="[3a1]"></a>__decompress1</STRONG> (Thumb, 86 bytes, Stack size unknown bytes, __dczerorl2.o(.text), UNUSED)

<P><STRONG><a name="[270]"></a>__0printf$bare</STRONG> (Thumb, 8 bytes, Stack size 0 bytes, printfb.o(i.__0printf$bare), UNUSED)
<BR><BR>[Calls]<UL><LI><a href="#[271]">&gt;&gt;</a>&nbsp;&nbsp;&nbsp;_printf_core
</UL>

<P><STRONG><a name="[3a2]"></a>__1printf$bare</STRONG> (Thumb, 0 bytes, Stack size 0 bytes, printfb.o(i.__0printf$bare), UNUSED)

<P><STRONG><a name="[251]"></a>__2printf</STRONG> (Thumb, 0 bytes, Stack size 0 bytes, printfb.o(i.__0printf$bare), UNUSED)
<BR><BR>[Called By]<UL><LI><a href="#[250]">&gt;&gt;</a>&nbsp;&nbsp;&nbsp;_dwt_nvmprogword32
</UL>

<P><STRONG><a name="[272]"></a>__kernel_poly</STRONG> (Thumb, 170 bytes, Stack size 24 bytes, poly.o(i.__kernel_poly))
<BR><BR>[Stack]<UL><LI>Max Depth = 112<LI>Call Chain = __kernel_poly &rArr; __aeabi_dmul &rArr; _double_epilogue &rArr; _double_round
</UL>
<BR>[Calls]<UL><LI><a href="#[e8]">&gt;&gt;</a>&nbsp;&nbsp;&nbsp;__aeabi_dmul
<LI><a href="#[4c]">&gt;&gt;</a>&nbsp;&nbsp;&nbsp;__aeabi_dadd
</UL>
<BR>[Called By]<UL><LI><a href="#[277]">&gt;&gt;</a>&nbsp;&nbsp;&nbsp;log
</UL>

<P><STRONG><a name="[273]"></a>__mathlib_dbl_divzero</STRONG> (Thumb, 12 bytes, Stack size 0 bytes, dunder.o(i.__mathlib_dbl_divzero))
<BR><BR>[Stack]<UL><LI>Max Depth = 40<LI>Call Chain = __mathlib_dbl_divzero &rArr; __aeabi_ddiv &rArr; _double_round
</UL>
<BR>[Calls]<UL><LI><a href="#[4b]">&gt;&gt;</a>&nbsp;&nbsp;&nbsp;__aeabi_ddiv
</UL>
<BR>[Called By]<UL><LI><a href="#[ef]">&gt;&gt;</a>&nbsp;&nbsp;&nbsp;log10
<LI><a href="#[277]">&gt;&gt;</a>&nbsp;&nbsp;&nbsp;log
</UL>

<P><STRONG><a name="[274]"></a>__mathlib_dbl_infnan</STRONG> (Thumb, 6 bytes, Stack size 0 bytes, dunder.o(i.__mathlib_dbl_infnan))
<BR><BR>[Stack]<UL><LI>Max Depth = 16<LI>Call Chain = __mathlib_dbl_infnan &rArr; __ARM_scalbn
</UL>
<BR>[Calls]<UL><LI><a href="#[275]">&gt;&gt;</a>&nbsp;&nbsp;&nbsp;__ARM_scalbn
</UL>
<BR>[Called By]<UL><LI><a href="#[ef]">&gt;&gt;</a>&nbsp;&nbsp;&nbsp;log10
<LI><a href="#[277]">&gt;&gt;</a>&nbsp;&nbsp;&nbsp;log
</UL>

<P><STRONG><a name="[276]"></a>__mathlib_dbl_invalid</STRONG> (Thumb, 12 bytes, Stack size 0 bytes, dunder.o(i.__mathlib_dbl_invalid))
<BR><BR>[Stack]<UL><LI>Max Depth = 40<LI>Call Chain = __mathlib_dbl_invalid &rArr; __aeabi_ddiv &rArr; _double_round
</UL>
<BR>[Calls]<UL><LI><a href="#[4b]">&gt;&gt;</a>&nbsp;&nbsp;&nbsp;__aeabi_ddiv
</UL>
<BR>[Called By]<UL><LI><a href="#[ef]">&gt;&gt;</a>&nbsp;&nbsp;&nbsp;log10
<LI><a href="#[277]">&gt;&gt;</a>&nbsp;&nbsp;&nbsp;log
</UL>

<P><STRONG><a name="[3a3]"></a>__scatterload_copy</STRONG> (Thumb, 14 bytes, Stack size unknown bytes, handlers.o(i.__scatterload_copy), UNUSED)

<P><STRONG><a name="[3a4]"></a>__scatterload_null</STRONG> (Thumb, 2 bytes, Stack size unknown bytes, handlers.o(i.__scatterload_null), UNUSED)

<P><STRONG><a name="[3a5]"></a>__scatterload_zeroinit</STRONG> (Thumb, 14 bytes, Stack size unknown bytes, handlers.o(i.__scatterload_zeroinit), UNUSED)

<P><STRONG><a name="[278]"></a>__set_errno</STRONG> (Thumb, 6 bytes, Stack size 0 bytes, errno.o(i.__set_errno))
<BR><BR>[Called By]<UL><LI><a href="#[ef]">&gt;&gt;</a>&nbsp;&nbsp;&nbsp;log10
<LI><a href="#[277]">&gt;&gt;</a>&nbsp;&nbsp;&nbsp;log
</UL>

<P><STRONG><a name="[277]"></a>log</STRONG> (Thumb, 808 bytes, Stack size 96 bytes, log.o(i.log))
<BR><BR>[Stack]<UL><LI>Max Depth = 208<LI>Call Chain = log &rArr; __kernel_poly &rArr; __aeabi_dmul &rArr; _double_epilogue &rArr; _double_round
</UL>
<BR>[Calls]<UL><LI><a href="#[f0]">&gt;&gt;</a>&nbsp;&nbsp;&nbsp;__aeabi_dsub
<LI><a href="#[fd]">&gt;&gt;</a>&nbsp;&nbsp;&nbsp;__aeabi_drsub
<LI><a href="#[e8]">&gt;&gt;</a>&nbsp;&nbsp;&nbsp;__aeabi_dmul
<LI><a href="#[4a]">&gt;&gt;</a>&nbsp;&nbsp;&nbsp;__aeabi_i2d
<LI><a href="#[4b]">&gt;&gt;</a>&nbsp;&nbsp;&nbsp;__aeabi_ddiv
<LI><a href="#[4c]">&gt;&gt;</a>&nbsp;&nbsp;&nbsp;__aeabi_dadd
<LI><a href="#[275]">&gt;&gt;</a>&nbsp;&nbsp;&nbsp;__ARM_scalbn
<LI><a href="#[272]">&gt;&gt;</a>&nbsp;&nbsp;&nbsp;__kernel_poly
<LI><a href="#[278]">&gt;&gt;</a>&nbsp;&nbsp;&nbsp;__set_errno
<LI><a href="#[276]">&gt;&gt;</a>&nbsp;&nbsp;&nbsp;__mathlib_dbl_invalid
<LI><a href="#[274]">&gt;&gt;</a>&nbsp;&nbsp;&nbsp;__mathlib_dbl_infnan
<LI><a href="#[273]">&gt;&gt;</a>&nbsp;&nbsp;&nbsp;__mathlib_dbl_divzero
<LI><a href="#[279]">&gt;&gt;</a>&nbsp;&nbsp;&nbsp;__aeabi_cdcmpeq
</UL>
<BR>[Called By]<UL><LI><a href="#[ef]">&gt;&gt;</a>&nbsp;&nbsp;&nbsp;log10
</UL>

<P><STRONG><a name="[ef]"></a>log10</STRONG> (Thumb, 198 bytes, Stack size 24 bytes, log10.o(i.log10))
<BR><BR>[Stack]<UL><LI>Max Depth = 232<LI>Call Chain = log10 &rArr; log &rArr; __kernel_poly &rArr; __aeabi_dmul &rArr; _double_epilogue &rArr; _double_round
</UL>
<BR>[Calls]<UL><LI><a href="#[e8]">&gt;&gt;</a>&nbsp;&nbsp;&nbsp;__aeabi_dmul
<LI><a href="#[4a]">&gt;&gt;</a>&nbsp;&nbsp;&nbsp;__aeabi_i2d
<LI><a href="#[4c]">&gt;&gt;</a>&nbsp;&nbsp;&nbsp;__aeabi_dadd
<LI><a href="#[275]">&gt;&gt;</a>&nbsp;&nbsp;&nbsp;__ARM_scalbn
<LI><a href="#[278]">&gt;&gt;</a>&nbsp;&nbsp;&nbsp;__set_errno
<LI><a href="#[277]">&gt;&gt;</a>&nbsp;&nbsp;&nbsp;log
<LI><a href="#[276]">&gt;&gt;</a>&nbsp;&nbsp;&nbsp;__mathlib_dbl_invalid
<LI><a href="#[274]">&gt;&gt;</a>&nbsp;&nbsp;&nbsp;__mathlib_dbl_infnan
<LI><a href="#[273]">&gt;&gt;</a>&nbsp;&nbsp;&nbsp;__mathlib_dbl_divzero
</UL>
<BR>[Called By]<UL><LI><a href="#[f2]">&gt;&gt;</a>&nbsp;&nbsp;&nbsp;rx_power_lever1
<LI><a href="#[ed]">&gt;&gt;</a>&nbsp;&nbsp;&nbsp;rx_power_lever
<LI><a href="#[183]">&gt;&gt;</a>&nbsp;&nbsp;&nbsp;TdoaInstRxRssiLevel
</UL>
<P>
<H3>
Local Symbols
</H3>
<P><STRONG><a name="[53]"></a>Check_card_lostnum</STRONG> (Thumb, 72 bytes, Stack size 8 bytes, application.o(.text), UNUSED)
<BR><BR>[Calls]<UL><LI><a href="#[54]">&gt;&gt;</a>&nbsp;&nbsp;&nbsp;instance_set_idle
<LI><a href="#[55]">&gt;&gt;</a>&nbsp;&nbsp;&nbsp;PrintfUtil_vPrintf
</UL>
<BR>[Called By]<UL><LI><a href="#[9b]">&gt;&gt;</a>&nbsp;&nbsp;&nbsp;App_SleepProc
</UL>

<P><STRONG><a name="[62]"></a>Beep_and_redflsh</STRONG> (Thumb, 20 bytes, Stack size 8 bytes, application.o(.text))
<BR><BR>[Stack]<UL><LI>Max Depth = 76<LI>Call Chain = Beep_and_redflsh &rArr; BEEP_Start &rArr; BEEP_Configuration &rArr; GPIO_PinAFConfig
</UL>
<BR>[Calls]<UL><LI><a href="#[43]">&gt;&gt;</a>&nbsp;&nbsp;&nbsp;event_timer_add
<LI><a href="#[63]">&gt;&gt;</a>&nbsp;&nbsp;&nbsp;BEEP_Start
<LI><a href="#[44]">&gt;&gt;</a>&nbsp;&nbsp;&nbsp;AppRedLedFlash
</UL>
<BR>[Called By]<UL><LI><a href="#[6a]">&gt;&gt;</a>&nbsp;&nbsp;&nbsp;AppAlarmProc
<LI><a href="#[65]">&gt;&gt;</a>&nbsp;&nbsp;&nbsp;AppHelpProc
</UL>

<P><STRONG><a name="[64]"></a>AppHelpBegin</STRONG> (Thumb, 18 bytes, Stack size 4 bytes, application.o(.text), UNUSED)
<BR><BR>[Calls]<UL><LI><a href="#[42]">&gt;&gt;</a>&nbsp;&nbsp;&nbsp;AppSleepOff
</UL>

<P><STRONG><a name="[65]"></a>AppHelpProc</STRONG> (Thumb, 206 bytes, Stack size 8 bytes, application.o(.text))
<BR><BR>[Stack]<UL><LI>Max Depth = 84<LI>Call Chain = AppHelpProc &rArr; Beep_and_redflsh &rArr; BEEP_Start &rArr; BEEP_Configuration &rArr; GPIO_PinAFConfig
</UL>
<BR>[Calls]<UL><LI><a href="#[69]">&gt;&gt;</a>&nbsp;&nbsp;&nbsp;instance_reset_helpstatus
<LI><a href="#[66]">&gt;&gt;</a>&nbsp;&nbsp;&nbsp;instance_get_helpstatus
<LI><a href="#[67]">&gt;&gt;</a>&nbsp;&nbsp;&nbsp;event_timer_unset
<LI><a href="#[68]">&gt;&gt;</a>&nbsp;&nbsp;&nbsp;event_timer_del
<LI><a href="#[43]">&gt;&gt;</a>&nbsp;&nbsp;&nbsp;event_timer_add
<LI><a href="#[52]">&gt;&gt;</a>&nbsp;&nbsp;&nbsp;MOTOR_Stop
<LI><a href="#[51]">&gt;&gt;</a>&nbsp;&nbsp;&nbsp;BEEP_Stop
<LI><a href="#[40]">&gt;&gt;</a>&nbsp;&nbsp;&nbsp;AppGreenLedFlash
<LI><a href="#[62]">&gt;&gt;</a>&nbsp;&nbsp;&nbsp;Beep_and_redflsh
</UL>
<BR>[Called By]<UL><LI><a href="#[a4]">&gt;&gt;</a>&nbsp;&nbsp;&nbsp;AppEventsProcess
</UL>

<P><STRONG><a name="[6a]"></a>AppAlarmProc</STRONG> (Thumb, 148 bytes, Stack size 8 bytes, application.o(.text))
<BR><BR>[Stack]<UL><LI>Max Depth = 84<LI>Call Chain = AppAlarmProc &rArr; Beep_and_redflsh &rArr; BEEP_Start &rArr; BEEP_Configuration &rArr; GPIO_PinAFConfig
</UL>
<BR>[Calls]<UL><LI><a href="#[43]">&gt;&gt;</a>&nbsp;&nbsp;&nbsp;event_timer_add
<LI><a href="#[6b]">&gt;&gt;</a>&nbsp;&nbsp;&nbsp;MOTOR_Start
<LI><a href="#[4f]">&gt;&gt;</a>&nbsp;&nbsp;&nbsp;Stop_ledvbeep
<LI><a href="#[62]">&gt;&gt;</a>&nbsp;&nbsp;&nbsp;Beep_and_redflsh
</UL>
<BR>[Called By]<UL><LI><a href="#[a4]">&gt;&gt;</a>&nbsp;&nbsp;&nbsp;AppEventsProcess
</UL>

<P><STRONG><a name="[6c]"></a>AppButtonProc</STRONG> (Thumb, 334 bytes, Stack size 8 bytes, application.o(.text))
<BR><BR>[Stack]<UL><LI>Max Depth = 192<LI>Call Chain = AppButtonProc &rArr; txretreat_ack_send &rArr; instancesendpacket &rArr; dwt_starttx &rArr; dwt_entersleepaftertx &rArr; dwt_read32bitoffsetreg &rArr; dwt_readfromdevice &rArr; readfromspi &rArr; decamutexon
</UL>
<BR>[Calls]<UL><LI><a href="#[70]">&gt;&gt;</a>&nbsp;&nbsp;&nbsp;txretreat_ack_send
<LI><a href="#[6f]">&gt;&gt;</a>&nbsp;&nbsp;&nbsp;instance_set_helpexcit
<LI><a href="#[6e]">&gt;&gt;</a>&nbsp;&nbsp;&nbsp;event_timer_set
<LI><a href="#[68]">&gt;&gt;</a>&nbsp;&nbsp;&nbsp;event_timer_del
<LI><a href="#[43]">&gt;&gt;</a>&nbsp;&nbsp;&nbsp;event_timer_add
<LI><a href="#[6d]">&gt;&gt;</a>&nbsp;&nbsp;&nbsp;BUTTON_KeyCode_Read
<LI><a href="#[51]">&gt;&gt;</a>&nbsp;&nbsp;&nbsp;BEEP_Stop
</UL>
<BR>[Called By]<UL><LI><a href="#[a4]">&gt;&gt;</a>&nbsp;&nbsp;&nbsp;AppEventsProcess
</UL>

<P><STRONG><a name="[99]"></a>check_chang_ST</STRONG> (Thumb, 42 bytes, Stack size 8 bytes, application.o(.text), UNUSED)
<BR><BR>[Calls]<UL><LI><a href="#[9a]">&gt;&gt;</a>&nbsp;&nbsp;&nbsp;instance_get_rssi
<LI><a href="#[43]">&gt;&gt;</a>&nbsp;&nbsp;&nbsp;event_timer_add
</UL>

<P><STRONG><a name="[9b]"></a>App_SleepProc</STRONG> (Thumb, 812 bytes, Stack size 56 bytes, application.o(.text), UNUSED)
<BR><BR>[Calls]<UL><LI><a href="#[9f]">&gt;&gt;</a>&nbsp;&nbsp;&nbsp;system_sleep
<LI><a href="#[a3]">&gt;&gt;</a>&nbsp;&nbsp;&nbsp;reset_appstate
<LI><a href="#[a2]">&gt;&gt;</a>&nbsp;&nbsp;&nbsp;instance_set_slot_starttick
<LI><a href="#[54]">&gt;&gt;</a>&nbsp;&nbsp;&nbsp;instance_set_idle
<LI><a href="#[7a]">&gt;&gt;</a>&nbsp;&nbsp;&nbsp;instance_set_AnchorPanid
<LI><a href="#[9c]">&gt;&gt;</a>&nbsp;&nbsp;&nbsp;instance_get_uptick
<LI><a href="#[9e]">&gt;&gt;</a>&nbsp;&nbsp;&nbsp;instance_get_slot_starttick
<LI><a href="#[a1]">&gt;&gt;</a>&nbsp;&nbsp;&nbsp;instance_get_powerlever
<LI><a href="#[6e]">&gt;&gt;</a>&nbsp;&nbsp;&nbsp;event_timer_set
<LI><a href="#[43]">&gt;&gt;</a>&nbsp;&nbsp;&nbsp;event_timer_add
<LI><a href="#[9d]">&gt;&gt;</a>&nbsp;&nbsp;&nbsp;dwt_setleds
<LI><a href="#[a0]">&gt;&gt;</a>&nbsp;&nbsp;&nbsp;dec_sleep_wakeup
<LI><a href="#[55]">&gt;&gt;</a>&nbsp;&nbsp;&nbsp;PrintfUtil_vPrintf
<LI><a href="#[7d]">&gt;&gt;</a>&nbsp;&nbsp;&nbsp;GetSysClock
<LI><a href="#[41]">&gt;&gt;</a>&nbsp;&nbsp;&nbsp;GPIO_ResetBits
<LI><a href="#[5a]">&gt;&gt;</a>&nbsp;&nbsp;&nbsp;card_reset_dw1000
<LI><a href="#[4f]">&gt;&gt;</a>&nbsp;&nbsp;&nbsp;Stop_ledvbeep
<LI><a href="#[53]">&gt;&gt;</a>&nbsp;&nbsp;&nbsp;Check_card_lostnum
</UL>

<P><STRONG><a name="[d7]"></a>_event_timer_idx</STRONG> (Thumb, 28 bytes, Stack size 0 bytes, timer_event.o(.text))
<BR><BR>[Called By]<UL><LI><a href="#[68]">&gt;&gt;</a>&nbsp;&nbsp;&nbsp;event_timer_del
<LI><a href="#[c7]">&gt;&gt;</a>&nbsp;&nbsp;&nbsp;event_timer_add_reload
<LI><a href="#[43]">&gt;&gt;</a>&nbsp;&nbsp;&nbsp;event_timer_add
</UL>

<P><STRONG><a name="[168]"></a>SPI2_SendByte</STRONG> (Thumb, 50 bytes, Stack size 8 bytes, as3933.o(.text))
<BR><BR>[Stack]<UL><LI>Max Depth = 8<LI>Call Chain = SPI2_SendByte
</UL>
<BR>[Calls]<UL><LI><a href="#[14d]">&gt;&gt;</a>&nbsp;&nbsp;&nbsp;SPI_I2S_SendData
<LI><a href="#[14e]">&gt;&gt;</a>&nbsp;&nbsp;&nbsp;SPI_I2S_ReceiveData
<LI><a href="#[149]">&gt;&gt;</a>&nbsp;&nbsp;&nbsp;SPI_I2S_GetFlagStatus
</UL>
<BR>[Called By]<UL><LI><a href="#[169]">&gt;&gt;</a>&nbsp;&nbsp;&nbsp;SpiReadWriteRegister
</UL>

<P><STRONG><a name="[1c0]"></a>NVIC_Configuration</STRONG> (Thumb, 22 bytes, Stack size 8 bytes, mcu.o(.text))
<BR><BR>[Stack]<UL><LI>Max Depth = 8<LI>Call Chain = NVIC_Configuration
</UL>
<BR>[Calls]<UL><LI><a href="#[1c1]">&gt;&gt;</a>&nbsp;&nbsp;&nbsp;NVIC_SetVectorTable
<LI><a href="#[1c2]">&gt;&gt;</a>&nbsp;&nbsp;&nbsp;NVIC_PriorityGroupConfig
</UL>
<BR>[Called By]<UL><LI><a href="#[1b0]">&gt;&gt;</a>&nbsp;&nbsp;&nbsp;chip_core_init
</UL>

<P><STRONG><a name="[1c3]"></a>RCC_Configuration</STRONG> (Thumb, 68 bytes, Stack size 8 bytes, mcu.o(.text))
<BR><BR>[Stack]<UL><LI>Max Depth = 8<LI>Call Chain = RCC_Configuration
</UL>
<BR>[Calls]<UL><LI><a href="#[1bb]">&gt;&gt;</a>&nbsp;&nbsp;&nbsp;RCC_AHBPeriphClockCmd
<LI><a href="#[193]">&gt;&gt;</a>&nbsp;&nbsp;&nbsp;RCC_APB2PeriphClockCmd
<LI><a href="#[157]">&gt;&gt;</a>&nbsp;&nbsp;&nbsp;RCC_APB1PeriphClockCmd
</UL>
<BR>[Called By]<UL><LI><a href="#[1b1]">&gt;&gt;</a>&nbsp;&nbsp;&nbsp;chip_interface_init
</UL>

<P><STRONG><a name="[1c4]"></a>_config_iwdg</STRONG> (Thumb, 118 bytes, Stack size 32 bytes, mcu.o(.text))
<BR><BR>[Stack]<UL><LI>Max Depth = 68<LI>Call Chain = _config_iwdg &rArr; FLASH_OB_UserConfig &rArr; FLASH_WaitForLastOperation
</UL>
<BR>[Calls]<UL><LI><a href="#[1c7]">&gt;&gt;</a>&nbsp;&nbsp;&nbsp;FLASH_OB_UserConfig
<LI><a href="#[1c5]">&gt;&gt;</a>&nbsp;&nbsp;&nbsp;FLASH_OB_Unlock
<LI><a href="#[1c9]">&gt;&gt;</a>&nbsp;&nbsp;&nbsp;FLASH_OB_Lock
<LI><a href="#[1c8]">&gt;&gt;</a>&nbsp;&nbsp;&nbsp;FLASH_OB_Launch
<LI><a href="#[1c6]">&gt;&gt;</a>&nbsp;&nbsp;&nbsp;FLASH_OB_GetUser
</UL>
<BR>[Called By]<UL><LI><a href="#[1ce]">&gt;&gt;</a>&nbsp;&nbsp;&nbsp;IWDG_Configuration
</UL>

<P><STRONG><a name="[1ce]"></a>IWDG_Configuration</STRONG> (Thumb, 58 bytes, Stack size 8 bytes, mcu.o(.text))
<BR><BR>[Stack]<UL><LI>Max Depth = 76<LI>Call Chain = IWDG_Configuration &rArr; _config_iwdg &rArr; FLASH_OB_UserConfig &rArr; FLASH_WaitForLastOperation
</UL>
<BR>[Calls]<UL><LI><a href="#[1cf]">&gt;&gt;</a>&nbsp;&nbsp;&nbsp;RCC_LSICmd
<LI><a href="#[1d0]">&gt;&gt;</a>&nbsp;&nbsp;&nbsp;IWDG_WriteAccessCmd
<LI><a href="#[1d2]">&gt;&gt;</a>&nbsp;&nbsp;&nbsp;IWDG_SetReload
<LI><a href="#[1d1]">&gt;&gt;</a>&nbsp;&nbsp;&nbsp;IWDG_SetPrescaler
<LI><a href="#[1d3]">&gt;&gt;</a>&nbsp;&nbsp;&nbsp;IWDG_ReloadCounter
<LI><a href="#[1d4]">&gt;&gt;</a>&nbsp;&nbsp;&nbsp;IWDG_Enable
<LI><a href="#[1c4]">&gt;&gt;</a>&nbsp;&nbsp;&nbsp;_config_iwdg
<LI><a href="#[15b]">&gt;&gt;</a>&nbsp;&nbsp;&nbsp;RCC_GetFlagStatus
</UL>
<BR>[Called By]<UL><LI><a href="#[1b0]">&gt;&gt;</a>&nbsp;&nbsp;&nbsp;chip_core_init
</UL>

<P><STRONG><a name="[1dc]"></a>_get_millisecond</STRONG> (Thumb, 32 bytes, Stack size 0 bytes, mcu.o(.text), UNUSED)
<BR><BR>[Called By]<UL><LI><a href="#[152]">&gt;&gt;</a>&nbsp;&nbsp;&nbsp;Delay_ms
</UL>

<P><STRONG><a name="[1de]"></a>_get_microsecond</STRONG> (Thumb, 48 bytes, Stack size 0 bytes, mcu.o(.text), UNUSED)
<BR><BR>[Called By]<UL><LI><a href="#[1dd]">&gt;&gt;</a>&nbsp;&nbsp;&nbsp;Delay_us
</UL>

<P><STRONG><a name="[1e2]"></a>MMA845x_Active</STRONG> (Thumb, 22 bytes, Stack size 8 bytes, mma8452q.o(.text))
<BR><BR>[Stack]<UL><LI>Max Depth = 84<LI>Call Chain = MMA845x_Active &rArr; MMA845x_WriteReg &rArr; HAL_I2C_WriteReg &rArr; HAL_I2C_SendByte &rArr; GPIO_Init
</UL>
<BR>[Calls]<UL><LI><a href="#[72]">&gt;&gt;</a>&nbsp;&nbsp;&nbsp;MMA845x_ReadReg
<LI><a href="#[1df]">&gt;&gt;</a>&nbsp;&nbsp;&nbsp;MMA845x_WriteReg
</UL>
<BR>[Called By]<UL><LI><a href="#[1ad]">&gt;&gt;</a>&nbsp;&nbsp;&nbsp;MMA845x_Init
</UL>

<P><STRONG><a name="[1e3]"></a>MMA845x_Standby</STRONG> (Thumb, 24 bytes, Stack size 8 bytes, mma8452q.o(.text))
<BR><BR>[Stack]<UL><LI>Max Depth = 84<LI>Call Chain = MMA845x_Standby &rArr; MMA845x_WriteReg &rArr; HAL_I2C_WriteReg &rArr; HAL_I2C_SendByte &rArr; GPIO_Init
</UL>
<BR>[Calls]<UL><LI><a href="#[72]">&gt;&gt;</a>&nbsp;&nbsp;&nbsp;MMA845x_ReadReg
<LI><a href="#[1df]">&gt;&gt;</a>&nbsp;&nbsp;&nbsp;MMA845x_WriteReg
</UL>
<BR>[Called By]<UL><LI><a href="#[1ad]">&gt;&gt;</a>&nbsp;&nbsp;&nbsp;MMA845x_Init
</UL>

<P><STRONG><a name="[1f2]"></a>sleep_each</STRONG> (Thumb, 106 bytes, Stack size 16 bytes, sleep.o(.text), UNUSED)
<BR><BR>[Calls]<UL><LI><a href="#[a9]">&gt;&gt;</a>&nbsp;&nbsp;&nbsp;Sleep
<LI><a href="#[48]">&gt;&gt;</a>&nbsp;&nbsp;&nbsp;vCheckBattery
<LI><a href="#[1f4]">&gt;&gt;</a>&nbsp;&nbsp;&nbsp;ElapsedSysClock
<LI><a href="#[1db]">&gt;&gt;</a>&nbsp;&nbsp;&nbsp;chip_lowpower_finish
<LI><a href="#[1da]">&gt;&gt;</a>&nbsp;&nbsp;&nbsp;chip_lowpower_ready
<LI><a href="#[1f3]">&gt;&gt;</a>&nbsp;&nbsp;&nbsp;dwt_entersleep
</UL>
<BR>[Called By]<UL><LI><a href="#[9f]">&gt;&gt;</a>&nbsp;&nbsp;&nbsp;system_sleep
</UL>

<P><STRONG><a name="[21c]"></a>RTC_ByteToBcd2</STRONG> (Thumb, 28 bytes, Stack size 0 bytes, stm32l1xx_rtc.o(.text), UNUSED)
<BR><BR>[Called By]<UL><LI><a href="#[220]">&gt;&gt;</a>&nbsp;&nbsp;&nbsp;RTC_SetAlarm
<LI><a href="#[21e]">&gt;&gt;</a>&nbsp;&nbsp;&nbsp;RTC_SetDate
<LI><a href="#[21a]">&gt;&gt;</a>&nbsp;&nbsp;&nbsp;RTC_SetTime
</UL>

<P><STRONG><a name="[21b]"></a>RTC_Bcd2ToByte</STRONG> (Thumb, 22 bytes, Stack size 0 bytes, stm32l1xx_rtc.o(.text), UNUSED)
<BR><BR>[Called By]<UL><LI><a href="#[224]">&gt;&gt;</a>&nbsp;&nbsp;&nbsp;RTC_GetTimeStamp
<LI><a href="#[221]">&gt;&gt;</a>&nbsp;&nbsp;&nbsp;RTC_GetAlarm
<LI><a href="#[220]">&gt;&gt;</a>&nbsp;&nbsp;&nbsp;RTC_SetAlarm
<LI><a href="#[21f]">&gt;&gt;</a>&nbsp;&nbsp;&nbsp;RTC_GetDate
<LI><a href="#[21e]">&gt;&gt;</a>&nbsp;&nbsp;&nbsp;RTC_SetDate
<LI><a href="#[21d]">&gt;&gt;</a>&nbsp;&nbsp;&nbsp;RTC_GetTime
<LI><a href="#[21a]">&gt;&gt;</a>&nbsp;&nbsp;&nbsp;RTC_SetTime
</UL>

<P><STRONG><a name="[230]"></a>TI4_Config</STRONG> (Thumb, 80 bytes, Stack size 20 bytes, stm32l1xx_tim.o(.text), UNUSED)
<BR><BR>[Called By]<UL><LI><a href="#[229]">&gt;&gt;</a>&nbsp;&nbsp;&nbsp;TIM_ICInit
</UL>

<P><STRONG><a name="[22e]"></a>TI3_Config</STRONG> (Thumb, 72 bytes, Stack size 20 bytes, stm32l1xx_tim.o(.text), UNUSED)
<BR><BR>[Called By]<UL><LI><a href="#[229]">&gt;&gt;</a>&nbsp;&nbsp;&nbsp;TIM_ICInit
</UL>

<P><STRONG><a name="[22c]"></a>TI2_Config</STRONG> (Thumb, 80 bytes, Stack size 20 bytes, stm32l1xx_tim.o(.text), UNUSED)
<BR><BR>[Called By]<UL><LI><a href="#[235]">&gt;&gt;</a>&nbsp;&nbsp;&nbsp;TIM_TIxExternalClockConfig
<LI><a href="#[232]">&gt;&gt;</a>&nbsp;&nbsp;&nbsp;TIM_PWMIConfig
<LI><a href="#[229]">&gt;&gt;</a>&nbsp;&nbsp;&nbsp;TIM_ICInit
</UL>

<P><STRONG><a name="[22a]"></a>TI1_Config</STRONG> (Thumb, 58 bytes, Stack size 20 bytes, stm32l1xx_tim.o(.text), UNUSED)
<BR><BR>[Called By]<UL><LI><a href="#[235]">&gt;&gt;</a>&nbsp;&nbsp;&nbsp;TIM_TIxExternalClockConfig
<LI><a href="#[232]">&gt;&gt;</a>&nbsp;&nbsp;&nbsp;TIM_PWMIConfig
<LI><a href="#[229]">&gt;&gt;</a>&nbsp;&nbsp;&nbsp;TIM_ICInit
</UL>

<P><STRONG><a name="[271]"></a>_printf_core</STRONG> (Thumb, 34 bytes, Stack size 24 bytes, printfb.o(i._printf_core), UNUSED)
<BR><BR>[Called By]<UL><LI><a href="#[270]">&gt;&gt;</a>&nbsp;&nbsp;&nbsp;__0printf$bare
</UL>
<P>
<H3>
Undefined Global Symbols
</H3><HR></body></html>
