<html>
<body>
<pre>
<h1>µVision Build Log</h1>
<h2>Project:</h2>
D:\P4\branch-MSSS5.0-1704\Zigbee\stm32\stm32f20x\UWB_station_Modify\project.uvproj
Project File Date:  01/14/2019

<h2>Output:</h2>
Build target 'RT-Thread STM32'
linking...
Program Size: Code=141848 RO-data=6840 RW-data=1044 ZI-data=76188  
After Build - User command #1: fromelf --bin .\obj\rtthread-stm32.axf --output 3g_station.bin
".\obj\rtthread-stm32.axf" - 0 Error(s), 0 Warning(s).
rror(s), 0 Warning(s).
ariable "pnwkhdr" was set but never used
      struct nwkhdr *pnwkhdr;
applications\bsmac_parser.c: 2 warnings, 0 errors
compiling net_app.c...
applications\net_app.c(618): error:  #154: expression must have struct or union type
          ERROR_LOG("Len %u pT %u mT %u tag %u %u %u\n", data_len, 
applications\net_app.c(618): error:  #154: expression must have struct or union type
          ERROR_LOG("Len %u pT %u mT %u tag %u %u %u\n", data_len, 
applications\net_app.c(618): error:  #154: expression must have struct or union type
          ERROR_LOG("Len %u pT %u mT %u tag %u %u %u\n", data_len, 
applications\net_app.c: 0 warnings, 3 errors
".\obj\rtthread-stm32.axf" - 3 Error(s), 2 Warning(s).
Target not created
g stm32f2xx_it.c...
compiling stm32_flash.c...
compiling stm32f2xx_eth.c...
compiling stm32f20x_40x_spi.c...
compiling spi_flash_w25qxx.c...
compiling stm32f2_rtc.c...
compiling misc.c...
compiling stm32f2xx_adc.c...
compiling stm32f2xx_can.c...
compiling stm32f2xx_crc.c...
compiling stm32f2xx_cryp.c...
compiling stm32f2xx_cryp_aes.c...
compiling stm32f2xx_cryp_des.c...
compiling stm32f2xx_cryp_tdes.c...
compiling stm32f2xx_dac.c...
compiling stm32f2xx_dbgmcu.c...
compiling stm32f2xx_dcmi.c...
compiling stm32f2xx_dma.c...
compiling stm32f2xx_exti.c...
compiling stm32f2xx_flash.c...
compiling stm32f2xx_fsmc.c...
compiling stm32f2xx_gpio.c...
compiling stm32f2xx_hash.c...
compiling stm32f2xx_hash_md5.c...
compiling stm32f2xx_hash_sha1.c...
compiling stm32f2xx_i2c.c...
compiling stm32f2xx_iwdg.c...
compiling stm32f2xx_pwr.c...
compiling stm32f2xx_rcc.c...
compiling stm32f2xx_rng.c...
compiling stm32f2xx_rtc.c...
compiling stm32f2xx_sdio.c...
compiling stm32f2xx_spi.c...
compiling stm32f2xx_syscfg.c...
compiling stm32f2xx_tim.c...
compiling stm32f2xx_usart.c...
compiling stm32f2xx_wwdg.c...
assembling startup_stm32f2xx.s...
compiling crc.c...
compiling clock.c...
compiling device.c...
compiling idle.c...
compiling ipc.c...
compiling irq.c...
compiling kservice.c...
compiling mem.c...
compiling mempool.c...
compiling object.c...
compiling scheduler.c...
compiling thread.c...
compiling timer.c...
compiling cpuport.c...
assembling context_rvds.S...
compiling backtrace.c...
compiling div0.c...
compiling showmem.c...
compiling dfs.c...
compiling dfs_fs.c...
compiling dfs_file.c...
compiling dfs_posix.c...
compiling dfs_elm.c...
compiling ff.c...
compiling rtc.c...
compiling serial.c...
compiling spi_core.c...
compiling spi_dev.c...
compiling completion.c...
compiling dataqueue.c...
compiling pipe.c...
compiling ringbuffer.c...
compiling components.c...
compiling api_lib.c...
compiling api_msg.c...
..\..\rt-thread\components\net\lwip\src\api\api_msg.c(567): warning: C4017W: size may be used before being set
  int size;
..\..\rt-thread\components\net\lwip\src\api\api_msg.c: 1 warning, 0 errors
compiling err.c...
compiling netbuf.c...
compiling netdb.c...
compiling netifapi.c...
compiling sockets.c...
compiling tcpip.c...
compiling sys_arch.c...
compiling def.c...
compiling dhcp.c...
compiling dns.c...
..\..\rt-thread\components\net\lwip\src\core\dns.c(564): warning: C4017W: qry may be used before being set
  struct dns_query qry;
..\..\rt-thread\components\net\lwip\src\core\dns.c: 1 warning, 0 errors
compiling init.c...
compiling memp.c...
compiling netif.c...
compiling pbuf.c...
compiling raw.c...
compiling stats.c...
compiling sys.c...
compiling tcp.c...
compiling tcp_in.c...
compiling tcp_out.c...
compiling timers.c...
compiling udp.c...
compiling autoip.c...
compiling icmp.c...
compiling igmp.c...
compiling inet.c...
compiling inet_chksum.c...
compiling ip.c...
compiling ip_addr.c...
compiling ip_frag.c...
compiling etharp.c...
compiling ethernetif.c...
compiling slipif.c...
linking...
Program Size: Code=141704 RO-data=6840 RW-data=1040 ZI-data=76192  
After Build - User command #1: fromelf --bin .\obj\rtthread-stm32.axf --output 3g_station.bin
".\obj\rtthread-stm32.axf" - 0 Error(s), 5 Warning(s).
