ARM Linker, 5.03 [Build 76] [MDK-ARM Standard]

==============================================================================

Section Cross References

    3g_log.o(.text) refers to kservice.o(.text) for rt_kprintf
    3g_log.o(.text) refers to 3g_log.o(.constdata) for .constdata
    3g_watchdog.o(.text) refers to stm32f2xx_rcc.o(.text) for RCC_AHB1PeriphClockCmd
    3g_watchdog.o(.text) refers to stm32f2xx_gpio.o(.text) for GPIO_Init
    3g_watchdog.o(.text) refers to stm32f2xx_iwdg.o(.text) for IWDG_WriteAccessCmd
    3g_watchdog.o(.text) refers to timer.o(.text) for rt_timer_init
    3g_watchdog.o(.text) refers to context_rvds.o(.text) for rt_hw_interrupt_disable
    3g_watchdog.o(.text) refers to stm32f2xx_flash.o(.text) for FLASH_OB_Unlock
    3g_watchdog.o(.text) refers to 3g_watchdog.o(.bss) for .bss
    3g_watchdog.o(.text) refers to net_app.o(.data) for net_recv_fine_flag
    3g_watchdog.o(.text) refers to 3g_watchdog.o(.data) for .data
    application.o(.text) refers to platform.o(.text) for rt_platform_init
    application.o(.text) refers to components.o(.text) for rt_components_init
    application.o(.text) refers to dfs_fs.o(.text) for dfs_mount
    application.o(.text) refers to kservice.o(.text) for rt_kprintf
    application.o(.text) refers to bootcfg.o(.text) for bootsh_init
    application.o(.text) refers to 3g_watchdog.o(.text) for startup_hw_watchdog_feeding_timer
    application.o(.text) refers to led_indicator.o(.text) for init_sys_status_indicator_lamps
    application.o(.text) refers to ipc.o(.text) for rt_mq_init
    application.o(.text) refers to mbus_app.o(.text) for init_mbus_msg_queue
    application.o(.text) refers to location_data.o(.text) for ldata_state_init
    application.o(.text) refers to board.o(.text) for rt_hw_board_reboot
    application.o(.text) refers to bsmac_parser.o(.text) for start_bsmac_work
    application.o(.text) refers to msg_center.o(.text) for start_msg_analyser_work
    application.o(.text) refers to net_app.o(.text) for start_net_work
    application.o(.text) refers to thread.o(.text) for rt_thread_create
    application.o(.text) refers to msg_center.o(.bss) for u8MsgPool
    application.o(.text) refers to msg_center.o(.bss) for msg_analyser_mq
    application.o(.text) refers to net_app.o(.bss) for u8NetPool
    application.o(.text) refers to net_app.o(.bss) for net_mq
    application.o(.text) refers to bootcfg.o(.bss) for sys_option_sem
    bootcfg.o(.text) refers to kservice.o(.text) for rt_kprintf
    bootcfg.o(.text) refers to ipc.o(.text) for rt_sem_release
    bootcfg.o(.text) refers to device.o(.text) for rt_device_find
    bootcfg.o(.text) refers to bootcfg.o(.data) for .data
    bootcfg.o(.text) refers to bootcfg.o(.constdata) for .constdata
    bootcfg.o(.text) refers to net_app.o(.text) for app_display_ipaddr
    bootcfg.o(.text) refers to ip_addr.o(.text) for ipaddr_aton
    bootcfg.o(.text) refers to strncmp.o(.text) for strncmp
    bootcfg.o(.text) refers to strchr.o(.text) for strchr
    bootcfg.o(.text) refers to atoi.o(.text) for atoi
    bootcfg.o(.text) refers to strcasecmp.o(.text) for strcasecmp
    bootcfg.o(.text) refers to stm32_flash.o(.text) for flash_save
    bootcfg.o(.text) refers to board.o(.text) for rt_hw_board_reboot
    bootcfg.o(.text) refers to strncasecmp.o(.text) for strncasecmp
    bootcfg.o(.text) refers to rt_memcpy_w.o(.text) for __aeabi_memcpy4
    bootcfg.o(.text) refers to strlen.o(.text) for strlen
    bootcfg.o(.text) refers to mem.o(.text) for rt_malloc
    bootcfg.o(.text) refers to rt_memclr_w.o(.text) for __aeabi_memclr4
    bootcfg.o(.text) refers to bootcfg.o(.bss) for .bss
    bootcfg.o(.text) refers to thread.o(.text) for rt_thread_create
    bootcfg.o(.text) refers to rt_ctype_table.o(.text) for __rt_ctype_table
    bootcfg.o(.text) refers to strncpy.o(.text) for strncpy
    bootcfg.o(.constdata) refers to bootcfg.o(.conststring) for .conststring
    bootcfg.o(.constdata) refers to bootcfg.o(.text) for _ipmkgw_process
    bootcfg.o(.constdata) refers to bootcfg.o(.bss) for sys_option
    bsmac_parser.o(.text) refers to _printf_percent.o(.ARM.Collect$$_printf_percent$$00000000) for _printf_percent
    bsmac_parser.o(.text) refers to _printf_d.o(.ARM.Collect$$_printf_percent$$00000009) for _printf_d
    bsmac_parser.o(.text) refers to _printf_dec.o(.text) for _printf_int_dec
    bsmac_parser.o(.text) refers to kservice.o(.text) for rt_kprintf
    bsmac_parser.o(.text) refers to rt_memcpy_v6.o(.text) for __aeabi_memcpy
    bsmac_parser.o(.text) refers to crc.o(.text) for CRC16
    bsmac_parser.o(.text) refers to device.o(.text) for rt_device_write
    bsmac_parser.o(.text) refers to clock.o(.text) for rt_tick_get
    bsmac_parser.o(.text) refers to rt_memclr_w.o(.text) for __aeabi_memclr4
    bsmac_parser.o(.text) refers to noretval__2snprintf.o(.text) for __2snprintf
[...]
    fstat                                    0x08051e51   Thumb Code    68  dfs_posix.o(.text)
    statfs                                   0x08051e95   Thumb Code    20  dfs_posix.o(.text)
    mkdir                                    0x08051ea9   Thumb Code    70  dfs_posix.o(.text)
    rmdir                                    0x08051eef   Thumb Code    24  dfs_posix.o(.text)
    opendir                                  0x08051f07   Thumb Code   114  dfs_posix.o(.text)
    readdir                                  0x08051f79   Thumb Code   102  dfs_posix.o(.text)
    telldir                                  0x08051fdf   Thumb Code    46  dfs_posix.o(.text)
    seekdir                                  0x0805200d   Thumb Code    58  dfs_posix.o(.text)
    rewinddir                                0x08052047   Thumb Code    56  dfs_posix.o(.text)
    closedir                                 0x0805207f   Thumb Code    68  dfs_posix.o(.text)
    chdir                                    0x080520c3   Thumb Code   114  dfs_posix.o(.text)
    getcwd                                   0x08052135   Thumb Code    28  dfs_posix.o(.text)
    dfs_elm_mount                            0x0805219f   Thumb Code   148  dfs_elm.o(.text)
    dfs_elm_unmount                          0x08052233   Thumb Code    96  dfs_elm.o(.text)
    dfs_elm_mkfs                             0x08052293   Thumb Code    78  dfs_elm.o(.text)
    dfs_elm_statfs                           0x080522e1   Thumb Code   128  dfs_elm.o(.text)
    dfs_elm_open                             0x08052361   Thumb Code   180  dfs_elm.o(.text)
    dfs_elm_close                            0x08052415   Thumb Code   108  dfs_elm.o(.text)
    dfs_elm_ioctl                            0x08052481   Thumb Code     6  dfs_elm.o(.text)
    dfs_elm_read                             0x08052487   Thumb Code    86  dfs_elm.o(.text)
    dfs_elm_write                            0x080524dd   Thumb Code    90  dfs_elm.o(.text)
    dfs_elm_flush                            0x08052537   Thumb Code    48  dfs_elm.o(.text)
    dfs_elm_lseek                            0x08052567   Thumb Code   316  dfs_elm.o(.text)
    dfs_elm_getdents                         0x080526a3   Thumb Code   210  dfs_elm.o(.text)
    dfs_elm_unlink                           0x08052775   Thumb Code    14  dfs_elm.o(.text)
    dfs_elm_rename                           0x08052783   Thumb Code    16  dfs_elm.o(.text)
    dfs_elm_stat                             0x08052793   Thumb Code    80  dfs_elm.o(.text)
    elm_init                                 0x080527e3   Thumb Code    14  dfs_elm.o(.text)
    disk_initialize                          0x080527f1   Thumb Code     4  dfs_elm.o(.text)
    disk_status                              0x080527f5   Thumb Code     4  dfs_elm.o(.text)
    disk_read                                0x080527f9   Thumb Code    32  dfs_elm.o(.text)
    disk_write                               0x08052819   Thumb Code    32  dfs_elm.o(.text)
    disk_ioctl                               0x08052839   Thumb Code   144  dfs_elm.o(.text)
    get_fattime                              0x080528c9   Thumb Code     4  dfs_elm.o(.text)
    ff_cre_syncobj                           0x080528cd   Thumb Code    34  dfs_elm.o(.text)
    ff_del_syncobj                           0x080528ef   Thumb Code    10  dfs_elm.o(.text)
    ff_req_grant                             0x080528f9   Thumb Code    20  dfs_elm.o(.text)
    ff_rel_grant                             0x0805290d   Thumb Code     4  dfs_elm.o(.text)
    clust2sect                               0x08052a41   Thumb Code    24  ff.o(.text)
    get_fat                                  0x08052a59   Thumb Code   226  ff.o(.text)
    put_fat                                  0x08052b3b   Thumb Code   292  ff.o(.text)
    f_mount                                  0x080534d1   Thumb Code    58  ff.o(.text)
    f_open                                   0x0805350b   Thumb Code   318  ff.o(.text)
    f_read                                   0x08053649   Thumb Code   400  ff.o(.text)
    f_write                                  0x080537d9   Thumb Code   464  ff.o(.text)
    f_sync                                   0x080539a9   Thumb Code   182  ff.o(.text)
    f_close                                  0x08053a5f   Thumb Code    18  ff.o(.text)
    f_lseek                                  0x08053a71   Thumb Code   576  ff.o(.text)
    f_opendir                                0x08053cb1   Thumb Code    94  ff.o(.text)
    f_readdir                                0x08053d0f   Thumb Code    94  ff.o(.text)
    f_seekdir                                0x08053d6d   Thumb Code    54  ff.o(.text)
    f_stat                                   0x08053da3   Thumb Code    66  ff.o(.text)
    f_getfree                                0x08053de5   Thumb Code   208  ff.o(.text)
    f_truncate                               0x08053eb5   Thumb Code   152  ff.o(.text)
    f_unlink                                 0x08053f4d   Thumb Code   168  ff.o(.text)
    f_mkdir                                  0x08053ff5   Thumb Code   406  ff.o(.text)
    f_chmod                                  0x0805418b   Thumb Code    88  ff.o(.text)
    f_utime                                  0x080541e3   Thumb Code    90  ff.o(.text)
    f_rename                                 0x0805423d   Thumb Code   268  ff.o(.text)
    f_mkfs                                   0x08054349   Thumb Code  1296  ff.o(.text)
    time                                     0x08054895   Thumb Code    58  rtc.o(.text)
    set_date                                 0x080548cf   Thumb Code    90  rtc.o(.text)
    set_time                                 0x08054929   Thumb Code    80  rtc.o(.text)
    rt_hw_serial_register                    0x08054ca5   Thumb Code    92  serial.o(.text)
    rt_hw_serial_isr                         0x08054d01   Thumb Code   342  serial.o(.text)
    rt_hw_serial_dma_tx_isr                  0x08054e57   Thumb Code    50  serial.o(.text)
    rt_spi_bus_register                      0x08054ea5   Thumb Code    36  spi_core.o(.text)
    rt_spi_bus_attach_device                 0x08054ec9   Thumb Code    60  spi_core.o(.text)
    rt_spi_configure                         0x08054f05   Thumb Code   100  spi_core.o(.text)
    rt_spi_send_then_send                    0x08054f69   Thumb Code   222  spi_core.o(.text)
    rt_spi_send_then_recv                    0x08055047   Thumb Code   214  spi_core.o(.text)
    rt_spi_transfer                          0x0805511d   Thumb Code   198  spi_core.o(.text)
    rt_spi_transfer_message                  0x080551e3   Thumb Code   138  spi_core.o(.text)
    rt_spi_take_bus                          0x0805526d   Thumb Code   242  spi_core.o(.text)
    rt_spi_release_bus                       0x0805535f   Thumb Code   122  spi_core.o(.text)
    rt_spi_take                              0x080553d9   Thumb Code   114  spi_core.o(.text)
    rt_spi_release                           0x0805544b   Thumb Code   112  spi_core.o(.text)
    rt_spi_bus_device_init                   0x080555d7   Thumb Code    76  spi_dev.o(.text)
    rt_spidev_device_init                    0x0805571b   Thumb Code    76  spi_dev.o(.text)
    rt_data_queue_init                       0x08055811   Thumb Code    92  dataqueue.o(.text)
    rt_data_queue_push                       0x0805586d   Thumb Code   312  dataqueue.o(.text)
    rt_data_queue_pop                        0x080559a5   Thumb Code   394  dataqueue.o(.text)
    rt_data_queue_peak                       0x08055b2f   Thumb Code   100  dataqueue.o(.text)
    rt_data_queue_reset                      0x08055b93   Thumb Code   234  dataqueue.o(.text)
    rt_components_init                       0x08055c99   Thumb Code    28  components.o(.text)
    netconn_new_with_proto_and_callback      0x08055ccd   Thumb Code   158  api_lib.o(.text)
    netconn_delete                           0x08055d6b   Thumb Code    32  api_lib.o(.text)
    netconn_getaddr                          0x08055d8b   Thumb Code   102  api_lib.o(.text)
    netconn_bind                             0x08055df1   Thumb Code    72  api_lib.o(.text)
    netconn_connect                          0x08055e39   Thumb Code    72  api_lib.o(.text)
    netconn_disconnect                       0x08055e81   Thumb Code    66  api_lib.o(.text)
    netconn_listen_with_backlog              0x08055ec3   Thumb Code    66  api_lib.o(.text)
    netconn_accept                           0x08055f05   Thumb Code   164  api_lib.o(.text)
    netconn_recv_tcp_pbuf                    0x08056335   Thumb Code    42  api_lib.o(.text)
    netconn_recv                             0x0805635f   Thumb Code   212  api_lib.o(.text)
    netconn_recved                           0x08056433   Thumb Code    40  api_lib.o(.text)
    netconn_send                             0x0805645b   Thumb Code    72  api_lib.o(.text)
    netconn_sendto                           0x080564a3   Thumb Code    18  api_lib.o(.text)
    netconn_write                            0x080564b5   Thumb Code   114  api_lib.o(.text)
    netconn_close                            0x08056571   Thumb Code     4  api_lib.o(.text)
    netconn_shutdown                         0x08056575   Thumb Code    12  api_lib.o(.text)
    netconn_gethostbyname                    0x08056581   Thumb Code   110  api_lib.o(.text)
    netconn_free                             0x08056f5b   Thumb Code   112  api_msg.o(.text)
    netconn_alloc                            0x08056fcb   Thumb Code   148  api_msg.o(.text)
    do_newconn                               0x080572f9   Thumb Code    32  api_msg.o(.text)
    do_delconn                               0x080573cb   Thumb Code   228  api_msg.o(.text)
    do_bind                                  0x080574af   Thumb Code    82  api_msg.o(.text)
    do_connect                               0x080575a5   Thumb Code   164  api_msg.o(.text)
    do_disconnect                            0x08057649   Thumb Code    42  api_msg.o(.text)
    do_listen                                0x08057673   Thumb Code   440  api_msg.o(.text)
    do_send                                  0x0805782b   Thumb Code   128  api_msg.o(.text)
    do_recv                                  0x080578ab   Thumb Code    68  api_msg.o(.text)
    do_write                                 0x080578ef   Thumb Code   130  api_msg.o(.text)
    do_getaddr                               0x08057971   Thumb Code   138  api_msg.o(.text)
    do_close                                 0x080579fb   Thumb Code   144  api_msg.o(.text)
    do_gethostbyname                         0x08057acd   Thumb Code    36  api_msg.o(.text)
    netbuf_new                               0x08057b49   Thumb Code    26  netbuf.o(.text)
    netbuf_delete                            0x08057b63   Thumb Code    32  netbuf.o(.text)
    netbuf_alloc                             0x08057b83   Thumb Code    78  netbuf.o(.text)
    netbuf_free                              0x08057bd1   Thumb Code    40  netbuf.o(.text)
    netbuf_ref                               0x08057bf9   Thumb Code    78  netbuf.o(.text)
    netbuf_chain                             0x08057c47   Thumb Code    60  netbuf.o(.text)
    netbuf_data                              0x08057c83   Thumb Code    76  netbuf.o(.text)
    netbuf_next                              0x08057ccf   Thumb Code    46  netbuf.o(.text)
    netbuf_first                             0x08057cfd   Thumb Code    28  netbuf.o(.text)
    do_netifapi_netif_add                    0x08057e59   Thumb Code    42  netifapi.o(.text)
    do_netifapi_netif_set_addr               0x08057e83   Thumb Code    26  netifapi.o(.text)
    do_netifapi_netif_common                 0x08057e9d   Thumb Code    34  netifapi.o(.text)
    netifapi_netif_add                       0x08057ebf   Thumb Code    36  netifapi.o(.text)
    netifapi_netif_set_addr                  0x08057ee3   Thumb Code    32  netifapi.o(.text)
    netifapi_netif_common                    0x08057f03   Thumb Code    32  netifapi.o(.text)
    lwip_socket_init                         0x08057f25   Thumb Code     2  sockets.o(.text)
    lwip_accept                              0x080580d7   Thumb Code   356  sockets.o(.text)
    lwip_bind                                0x0805823b   Thumb Code   124  sockets.o(.text)
    lwip_close                               0x080582b7   Thumb Code   356  sockets.o(.text)
    lwip_connect                             0x0805841b   Thumb Code   126  sockets.o(.text)
    lwip_listen                              0x08058499   Thumb Code    90  sockets.o(.text)
    lwip_recvfrom                            0x080584f3   Thumb Code   510  sockets.o(.text)
    lwip_read                                0x080586f1   Thumb Code    14  sockets.o(.text)
    lwip_recv                                0x080586ff   Thumb Code    14  sockets.o(.text)
    lwip_sendto                              0x0805870d   Thumb Code   228  sockets.o(.text)
    lwip_send                                0x080587f1   Thumb Code   308  sockets.o(.text)
    lwip_socket                              0x08058925   Thumb Code   138  sockets.o(.text)
    lwip_write                               0x080589af   Thumb Code     4  sockets.o(.text)
    lwip_select                              0x08058ac3   Thumb Code   826  sockets.o(.text)
    lwip_shutdown                            0x08058dfd   Thumb Code   150  sockets.o(.text)
    lwip_getpeername                         0x08058f05   Thumb Code     4  sockets.o(.text)
    lwip_getsockname                         0x08058f09   Thumb Code     4  sockets.o(.text)
    lwip_getsockopt                          0x08059055   Thumb Code   362  sockets.o(.text)
    lwip_setsockopt                          0x080592d3   Thumb Code   226  sockets.o(.text)
    lwip_ioctl                               0x080593b5   Thumb Code    88  sockets.o(.text)
    lwip_fcntl                               0x0805940d   Thumb Code    70  sockets.o(.text)
    tcpip_input                              0x080594f7   Thumb Code    74  tcpip.o(.text)
    tcpip_callback_with_block                0x08059541   Thumb Code    92  tcpip.o(.text)
    tcpip_timeout                            0x0805959d   Thumb Code    64  tcpip.o(.text)
    tcpip_untimeout                          0x080595dd   Thumb Code    60  tcpip.o(.text)
    tcpip_apimsg                             0x08059619   Thumb Code    58  tcpip.o(.text)
    tcpip_netifapi                           0x08059653   Thumb Code    74  tcpip.o(.text)
    tcpip_init                               0x0805969d   Thumb Code    62  tcpip.o(.text)
    pbuf_free_callback                       0x080596df   Thumb Code     8  tcpip.o(.text)
    mem_free_callback                        0x080596e7   Thumb Code     8  tcpip.o(.text)
    sys_arch_assert                          0x080597a9   Thumb Code    52  sys_arch.o(.text)
    lwip_system_init                         0x08059869   Thumb Code    68  sys_arch.o(.text)
    sys_init                                 0x080598ad   Thumb Code     2  sys_arch.o(.text)
    lwip_sys_init                            0x080598af   Thumb Code     2  sys_arch.o(.text)
    sys_sem_new                              0x080598b1   Thumb Code   110  sys_arch.o(.text)
    sys_sem_free                             0x0805991f   Thumb Code    70  sys_arch.o(.text)
    sys_sem_signal                           0x08059965   Thumb Code     6  sys_arch.o(.text)
    sys_arch_sem_wait                        0x0805996b   Thumb Code   106  sys_arch.o(.text)
    sys_sem_valid                            0x080599d5   Thumb Code     4  sys_arch.o(.text)
    sys_sem_set_invalid                      0x080599d9   Thumb Code     6  sys_arch.o(.text)
    sys_mutex_new                            0x080599df   Thumb Code   108  sys_arch.o(.text)
    sys_mutex_lock                           0x08059a4b   Thumb Code    76  sys_arch.o(.text)
    sys_mutex_unlock                         0x08059a97   Thumb Code     6  sys_arch.o(.text)
    sys_mutex_free                           0x08059a9d   Thumb Code    72  sys_arch.o(.text)
    sys_mutex_valid                          0x08059ae5   Thumb Code     4  sys_arch.o(.text)
    sys_mutex_set_invalid                    0x08059ae9   Thumb Code     6  sys_arch.o(.text)
    sys_mbox_new                             0x08059aef   Thumb Code   384  sys_arch.o(.text)
    sys_mbox_free                            0x08059c6f   Thumb Code    74  sys_arch.o(.text)
    sys_mbox_post                            0x08059cb9   Thumb Code    86  sys_arch.o(.text)
    sys_mbox_trypost                         0x08059d0f   Thumb Code    18  sys_arch.o(.text)
    sys_arch_mbox_fetch                      0x08059d21   Thumb Code   144  sys_arch.o(.text)
    sys_arch_mbox_tryfetch                   0x08059db1   Thumb Code    28  sys_arch.o(.text)
    sys_mbox_valid                           0x08059dcd   Thumb Code     4  sys_arch.o(.text)
    sys_mbox_set_invalid                     0x08059dd1   Thumb Code     6  sys_arch.o(.text)
    sys_thread_new                           0x08059dd7   Thumb Code   144  sys_arch.o(.text)
    sys_arch_protect                         0x08059e67   Thumb Code     4  sys_arch.o(.text)
    sys_arch_unprotect                       0x08059e6b   Thumb Code     4  sys_arch.o(.text)
    sys_jiffies                              0x08059e6f   Thumb Code     4  sys_arch.o(.text)
    lwip_htons                               0x08059ea9   Thumb Code     4  def.o(.text)
    lwip_ntohs                               0x08059ead   Thumb Code     4  def.o(.text)
    lwip_htonl                               0x08059eb1   Thumb Code     4  def.o(.text)
    lwip_ntohl                               0x08059eb5   Thumb Code     4  def.o(.text)
    dhcp_renew                               0x0805a635   Thumb Code   130  dhcp.o(.text)
    dhcp_coarse_tmr                          0x0805a737   Thumb Code    90  dhcp.o(.text)
    dhcp_release                             0x0805a82b   Thumb Code   158  dhcp.o(.text)
    dhcp_fine_tmr                            0x0805a9ef   Thumb Code    46  dhcp.o(.text)
    dhcp_set_struct                          0x0805aa9b   Thumb Code    80  dhcp.o(.text)
    dhcp_cleanup                             0x0805aaeb   Thumb Code    40  dhcp.o(.text)
    dhcp_stop                                0x0805ab13   Thumb Code    90  dhcp.o(.text)
    dhcp_start                               0x0805b0c1   Thumb Code   220  dhcp.o(.text)
    dhcp_inform                              0x0805b19d   Thumb Code   168  dhcp.o(.text)
    dhcp_network_changed                     0x0805b245   Thumb Code    66  dhcp.o(.text)
    dhcp_arp_reply                           0x0805b287   Thumb Code   144  dhcp.o(.text)
    dns_setserver                            0x0805b41d   Thumb Code    32  dns.o(.text)
    dns_init                                 0x0805b59b   Thumb Code    64  dns.o(.text)
    dns_getserver                            0x0805b5db   Thumb Code    20  dns.o(.text)
    dns_tmr                                  0x0805b7c7   Thumb Code    28  dns.o(.text)
    dns_gethostbyname                        0x0805b7e3   Thumb Code   382  dns.o(.text)
    lwip_init                                0x0805ba35   Thumb Code    26  init.o(.text)
    netif_init                               0x0805ba51   Thumb Code     2  netif.o(.text)
    netif_set_gw                             0x0805ba53   Thumb Code     8  netif.o(.text)
    netif_set_netmask                        0x0805ba5b   Thumb Code     8  netif.o(.text)
    netif_set_ipaddr                         0x0805ba63   Thumb Code    94  netif.o(.text)
    netif_set_addr                           0x0805bac1   Thumb Code    30  netif.o(.text)
    netif_add                                0x0805badf   Thumb Code    98  netif.o(.text)
    netif_set_default                        0x0805bb41   Thumb Code     6  netif.o(.text)
    netif_set_down                           0x0805bb47   Thumb Code    18  netif.o(.text)
    netif_remove                             0x0805bb59   Thumb Code    68  netif.o(.text)
    netif_find                               0x0805bb9d   Thumb Code    58  netif.o(.text)
    netif_set_up                             0x0805bbd7   Thumb Code    32  netif.o(.text)
    netif_set_link_up                        0x0805bbf7   Thumb Code    56  netif.o(.text)
    netif_set_link_down                      0x0805bc2f   Thumb Code    18  netif.o(.text)
    pbuf_free                                0x0805bcfd   Thumb Code   130  pbuf.o(.text)
    pbuf_alloc                               0x0805bd7f   Thumb Code   484  pbuf.o(.text)
    pbuf_realloc                             0x0805bf63   Thumb Code   180  pbuf.o(.text)
    pbuf_header                              0x0805c017   Thumb Code   770  pbuf.o(.text)
    pbuf_clen                                0x0805c319   Thumb Code    18  pbuf.o(.text)
    pbuf_ref                                 0x0805c32b   Thumb Code    26  pbuf.o(.text)
    pbuf_cat                                 0x0805c345   Thumb Code   106  pbuf.o(.text)
    pbuf_chain                               0x0805c3af   Thumb Code    16  pbuf.o(.text)
    pbuf_dechain                             0x0805c3bf   Thumb Code   102  pbuf.o(.text)
    pbuf_copy                                0x0805c425   Thumb Code   258  pbuf.o(.text)
    pbuf_copy_partial                        0x0805c527   Thumb Code   130  pbuf.o(.text)
    pbuf_take                                0x0805c5a9   Thumb Code   146  pbuf.o(.text)
    pbuf_coalesce                            0x0805c63b   Thumb Code    64  pbuf.o(.text)
    pbuf_get_at                              0x0805c67b   Thumb Code    24  pbuf.o(.text)
    pbuf_memcmp                              0x0805c693   Thumb Code    68  pbuf.o(.text)
    pbuf_memfind                             0x0805c6d7   Thumb Code   586  pbuf.o(.text)
    pbuf_strstr                              0x0805c921   Thumb Code    50  pbuf.o(.text)
    raw_input                                0x0805c955   Thumb Code   104  raw.o(.text)
    raw_bind                                 0x0805c9bd   Thumb Code    10  raw.o(.text)
    raw_connect                              0x0805c9c7   Thumb Code    10  raw.o(.text)
    raw_recv                                 0x0805c9d1   Thumb Code     6  raw.o(.text)
    raw_sendto                               0x0805c9d7   Thumb Code   162  raw.o(.text)
    raw_send                                 0x0805ca79   Thumb Code     4  raw.o(.text)
    raw_remove                               0x0805ca7d   Thumb Code    36  raw.o(.text)
    raw_new                                  0x0805caa1   Thumb Code    40  raw.o(.text)
    tcp_seg_free                             0x0805cb35   Thumb Code    26  tcp.o(.text)
    tcp_segs_free                            0x0805cb4f   Thumb Code    18  tcp.o(.text)
    tcp_pcb_purge                            0x0805cb61   Thumb Code    70  tcp.o(.text)
    tcp_slowtmr                              0x0805cba7   Thumb Code   742  tcp.o(.text)
    tcp_pcb_remove                           0x0805ce8d   Thumb Code   154  tcp.o(.text)
    tcp_close                                0x0805d227   Thumb Code    22  tcp.o(.text)
    tcp_update_rcv_ann_wnd                   0x0805d23d   Thumb Code    80  tcp.o(.text)
    tcp_recved                               0x0805d28d   Thumb Code    90  tcp.o(.text)
    tcp_recv_null                            0x0805d2e7   Thumb Code    34  tcp.o(.text)
    tcp_fasttmr                              0x0805d309   Thumb Code   100  tcp.o(.text)
    tcp_tmr                                  0x0805d36d   Thumb Code    28  tcp.o(.text)
    tcp_shutdown                             0x0805d389   Thumb Code    78  tcp.o(.text)
    tcp_abandon                              0x0805d3d7   Thumb Code   160  tcp.o(.text)
    tcp_abort                                0x0805d477   Thumb Code     4  tcp.o(.text)
    tcp_bind                                 0x0805d4b9   Thumb Code   324  tcp.o(.text)
    tcp_listen_with_backlog                  0x0805d603   Thumb Code   142  tcp.o(.text)
    tcp_eff_send_mss                         0x0805d691   Thumb Code    32  tcp.o(.text)
    tcp_next_iss                             0x0805d6b1   Thumb Code    12  tcp.o(.text)
    tcp_connect                              0x0805d6bd   Thumb Code   228  tcp.o(.text)
    tcp_setprio                              0x0805d7a1   Thumb Code     4  tcp.o(.text)
    tcp_seg_copy                             0x0805d7a5   Thumb Code    34  tcp.o(.text)
    tcp_alloc                                0x0805d7c7   Thumb Code   232  tcp.o(.text)
    tcp_new                                  0x0805d8af   Thumb Code     4  tcp.o(.text)
    tcp_arg                                  0x0805d8b3   Thumb Code     4  tcp.o(.text)
    tcp_recv                                 0x0805d8b7   Thumb Code     6  tcp.o(.text)
    tcp_sent                                 0x0805d8bd   Thumb Code     6  tcp.o(.text)
    tcp_err                                  0x0805d8c3   Thumb Code     6  tcp.o(.text)
    tcp_accept                               0x0805d8c9   Thumb Code     4  tcp.o(.text)
    tcp_poll                                 0x0805d8cd   Thumb Code    10  tcp.o(.text)
    tcp_debug_state_str                      0x0805d8d7   Thumb Code     8  tcp.o(.text)
    tcp_input                                0x0805e8bf   Thumb Code   948  tcp_in.o(.text)
    tcp_enqueue_flags                        0x0805ef37   Thumb Code   302  tcp_out.o(.text)
    tcp_send_fin                             0x0805f065   Thumb Code    58  tcp_out.o(.text)
    tcp_write                                0x0805f17d   Thumb Code  1372  tcp_out.o(.text)
    tcp_send_empty_ack                       0x0805f6d9   Thumb Code    76  tcp_out.o(.text)
    tcp_output                               0x0805f941   Thumb Code   454  tcp_out.o(.text)
    tcp_rst                                  0x0805fb07   Thumb Code   142  tcp_out.o(.text)
    tcp_rexmit_rto                           0x0805fb95   Thumb Code    44  tcp_out.o(.text)
    tcp_rexmit                               0x0805fbc1   Thumb Code    72  tcp_out.o(.text)
    tcp_rexmit_fast                          0x0805fc09   Thumb Code    90  tcp_out.o(.text)
    tcp_keepalive                            0x0805fc63   Thumb Code    60  tcp_out.o(.text)
    tcp_zero_window_probe                    0x0805fc9f   Thumb Code   190  tcp_out.o(.text)
    sys_timeout                              0x0805fd5d   Thumb Code   108  timers.o(.text)
    tcp_timer_needed                         0x0805fdef   Thumb Code    34  timers.o(.text)
    sys_timeouts_init                        0x0805fe61   Thumb Code    52  timers.o(.text)
    sys_untimeout                            0x0805fe95   Thumb Code    66  timers.o(.text)
    sys_timeouts_mbox_fetch                  0x0805fed7   Thumb Code    96  timers.o(.text)
    udp_input                                0x0805ffd5   Thumb Code   388  udp.o(.text)
    udp_bind                                 0x08060159   Thumb Code   158  udp.o(.text)
    udp_sendto_if                            0x080601f7   Thumb Code   204  udp.o(.text)
    udp_sendto                               0x080602c3   Thumb Code    40  udp.o(.text)
    udp_send                                 0x080602eb   Thumb Code     6  udp.o(.text)
    udp_connect                              0x080602f1   Thumb Code    70  udp.o(.text)
    udp_disconnect                           0x08060337   Thumb Code    16  udp.o(.text)
    udp_recv                                 0x08060347   Thumb Code     6  udp.o(.text)
    udp_remove                               0x0806034d   Thumb Code    36  udp.o(.text)
    udp_new                                  0x08060371   Thumb Code    28  udp.o(.text)
    icmp_input                               0x08060435   Thumb Code   348  icmp.o(.text)
    icmp_dest_unreach                        0x08060591   Thumb Code     8  icmp.o(.text)
    inet_chksum_pseudo                       0x080607c7   Thumb Code   134  inet_chksum.o(.text)
    inet_chksum_pseudo_partial               0x0806084d   Thumb Code   178  inet_chksum.o(.text)
    inet_chksum                              0x080608ff   Thumb Code    12  inet_chksum.o(.text)
    inet_chksum_pbuf                         0x0806090b   Thumb Code    72  inet_chksum.o(.text)
    ip_route                                 0x080609a1   Thumb Code    54  ip.o(.text)
    ip_input                                 0x080609d7   Thumb Code   360  ip.o(.text)
    ip_output_if                             0x08060b3f   Thumb Code   190  ip.o(.text)
    ip_output                                0x08060bfd   Thumb Code    74  ip.o(.text)
    ip4_addr_isbroadcast                     0x08060cc9   Thumb Code    46  ip_addr.o(.text)
    ip4_addr_netmask_valid                   0x08060cf7   Thumb Code    38  ip_addr.o(.text)
    ipaddr_aton                              0x08060d1d   Thumb Code   262  ip_addr.o(.text)
    ipaddr_addr                              0x08060e23   Thumb Code    20  ip_addr.o(.text)
    ipaddr_ntoa_r                            0x08060e37   Thumb Code   120  ip_addr.o(.text)
    ipaddr_ntoa                              0x08060eaf   Thumb Code     6  ip_addr.o(.text)
    etharp_tmr                               0x08060f6b   Thumb Code    50  etharp.o(.text)
    etharp_find_addr                         0x080611bb   Thumb Code    70  etharp.o(.text)
    etharp_request                           0x08061539   Thumb Code    34  etharp.o(.text)
    etharp_query                             0x0806155b   Thumb Code   306  etharp.o(.text)
    etharp_output                            0x0806168d   Thumb Code   196  etharp.o(.text)
    ethernet_input                           0x08061751   Thumb Code   110  etharp.o(.text)
    eth_device_init_with_flag                0x080618d9   Thumb Code   164  ethernetif.o(.text)
    eth_device_init                          0x0806197d   Thumb Code     4  ethernetif.o(.text)
    eth_device_ready                         0x08061981   Thumb Code    16  ethernetif.o(.text)
    eth_device_linkchange                    0x08061991   Thumb Code    76  ethernetif.o(.text)
    eth_system_device_init                   0x08061acd   Thumb Code   294  ethernetif.o(.text)
    __rt_ctype_table                         0x08061d39   Thumb Code    16  rt_ctype_table.o(.text)
    malloc                                   0x08061d49   Thumb Code    94  h1_alloc.o(.text)
    free                                     0x08061da7   Thumb Code    78  h1_free.o(.text)
    __2snprintf                              0x08061df5   Thumb Code    48  noretval__2snprintf.o(.text)
    _printf_pre_padding                      0x08061e29   Thumb Code    46  _printf_pad.o(.text)
    _printf_post_padding                     0x08061e57   Thumb Code    36  _printf_pad.o(.text)
    _printf_str                              0x08061e7b   Thumb Code    82  _printf_str.o(.text)
    _printf_int_dec                          0x08061ecd   Thumb Code   102  _printf_dec.o(.text)
    _printf_int_hex                          0x08061f45   Thumb Code    88  _printf_hex_int.o(.text)
    _printf_longlong_hex                     0x08061f45   Thumb Code     0  _printf_hex_int.o(.text)
    __printf                                 0x08061fa1   Thumb Code   310  __printf_flags_wp.o(.text)
    atoi                                     0x080620dd   Thumb Code    26  atoi.o(.text)
    strchr                                   0x080620f7   Thumb Code    20  strchr.o(.text)
    strncasecmp                              0x0806210b   Thumb Code    50  strncasecmp.o(.text)
    strcasecmp                               0x0806213d   Thumb Code    42  strcasecmp.o(.text)
    strlen                                   0x08062167   Thumb Code    62  strlen.o(.text)
    strncmp                                  0x080621a5   Thumb Code   150  strncmp.o(.text)
    __aeabi_memcpy                           0x0806223b   Thumb Code     0  rt_memcpy_v6.o(.text)
    __rt_memcpy                              0x0806223b   Thumb Code   138  rt_memcpy_v6.o(.text)
    _memcpy_lastbytes                        0x080622a1   Thumb Code     0  rt_memcpy_v6.o(.text)
    __aeabi_memcpy4                          0x080622c5   Thumb Code     0  rt_memcpy_w.o(.text)
    __aeabi_memcpy8                          0x080622c5   Thumb Code     0  rt_memcpy_w.o(.text)
    __rt_memcpy_w                            0x080622c5   Thumb Code   100  rt_memcpy_w.o(.text)
    _memcpy_lastbytes_aligned                0x0806230d   Thumb Code     0  rt_memcpy_w.o(.text)
    __aeabi_memclr                           0x08062329   Thumb Code     0  rt_memclr.o(.text)
    __rt_memclr                              0x08062329   Thumb Code    68  rt_memclr.o(.text)
    _memset                                  0x0806232d   Thumb Code     0  rt_memclr.o(.text)
    __aeabi_memclr4                          0x0806236d   Thumb Code     0  rt_memclr_w.o(.text)
    __aeabi_memclr8                          0x0806236d   Thumb Code     0  rt_memclr_w.o(.text)
    __rt_memclr_w                            0x0806236d   Thumb Code    78  rt_memclr_w.o(.text)
    _memset_w                                0x08062371   Thumb Code     0  rt_memclr_w.o(.text)
    strncpy                                  0x080623bb   Thumb Code    86  strncpy.o(.text)
    strcmp                                   0x08062411   Thumb Code   128  strcmpv7m.o(.text)
    localtime                                0x08062491   Thumb Code     6  localtime.o(.text)
    mktime                                   0x080624d3   Thumb Code   358  mktime.o(.text)
    _localtime_r                             0x08062641   Thumb Code   158  localtime_internal.o(.text)
    localtime_r                              0x08062641   Thumb Code     0  localtime_internal.o(.text)
    __use_two_region_memory                  0x080626e5   Thumb Code     2  heapauxi.o(.text)
    __rt_heap_escrow                         0x080626e7   Thumb Code     2  heapauxi.o(.text)
    __rt_heap_expand                         0x080626e9   Thumb Code     2  heapauxi.o(.text)
    __rt_heap_descriptor                     0x080626ed   Thumb Code     8  rt_heap_descriptor_intlibspace.o(.text)
    __rt_locale                              0x080626f5   Thumb Code     8  rt_locale_intlibspace.o(.text)
    __aeabi_errno_addr                       0x080626fd   Thumb Code     8  rt_errno_addr_intlibspace.o(.text)
    __errno$intlibspace                      0x080626fd   Thumb Code     0  rt_errno_addr_intlibspace.o(.text)
    __rt_errno_addr$intlibspace              0x080626fd   Thumb Code     0  rt_errno_addr_intlibspace.o(.text)
    __use_no_heap                            0x08062705   Thumb Code     2  hguard.o(.text)
    __heap$guard                             0x08062707   Thumb Code     2  hguard.o(.text)
    _terminate_user_alloc                    0x08062709   Thumb Code     2  init_alloc.o(.text)
    _init_user_alloc                         0x0806270b   Thumb Code     2  init_alloc.o(.text)
    __Heap_Full                              0x0806270d   Thumb Code    34  init_alloc.o(.text)
    __Heap_Broken                            0x0806272f   Thumb Code     6  init_alloc.o(.text)
    _init_alloc                              0x08062735   Thumb Code    94  init_alloc.o(.text)
    __Heap_Initialize                        0x08062793   Thumb Code    10  h1_init.o(.text)
    __Heap_DescSize                          0x0806279d   Thumb Code     4  h1_init.o(.text)
    tolower                                  0x080627a1   Thumb Code    26  tolower.o(.text)
    _printf_int_common                       0x080627bb   Thumb Code   184  _printf_intcommon.o(.text)
    _printf_char_common                      0x0806287f   Thumb Code    32  _printf_char_common.o(.text)
    _sputc                                   0x080628a5   Thumb Code    10  _sputc.o(.text)
    _snputc                                  0x080628af   Thumb Code    16  _snputc.o(.text)
    _printf_cs_common                        0x080628bf   Thumb Code    20  _printf_char.o(.text)
    _printf_char                             0x080628d3   Thumb Code    16  _printf_char.o(.text)
    _printf_string                           0x080628e3   Thumb Code     8  _printf_char.o(.text)
    strtol                                   0x080628eb   Thumb Code   112  strtol.o(.text)
    __user_libspace                          0x0806295d   Thumb Code     8  libspace.o(.text)
    __user_perproc_libspace                  0x0806295d   Thumb Code     0  libspace.o(.text)
    __user_perthread_libspace                0x0806295d   Thumb Code     0  libspace.o(.text)
    __Heap_ProvideMemory                     0x08062965   Thumb Code    52  h1_extend.o(.text)
    _strtoul                                 0x08062999   Thumb Code   158  _strtoul.o(.text)
    __rt_SIGRTMEM                            0x08062a37   Thumb Code    14  defsig_rtmem_outer.o(.text)
    __I$use$semihosting                      0x08062a45   Thumb Code     0  use_no_semi.o(.text)
    __use_no_semihosting_swi                 0x08062a45   Thumb Code     2  use_no_semi.o(.text)
    __semihosting_library_function           0x08062a47   Thumb Code     0  indicate_semi.o(.text)
    __user_setup_stackheap                   0x08062a47   Thumb Code    74  sys_stackheap_outer.o(.text)
    _chval                                   0x08062a91   Thumb Code    28  _chval.o(.text)
    exit                                     0x08062aad   Thumb Code    12  exit.o(.text)
    __sig_exit                               0x08062ab9   Thumb Code    10  defsig_exit.o(.text)
    __rt_SIGRTMEM_inner                      0x08062ac5   Thumb Code    22  defsig_rtmem_inner.o(.text)
    _sys_exit                                0x08062b15   Thumb Code     8  sys_exit.o(.text)
    __default_signal_display                 0x08062b21   Thumb Code    50  defsig_general.o(.text)
    _ttywrch                                 0x08062b53   Thumb Code    14  sys_wrch.o(.text)
    _is_digit                                0x08062b61   Thumb Code    14  __printf_wp.o(i._is_digit)
    _get_lc_ctype                            0x08062b71   Thumb Code    44  lc_ctype_c.o(locale$$code)
    UPGRADE_FLAG_FILE                        0x0806301a   Data           9  upgrade_flag.o(.constdata)
    rt_lowest_bitmap                         0x080639ee   Data         256  scheduler.o(.constdata)
    memp_sizes                               0x0806414a   Data          28  memp.o(.constdata)
    tcp_persist_backoff                      0x08064168   Data           7  tcp.o(.constdata)
    tcp_state_str                            0x08064170   Data          44  tcp.o(.constdata)
    tcp_backoff                              0x0806419c   Data          13  tcp.o(.constdata)
    tcp_pcb_lists                            0x080641ac   Data          16  tcp.o(.constdata)
    ip_addr_any                              0x08064214   Data           4  ip_addr.o(.constdata)
    ip_addr_broadcast                        0x08064218   Data           4  ip_addr.o(.constdata)
    ethbroadcast                             0x0806421c   Data           6  etharp.o(.constdata)
    ethzero                                  0x08064222   Data           6  etharp.o(.constdata)
    _monlen                                  0x080642e6   Data          12  _monlen.o(.constdata)
    Region$$Table$$Base                      0x080643a0   Number         0  anon$$obj.o(Region$$Table)
    Region$$Table$$Limit                     0x080643c0   Number         0  anon$$obj.o(Region$$Table)
    __ctype                                  0x080643cd   Data           0  lc_ctype_c.o(locale$$data)
    iwdg_net_feed_flag                       0x20000000   Data           4  3g_watchdog.o(.data)
    bootsh                                   0x2000000c   Data           4  bootcfg.o(.data)
    net_recv_fine_flag                       0x20000048   Data           1  net_app.o(.data)
    net_send_fine_flag                       0x20000049   Data           1  net_app.o(.data)
    lenght                                   0x20000058   Data           4  net_app.o(.data)
    SystemCoreClock                          0x20000070   Data           4  system_stm32f2xx.o(.data)
    AHBPrescTable                            0x20000074   Data          16  system_stm32f2xx.o(.data)
    station_startup_mode                     0x20000084   Data           4  upgrade_flag.o(.data)
    uart1                                    0x20000098   Data           8  usart.o(.data)
    uart2                                    0x200000a0   Data           8  usart.o(.data)
    uart3                                    0x200000a8   Data           8  usart.o(.data)
    uart4                                    0x200000b0   Data           8  usart.o(.data)
    uart5                                    0x200000b8   Data           8  usart.o(.data)
    DMATxDescToSet                           0x200000c8   Data           4  stm32f2xx_eth.o(.data)
    DMARxDescToGet                           0x200000cc   Data           4  stm32f2xx_eth.o(.data)
    DMAPTPTxDescToSet                        0x200000d0   Data           4  stm32f2xx_eth.o(.data)
    DMAPTPRxDescToGet                        0x200000d4   Data           4  stm32f2xx_eth.o(.data)
    AsynchPrediv                             0x200000e0   Data           4  stm32f2_rtc.o(.data)
    SynchPrediv                              0x200000e4   Data           4  stm32f2_rtc.o(.data)
    errorindex                               0x200000e8   Data           4  stm32f2_rtc.o(.data)
    i                                        0x200000ec   Data           4  stm32f2_rtc.o(.data)
    BKPDataReg                               0x200000f0   Data          80  stm32f2_rtc.o(.data)
    rt_interrupt_nest                        0x20000158   Data           1  irq.o(.data)
    rt_object_trytake_hook                   0x2000018c   Data           4  object.o(.data)
    rt_object_take_hook                      0x20000190   Data           4  object.o(.data)
    rt_object_put_hook                       0x20000194   Data           4  object.o(.data)
    rt_object_container                      0x20000198   Data         144  object.o(.data)
    rt_current_priority                      0x20000228   Data           1  scheduler.o(.data)
    rt_current_thread                        0x2000022c   Data           4  scheduler.o(.data)
    rt_thread_ready_priority_group           0x20000230   Data           4  scheduler.o(.data)
    rt_thread_defunct                        0x20000238   Data           8  scheduler.o(.data)
    rt_interrupt_from_thread                 0x20000250   Data           4  cpuport.o(.data)
    rt_interrupt_to_thread                   0x20000254   Data           4  cpuport.o(.data)
    rt_thread_switch_interrupt_flag          0x20000258   Data           4  cpuport.o(.data)
    working_directory                        0x2000025c   Data         256  dfs.o(.data)
    netif_list                               0x200003a4   Data           4  netif.o(.data)
    netif_default                            0x200003a8   Data           4  netif.o(.data)
    tcp_ticks                                0x200003bc   Data           4  tcp.o(.data)
    tcp_bound_pcbs                           0x200003c0   Data           4  tcp.o(.data)
    tcp_listen_pcbs                          0x200003c4   Data           4  tcp.o(.data)
    tcp_active_pcbs                          0x200003c8   Data           4  tcp.o(.data)
    tcp_tw_pcbs                              0x200003cc   Data           4  tcp.o(.data)
    tcp_tmp_pcb                              0x200003d0   Data           4  tcp.o(.data)
    tcp_input_pcb                            0x200003ec   Data           4  tcp_in.o(.data)
    udp_pcbs                                 0x200003f8   Data           4  udp.o(.data)
    current_netif                            0x20000400   Data           4  ip.o(.data)
    current_header                           0x20000404   Data           4  ip.o(.data)
    current_iphdr_src                        0x20000408   Data           4  ip.o(.data)
    current_iphdr_dest                       0x2000040c   Data           4  ip.o(.data)
    sys_option                               0x2000046c   Data          32  bootcfg.o(.bss)
    sys_option_sem                           0x2000048c   Data          32  bootcfg.o(.bss)
    bsmac_mq                                 0x20000c2c   Data          52  bsmac_parser.o(.bss)
    u8MbusPool                               0x200028d7   Data        4096  mbus_app.o(.bss)
    mbus_rec_mq                              0x200038d8   Data          52  mbus_app.o(.bss)
    mbus_reported_msg_pool                   0x2000390c   Data        8192  mbus_app.o(.bss)
    mbus_reported_mq                         0x2000590c   Data          52  mbus_app.o(.bss)
    msg_analyser_mq                          0x20005f54   Data          52  msg_center.o(.bss)
    u8MsgPool                                0x20006388   Data       10240  msg_center.o(.bss)
    net_mq                                   0x20008c98   Data          52  net_app.o(.bss)
    u8NetPool                                0x2000974c   Data       16384  net_app.o(.bss)
    uart1_int_rx                             0x2000d8c4   Data        1028  usart.o(.bss)
    serial1                                  0x2000dcc8   Data         124  usart.o(.bss)
    uart2_int_rx                             0x2000dd44   Data        1028  usart.o(.bss)
    serial2                                  0x2000e148   Data         124  usart.o(.bss)
    uart3_int_rx                             0x2000e1c4   Data        1028  usart.o(.bss)
    serial3                                  0x2000e5c8   Data         124  usart.o(.bss)
    uart4_int_rx                             0x2000e644   Data        1028  usart.o(.bss)
    serial4                                  0x2000ea48   Data         124  usart.o(.bss)
    uart5_int_rx                             0x2000eac4   Data        1028  usart.o(.bss)
    serial5                                  0x2000eec8   Data         124  usart.o(.bss)
    rt_thread_priority_table                 0x20011818   Data         256  scheduler.o(.bss)
    filesystem_operation_table               0x20011918   Data          16  dfs.o(.bss)
    filesystem_table                         0x20011928   Data          32  dfs.o(.bss)
    fd_table                                 0x2001196c   Data         128  dfs.o(.bss)
    dhcp_rx_options_val                      0x20011a4c   Data          40  dhcp.o(.bss)
    dhcp_rx_options_given                    0x20011a74   Data          10  dhcp.o(.bss)
    __libspace_start                         0x20012750   Data          96  libspace.o(.bss)
    __temporary_stack_top$libspace           0x200127b0   Data           0  libspace.o(.bss)
    Image$$RW_IRAM1$$ZI$$Limit               0x20012db0   Number         0  startup_stm32f2xx.o(STACK)



==============================================================================

Memory Map of the image

  Image Entry point : 0x08040185

  Load Region LR_IROM1 (Base: 0x08040000, Size: 0x000248e4, Max: 0x00040000, ABSOLUTE, COMPRESSED[0x000245b4])

    Execution Region ER_IROM1 (Base: 0x08040000, Size: 0x000244d0, Max: 0x00040000, ABSOLUTE)

    Base Addr    Size         Type   Attr      Idx    E Section Name        Object

    0x08040000   0x00000184   Data   RO          225    RESET               startup_stm32f2xx.o
    0x08040184   0x00000008   Code   RO          458  * !!!main             c_w.l(__main.o)
    0x0804018c   0x00000034   Code   RO          625    !!!scatter          c_w.l(__scatter.o)
    0x080401c0   0x0000005a   Code   RO          624    !!dczerorl2         c_w.l(__dczerorl2.o)
    0x0804021a   0x00000002   PAD
    0x0804021c   0x0000001c   Code   RO          626    !!handler_zi        c_w.l(__scatter_zi.o)
    0x08040238   0x00000000   Code   RO          440    .ARM.Collect$$_printf_percent$$00000000  c_w.l(_printf_percent.o)
    0x08040238   0x00000006   Code   RO          439    .ARM.Collect$$_printf_percent$$00000009  c_w.l(_printf_d.o)
    0x0804023e   0x00000006   Code   RO          438    .ARM.Collect$$_printf_percent$$0000000C  c_w.l(_printf_x.o)
    0x08040244   0x00000006   Code   RO          437    .ARM.Collect$$_printf_percent$$00000014  c_w.l(_printf_s.o)
    0x0804024a   0x00000004   Code   RO          486    .ARM.Collect$$_printf_percent$$00000017  c_w.l(_printf_percent_end.o)
    0x0804024e   0x00000002   Code   RO          580    .ARM.Collect$$libinit$$00000000  c_w.l(libinit.o)
    0x08040250   0x00000000   Code   RO          493    .ARM.Collect$$libinit$$00000002  c_w.l(libinit2.o)
    0x08040250   0x00000008   Code   RO          494    .ARM.Collect$$libinit$$00000003  c_w.l(libinit2.o)
    0x08040258   0x00000000   Code   RO          496    .ARM.Collect$$libinit$$00000008  c_w.l(libinit2.o)
    0x08040258   0x00000000   Code   RO          498    .ARM.Collect$$libinit$$0000000A  c_w.l(libinit2.o)
    0x08040258   0x00000000   Code   RO          500    .ARM.Collect$$libinit$$0000000C  c_w.l(libinit2.o)
    0x08040258   0x00000006   Code   RO          501    .ARM.Collect$$libinit$$0000000D  c_w.l(libinit2.o)
    0x0804025e   0x00000000   Code   RO          503    .ARM.Collect$$libinit$$0000000F  c_w.l(libinit2.o)
    0x0804025e   0x0000000c   Code   RO          504    .ARM.Collect$$libinit$$00000010  c_w.l(libinit2.o)
    0x0804026a   0x00000000   Code   RO          505    .ARM.Collect$$libinit$$00000011  c_w.l(libinit2.o)
    0x0804026a   0x00000000   Code   RO          507    .ARM.Collect$$libinit$$00000013  c_w.l(libinit2.o)
    0x0804026a   0x00000000   Code   RO          509    .ARM.Collect$$libinit$$00000015  c_w.l(libinit2.o)
    0x0804026a   0x00000000   Code   RO          511    .ARM.Collect$$libinit$$00000017  c_w.l(libinit2.o)
    0x0804026a   0x00000000   Code   RO          513    .ARM.Collect$$libinit$$00000019  c_w.l(libinit2.o)
    0x0804026a   0x00000000   Code   RO          515    .ARM.Collect$$libinit$$0000001B  c_w.l(libinit2.o)
    0x0804026a   0x00000000   Code   RO          517    .ARM.Collect$$libinit$$0000001D  c_w.l(libinit2.o)
    0x0804026a   0x00000000   Code   RO          519    .ARM.Collect$$libinit$$0000001F  c_w.l(libinit2.o)
    0x0804026a   0x00000000   Code   RO          521    .ARM.Collect$$libinit$$00000021  c_w.l(libinit2.o)
    0x0804026a   0x00000000   Code   RO          523    .ARM.Collect$$libinit$$00000023  c_w.l(libinit2.o)
    0x0804026a   0x00000000   Code   RO          527    .ARM.Collect$$libinit$$0000002A  c_w.l(libinit2.o)
    0x0804026a   0x00000000   Code   RO          529    .ARM.Collect$$libinit$$0000002C  c_w.l(libinit2.o)
    0x0804026a   0x00000000   Code   RO          531    .ARM.Collect$$libinit$$0000002E  c_w.l(libinit2.o)
    0x0804026a   0x00000000   Code   RO          533    .ARM.Collect$$libinit$$00000030  c_w.l(libinit2.o)
    0x0804026a   0x00000002   Code   RO          534    .ARM.Collect$$libinit$$00000031  c_w.l(libinit2.o)
    0x0804026c   0x00000002   Code   RO          621    .ARM.Collect$$libshutdown$$00000000  c_w.l(libshutdown.o)
    0x0804026e   0x00000000   Code   RO          590    .ARM.Collect$$libshutdown$$00000003  c_w.l(libshutdown2.o)
    0x0804026e   0x00000000   Code   RO          593    .ARM.Collect$$libshutdown$$00000006  c_w.l(libshutdown2.o)
    0x0804026e   0x00000000   Code   RO          596    .ARM.Collect$$libshutdown$$00000009  c_w.l(libshutdown2.o)
    0x0804026e   0x00000000   Code   RO          598    .ARM.Collect$$libshutdown$$0000000B  c_w.l(libshutdown2.o)
    0x0804026e   0x00000000   Code   RO          601    .ARM.Collect$$libshutdown$$0000000E  c_w.l(libshutdown2.o)
    0x0804026e   0x00000002   Code   RO          602    .ARM.Collect$$libshutdown$$0000000F  c_w.l(libshutdown2.o)
    0x08040270   0x00000000   Code   RO          460    .ARM.Collect$$rtentry$$00000000  c_w.l(rtentry.o)
    0x08040270   0x00000000   Code   RO          539    .ARM.Collect$$rtentry$$00000002  c_w.l(rtentry2.o)
    0x08040270   0x00000006   Code   RO          551    .ARM.Collect$$rtentry$$00000004  c_w.l(rtentry4.o)
    0x08040276   0x00000000   Code   RO          541    .ARM.Collect$$rtentry$$00000009  c_w.l(rtentry2.o)
    0x08040276   0x00000004   Code   RO          542    .ARM.Collect$$rtentry$$0000000A  c_w.l(rtentry2.o)
    0x0804027a   0x00000000   Code   RO          544    .ARM.Collect$$rtentry$$0000000C  c_w.l(rtentry2.o)
    0x0804027a   0x00000008   Code   RO          545    .ARM.Collect$$rtentry$$0000000D  c_w.l(rtentry2.o)
    0x08040282   0x00000002   Code   RO          582    .ARM.Collect$$rtexit$$00000000  c_w.l(rtexit.o)
    0x08040284   0x00000000   Code   RO          605    .ARM.Collect$$rtexit$$00000002  c_w.l(rtexit2.o)
    0x08040284   0x00000004   Code   RO          606    .ARM.Collect$$rtexit$$00000003  c_w.l(rtexit2.o)
    0x08040288   0x00000006   Code   RO          607    .ARM.Collect$$rtexit$$00000004  c_w.l(rtexit2.o)
    0x0804028e   0x00000002   PAD
    0x08040290   0x00000000   Code   RO          554    .emb_text           c_w.l(maybetermalloc1.o)
    0x08040290   0x000001a8   Code   RO            5    .text               3g_watchdog.o
    0x08040438   0x0000019c   Code   RO           11    .text               application.o
    0x080405d4   0x00000d98   Code   RO           14    .text               bootcfg.o
    0x0804136c   0x00000edc   Code   RO           21    .text               bsmac_parser.o
    0x08042248   0x000000d4   Code   RO           27    .text               led_indicator.o
    0x0804231c   0x000001d4   Code   RO           29    .text               location_data.o
    0x080424f0   0x00001574   Code   RO           35    .text               mbus_app.o
    0x08043a64   0x00000100   Code   RO           39    .text               msg_center.o
    0x08043b64   0x00001644   Code   RO           46    .text               net_app.o
    0x080451a8   0x00000120   Code   RO           55    .text               startup.o
    0x080452c8   0x0000015c   Code   RO           58    .text               system_stm32f2xx.o
    0x08045424   0x00000204   Code   RO           60    .text               upgrade_flag.o
    0x08045628   0x00000348   Code   RO           65    .text               board.o
    0x08045970   0x000001d8   Code   RO           68    .text               platform.o
    0x08045b48   0x00000624   Code   RO           73    .text               usart.o
    0x0804616c   0x0000006e   Code   RO           82    .text               stm32f2xx_it.o
    0x080461da   0x00000002   PAD
    0x080461dc   0x000001a8   Code   RO           85    .text               stm32_flash.o
    0x08046384   0x00001f68   Code   RO           88    .text               stm32f2xx_eth.o
    0x080482ec   0x00000230   Code   RO           93    .text               stm32f20x_40x_spi.o
    0x0804851c   0x00000578   Code   RO           95    .text               spi_flash_w25qxx.o
    0x08048a94   0x000003a0   Code   RO          100    .text               stm32f2_rtc.o
    0x08048e34   0x000001ac   Code   RO          107    .text               misc.o
    0x08048fe0   0x00000278   Code   RO          150    .text               stm32f2xx_exti.o
    0x08049258   0x000005c0   Code   RO          154    .text               stm32f2xx_flash.o
    0x08049818   0x000007d4   Code   RO          162    .text               stm32f2xx_gpio.o
    0x08049fec   0x000000a0   Code   RO          180    .text               stm32f2xx_iwdg.o
    0x0804a08c   0x000001a4   Code   RO          184    .text               stm32f2xx_pwr.o
    0x0804a230   0x00000ac8   Code   RO          188    .text               stm32f2xx_rcc.o
    0x0804acf8   0x00000f6c   Code   RO          197    .text               stm32f2xx_rtc.o
    0x0804bc64   0x00000840   Code   RO          205    .text               stm32f2xx_spi.o
    0x0804c4a4   0x00000120   Code   RO          209    .text               stm32f2xx_syscfg.o
    0x0804c5c4   0x00000c7c   Code   RO          217    .text               stm32f2xx_usart.o
    0x0804d240   0x00000040   Code   RO          226    .text               startup_stm32f2xx.o
    0x0804d280   0x00000030   Code   RO          227    .text               crc.o
    0x0804d2b0   0x00000060   Code   RO          229    .text               clock.o
    0x0804d310   0x00000380   Code   RO          231    .text               device.o
    0x0804d690   0x00000148   Code   RO          233    .text               idle.o
    0x0804d7d8   0x000015b0   Code   RO          237    .text               ipc.o
    0x0804ed88   0x00000038   Code   RO          239    .text               irq.o
    0x0804edc0   0x00000738   Code   RO          241    .text               kservice.o
    0x0804f4f8   0x00000764   Code   RO          245    .text               mem.o
    0x0804fc5c   0x000002f0   Code   RO          252    .text               object.o
    0x0804ff4c   0x000002f4   Code   RO          255    .text               scheduler.o
    0x08050240   0x00000638   Code   RO          259    .text               thread.o
    0x08050878   0x000003a0   Code   RO          261    .text               timer.o
    0x08050c18   0x00000498   Code   RO          264    .text               cpuport.o
    0x080510b0   0x000000c4   Code   RO          270    .text               context_rvds.o
    0x08051174   0x00000370   Code   RO          275    .text               dfs.o
    0x080514e4   0x00000484   Code   RO          279    .text               dfs_fs.o
    0x08051968   0x00000348   Code   RO          281    .text               dfs_file.o
    0x08051cb0   0x000004ac   Code   RO          282    .text               dfs_posix.o
    0x0805215c   0x000007c4   Code   RO          283    .text               dfs_elm.o
    0x08052920   0x00001f74   Code   RO          287    .text               ff.o
    0x08054894   0x000000ec   Code   RO          290    .text               rtc.o
    0x08054980   0x00000522   Code   RO          292    .text               serial.o
    0x08054ea2   0x00000002   PAD
    0x08054ea4   0x0000063c   Code   RO          294    .text               spi_core.o
    0x080554e0   0x00000330   Code   RO          296    .text               spi_dev.o
    0x08055810   0x00000488   Code   RO          300    .text               dataqueue.o
    0x08055c98   0x00000034   Code   RO          307    .text               components.o
    0x08055ccc   0x00000a14   Code   RO          308    .text               api_lib.o
    0x080566e0   0x00001468   Code   RO          309    .text               api_msg.o
    0x08057b48   0x00000310   Code   RO          310    .text               netbuf.o
    0x08057e58   0x000000ca   Code   RO          314    .text               netifapi.o
    0x08057f22   0x00000002   PAD
    0x08057f24   0x00001554   Code   RO          315    .text               sockets.o
    0x08059478   0x0000030c   Code   RO          319    .text               tcpip.o
    0x08059784   0x00000724   Code   RO          321    .text               sys_arch.o
    0x08059ea8   0x00000010   Code   RO          324    .text               def.o
    0x08059eb8   0x00001564   Code   RO          325    .text               dhcp.o
    0x0805b41c   0x00000618   Code   RO          329    .text               dns.o
    0x0805ba34   0x0000001a   Code   RO          332    .text               init.o
    0x0805ba4e   0x00000002   PAD
    0x0805ba50   0x0000024c   Code   RO          334    .text               netif.o
    0x0805bc9c   0x00000cb6   Code   RO          336    .text               pbuf.o
    0x0805c952   0x00000002   PAD
    0x0805c954   0x000001e0   Code   RO          338    .text               raw.o
    0x0805cb34   0x00000e14   Code   RO          341    .text               tcp.o
    0x0805d948   0x000014d0   Code   RO          345    .text               tcp_in.o
    0x0805ee18   0x00000f44   Code   RO          348    .text               tcp_out.o
    0x0805fd5c   0x00000278   Code   RO          350    .text               timers.o
    0x0805ffd4   0x00000460   Code   RO          352    .text               udp.o
    0x08060434   0x0000033c   Code   RO          354    .text               icmp.o
    0x08060770   0x00000230   Code   RO          355    .text               inet_chksum.o
    0x080609a0   0x00000328   Code   RO          356    .text               ip.o
    0x08060cc8   0x00000238   Code   RO          358    .text               ip_addr.o
    0x08060f00   0x0000096c   Code   RO          362    .text               etharp.o
    0x0806186c   0x000004cc   Code   RO          366    .text               ethernetif.o
    0x08061d38   0x00000010   Code   RO          371    .text               c_w.l(rt_ctype_table.o)
    0x08061d48   0x0000005e   Code   RO          374    .text               c_w.l(h1_alloc.o)
    0x08061da6   0x0000004e   Code   RO          375    .text               c_w.l(h1_free.o)
    0x08061df4   0x00000034   Code   RO          405    .text               c_w.l(noretval__2snprintf.o)
    0x08061e28   0x00000052   Code   RO          407    .text               c_w.l(_printf_pad.o)
    0x08061e7a   0x00000052   Code   RO          408    .text               c_w.l(_printf_str.o)
    0x08061ecc   0x00000078   Code   RO          409    .text               c_w.l(_printf_dec.o)
    0x08061f44   0x0000005c   Code   RO          412    .text               c_w.l(_printf_hex_int.o)
    0x08061fa0   0x0000013c   Code   RO          432    .text               c_w.l(__printf_flags_wp.o)
    0x080620dc   0x0000001a   Code   RO          441    .text               c_w.l(atoi.o)
    0x080620f6   0x00000014   Code   RO          442    .text               c_w.l(strchr.o)
    0x0806210a   0x00000032   Code   RO          443    .text               c_w.l(strncasecmp.o)
    0x0806213c   0x0000002a   Code   RO          444    .text               c_w.l(strcasecmp.o)
    0x08062166   0x0000003e   Code   RO          445    .text               c_w.l(strlen.o)
    0x080621a4   0x00000096   Code   RO          446    .text               c_w.l(strncmp.o)
    0x0806223a   0x0000008a   Code   RO          447    .text               c_w.l(rt_memcpy_v6.o)
    0x080622c4   0x00000064   Code   RO          448    .text               c_w.l(rt_memcpy_w.o)
    0x08062328   0x00000044   Code   RO          449    .text               c_w.l(rt_memclr.o)
    0x0806236c   0x0000004e   Code   RO          450    .text               c_w.l(rt_memclr_w.o)
    0x080623ba   0x00000056   Code   RO          451    .text               c_w.l(strncpy.o)
    0x08062410   0x00000080   Code   RO          452    .text               c_w.l(strcmpv7m.o)
    0x08062490   0x0000000c   Code   RO          453    .text               c_w.l(localtime.o)
    0x0806249c   0x000001a4   Code   RO          455    .text               c_w.l(mktime.o)
    0x08062640   0x000000a4   Code   RO          456    .text               c_w.l(localtime_internal.o)
    0x080626e4   0x00000006   Code   RO          457    .text               c_w.l(heapauxi.o)
    0x080626ea   0x00000002   PAD
    0x080626ec   0x00000008   Code   RO          463    .text               c_w.l(rt_heap_descriptor_intlibspace.o)
    0x080626f4   0x00000008   Code   RO          466    .text               c_w.l(rt_locale_intlibspace.o)
    0x080626fc   0x00000008   Code   RO          469    .text               c_w.l(rt_errno_addr_intlibspace.o)
    0x08062704   0x00000004   Code   RO          470    .text               c_w.l(hguard.o)
    0x08062708   0x0000008a   Code   RO          471    .text               c_w.l(init_alloc.o)
    0x08062792   0x0000000e   Code   RO          473    .text               c_w.l(h1_init.o)
    0x080627a0   0x0000001a   Code   RO          480    .text               c_w.l(tolower.o)
    0x080627ba   0x000000b8   Code   RO          481    .text               c_w.l(_printf_intcommon.o)
    0x08062872   0x00000002   PAD
    0x08062874   0x00000030   Code   RO          482    .text               c_w.l(_printf_char_common.o)
    0x080628a4   0x0000000a   Code   RO          483    .text               c_w.l(_sputc.o)
    0x080628ae   0x00000010   Code   RO          484    .text               c_w.l(_snputc.o)
    0x080628be   0x0000002c   Code   RO          485    .text               c_w.l(_printf_char.o)
    0x080628ea   0x00000070   Code   RO          487    .text               c_w.l(strtol.o)
    0x0806295a   0x00000002   PAD
    0x0806295c   0x00000008   Code   RO          536    .text               c_w.l(libspace.o)
    0x08062964   0x00000034   Code   RO          556    .text               c_w.l(h1_extend.o)
    0x08062998   0x0000009e   Code   RO          559    .text               c_w.l(_strtoul.o)
    0x08062a36   0x0000000e   Code   RO          560    .text               c_w.l(defsig_rtmem_outer.o)
    0x08062a44   0x00000002   Code   RO          566    .text               c_w.l(use_no_semi.o)
    0x08062a46   0x00000000   Code   RO          567    .text               c_w.l(indicate_semi.o)
    0x08062a46   0x0000004a   Code   RO          568    .text               c_w.l(sys_stackheap_outer.o)
    0x08062a90   0x0000001c   Code   RO          571    .text               c_w.l(_chval.o)
    0x08062aac   0x0000000c   Code   RO          572    .text               c_w.l(exit.o)
    0x08062ab8   0x0000000a   Code   RO          573    .text               c_w.l(defsig_exit.o)
    0x08062ac2   0x00000002   PAD
    0x08062ac4   0x00000050   Code   RO          574    .text               c_w.l(defsig_rtmem_inner.o)
    0x08062b14   0x0000000c   Code   RO          581    .text               c_w.l(sys_exit.o)
    0x08062b20   0x00000032   Code   RO          587    .text               c_w.l(defsig_general.o)
    0x08062b52   0x0000000e   Code   RO          603    .text               c_w.l(sys_wrch.o)
    0x08062b60   0x0000000e   Code   RO          431    i._is_digit         c_w.l(__printf_wp.o)
    0x08062b6e   0x00000002   PAD
    0x08062b70   0x0000002c   Code   RO          489    locale$$code        c_w.l(lc_ctype_c.o)
    0x08062b9c   0x000000bc   Data   RO           16    .constdata          bootcfg.o
    0x08062c58   0x0000002a   Data   RO           23    .constdata          bsmac_parser.o
    0x08062c82   0x00000013   Data   RO           31    .constdata          location_data.o
    0x08062c95   0x00000191   Data   RO           37    .constdata          mbus_app.o
    0x08062e26   0x00000018   Data   RO           42    .constdata          msg_center.o
    0x08062e3e   0x00000002   PAD
    0x08062e40   0x000001da   Data   RO           49    .constdata          net_app.o
    0x0806301a   0x0000002e   Data   RO           61    .constdata          upgrade_flag.o
    0x08063048   0x00000048   Data   RO           75    .constdata          usart.o
    0x08063090   0x0000003b   Data   RO           97    .constdata          spi_flash_w25qxx.o
    0x080630cb   0x0000000f   Data   RO          102    .constdata          stm32f2_rtc.o
    0x080630da   0x00000002   PAD
    0x080630dc   0x00000048   Data   RO          151    .constdata          stm32f2xx_exti.o
    0x08063124   0x00000048   Data   RO          155    .constdata          stm32f2xx_flash.o
    0x0806316c   0x00000048   Data   RO          163    .constdata          stm32f2xx_gpio.o
    0x080631b4   0x00000048   Data   RO          181    .constdata          stm32f2xx_iwdg.o
    0x080631fc   0x00000048   Data   RO          185    .constdata          stm32f2xx_pwr.o
    0x08063244   0x00000048   Data   RO          189    .constdata          stm32f2xx_rcc.o
    0x0806328c   0x00000048   Data   RO          198    .constdata          stm32f2xx_rtc.o
    0x080632d4   0x00000048   Data   RO          206    .constdata          stm32f2xx_spi.o
    0x0806331c   0x0000004c   Data   RO          210    .constdata          stm32f2xx_syscfg.o
    0x08063368   0x00000048   Data   RO          218    .constdata          stm32f2xx_usart.o
    0x080633b0   0x00000200   Data   RO          228    .constdata          crc.o
    0x080635b0   0x000000a8   Data   RO          232    .constdata          device.o
    0x08063658   0x00000016   Data   RO          235    .constdata          idle.o
    0x0806366e   0x000001c6   Data   RO          238    .constdata          ipc.o
    0x08063834   0x00000022   Data   RO          243    .constdata          kservice.o
    0x08063856   0x00000002   PAD
    0x08063858   0x00000138   Data   RO          247    .constdata          mem.o
    0x08063990   0x0000005e   Data   RO          253    .constdata          object.o
    0x080639ee   0x0000014e   Data   RO          257    .constdata          scheduler.o
    0x08063b3c   0x000000aa   Data   RO          260    .constdata          thread.o
    0x08063be6   0x0000005c   Data   RO          262    .constdata          timer.o
    0x08063c42   0x00000013   Data   RO          265    .constdata          cpuport.o
    0x08063c55   0x00000023   Data   RO          277    .constdata          dfs.o
    0x08063c78   0x0000001d   Data   RO          280    .constdata          dfs_fs.o
    0x08063c95   0x00000003   PAD
    0x08063c98   0x000000b9   Data   RO          284    .constdata          dfs_elm.o
    0x08063d51   0x00000001   PAD
    0x08063d52   0x0000002c   Data   RO          288    .constdata          ff.o
    0x08063d7e   0x00000086   Data   RO          293    .constdata          serial.o
    0x08063e04   0x000000a3   Data   RO          295    .constdata          spi_core.o
    0x08063ea7   0x000000d9   Data   RO          297    .constdata          spi_dev.o
    0x08063f80   0x0000004b   Data   RO          301    .constdata          dataqueue.o
    0x08063fcb   0x00000001   PAD
    0x08063fcc   0x00000040   Data   RO          317    .constdata          sockets.o
    0x0806400c   0x000000b3   Data   RO          322    .constdata          sys_arch.o
    0x080640bf   0x00000001   PAD
    0x080640c0   0x00000089   Data   RO          327    .constdata          dhcp.o
    0x08064149   0x00000001   PAD
    0x0806414a   0x0000001c   Data   RO          333    .constdata          memp.o
    0x08064166   0x00000002   PAD
    0x08064168   0x00000054   Data   RO          342    .constdata          tcp.o
    0x080641bc   0x00000055   Data   RO          349    .constdata          tcp_out.o
    0x08064211   0x00000003   PAD
    0x08064214   0x00000004   Data   RO          360    .constdata          ip_addr.o
    0x08064218   0x00000004   Data   RO          361    .constdata          ip_addr.o
    0x0806421c   0x00000050   Data   RO          364    .constdata          etharp.o
    0x0806426c   0x00000041   Data   RO          368    .constdata          ethernetif.o
    0x080642ad   0x00000028   Data   RO          413    .constdata          c_w.l(_printf_hex_int.o)
    0x080642d5   0x00000011   Data   RO          433    .constdata          c_w.l(__printf_flags_wp.o)
    0x080642e6   0x0000000c   Data   RO          490    .constdata          c_w.l(_monlen.o)
    0x080642f2   0x00000040   Data   RO           17    .conststring        bootcfg.o
    0x08064332   0x00000004   Data   RO          285    .conststring        dfs_elm.o
    0x08064336   0x00000068   Data   RO          343    .conststring        tcp.o
    0x0806439e   0x00000002   PAD
    0x080643a0   0x00000020   Data   RO          622    Region$$Table       anon$$obj.o
    0x080643c0   0x00000110   Data   RO          488    locale$$data        c_w.l(lc_ctype_c.o)


    Execution Region RW_IRAM1 (Base: 0x20000000, Size: 0x00012db0, Max: 0x00020000, ABSOLUTE, COMPRESSED[0x000000e4])

    Base Addr    Size         Type   Attr      Idx    E Section Name        Object

    0x20000000   0x00000004   Data   RW            7    .data               3g_watchdog.o
    0x20000004   0x00000004   Data   RW            8    .data               3g_watchdog.o
    0x20000008   0x00000008   Data   RW           18    .data               bootcfg.o
    0x20000010   0x00000014   Data   RW           24    .data               bsmac_parser.o
    0x20000024   0x0000000d   Data   RW           32    .data               location_data.o
    0x20000031   0x00000003   PAD
    0x20000034   0x00000010   Data   RW           38    .data               mbus_app.o
    0x20000044   0x00000004   Data   RW           43    .data               msg_center.o
    0x20000048   0x00000028   Data   RW           50    .data               net_app.o
    0x20000070   0x00000014   Data   RW           59    .data               system_stm32f2xx.o
    0x20000084   0x00000004   Data   RW           62    .data               upgrade_flag.o
    0x20000088   0x00000010   Data   RW           70    .data               platform.o
    0x20000098   0x00000028   Data   RW           76    .data               usart.o
    0x200000c0   0x00000018   Data   RW           90    .data               stm32f2xx_eth.o
    0x200000d8   0x00000008   Data   RW           94    .data               stm32f20x_40x_spi.o
    0x200000e0   0x00000060   Data   RW          103    .data               stm32f2_rtc.o
    0x20000140   0x00000010   Data   RW          190    .data               stm32f2xx_rcc.o
    0x20000150   0x00000004   Data   RW          230    .data               clock.o
    0x20000154   0x00000004   Data   RW          236    .data               idle.o
    0x20000158   0x00000001   Data   RW          240    .data               irq.o
    0x20000159   0x00000003   PAD
    0x2000015c   0x00000008   Data   RW          244    .data               kservice.o
    0x20000164   0x00000020   Data   RW          248    .data               mem.o
    0x20000184   0x000000a4   Data   RW          254    .data               object.o
    0x20000228   0x00000018   Data   RW          258    .data               scheduler.o
    0x20000240   0x0000000c   Data   RW          263    .data               timer.o
    0x2000024c   0x00000004   Data   RW          266    .data               cpuport.o
    0x20000250   0x00000004   Data   RW          267    .data               cpuport.o
    0x20000254   0x00000004   Data   RW          268    .data               cpuport.o
    0x20000258   0x00000004   Data   RW          269    .data               cpuport.o
    0x2000025c   0x00000100   Data   RW          278    .data               dfs.o
    0x2000035c   0x00000004   Data   RW          286    .data               dfs_elm.o
    0x20000360   0x00000008   Data   RW          289    .data               ff.o
    0x20000368   0x00000004   Data   RW          291    .data               rtc.o
    0x2000036c   0x00000008   Data   RW          318    .data               sockets.o
    0x20000374   0x0000000c   Data   RW          320    .data               tcpip.o
    0x20000380   0x00000006   Data   RW          323    .data               sys_arch.o
    0x20000386   0x00000002   PAD
    0x20000388   0x00000004   Data   RW          328    .data               dhcp.o
    0x2000038c   0x00000014   Data   RW          331    .data               dns.o
    0x200003a0   0x0000000c   Data   RW          335    .data               netif.o
    0x200003ac   0x00000001   Data   RW          337    .data               pbuf.o
    0x200003ad   0x00000003   PAD
    0x200003b0   0x00000004   Data   RW          339    .data               raw.o
    0x200003b4   0x00000020   Data   RW          344    .data               tcp.o
    0x200003d4   0x0000001c   Data   RW          347    .data               tcp_in.o
    0x200003f0   0x00000008   Data   RW          351    .data               timers.o
    0x200003f8   0x00000004   Data   RW          353    .data               udp.o
    0x200003fc   0x00000014   Data   RW          357    .data               ip.o
    0x20000410   0x00000001   Data   RW          365    .data               etharp.o
    0x20000411   0x00000003   PAD
    0x20000414   0x00000058   Zero   RW            6    .bss                3g_watchdog.o
    0x2000046c   0x00000040   Zero   RW           15    .bss                bootcfg.o
    0x200004ac   0x00001e6c   Zero   RW           22    .bss                bsmac_parser.o
    0x20002318   0x0000002c   Zero   RW           28    .bss                led_indicator.o
    0x20002344   0x00000094   Zero   RW           30    .bss                location_data.o
    0x200023d8   0x00003b66   Zero   RW           36    .bss                mbus_app.o
    0x20005f3e   0x00000002   PAD
    0x20005f40   0x00000448   Zero   RW           40    .bss                msg_center.o
    0x20006388   0x00002800   Zero   RW           41    .bss                msg_center.o
    0x20008b88   0x00000bc4   Zero   RW           47    .bss                net_app.o
    0x2000974c   0x00004000   Zero   RW           48    .bss                net_app.o
    0x2000d74c   0x00000178   Zero   RW           69    .bss                platform.o
    0x2000d8c4   0x00001680   Zero   RW           74    .bss                usart.o
    0x2000ef44   0x00002500   Zero   RW           89    .bss                stm32f2xx_eth.o
    0x20011444   0x00000074   Zero   RW           96    .bss                spi_flash_w25qxx.o
    0x200114b8   0x00000040   Zero   RW          101    .bss                stm32f2_rtc.o
    0x200114f8   0x00000280   Zero   RW          234    .bss                idle.o
    0x20011778   0x00000080   Zero   RW          242    .bss                kservice.o
    0x200117f8   0x00000020   Zero   RW          246    .bss                mem.o
    0x20011818   0x00000100   Zero   RW          256    .bss                scheduler.o
    0x20011918   0x000000d4   Zero   RW          276    .bss                dfs.o
    0x200119ec   0x00000060   Zero   RW          316    .bss                sockets.o
    0x20011a4c   0x00000032   Zero   RW          326    .bss                dhcp.o
    0x20011a7e   0x00000002   PAD
    0x20011a80   0x00000663   Zero   RW          330    .bss                dns.o
    0x200120e3   0x00000001   PAD
    0x200120e4   0x00000010   Zero   RW          346    .bss                tcp_in.o
    0x200120f4   0x00000010   Zero   RW          359    .bss                ip_addr.o
    0x20012104   0x000000a0   Zero   RW          363    .bss                etharp.o
    0x200121a4   0x00000580   Zero   RW          367    .bss                ethernetif.o
    0x20012724   0x0000002c   Zero   RW          454    .bss                c_w.l(localtime.o)
    0x20012750   0x00000060   Zero   RW          537    .bss                c_w.l(libspace.o)
    0x200127b0   0x00000200   Zero   RW          224    HEAP                startup_stm32f2xx.o
    0x200129b0   0x00000400   Zero   RW          223    STACK               startup_stm32f2xx.o


==============================================================================

Image component sizes


      Code (inc. data)   RO Data    RW Data    ZI Data      Debug   Object Name

       424         82          0          8         88          0   3g_watchdog.o
      2580        876          0          0          0          0   api_lib.o
      5224       1240          0          0          0          0   api_msg.o
       412        148          0          0          0          0   application.o
       840         40          0          0          0          0   board.o
      3480       1710        252          8         64          0   bootcfg.o
      3804        824         42         20       7788          0   bsmac_parser.o
        96          6          0          4          0          0   clock.o
        52         24          0          0          0          0   components.o
       196         20          0          0          0          0   context_rvds.o
      1176        590         19         16          0          0   cpuport.o
        48          6        512          0          0          0   crc.o
      1160        134         75          0          0          0   dataqueue.o
        16          0          0          0          0          0   def.o
       896        114        168          0          0          0   device.o
       880        102         35        256        212          0   dfs.o
      1988        212        189          4          0          0   dfs_elm.o
       840          6          0          0          0          0   dfs_file.o
      1156        216         29          0          0          0   dfs_fs.o
      1196         12          0          0          0          0   dfs_posix.o
      5476       1040        137          4         50          0   dhcp.o
      1560        250          0         20       1635          0   dns.o
      2412        528         80          1        160          0   etharp.o
      1228        326         65          0       1408          0   ethernetif.o
      8052        104         44          8          0          0   ff.o
       828        350          0          0          0          0   icmp.o
       328        100         22          4        640          0   idle.o
       560         78          0          0          0          0   inet_chksum.o
        26          0          0          0          0          0   init.o
       808        130          0         20          0          0   ip.o
       568         82          8          0         16          0   ip_addr.o
      5552        274        454          0          0          0   ipc.o
        56          6          0          1          0          0   irq.o
      1848        162         34          8        128          0   kservice.o
       212         46          0          0         44          0   led_indicator.o
       468         72         19         13        148          0   location_data.o
      5492       1526        401         16      15206          0   mbus_app.o
      1892        432        312         32         32          0   mem.o
         0          0         28          0          0          0   memp.o
       428         84          0          0          0          0   misc.o
       256         94         24          4      11336          0   msg_center.o
      5700       1778        474         40      19396          0   net_app.o
       784        320          0          0          0          0   netbuf.o
       588         92          0         12          0          0   netif.o
       202          0          0          0          0          0   netifapi.o
       752        148         94        164          0          0   object.o
      3254       1150          0          1          0          0   pbuf.o
       472         72          0         16        376          0   platform.o
       480        108          0          4          0          0   raw.o
       236          8          0          4          0          0   rtc.o
       756        158        334         24        256          0   scheduler.o
      1314        184        134          0          0          0   serial.o
      5460        624         64          8         96          0   sockets.o
      1596        120        163          0          0          0   spi_core.o
       816        170        217          0          0          0   spi_dev.o
      1400        466         59          0        116          0   spi_flash_w25qxx.o
       288        130          0          0          0          0   startup.o
        64         26        388          0       1536          0   startup_stm32f2xx.o
       424         50          0          0          0          0   stm32_flash.o
       560         28          0          8          0          0   stm32f20x_40x_spi.o
       928        292         15         96         64          0   stm32f2_rtc.o
      8040        300          0         24       9472          0   stm32f2xx_eth.o
       632         12         72          0          0          0   stm32f2xx_exti.o
      1472         42         72          0          0          0   stm32f2xx_flash.o
      2004         82         72          0          0          0   stm32f2xx_gpio.o
       110          0          0          0          0          0   stm32f2xx_it.o
       160          8         72          0          0          0   stm32f2xx_iwdg.o
       420         18         72          0          0          0   stm32f2xx_pwr.o
      2760        226         72         16          0          0   stm32f2xx_rcc.o
      3948         58         72          0          0          0   stm32f2xx_rtc.o
      2112         44         72          0          0          0   stm32f2xx_spi.o
       288         16         76          0          0          0   stm32f2xx_syscfg.o
      3196         96         72          0          0          0   stm32f2xx_usart.o
      1828        324        179          6          0          0   sys_arch.o
       348         40          0         20          0          0   system_stm32f2xx.o
      3604        804        188         32          0          0   tcp.o
      5328        840          0         28         16          0   tcp_in.o
      3908        802         85          0          0          0   tcp_out.o
       780        156          0         12          0          0   tcpip.o
      1592        214        170          0          0          0   thread.o
       928        106         92         12          0          0   timer.o
       632        158          0          8          0          0   timers.o
      1120        168          0          4          0          0   udp.o
       516        160         46          4          0          0   upgrade_flag.o
      1572        178         72         40       5760          0   usart.o

    ----------------------------------------------------------------------
    137896      22822       6499       1044      76048          0   Object Totals
         0          0         32          0          0          0   (incl. Generated)
        10          0         20         14          5          0   (incl. Padding)

    ----------------------------------------------------------------------

      Code (inc. data)   RO Data    RW Data    ZI Data      Debug   Library Member Name

        90          0          0          0          0          0   __dczerorl2.o
         8          0          0          0          0          0   __main.o
       316          6         17          0          0          0   __printf_flags_wp.o
        14          0          0          0          0          0   __printf_wp.o
        52          8          0          0          0          0   __scatter.o
        28          0          0          0          0          0   __scatter_zi.o
        28          0          0          0          0          0   _chval.o
         0          0         12          0          0          0   _monlen.o
        44          0          0          0          0          0   _printf_char.o
        48          6          0          0          0          0   _printf_char_common.o
         6          0          0          0          0          0   _printf_d.o
       120         18          0          0          0          0   _printf_dec.o
        92          4         40          0          0          0   _printf_hex_int.o
       184          0          0          0          0          0   _printf_intcommon.o
        82          0          0          0          0          0   _printf_pad.o
         0          0          0          0          0          0   _printf_percent.o
         4          0          0          0          0          0   _printf_percent_end.o
         6          0          0          0          0          0   _printf_s.o
        82          0          0          0          0          0   _printf_str.o
         6          0          0          0          0          0   _printf_x.o
        16          0          0          0          0          0   _snputc.o
        10          0          0          0          0          0   _sputc.o
       158          0          0          0          0          0   _strtoul.o
        26          0          0          0          0          0   atoi.o
        10          0          0          0          0          0   defsig_exit.o
        50          0          0          0          0          0   defsig_general.o
        80         58          0          0          0          0   defsig_rtmem_inner.o
        14          0          0          0          0          0   defsig_rtmem_outer.o
        12          0          0          0          0          0   exit.o
        94          0          0          0          0          0   h1_alloc.o
        52          0          0          0          0          0   h1_extend.o
        78          0          0          0          0          0   h1_free.o
        14          0          0          0          0          0   h1_init.o
         6          0          0          0          0          0   heapauxi.o
         4          0          0          0          0          0   hguard.o
         0          0          0          0          0          0   indicate_semi.o
       138          0          0          0          0          0   init_alloc.o
        44         10        272          0          0          0   lc_ctype_c.o
         2          0          0          0          0          0   libinit.o
        28          0          0          0          0          0   libinit2.o
         2          0          0          0          0          0   libshutdown.o
         2          0          0          0          0          0   libshutdown2.o
         8          4          0          0         96          0   libspace.o
        12          6          0          0         44          0   localtime.o
       164          6          0          0          0          0   localtime_internal.o
         0          0          0          0          0          0   maybetermalloc1.o
       420          8          0          0          0          0   mktime.o
        52          4          0          0          0          0   noretval__2snprintf.o
        16          4          0          0          0          0   rt_ctype_table.o
         8          4          0          0          0          0   rt_errno_addr_intlibspace.o
         8          4          0          0          0          0   rt_heap_descriptor_intlibspace.o
         8          4          0          0          0          0   rt_locale_intlibspace.o
        68          0          0          0          0          0   rt_memclr.o
        78          0          0          0          0          0   rt_memclr_w.o
       138          0          0          0          0          0   rt_memcpy_v6.o
       100          0          0          0          0          0   rt_memcpy_w.o
         0          0          0          0          0          0   rtentry.o
        12          0          0          0          0          0   rtentry2.o
         6          0          0          0          0          0   rtentry4.o
         2          0          0          0          0          0   rtexit.o
        10          0          0          0          0          0   rtexit2.o
        42          0          0          0          0          0   strcasecmp.o
        20          0          0          0          0          0   strchr.o
       128          0          0          0          0          0   strcmpv7m.o
        62          0          0          0          0          0   strlen.o
        50          0          0          0          0          0   strncasecmp.o
       150          0          0          0          0          0   strncmp.o
        86          0          0          0          0          0   strncpy.o
       112          0          0          0          0          0   strtol.o
        12          4          0          0          0          0   sys_exit.o
        74          0          0          0          0          0   sys_stackheap_outer.o
        14          0          0          0          0          0   sys_wrch.o
        26          0          0          0          0          0   tolower.o
         2          0          0          0          0          0   use_no_semi.o

    ----------------------------------------------------------------------
      3952        158        341          0        140          0   Library Totals
        14          0          0          0          0          0   (incl. Padding)

    ----------------------------------------------------------------------

      Code (inc. data)   RO Data    RW Data    ZI Data      Debug   Library Name

      3938        158        341          0        140          0   c_w.l

    ----------------------------------------------------------------------
      3952        158        341          0        140          0   Library Totals

    ----------------------------------------------------------------------

==============================================================================


      Code (inc. data)   RO Data    RW Data    ZI Data      Debug   

    141848      22980       6840       1044      76188          0   Grand Totals
    141848      22980       6840        228      76188          0   ELF Image Totals (compressed)
    141848      22980       6840        228          0          0   ROM Totals

==============================================================================

    Total RO  Size (Code + RO Data)               148688 ( 145.20kB)
    Total RW  Size (RW Data + ZI Data)             77232 (  75.42kB)
    Total ROM Size (Code + RO Data + RW Data)     148916 ( 145.43kB)

==============================================================================

