Warning[w46]: External function "DelayMs" in module MPDep ( E:\work_wangti\main\Zigbee\cc2430\app\Lcd_aging_cc2430\iar_file\MobilePhone_Debug\Obj\MPDep.r51 ) has no global definition
Warning[w46]: External function "DelayUs" in module codec_i2c ( E:\work_wangti\main\Zigbee\cc2430\app\Lcd_aging_cc2430\iar_file\MobilePhone_Debug\Obj\codec_i2c.r51 ) has no global definition
################################################################################
#                                                                              #
#      IAR Universal Linker V4.60K/386                                         #
#                                                                              #
#           Link time     =  11/Oct/2011  15:26:52                             #
#           Target CPU    =  x51                                               #
#           List file     =  E:\work_wangti\main\Zigbee\cc2430\app\Lcd_aging_c #
#                            c2430\iar_file\MobilePhone_Debug\List\LCD_aging_c #
#                            c2430.map                                         #
#           Output file 1 =  E:\work_wangti\main\Zigbee\cc2430\app\Lcd_aging_c #
#                            c2430\iar_file\MobilePhone_Debug\Exe\LCD_aging_cc #
#                            2430.hex                                          #
#                            Format: intel-extended                            #
#           Command line  =  -C                                                #
#                            E:\work_wangti\main\Zigbee\cc2430\app\Lcd_aging_c #
#                            c2430\iar_file\..\..\..\third_party\Zstack\Projec #
#                            ts\zstack\Libraries\TI2430DB\bin\EndDevice.lib    #
#                            -C                                                #
#                            E:\work_wangti\main\Zigbee\cc2430\app\Lcd_aging_c #
#                            c2430\iar_file\..\..\..\third_party\Zstack\Projec #
#                            ts\zstack\Libraries\TI2430DB\bin\Security.lib     #
#                            -C                                                #
#                            E:\work_wangti\main\Zigbee\cc2430\app\Lcd_aging_c #
#                            c2430\iar_file\..\..\..\third_party\Zstack\Projec #
#                            ts\zstack\Libraries\TIMAC\bin\TIMAC-CC2430.lib    #
#                            "-IC:\Program Files\IAR Systems\Embedded Workbenc #
#                            h 4.0 Evaluation version\8051\CONFIG\"            #
#                            E:\work_wangti\main\Zigbee\cc2430\app\Lcd_aging_c #
#                            c2430\iar_file\MobilePhone_Debug\Obj\51PY.r51     #
#                            E:\work_wangti\main\Zigbee\cc2430\app\Lcd_aging_c #
#                            c2430\iar_file\MobilePhone_Debug\Obj\AF.r51       #
#                            E:\work_wangti\main\Zigbee\cc2430\app\Lcd_aging_c #
#                            c2430\iar_file\MobilePhone_Debug\Obj\AccessCodeSp #
#                            ace.r51                                           #
#                            E:\work_wangti\main\Zigbee\cc2430\app\Lcd_aging_c #
#                            c2430\iar_file\MobilePhone_Debug\Obj\DQUE.r51     #
#                            E:\work_wangti\main\Zigbee\cc2430\app\Lcd_aging_c #
#                            c2430\iar_file\MobilePhone_Debug\Obj\DebugTrace.r #
#                            51                                                #
#                            E:\work_wangti\main\Zigbee\cc2430\app\Lcd_aging_c #
#                            c2430\iar_file\MobilePhone_Debug\Obj\FlashErasePa #
#                            ge.r51                                            #
#                            E:\work_wangti\main\Zigbee\cc2430\app\Lcd_aging_c #
#                            c2430\iar_file\MobilePhone_Debug\Obj\KeyAudioISR. #
#                            r51                                               #
#                            E:\work_wangti\main\Zigbee\cc2430\app\Lcd_aging_c #
#                            c2430\iar_file\MobilePhone_Debug\Obj\MPDep.r51    #
#                            E:\work_wangti\main\Zigbee\cc2430\app\Lcd_aging_c #
#                            c2430\iar_file\MobilePhone_Debug\Obj\MTEL.r51     #
#                            E:\work_wangti\main\Zigbee\cc2430\app\Lcd_aging_c #
#                            c2430\iar_file\MobilePhone_Debug\Obj\MT_AF.r51    #
#                            E:\work_wangti\main\Zigbee\cc2430\app\Lcd_aging_c #
#                            c2430\iar_file\MobilePhone_Debug\Obj\MT_MAC.r51   #
#                            E:\work_wangti\main\Zigbee\cc2430\app\Lcd_aging_c #
#                            c2430\iar_file\MobilePhone_Debug\Obj\MT_NWK.r51   #
#                            E:\work_wangti\main\Zigbee\cc2430\app\Lcd_aging_c #
#                            c2430\iar_file\MobilePhone_Debug\Obj\MT_ZDO.r51   #
#                            E:\work_wangti\main\Zigbee\cc2430\app\Lcd_aging_c #
#                            c2430\iar_file\MobilePhone_Debug\Obj\MacUtil.r51  #
#                            E:\work_wangti\main\Zigbee\cc2430\app\Lcd_aging_c #
#                            c2430\iar_file\MobilePhone_Debug\Obj\MenuAdjustUt #
#                            il.r51                                            #
#                            E:\work_wangti\main\Zigbee\cc2430\app\Lcd_aging_c #
#                            c2430\iar_file\MobilePhone_Debug\Obj\MenuChineseI #
#                            nputUtil.r51                                      #
#                            E:\work_wangti\main\Zigbee\cc2430\app\Lcd_aging_c #
#                            c2430\iar_file\MobilePhone_Debug\Obj\MenuLib_Nv.r #
#                            51                                                #
#                            E:\work_wangti\main\Zigbee\cc2430\app\Lcd_aging_c #
#                            c2430\iar_file\MobilePhone_Debug\Obj\MenuLib_glob #
#                            al.r51                                            #
#                            E:\work_wangti\main\Zigbee\cc2430\app\Lcd_aging_c #
#                            c2430\iar_file\MobilePhone_Debug\Obj\MenuLib_orph #
#                            an.r51                                            #
#                            E:\work_wangti\main\Zigbee\cc2430\app\Lcd_aging_c #
#                            c2430\iar_file\MobilePhone_Debug\Obj\MenuLib_tree #
#                            .r51                                              #
#                            E:\work_wangti\main\Zigbee\cc2430\app\Lcd_aging_c #
#                            c2430\iar_file\MobilePhone_Debug\Obj\MineApp.r51  #
#                            E:\work_wangti\main\Zigbee\cc2430\app\Lcd_aging_c #
#                            c2430\iar_file\MobilePhone_Debug\Obj\MineApp_Loca #
#                            l.r51                                             #
#                            E:\work_wangti\main\Zigbee\cc2430\app\Lcd_aging_c #
#                            c2430\iar_file\MobilePhone_Debug\Obj\MineApp_MP_F #
#                            unction.r51                                       #
#                            E:\work_wangti\main\Zigbee\cc2430\app\Lcd_aging_c #
#                            c2430\iar_file\MobilePhone_Debug\Obj\MineApp_Menu #
#                            Lib.r51                                           #
#                            E:\work_wangti\main\Zigbee\cc2430\app\Lcd_aging_c #
#                            c2430\iar_file\MobilePhone_Debug\Obj\MineApp_Osal #
#                            .r51                                              #
#                            E:\work_wangti\main\Zigbee\cc2430\app\Lcd_aging_c #
#                            c2430\iar_file\MobilePhone_Debug\Obj\MineApp_glob #
#                            al.r51                                            #
#                            E:\work_wangti\main\Zigbee\cc2430\app\Lcd_aging_c #
#                            c2430\iar_file\MobilePhone_Debug\Obj\OSAL.r51     #
#                            E:\work_wangti\main\Zigbee\cc2430\app\Lcd_aging_c #
#                            c2430\iar_file\MobilePhone_Debug\Obj\OSAL_Memory. #
#                            r51                                               #
#                            E:\work_wangti\main\Zigbee\cc2430\app\Lcd_aging_c #
#                            c2430\iar_file\MobilePhone_Debug\Obj\OSAL_Nv.r51  #
#                            E:\work_wangti\main\Zigbee\cc2430\app\Lcd_aging_c #
#                            c2430\iar_file\MobilePhone_Debug\Obj\OSAL_PwrMgr. #
#                            r51                                               #
#                            E:\work_wangti\main\Zigbee\cc2430\app\Lcd_aging_c #
#                            c2430\iar_file\MobilePhone_Debug\Obj\OSAL_Tasks.r #
#                            51                                                #
#                            E:\work_wangti\main\Zigbee\cc2430\app\Lcd_aging_c #
#                            c2430\iar_file\MobilePhone_Debug\Obj\OSAL_Timers. #
#                            r51                                               #
#                            E:\work_wangti\main\Zigbee\cc2430\app\Lcd_aging_c #
#                            c2430\iar_file\MobilePhone_Debug\Obj\OnBoard.r51  #
#                            E:\work_wangti\main\Zigbee\cc2430\app\Lcd_aging_c #
#                            c2430\iar_file\MobilePhone_Debug\Obj\SPIMgr.r51   #
#                            E:\work_wangti\main\Zigbee\cc2430\app\Lcd_aging_c #
#                            c2430\iar_file\MobilePhone_Debug\Obj\SleepUtil.r5 #
#                            1                                                 #
#                            E:\work_wangti\main\Zigbee\cc2430\app\Lcd_aging_c #
#                            c2430\iar_file\MobilePhone_Debug\Obj\StringUtil.r #
#                            51                                                #
#                            E:\work_wangti\main\Zigbee\cc2430\app\Lcd_aging_c #
#                            c2430\iar_file\MobilePhone_Debug\Obj\TimeUtil.r51 #
#                            E:\work_wangti\main\Zigbee\cc2430\app\Lcd_aging_c #
#                            c2430\iar_file\MobilePhone_Debug\Obj\WatchDogUtil #
#                            .r51                                              #
#                            E:\work_wangti\main\Zigbee\cc2430\app\Lcd_aging_c #
#                            c2430\iar_file\MobilePhone_Debug\Obj\ZDApp.r51    #
#                            E:\work_wangti\main\Zigbee\cc2430\app\Lcd_aging_c #
#                            c2430\iar_file\MobilePhone_Debug\Obj\ZDConfig.r51 #
#                            E:\work_wangti\main\Zigbee\cc2430\app\Lcd_aging_c #
#                            c2430\iar_file\MobilePhone_Debug\Obj\ZDObject.r51 #
#                            E:\work_wangti\main\Zigbee\cc2430\app\Lcd_aging_c #
#                            c2430\iar_file\MobilePhone_Debug\Obj\ZDProfile.r5 #
#                            1                                                 #
#                            E:\work_wangti\main\Zigbee\cc2430\app\Lcd_aging_c #
#                            c2430\iar_file\MobilePhone_Debug\Obj\ZDSecMgr.r51 #
#                            E:\work_wangti\main\Zigbee\cc2430\app\Lcd_aging_c #
#                            c2430\iar_file\MobilePhone_Debug\Obj\ZGlobals.r51 #
#                            E:\work_wangti\main\Zigbee\cc2430\app\Lcd_aging_c #
#                            c2430\iar_file\MobilePhone_Debug\Obj\ZMain.r51    #
#                            E:\work_wangti\main\Zigbee\cc2430\app\Lcd_aging_c #
#                            c2430\iar_file\MobilePhone_Debug\Obj\chipcon_bank #
#                            ed_code_support.r51                               #
#                            E:\work_wangti\main\Zigbee\cc2430\app\Lcd_aging_c #
#                            c2430\iar_file\MobilePhone_Debug\Obj\chipcon_cexi #
#                            t.r51                                             #
#                            E:\work_wangti\main\Zigbee\cc2430\app\Lcd_aging_c #
#                            c2430\iar_file\MobilePhone_Debug\Obj\chipcon_csta #
#                            rtup.r51                                          #
#                            E:\work_wangti\main\Zigbee\cc2430\app\Lcd_aging_c #
#                            c2430\iar_file\MobilePhone_Debug\Obj\codec_fm11ge #
#                            300.r51                                           #
#                            E:\work_wangti\main\Zigbee\cc2430\app\Lcd_aging_c #
#                            c2430\iar_file\MobilePhone_Debug\Obj\codec_i2c.r5 #
#                            1                                                 #
#                            E:\work_wangti\main\Zigbee\cc2430\app\Lcd_aging_c #
#                            c2430\iar_file\MobilePhone_Debug\Obj\crc.r51      #
#                            E:\work_wangti\main\Zigbee\cc2430\app\Lcd_aging_c #
#                            c2430\iar_file\MobilePhone_Debug\Obj\delay.r51    #
#                            E:\work_wangti\main\Zigbee\cc2430\app\Lcd_aging_c #
#                            c2430\iar_file\MobilePhone_Debug\Obj\flashDmaTrig #
#                            ger.r51                                           #
#                            E:\work_wangti\main\Zigbee\cc2430\app\Lcd_aging_c #
#                            c2430\iar_file\MobilePhone_Debug\Obj\hal_adc.r51  #
#                            E:\work_wangti\main\Zigbee\cc2430\app\Lcd_aging_c #
#                            c2430\iar_file\MobilePhone_Debug\Obj\hal_assert.r #
#                            51                                                #
#                            E:\work_wangti\main\Zigbee\cc2430\app\Lcd_aging_c #
#                            c2430\iar_file\MobilePhone_Debug\Obj\hal_audio.r5 #
#                            1                                                 #
#                            E:\work_wangti\main\Zigbee\cc2430\app\Lcd_aging_c #
#                            c2430\iar_file\MobilePhone_Debug\Obj\hal_drivers. #
#                            r51                                               #
#                            E:\work_wangti\main\Zigbee\cc2430\app\Lcd_aging_c #
#                            c2430\iar_file\MobilePhone_Debug\Obj\hal_key.r51  #
#                            E:\work_wangti\main\Zigbee\cc2430\app\Lcd_aging_c #
#                            c2430\iar_file\MobilePhone_Debug\Obj\hal_led.r51  #
#                            E:\work_wangti\main\Zigbee\cc2430\app\Lcd_aging_c #
#                            c2430\iar_file\MobilePhone_Debug\Obj\hal_target.r #
#                            51                                                #
#                            E:\work_wangti\main\Zigbee\cc2430\app\Lcd_aging_c #
#                            c2430\iar_file\MobilePhone_Debug\Obj\hal_timer.r5 #
#                            1                                                 #
#                            E:\work_wangti\main\Zigbee\cc2430\app\Lcd_aging_c #
#                            c2430\iar_file\MobilePhone_Debug\Obj\key_interfac #
#                            e.r51                                             #
#                            E:\work_wangti\main\Zigbee\cc2430\app\Lcd_aging_c #
#                            c2430\iar_file\MobilePhone_Debug\Obj\lcd_interfac #
#                            e.r51                                             #
#                            E:\work_wangti\main\Zigbee\cc2430\app\Lcd_aging_c #
#                            c2430\iar_file\MobilePhone_Debug\Obj\mac_backoff_ #
#                            timer.r51                                         #
#                            E:\work_wangti\main\Zigbee\cc2430\app\Lcd_aging_c #
#                            c2430\iar_file\MobilePhone_Debug\Obj\mac_cfg.r51  #
#                            E:\work_wangti\main\Zigbee\cc2430\app\Lcd_aging_c #
#                            c2430\iar_file\MobilePhone_Debug\Obj\mac_csp_tx.r #
#                            51                                                #
#                            E:\work_wangti\main\Zigbee\cc2430\app\Lcd_aging_c #
#                            c2430\iar_file\MobilePhone_Debug\Obj\mac_low_leve #
#                            l.r51                                             #
#                            E:\work_wangti\main\Zigbee\cc2430\app\Lcd_aging_c #
#                            c2430\iar_file\MobilePhone_Debug\Obj\mac_mcu.r51  #
#                            E:\work_wangti\main\Zigbee\cc2430\app\Lcd_aging_c #
#                            c2430\iar_file\MobilePhone_Debug\Obj\mac_mem.r51  #
#                            E:\work_wangti\main\Zigbee\cc2430\app\Lcd_aging_c #
#                            c2430\iar_file\MobilePhone_Debug\Obj\mac_radio.r5 #
#                            1                                                 #
#                            E:\work_wangti\main\Zigbee\cc2430\app\Lcd_aging_c #
#                            c2430\iar_file\MobilePhone_Debug\Obj\mac_radio_de #
#                            fs.r51                                            #
#                            E:\work_wangti\main\Zigbee\cc2430\app\Lcd_aging_c #
#                            c2430\iar_file\MobilePhone_Debug\Obj\mac_random.r #
#                            51                                                #
#                            E:\work_wangti\main\Zigbee\cc2430\app\Lcd_aging_c #
#                            c2430\iar_file\MobilePhone_Debug\Obj\mac_rx.r51   #
#                            E:\work_wangti\main\Zigbee\cc2430\app\Lcd_aging_c #
#                            c2430\iar_file\MobilePhone_Debug\Obj\mac_rx_onoff #
#                            .r51                                              #
#                            E:\work_wangti\main\Zigbee\cc2430\app\Lcd_aging_c #
#                            c2430\iar_file\MobilePhone_Debug\Obj\mac_sleep.r5 #
#                            1                                                 #
#                            E:\work_wangti\main\Zigbee\cc2430\app\Lcd_aging_c #
#                            c2430\iar_file\MobilePhone_Debug\Obj\mac_tx.r51   #
#                            E:\work_wangti\main\Zigbee\cc2430\app\Lcd_aging_c #
#                            c2430\iar_file\MobilePhone_Debug\Obj\nwk_globals. #
#                            r51                                               #
#                            E:\work_wangti\main\Zigbee\cc2430\app\Lcd_aging_c #
#                            c2430\iar_file\MobilePhone_Debug\Obj\saddr.r51    #
#                            E:\work_wangti\main\Zigbee\cc2430\app\Lcd_aging_c #
#                            c2430\iar_file\MobilePhone_Debug\Obj\time.r51     #
#                            E:\work_wangti\main\Zigbee\cc2430\app\Lcd_aging_c #
#                            c2430\iar_file\MobilePhone_Debug\Obj\zmac.r51     #
#                            E:\work_wangti\main\Zigbee\cc2430\app\Lcd_aging_c #
#                            c2430\iar_file\MobilePhone_Debug\Obj\zmac_cb.r51  #
#                            -o                                                #
#                            E:\work_wangti\main\Zigbee\cc2430\app\Lcd_aging_c #
#                            c2430\iar_file\MobilePhone_Debug\Exe\LCD_aging_cc #
#                            2430.hex                                          #
#                            -Fintel-extended -B -l                            #
#                            E:\work_wangti\main\Zigbee\cc2430\app\Lcd_aging_c #
#                            c2430\iar_file\MobilePhone_Debug\List\LCD_aging_c #
#                            c2430.map                                         #
#                            -xesn                                             #
#                            "-IC:\Program Files\IAR Systems\Embedded Workbenc #
#                            h 4.0 Evaluation version\8051\LIB\"               #
#                            -f                                                #
#                            E:\work_wangti\main\Zigbee\cc2430\app\Lcd_aging_c #
#                            c2430\iar_file\..\config\f8w2430_mp_Debug.xcl     #
#                            (-D_IDATA_END=0xFF -D_PDATA_START=0xEF00          #
#                            -D_PDATA_END=0xEFFF -D_IXDATA_START=E000          #
#                            -D_IXDATA_END=FEEF -D_XDATA_START=_IXDATA_START   #
#                            -D_XDATA_END=_IXDATA_END                          #
#                            -D_NEAR_CODE_END=0x7FFF -D_TINY_CODE_END=0x7FF    #
#                            -D_CODE_START=0x0000 -D_CODE_END=0x5FCF           #
#                            -D_BANK1A=(10000+_CODE_END+1)                     #
#                            -D_ZIGNV_START=0x3D000 -D_ZIGNV_SIZE=0x2000       #
#                            -D_ZIGNV_END=(_ZIGNV_START+_ZIGNV_SIZE-1)         #
#                            -M(CODE)_BANK1A-1FFFF,28000-2FFFF,38000-3CFFF,3F0 #
#                            00-3fff7=(_CODE_END+1)-0xFFFF,0x10000-0x17FFF,0x1 #
#                            8000-0x1CFFF,0x1F000-0x1FFF7                      #
#                            -D?REGISTER_BANK=0 -D_REGISTER_BANK_START=0       #
#                            -D_FIRST_BANK_ADDR=0x10000 -D_NR_OF_BANKS=0x03    #
#                            -D?PBANK_NUMBER=EF -D?PBANK=93                    #
#                            -D_BREG_START=0x00 -D?VB=0x20                     #
#                            -D_FAR_DATA_NR_OF_BANKS=0x0E                      #
#                            -D_FAR_DATA_START=0x010001                        #
#                            -D_FAR_DATA_END=0xFFFFFF                          #
#                            -D_FAR_CODE_START=_CODE_START                     #
#                            -D_FAR_CODE_END=_CODE_END                         #
#                            -Z(BIT)BREG=_BREG_START -Z(BIT)BIT_N=0-7F         #
#                            -Z(DATA)REGISTERS+8=_REGISTER_BANK_START          #
#                            -Z(DATA)BDATA_Z,BDATA_N,BDATA_I=20-2F             #
#                            -Z(DATA)VREG+_NR_OF_VIRTUAL_REGISTERS=08-7F       #
#                            -Z(DATA)PSP,XSP=08-7F -Z(DATA)DOVERLAY=08-7F      #
#                            -Z(DATA)DATA_I,DATA_Z,DATA_N=08-7F                #
#                            -U(IDATA)0-7F=(DATA)0-7F                          #
#                            -Z(IDATA)IDATA_I,IDATA_Z,IDATA_N=08-_IDATA_END    #
#                            -Z(IDATA)ISTACK+_IDATA_STACK_SIZE#08-_IDATA_END   #
#                            -Z(IDATA)IOVERLAY=08-FF -Z(CODE)INTVEC=0          #
#                            -Z(CODE)CSTART=_CODE_START-_CODE_END              #
#                            -Z(CODE)RCODE=_CODE_START-_CODE_END               #
#                            -Z(CODE)TINY_CODE=_CODE_START-_TINY_CODE_END      #
#                            -Z(CODE)NEAR_CODE=_CODE_START-_NEAR_CODE_END      #
#                            -Z(CODE)DIFUNCT=_CODE_START-_CODE_END             #
#                            -Z(CODE)FAR_CODE=_CODE_START-_CODE_END            #
#                            -Z(CODE)BANK_RELAYS=_CODE_START-_CODE_END         #
#                            -P(CODE)BANKED_CODE=_BANK1_START-_BANK1_END,_BANK #
#                            2_START-_BANK2_END,_BANK3_START-_BANK3_END,_BANK3 #
#                            b_START-_BANK3b_END                               #
#                            -Z(CODE)BIT_ID,BDATA_ID,DATA_ID,IDATA_ID,IXDATA_I #
#                            D,PDATA_ID,XDATA_ID=_CODE_START-_CODE_END         #
#                            -Z(CODE)HUGE_ID=_FAR_CODE_START-_FAR_CODE_END     #
#                            -Z(CODE)CODE_C=_CODE_START-_CODE_END              #
#                            -Z(CODE)FAR_CODE_C=_FAR_CODE_START-_FAR_CODE_END  #
#                            -Z(CODE)HUGE_CODE_C=_FAR_CODE_START-_FAR_CODE_END #
#                            -Z(CODE)CHECKSUM#_CODE_END                        #
#                            -Z(XDATA)EXT_STACK+_EXTENDED_STACK_SIZE=_EXTENDED #
#                            _STACK_START-_EXTENDED_STACK_END                  #
#                            -Z(XDATA)PSTACK+_PDATA_STACK_SIZE=_PDATA_START-_P #
#                            DATA_END                                          #
#                            -Z(XDATA)XSTACK+_XDATA_STACK_SIZE=_XDATA_START-_X #
#                            DATA_END                                          #
#                            -Z(XDATA)PDATA_N,PDATA_Z,PDATA_I=_PDATA_START-_PD #
#                            ATA_END                                           #
#                            -Z(XDATA)IXDATA_N,IXDATA_Z,IXDATA_I=_IXDATA_START #
#                            -_IXDATA_END                                      #
#                            -Z(XDATA)XDATA_N,XDATA_Z,XDATA_I=_XDATA_START-_XD #
#                            ATA_END                                           #
#                            -Z(XDATA)XDATA_HEAP+_XDATA_HEAP_SIZE=_XDATA_START #
#                            -_XDATA_END                                       #
#                            -Z(CONST)XDATA_ROM_C=_XDATA_START-_XDATA_END      #
#                            -Z(SPLIT-XDATA)FAR_Z=[_FAR_DATA_START-_FAR_DATA_E #
#                            ND]/10000                                         #
#                            -Z(SPLIT-XDATA)FAR_I=[_FAR_DATA_START-_FAR_DATA_E #
#                            ND]/10000                                         #
#                            -Z(SPLIT-CODE)FAR_ID=[_FAR_CODE_START-_FAR_CODE_E #
#                            ND]/10000                                         #
#                            -Z(SPLIT-XDATA)FAR_HEAP+_FAR_HEAP_SIZE=[_FAR_DATA #
#                            _START-_FAR_DATA_END]/10000                       #
#                            -P(XDATA)FAR_N=[_FAR_DATA_START-_FAR_DATA_END]*_F #
#                            AR_DATA_NR_OF_BANKS+10000                         #
#                            -P(CONST)FAR_ROM_C=[_FAR_DATA_START-_FAR_DATA_END #
#                            ]*E+10000                                         #
#                            -Z(XDATA)HUGE_N,HUGE_Z,HUGE_I=_FAR_DATA_START-_FA #
#                            R_DATA_END                                        #
#                            -Z(XDATA)HUGE_HEAP+_HUGE_HEAP_SIZE=_FAR_DATA_STAR #
#                            T-_FAR_DATA_END                                   #
#                            -Z(CONST)HUGE_ROM_C=_FAR_DATA_START-_FAR_DATA_END #
#                            -cx51 -D_BANK1_START=_BANK1A                      #
#                            -D_BANK1_END=0x1FFFF -D_BANK2_START=0x28000       #
#                            -D_BANK2_END=0x2FFFF -D_BANK3_START=0x38000       #
#                            -D_BANK3_END=0x3CFFF                              #
#                            -D_BANK3b_START=(_ZIGNV_END+1)                    #
#                            -D_BANK3b_END=0x3FFF7                             #
#                            -P(CODE)BANK1=_BANK1_START-_BANK1_END             #
#                            -P(CODE)BANK2=_BANK2_START-_BANK2_END             #
#                            -P(CODE)BANK3=_BANK3_START-_BANK3_END             #
#                            -P(CODE)ZIGNV=_ZIGNV_START-_ZIGNV_END             #
#                            -P(CODE)BANK3b=_BANK3b_START-_BANK3b_END          #
#                            -D_IEEE_ADDR_START=0x3FFF8                        #
#                            -D_IEEE_ADDR_END=0x3FFFF)                         #
#                            -D_NR_OF_VIRTUAL_REGISTERS=8 -D?DPL1=0x84         #
#                            -D?DPH1=0x85 -D?CBANK=0xC7                        #
#                            -D_CODEBANK_START=0x6200 -D_CODEBANK_END=0xFFFF   #
#                            -e_small_write=_formatted_write                   #
#                            -e_medium_read=_formatted_read -we24=i -s         #
#                            __program_start                                   #
#                            "C:\Program Files\IAR Systems\Embedded Workbench  #
#                            4.0 Evaluation version\8051\LIB\CLIB\cl-pli-blxd- #
#                            1e16x01.r51"                                      #
#                            -D_IDATA_STACK_SIZE=0xC0                          #
#                            -D_EXTENDED_STACK_START=0x00                      #
#                            -D_EXTENDED_STACK_END=0x00                        #
#                            -D_EXTENDED_STACK_SIZE=0x00                       #
#                            -D_PDATA_STACK_SIZE=0x80                          #
#                            -D_XDATA_STACK_SIZE=0x27F                         #
#                            -D_XDATA_HEAP_SIZE=0x00 -D_FAR_HEAP_SIZE=0x000    #
#                            -D_HUGE_HEAP_SIZE=0x000                           #
#                                                                              #
#                        Copyright 1987-2007 IAR Systems. All rights reserved. #
################################################################################





                ****************************************
                *                                      *
                *           CROSS REFERENCE            *
                *                                      *
                ****************************************

       Program entry at : CODE      000000D2  Relocatable, from module : CSTARTUP




                ****************************************
                *                                      *
                *            RUNTIME MODEL             *
                *                                      *
                ****************************************

  __calling_convention     = xdata_reentrant
  __code_model             = banked
  __core                   = plain
  __data_model             = large
  __dptr_size              = 16
  __extended_stack         = disabled
  __location_for_constants = data
  __number_of_dptrs        = 1
  __rt_version             = 1

                ****************************************
                *                                      *
                *              ENTRY LIST              *
                *                                      *
                ****************************************

?FILLER_BYTES
?ABS_ENTRY_MOD
  _HUGE_HEAP_SIZE                  CODE      00000000 
  _FAR_HEAP_SIZE                   CODE      00000000 
  _XDATA_HEAP_SIZE                 CODE      00000000 
  _XDATA_STACK_SIZE                CODE      0000027F 
  _PDATA_STACK_SIZE                CODE      00000080 
  _EXTENDED_STACK_SIZE             CODE      00000000 
  _EXTENDED_STACK_END              CODE      00000000 
  _EXTENDED_STACK_START            CODE      00000000 
  _IDATA_STACK_SIZE                CODE      000000C0 
  _CODEBANK_END                    CODE      0000FFFF 
  _CODEBANK_START                  CODE      00006200 
  ?CBANK                           CODE      000000C7 
  ?DPH1                            CODE      00000085 
  ?DPL1                            CODE      00000084 
  _NR_OF_VIRTUAL_REGISTERS         CODE      00000008 
  _IEEE_ADDR_END                   CODE      0003FFFF 
  _IEEE_ADDR_START                 CODE      0003FFF8 
  _BANK3b_END                      CODE      0001FFF7 
  _BANK3b_START                    CODE      0001F000 
  _BANK3_END                       CODE      0001CFFF 
  _BANK3_START                     CODE      00018000 
  _BANK2_END                       CODE      00017FFF 
  _BANK2_START                     CODE      00010000 
  _BANK1_END                       CODE      0000FFFF 
  _BANK1_START                     CODE      00005FD0 
  _FAR_CODE_END                    CODE      00005FCF 
  _FAR_CODE_START                  CODE      00000000 
  _FAR_DATA_END                    CODE      00FFFFFF 
  _FAR_DATA_START                  CODE      00010001 
  _FAR_DATA_NR_OF_BANKS            CODE      0000000E 
  ?VB                              CODE      00000020 
  _BREG_START                      CODE      00000000 
  ?PBANK                           CODE      00000093 
  ?PBANK_NUMBER                    CODE      000000EF 
  _NR_OF_BANKS                     CODE      00000003 
  _FIRST_BANK_ADDR                 CODE      00010000 
  _REGISTER_BANK_START             CODE      00000000 
  ?REGISTER_BANK                   CODE      00000000 
  _ZIGNV_END                       CODE      0003EFFF 
  _ZIGNV_SIZE                      CODE      00002000 
  _ZIGNV_START                     CODE      0003D000 
  _BANK1A                          CODE      00005FD0 
  _CODE_END                        CODE      00005FCF 
  _CODE_START                      CODE      00000000 
  _TINY_CODE_END                   CODE      000007FF 
  _NEAR_CODE_END                   CODE      00007FFF 
  _XDATA_END                       CODE      0000FEEF 
  _XDATA_START                     CODE      0000E000 
  _IXDATA_END                      CODE      0000FEEF 
  _IXDATA_START                    CODE      0000E000 
  _PDATA_END                       CODE      0000EFFF 
  _PDATA_START                     CODE      0000EF00 
  _IDATA_END                       CODE      000000FF 
APS ( E:\work_wangti\main\Zigbee\cc2430\third_party\Zstack\Projects\zstack\Libraries\TI2430DB\bin\EndDevice.lib )
  APS_TaskID                       XDATA     0000E27F 
  AIB_MaxBindingTime               XDATA     0000E280 
  APS_Counter                      XDATA     0000E282 
  pAPS_DataConfirmReflect          XDATA     0000E283 
  pAPS_DataIndReflect              XDATA     0000E285 
  apsfSendFragmented               XDATA     0000E287 
  apsfProcessAck                   XDATA     0000E289 
  apsfSendOsalMsg                  XDATA     0000E28B 
  APS_Init                         CODE      0001BE45 
  APS_event_loop                   CODE      0001BE64 
  APS_CmdInd                       CODE      0001BEF7 
  APS_Init::?relay                 CODE      000017B0 
  APS_event_loop::?relay           CODE      000017B6 
  APS_CmdInd::?relay               CODE      000017BC 
APSMEDE ( E:\work_wangti\main\Zigbee\cc2430\third_party\Zstack\Projects\zstack\Libraries\TI2430DB\bin\EndDevice.lib )
  APSME_FrameSecSetupHook          XDATA     0000E28D 
  APSME_FrameSecApplyHook          XDATA     0000E28F 
  APSME_FrameSecApplyExtHook       XDATA     0000E291 
  APSME_FrameSecRemoveHook         XDATA     0000E293 
  APSME_CmdPktHook                 XDATA     0000E295 
  APSDE_DataReq                    CODE      0000EDC1 
  APSDE_DataReqMTU                 CODE      0000F06D 
  APSME_LookupNwkAddr              CODE      0000F08E 
  NLDE_FrameDataLoad               CODE      0000F10B 
  APSME_FrameSecSetupNM            CODE      0000F1D0 
  APSME_FrameSecRemoveNM           CODE      0000F1D8 
  APSME_FrameSecApplyNM            CODE      0000F1FF 
  APSME_FrameSecApplyExtNM         CODE      0000F208 
  APSME_FrameSecNM                 CODE      0000F20B 
  APSME_FrameSecInit               CODE      0000F239 
  APSDE_FrameHdrSet                CODE      0000F2A3 
  APSDE_FrameHdrInit               CODE      0000F43C 
  APSDE_FrameBlkFree               CODE      0000F4FA 
  APSDE_FrameBlkInit               CODE      0000F53C 
  APSME_CmdPktNM                   CODE      0000F61D 
  APSME_CmdPkt                     CODE      0000F620 
  APSDE_FrameAlloc                 CODE      0000F63E 
  APSDE_FrameSend                  CODE      0000F7ED 
  APSME_FrameSecurityRemove        CODE      0000F84E 
  APSME_SecurityNM                 CODE      0000F8CE 
  APSDE_DataReq::?relay            CODE      000017C2 
  APSDE_DataReqMTU::?relay         CODE      000017C8 
  APSME_LookupNwkAddr::?relay      CODE      000017CE 
  NLDE_FrameDataLoad::?relay       CODE      000017D4 
  APSME_FrameSecSetupNM::?relay    CODE      000017DA 
  APSME_FrameSecRemoveNM::?relay   CODE      000017E0 
  APSME_FrameSecApplyNM::?relay    CODE      000017E6 
  APSME_FrameSecApplyExtNM::?relay CODE      000017EC 
  APSME_FrameSecNM::?relay         CODE      000017F2 
  APSME_FrameSecInit::?relay       CODE      000017F8 
  APSDE_FrameHdrSet::?relay        CODE      000017FE 
  APSDE_FrameHdrInit::?relay       CODE      00001804 
  APSDE_FrameBlkFree::?relay       CODE      0000180A 
  APSDE_FrameBlkInit::?relay       CODE      00001810 
  APSME_CmdPktNM::?relay           CODE      00001816 
  APSME_CmdPkt::?relay             CODE      0000181C 
  APSDE_FrameAlloc::?relay         CODE      00001822 
  APSDE_FrameSend::?relay          CODE      00001828 
  APSME_FrameSecurityRemove::?relay
                                   CODE      0000182E 
  APSME_SecurityNM::?relay         CODE      00001834 
APSMEDE_CB ( E:\work_wangti\main\Zigbee\cc2430\third_party\Zstack\Projects\zstack\Libraries\TI2430DB\bin\EndDevice.lib )
  APSDE_DataConfirm                CODE      0001C8E8 
  APSDE_DataIndication             CODE      0001C926 
  APSDE_DataConfirm::?relay        CODE      0000183A 
  APSDE_DataIndication::?relay     CODE      00001840 
AddrMgr ( E:\work_wangti\main\Zigbee\cc2430\third_party\Zstack\Projects\zstack\Libraries\TI2430DB\bin\EndDevice.lib )
  AddrMgrEntryTotal                XDATA     0000E297 
  AddrMgrEntryData                 XDATA     0000E299 
  AddrMgrInit                      CODE      0001C2A8 
  AddrMgrExtAddrSet                CODE      0001C32F 
  AddrMgrExtAddrValid              CODE      0001C34E 
  AddrMgrNwkAddrLookup             CODE      0001C379 
  AddrMgrEntryLookupExt            CODE      0001C3EB 
  AddrMgrInit::?relay              CODE      00001846 
  AddrMgrExtAddrSet::?relay        CODE      0000184C 
  AddrMgrExtAddrValid::?relay      CODE      00001852 
  AddrMgrNwkAddrLookup::?relay     CODE      00001858 
  AddrMgrEntryLookupExt::?relay    CODE      0000185E 
BindingTable ( E:\work_wangti\main\Zigbee\cc2430\third_party\Zstack\Projects\zstack\Libraries\TI2430DB\bin\EndDevice.lib )
NLMEDE ( E:\work_wangti\main\Zigbee\cc2430\third_party\Zstack\Projects\zstack\Libraries\TI2430DB\bin\EndDevice.lib )
  NLME_ScanFields                  XDATA     0000E29B 
  savedResponseRate                XDATA     0000E29D 
  pnwk_ScanPANChanSelect           XDATA     0000E29F 
  pnwk_ScanPANChanVerify           XDATA     0000E2A1 
  pnwk_ScanJoiningOrphan           XDATA     0000E2A3 
  pnwk_associate_cnf_processing    XDATA     0000E2A5 
  pNLME_NetworkFormationConfirm    XDATA     0000E2A7 
  NLME_DeviceJoiningInit           CODE      00017051 
  NLDE_DataReq                     CODE      0001706A 
  NLDE_DataReqAlloc                CODE      000170BA 
  NLME_NetworkDiscoveryRequest     CODE      00017164 
  NLME_NwkDiscReq2                 CODE      000171A6 
  NLME_NwkDiscTerm                 CODE      00017230 
  NLME_OrphanJoinRequest           CODE      00017261 
  NLME_ReJoinRequest               CODE      000172A4 
  NLME_JoinRequest                 CODE      0001740D 
  NLME_GetRequest                  CODE      000175BA 
  NLME_DeviceJoiningInit::?relay   CODE      00001864 
  NLDE_DataReq::?relay             CODE      0000186A 
  NLDE_DataReqAlloc::?relay        CODE      00001870 
  NLME_NetworkDiscoveryRequest::?relay
                                   CODE      00001876 
  NLME_NwkDiscReq2::?relay         CODE      0000187C 
  NLME_NwkDiscTerm::?relay         CODE      00001882 
  NLME_OrphanJoinRequest::?relay   CODE      00001888 
  NLME_ReJoinRequest::?relay       CODE      0000188E 
  NLME_JoinRequest::?relay         CODE      00001894 
  NLME_GetRequest::?relay          CODE      0000189A 
NLMEDE_CB ( E:\work_wangti\main\Zigbee\cc2430\third_party\Zstack\Projects\zstack\Libraries\TI2430DB\bin\EndDevice.lib )
  NLDE_DataCnf                     CODE      0001A4EA 
  NLDE_DataIndication              CODE      0001A62E 
  NLME_NetworkDiscoveryConfirm     CODE      0001A7F9 
  NLME_JoinConfirm                 CODE      0001A802 
  NLME_LeaveCnf                    CODE      0001A80B 
  NLME_LeaveInd                    CODE      0001A814 
  NLME_SyncIndication              CODE      0001A822 
  NLME_PollConfirm                 CODE      0001A82B 
  NLDE_DataCnf::?relay             CODE      000018A0 
  NLDE_DataIndication::?relay      CODE      000018A6 
  NLME_NetworkDiscoveryConfirm::?relay
                                   CODE      000018AC 
  NLME_JoinConfirm::?relay         CODE      000018B2 
  NLME_LeaveCnf::?relay            CODE      000018B8 
  NLME_LeaveInd::?relay            CODE      000018BE 
  NLME_SyncIndication::?relay      CODE      000018C4 
  NLME_PollConfirm::?relay         CODE      000018CA 
aps_groups ( E:\work_wangti\main\Zigbee\cc2430\third_party\Zstack\Projects\zstack\Libraries\TI2430DB\bin\EndDevice.lib )
  aps_FindGroupForEndpoint         CODE      0001FD98 
  aps_FindGroupForEndpoint::?relay CODE      000018D0 
aps_util ( E:\work_wangti\main\Zigbee\cc2430\third_party\Zstack\Projects\zstack\Libraries\TI2430DB\bin\EndDevice.lib )
  APSDE_ParseMsg                   CODE      00018B2C 
  apsGenerateAck                   CODE      00018D4A 
  apsAckFindMatchCB                CODE      00018E96 
  apsProcessAck                    CODE      00018F4C 
  APSDE_ParseMsg::?relay           CODE      000018D6 
  apsGenerateAck::?relay           CODE      000018DC 
  apsAckFindMatchCB::?relay        CODE      000018E2 
  apsProcessAck::?relay            CODE      000018E8 
nwk ( E:\work_wangti\main\Zigbee\cc2430\third_party\Zstack\Projects\zstack\Libraries\TI2430DB\bin\EndDevice.lib )
  _NIB                             XDATA     0000E2AB 
  NWK_TaskID                       XDATA     0000E30B 
  NwkDescList                      XDATA     0000E30C 
  nwk_init                         CODE      0000B9B3 
  nwk_event_loop                   CODE      0000B9DE 
  NwkPollReq                       CODE      0000BC2A 
  nwk_data_req_send                CODE      0000BC6C 
  nwkSimulateDataCnf               CODE      0000BD11 
  nwkBuildDataCnf                  CODE      0000BD1F 
  nwk_set_poll_evt                 CODE      0000BD5A 
  nwk_data_cnf_processing          CODE      0000BD75 
  nwk_data_ind_processing          CODE      0000BEE0 
  nwk_associate_cnf_processing     CODE      0000C131 
  nwk_scan_cnf_processing          CODE      0000C2B8 
  nwk_ScanJoiningOrphan            CODE      0000C355 
  nwk_beacon_notify_ind_processing CODE      0000C424 
  nwk_getNetworkDesc               CODE      0000C742 
  nwk_desc_list_free               CODE      0000C7E0 
  nwk_BeaconFromNative             CODE      0000C81A 
  nwk_init::?relay                 CODE      000018EE 
  nwk_event_loop::?relay           CODE      000018F4 
  NwkPollReq::?relay               CODE      000018FA 
  nwk_data_req_send::?relay        CODE      00001900 
  nwkSimulateDataCnf::?relay       CODE      00001906 
  nwkBuildDataCnf::?relay          CODE      0000190C 
  nwk_set_poll_evt::?relay         CODE      00001912 
  nwk_data_cnf_processing::?relay  CODE      00001918 
  nwk_data_ind_processing::?relay  CODE      0000191E 
  nwk_associate_cnf_processing::?relay
                                   CODE      00001924 
  nwk_scan_cnf_processing::?relay  CODE      0000192A 
  nwk_ScanJoiningOrphan::?relay    CODE      00001930 
  nwk_beacon_notify_ind_processing::?relay
                                   CODE      00001936 
  nwk_getNetworkDesc::?relay       CODE      0000193C 
  nwk_desc_list_free::?relay       CODE      00001942 
  nwk_BeaconFromNative::?relay     CODE      00001948 
nwk_bufs ( E:\work_wangti\main\Zigbee\cc2430\third_party\Zstack\Projects\zstack\Libraries\TI2430DB\bin\EndDevice.lib )
  cntIndirectHolding               XDATA     0000E30E 
  nwkDataBufQueue                  XDATA     0000E30F 
  nwkbufs_init                     CODE      000176A3 
  nwk_SendNextDataBuf              CODE      000176B1 
  nwk_MacDataBuffersFull           CODE      000176DA 
  nwk_MacDataBuffersAdd            CODE      000176FC 
  nwk_MacDataBuffersDealloc        CODE      0001797B 
  nwkDB_CreateHdr                  CODE      000179C1 
  nwkDB_Add                        CODE      00017A2F 
  nwkDB_CountTypes                 CODE      00017B06 
  nwkDB_FindNextType               CODE      00017B3B 
  nwkDB_FindHandle                 CODE      00017B92 
  nwkDB_FindMatch                  CODE      00017BD9 
  nwkDB_RemoveFromList             CODE      00017C29 
  nwkDB_DeleteRecAll               CODE      00017C81 
  nwkbufs_init::?relay             CODE      0000194E 
  nwk_SendNextDataBuf::?relay      CODE      00001954 
  nwk_MacDataBuffersFull::?relay   CODE      0000195A 
  nwk_MacDataBuffersAdd::?relay    CODE      00001960 
  nwk_MacDataBuffersDealloc::?relay
                                   CODE      00001966 
  nwkDB_CreateHdr::?relay          CODE      0000196C 
  nwkDB_Add::?relay                CODE      00001972 
  nwkDB_CountTypes::?relay         CODE      00001978 
  nwkDB_FindNextType::?relay       CODE      0000197E 
  nwkDB_FindHandle::?relay         CODE      00001984 
  nwkDB_FindMatch::?relay          CODE      0000198A 
  nwkDB_RemoveFromList::?relay     CODE      00001990 
  nwkDB_DeleteRecAll::?relay       CODE      00001996 
nwk_util ( E:\work_wangti\main\Zigbee\cc2430\third_party\Zstack\Projects\zstack\Libraries\TI2430DB\bin\EndDevice.lib )
  saveExtAddr                      XDATA     0000E312 
  nsduHandleCounter                XDATA     0000E31A 
  NLDE_DataReqSend                 CODE      0000AA0C 
  NLDE_DataIndSend                 CODE      0000AB3D 
  NLDE_SendMsg                     CODE      0000ABCC 
  NLDE_BuildMsg                    CODE      0000ACEF 
  NLDE_BuildFrameControl           CODE      0000AED7 
  NLDE_ParseMsg                    CODE      0000AF67 
  NLDE_ParseFrameControl           CODE      0000B05B 
  NLDE_CheckFrameSecurity          CODE      0000B0D6 
  NLDE_ParseMsg2                   CODE      0000B129 
  NLME_GetExtAddr                  CODE      0000B2B3 
  NLME_GetShortAddr                CODE      0000B2C3 
  NLME_GetCoordShortAddr           CODE      0000B2D0 
  NLME_GetCoordExtAddr             CODE      0000B2F4 
  NLDE_GetHandle                   CODE      0000B2FC 
  RTG_UpdateNeighborEntry          CODE      0000B31A 
  NLME_GetNeighborLinkInfo         CODE      0000B42D 
  NLME_GetNeighborIndex            CODE      0000B487 
  NLME_SetPollRate                 CODE      0000B4DC 
  NLME_SetQueuedPollRate           CODE      0000B523 
  NLME_SetResponseRate             CODE      0000B52F 
  NLME_RejoinRspCmdProcess         CODE      0000B56D 
  NLME_LeaveCmdProcess             CODE      0000B664 
  NLME_LeaveCmdCnf                 CODE      0000B743 
  NLME_CmdCnf                      CODE      0000B7E6 
  NLME_CmdDataReqAlloc             CODE      0000B888 
  NLME_GetProtocolVersion          CODE      0000B8AC 
  NLME_SetBroadcastFilter          CODE      0000B8D5 
  NLME_IsAddressBroadcast          CODE      0000B8F3 
  NLME_RemoveChild                 CODE      0000B937 
  nwkDB_UserDataLoad               CODE      0000B93A 
  nwkNeighborClearEntry            CODE      0000B962 
  nwkNeighborInitTable             CODE      0000B98B 
  NLDE_DataReqSend::?relay         CODE      0000199C 
  NLDE_DataIndSend::?relay         CODE      000019A2 
  NLDE_SendMsg::?relay             CODE      000019A8 
  NLDE_BuildMsg::?relay            CODE      000019AE 
  NLDE_BuildFrameControl::?relay   CODE      000019B4 
  NLDE_ParseMsg::?relay            CODE      000019BA 
  NLDE_ParseFrameControl::?relay   CODE      000019C0 
  NLDE_CheckFrameSecurity::?relay  CODE      000019C6 
  NLDE_ParseMsg2::?relay           CODE      000019CC 
  NLME_GetExtAddr::?relay          CODE      000019D2 
  NLME_GetShortAddr::?relay        CODE      000019D8 
  NLME_GetCoordShortAddr::?relay   CODE      000019DE 
  NLME_GetCoordExtAddr::?relay     CODE      000019E4 
  NLDE_GetHandle::?relay           CODE      000019EA 
  RTG_UpdateNeighborEntry::?relay  CODE      000019F0 
  NLME_GetNeighborLinkInfo::?relay CODE      000019F6 
  NLME_GetNeighborIndex::?relay    CODE      000019FC 
  NLME_SetPollRate::?relay         CODE      00001A02 
  NLME_SetQueuedPollRate::?relay   CODE      00001A08 
  NLME_SetResponseRate::?relay     CODE      00001A0E 
  NLME_RejoinRspCmdProcess::?relay CODE      00001A14 
  NLME_LeaveCmdProcess::?relay     CODE      00001A1A 
  NLME_LeaveCmdCnf::?relay         CODE      00001A20 
  NLME_CmdCnf::?relay              CODE      00001A26 
  NLME_CmdDataReqAlloc::?relay     CODE      00001A2C 
  NLME_GetProtocolVersion::?relay  CODE      00001A32 
  NLME_SetBroadcastFilter::?relay  CODE      00001A38 
  NLME_IsAddressBroadcast::?relay  CODE      00001A3E 
  NLME_RemoveChild::?relay         CODE      00001A44 
  nwkDB_UserDataLoad::?relay       CODE      00001A4A 
  nwkNeighborClearEntry::?relay    CODE      00001A50 
  nwkNeighborInitTable::?relay     CODE      00001A56 
reflecttrack ( E:\work_wangti\main\Zigbee\cc2430\third_party\Zstack\Projects\zstack\Libraries\TI2430DB\bin\EndDevice.lib )
ssp ( E:\work_wangti\main\Zigbee\cc2430\third_party\Zstack\Projects\zstack\Libraries\TI2430DB\bin\EndDevice.lib )
  SSP_NwkSecurityHook              XDATA     0000E31C 
  SSP_GetMicLenHook                XDATA     0000E31E 
  SSP_NwkSecurity                  CODE      0001FDEA 
  SSP_GetMicLen                    CODE      0001FE12 
  SSP_NwkSecurity::?relay          CODE      00001A5C 
  SSP_GetMicLen::?relay            CODE      00001A62 
ssp_hash ( E:\work_wangti\main\Zigbee\cc2430\third_party\Zstack\Projects\zstack\Libraries\TI2430DB\bin\EndDevice.lib )
hal_aes ( E:\work_wangti\main\Zigbee\cc2430\third_party\Zstack\Projects\zstack\Libraries\TI2430DB\bin\Security.lib )
hal_ccm ( E:\work_wangti\main\Zigbee\cc2430\third_party\Zstack\Projects\zstack\Libraries\TI2430DB\bin\Security.lib )
mac_coord ( E:\work_wangti\main\Zigbee\cc2430\third_party\Zstack\Projects\zstack\Libraries\TIMAC\bin\TIMAC-CC2430.lib )
  __Constant_30                    XDATA     0000F81F 
mac_data ( E:\work_wangti\main\Zigbee\cc2430\third_party\Zstack\Projects\zstack\Libraries\TIMAC\bin\TIMAC-CC2430.lib )
  macTxFrameSuccess                CODE      00003085 
  macTxFrameFailed                 CODE      00003090 
  macData                          XDATA     0000E320 
  pMacDataTx                       XDATA     0000E329 
  macDataTxIndirect                XDATA     0000F823 
  macDataRequeueIndirect           XDATA     0000F825 
  macDataRxBeaconCritical          XDATA     0000F827 
  macDataTxBeaconComplete          XDATA     0000F829 
  macDataSetSched                  XDATA     0000F82B 
  macDataCheckSched                XDATA     0000F82D 
  macDataCheckTxTime               XDATA     0000E32B 
  macDataBeaconRequeue             XDATA     0000F82F 
  macDataReset                     CODE      00014C53 
  macAllocTxBuffer                 CODE      00014C98 
  macFrameDuration                 CODE      00014CFF 
  macRxCheckPendingCallback        CODE      00014D50 
  macDataRxMemAlloc                CODE      00014D89 
  macDataRxMemFree                 CODE      00014DAA 
  macRxCompleteCallback            CODE      00014DB4 
  macDataTxTimeAvailable           CODE      00014ECC 
  macBuildDataFrame                CODE      00014EF1 
  macCheckSched                    CODE      00014F73 
  macSetSched                      CODE      00014F86 
  macDataTxComplete                CODE      00014F98 
  macTxCompleteCallback            CODE      0001503A 
  macDataTxSend                    CODE      0001512F 
  macDataTxEnqueue                 CODE      0001523B 
  macDataSend                      CODE      000152CD 
  macApiDataReq                    CODE      000152D7 
  macDataRxInd                     CODE      00015341 
  MAC_McpsDataReq                  CODE      00015352 
  MAC_McpsDataAlloc                CODE      0001539B 
  macDataReset::?relay             CODE      00001A68 
  macAllocTxBuffer::?relay         CODE      00001A6E 
  macFrameDuration::?relay         CODE      00001A74 
  macRxCheckPendingCallback::?relay
                                   CODE      00001A7A 
  macDataRxMemAlloc::?relay        CODE      00001A80 
  macDataRxMemFree::?relay         CODE      00001A86 
  macRxCompleteCallback::?relay    CODE      00001A8C 
  macDataTxTimeAvailable::?relay   CODE      00001A92 
  macBuildDataFrame::?relay        CODE      00001A98 
  macCheckSched::?relay            CODE      00001A9E 
  macSetSched::?relay              CODE      00001AA4 
  macDataTxComplete::?relay        CODE      00001AAA 
  macTxCompleteCallback::?relay    CODE      00001AB0 
  macDataTxSend::?relay            CODE      00001AB6 
  macDataTxEnqueue::?relay         CODE      00001ABC 
  macDataSend::?relay              CODE      00001AC2 
  macApiDataReq::?relay            CODE      00001AC8 
  macDataRxInd::?relay             CODE      00001ACE 
  MAC_McpsDataReq::?relay          CODE      00001AD4 
  MAC_McpsDataAlloc::?relay        CODE      00001ADA 
mac_device ( E:\work_wangti\main\Zigbee\cc2430\third_party\Zstack\Projects\zstack\Libraries\TIMAC\bin\TIMAC-CC2430.lib )
  macDevice                        XDATA     0000E32D 
  macStartResponseTimer            CODE      00016A7C 
  macStartFrameResponseTimer       CODE      00016AB5 
  macApiAssociateReq               CODE      00016B14 
  macAssocDataReq                  CODE      00016C2F 
  macAssocDataReqComplete          CODE      00016C79 
  macRxAssocRsp                    CODE      00016CA8 
  macAssocFrameResponseTimeout     CODE      00016D18 
  macAssocFailed                   CODE      00016D40 
  macAssocRxDisassoc               CODE      00016D6C 
  macAssocDataRxInd                CODE      00016D7A 
  macApiPollReq                    CODE      00016DE8 
  macPollDataReqComplete           CODE      00016E27 
  macPollDataRxInd                 CODE      00016E69 
  macPollFrameResponseTimeout      CODE      00016EA6 
  macPollRxDisassoc                CODE      00016EC9 
  macPollRxAssocRsp                CODE      00016ED4 
  macRxCoordRealign                CODE      00016EF2 
  macPanConflictComplete           CODE      00016FD0 
  MAC_InitDevice                   CODE      00016FE3 
  MAC_MlmeAssociateReq             CODE      00017025 
  MAC_MlmePollReq                  CODE      0001703E 
  macStartResponseTimer::?relay    CODE      00001AF2 
  macStartFrameResponseTimer::?relay
                                   CODE      00001AF8 
  macApiAssociateReq::?relay       CODE      00001AFE 
  macAssocDataReq::?relay          CODE      00001B04 
  macAssocDataReqComplete::?relay  CODE      00001B0A 
  macRxAssocRsp::?relay            CODE      00001B10 
  macAssocFrameResponseTimeout::?relay
                                   CODE      00001B16 
  macAssocFailed::?relay           CODE      00001B1C 
  macAssocRxDisassoc::?relay       CODE      00001B22 
  macAssocDataRxInd::?relay        CODE      00001B28 
  macApiPollReq::?relay            CODE      00001B2E 
  macPollDataReqComplete::?relay   CODE      00001B34 
  macPollDataRxInd::?relay         CODE      00001B3A 
  macPollFrameResponseTimeout::?relay
                                   CODE      00001B40 
  macPollRxDisassoc::?relay        CODE      00001B46 
  macPollRxAssocRsp::?relay        CODE      00001B4C 
  macRxCoordRealign::?relay        CODE      00001B52 
  macPanConflictComplete::?relay   CODE      00001B58 
  MAC_InitDevice::?relay           CODE      00001B5E 
  MAC_MlmeAssociateReq::?relay     CODE      00001B64 
  MAC_MlmePollReq::?relay          CODE      00001B6A 
  macDeviceReset                   CODE      000169ED   LOCAL
  macAssociateCnf                  CODE      00016A1D   LOCAL
  macPollCnf                       CODE      00016A4D   LOCAL
  macDeviceReset::?relay           CODE      00001AE0   LOCAL
  macAssociateCnf::?relay          CODE      00001AE6   LOCAL
  macPollCnf::?relay               CODE      00001AEC   LOCAL
mac_main ( E:\work_wangti\main\Zigbee\cc2430\third_party\Zstack\Projects\zstack\Libraries\TIMAC\bin\TIMAC-CC2430.lib )
  macIdleSt                        CODE      000030C1 
  macAssociatingSt                 CODE      00003123 
  macPollingSt                     CODE      00003185 
  macScanningSt                    CODE      000031E7 
  macSendMsgBufSize                CODE      00003249 
  macSendMsgDataSize               CODE      00003254 
  macCbackEventTbl                 CODE      0000325F 
  macTaskId                        XDATA     0000E341 
  macMain                          XDATA     0000E342 
  macStateTbl                      XDATA     0000F831 
  macReset                         XDATA     0000E347 
  macActionSet                     XDATA     0000F83B 
  macMainReset                     CODE      000194AC 
  macSetEvent                      CODE      000194E9 
  macCbackForEvent                 CODE      000194FF 
  macStateIdle                     CODE      00019611 
  macStateScanning                 CODE      00019628 
  macExecute                       CODE      0001963C 
  macSendMsg                       CODE      000196D6 
  macSendDataMsg                   CODE      0001972B 
  macTaskInit                      CODE      000197F3 
  macEventLoop                     CODE      000197FF 
  macMainReset::?relay             CODE      00001B70 
  macSetEvent::?relay              CODE      00001B76 
  macCbackForEvent::?relay         CODE      00001B7C 
  macStateIdle::?relay             CODE      00001B82 
  macStateScanning::?relay         CODE      00001B88 
  macExecute::?relay               CODE      00001B8E 
  macSendMsg::?relay               CODE      00001B94 
  macSendDataMsg::?relay           CODE      00001B9A 
  macTaskInit::?relay              CODE      00001BA0 
  macEventLoop::?relay             CODE      00001BA6 
mac_mgmt ( E:\work_wangti\main\Zigbee\cc2430\third_party\Zstack\Projects\zstack\Libraries\TIMAC\bin\TIMAC-CC2430.lib )
  macMgmt                          XDATA     0000E355 
  macPanCoordinator                XDATA     0000E356 
  macMgmtAction1                   CODE      0000326A 
  macMgmtAction2                   CODE      00003278 
  macGetCoordAddress               CODE      00010B07 
  macGetMyAddrMode                 CODE      00010B3C 
  macCoordAddrCmp                  CODE      00010B56 
  macBuildHeader                   CODE      00010B9A 
  macBuildCommonReq                CODE      00010DEE 
  macBuildDisassociateReq          CODE      00010E71 
  macBuildBeaconNotifyInd          CODE      00010F11 
  macSecCpy                        CODE      0001116E 
  macNoAction                      CODE      0001117D 
  macApiUnsupported                CODE      00011180 
  macDefaultAction                 CODE      00011188 
  macApiBadState                   CODE      000111A5 
  macApiPending                    CODE      000111B7 
  macCommStatusInd                 CODE      000111E9 
  macApiDisassociateReq            CODE      000112AE 
  macDisassocComplete              CODE      0001131F 
  macRxDisassoc                    CODE      0001138A 
  macRxBeacon                      CODE      0001142C 
  macConflictSyncLossInd           CODE      000114EA 
  MAC_MlmeResetReq                 CODE      00011518 
  MAC_MlmeSyncReq                  CODE      000115B7 
  MAC_Init                         CODE      000115C3 
  macGetCoordAddress::?relay       CODE      00001BAC 
  macGetMyAddrMode::?relay         CODE      00001BB2 
  macCoordAddrCmp::?relay          CODE      00001BB8 
  macBuildHeader::?relay           CODE      00001BBE 
  macBuildCommonReq::?relay        CODE      00001BC4 
  macBuildDisassociateReq::?relay  CODE      00001BCA 
  macBuildBeaconNotifyInd::?relay  CODE      00001BD0 
  macSecCpy::?relay                CODE      00001BD6 
  macNoAction::?relay              CODE      00001BDC 
  macApiUnsupported::?relay        CODE      00001BE2 
  macDefaultAction::?relay         CODE      00001BE8 
  macApiBadState::?relay           CODE      00001BEE 
  macApiPending::?relay            CODE      00001BF4 
  macCommStatusInd::?relay         CODE      00001BFA 
  macApiDisassociateReq::?relay    CODE      00001C00 
  macDisassocComplete::?relay      CODE      00001C06 
  macRxDisassoc::?relay            CODE      00001C0C 
  macRxBeacon::?relay              CODE      00001C12 
  macConflictSyncLossInd::?relay   CODE      00001C18 
  MAC_MlmeResetReq::?relay         CODE      00001C1E 
  MAC_MlmeSyncReq::?relay          CODE      00001C24 
  MAC_Init::?relay                 CODE      00001C2A 
mac_pib ( E:\work_wangti\main\Zigbee\cc2430\third_party\Zstack\Projects\zstack\Libraries\TIMAC\bin\TIMAC-CC2430.lib )
  macPib                           XDATA     0000E357 
  macPibReset                      CODE      0001BBD2 
  MAC_MlmeGetReq                   CODE      0001BC20 
  MAC_MlmeSetReq                   CODE      0001BC90 
  macPibReset::?relay              CODE      00001C30 
  MAC_MlmeGetReq::?relay           CODE      00001C3C 
  MAC_MlmeSetReq::?relay           CODE      00001C42 
  macPibIndex                      CODE      0001BBF9   LOCAL
  macPibIndex::?relay              CODE      00001C36   LOCAL
mac_pwr ( E:\work_wangti\main\Zigbee\cc2430\third_party\Zstack\Projects\zstack\Libraries\TIMAC\bin\TIMAC-CC2430.lib )
  macPwr                           XDATA     0000E392 
  macPwrReset                      CODE      0001FD3B 
  macApiPwrOnReq                   CODE      0001FD4B 
  MAC_PwrOffReq                    CODE      0001FD4E 
  MAC_PwrOnReq                     CODE      0001FD7F 
  macPwrReset::?relay              CODE      00001C48 
  macApiPwrOnReq::?relay           CODE      00001C4E 
  MAC_PwrOffReq::?relay            CODE      00001C54 
  MAC_PwrOnReq::?relay             CODE      00001C5A 
mac_scan ( E:\work_wangti\main\Zigbee\cc2430\third_party\Zstack\Projects\zstack\Libraries\TIMAC\bin\TIMAC-CC2430.lib )
  macScanAction                    CODE      00003345 
  macApiScanReq                    CODE      00018635 
  macScanNextChan                  CODE      00018734 
  macScanStartTimer                CODE      0001881E 
  macScanRxBeacon                  CODE      000188B8 
  macScanRxCoordRealign            CODE      000189F5 
  macScanComplete                  CODE      00018AAF 
  macScanFailedInProgress          CODE      00018AEF 
  MAC_MlmeScanReq                  CODE      00018B21 
  macApiScanReq::?relay            CODE      00001C66 
  macScanNextChan::?relay          CODE      00001C6C 
  macScanStartTimer::?relay        CODE      00001C72 
  macScanRxBeacon::?relay          CODE      00001C78 
  macScanRxCoordRealign::?relay    CODE      00001C7E 
  macScanComplete::?relay          CODE      00001C84 
  macScanFailedInProgress::?relay  CODE      00001C8A 
  MAC_MlmeScanReq::?relay          CODE      00001C90 
  macScanCnfInit                   CODE      000185B0   LOCAL
  macScanCnfInit::?relay           CODE      00001C60   LOCAL
mac_timer ( E:\work_wangti\main\Zigbee\cc2430\third_party\Zstack\Projects\zstack\Libraries\TIMAC\bin\TIMAC-CC2430.lib )
  timerUnalignedQ                  XDATA     0000E3AF 
  timerAlignedQ                    XDATA     0000E3B1 
  macBackoffTimerTriggerCallback   CODE      00019E62 
  macBackoffTimerRolloverCallback  CODE      00019F60 
  macTimer                         CODE      0001A099 
  macTimerCancel                   CODE      0001A119 
  macBackoffTimerTriggerCallback::?relay
                                   CODE      00001C9C 
  macBackoffTimerRolloverCallback::?relay
                                   CODE      00001CA8 
  macTimer::?relay                 CODE      00001CB4 
  macTimerCancel::?relay           CODE      00001CC0 
  macTimerUpdateBackoffTimer       CODE      00019D86   LOCAL
  macTimerRecalcUnaligned          CODE      00019EC5   LOCAL
  macTimerAddTimer                 CODE      0001A020   LOCAL
  macTimerRemoveTimer              CODE      0001A0D4   LOCAL
  macTimerUpdateBackoffTimer::?relay
                                   CODE      00001C96   LOCAL
  macTimerRecalcUnaligned::?relay  CODE      00001CA2   LOCAL
  macTimerAddTimer::?relay         CODE      00001CAE   LOCAL
  macTimerRemoveTimer::?relay      CODE      00001CBA   LOCAL
51PY ( E:\work_wangti\main\Zigbee\cc2430\app\Lcd_aging_cc2430\iar_file\MobilePhone_Debug\Obj\51PY.r51 )
  PY_mb_a                          CODE      00003351 
  PY_mb_ai                         CODE      00003356 
  PY_mb_an                         CODE      00003371 
  PY_mb_ang                        CODE      00003384 
  PY_mb_ao                         CODE      0000338B 
  PY_mb_ba                         CODE      0000339E 
  PY_mb_bai                        CODE      000033C1 
  PY_mb_ban                        CODE      000033D2 
  PY_mb_bang                       CODE      000033F1 
  PY_mb_bao                        CODE      0000340A 
  PY_mb_bei                        CODE      0000342F 
  PY_mb_ben                        CODE      0000344E 
  PY_mb_beng                       CODE      00003459 
  PY_mb_bi                         CODE      00003466 
  PY_mb_bian                       CODE      00003495 
  PY_mb_biao                       CODE      000034AE 
  PY_mb_bie                        CODE      000034B7 
  PY_mb_bin                        CODE      000034C0 
  PY_mb_bing                       CODE      000034CD 
  PY_mb_bo                         CODE      000034E0 
  PY_mb_bu                         CODE      00003509 
  PY_mb_ca                         CODE      0000351E 
  PY_mb_cai                        CODE      00003521 
  PY_mb_can                        CODE      00003538 
  PY_mb_cang                       CODE      00003547 
  PY_mb_cao                        CODE      00003552 
  PY_mb_ce                         CODE      0000355D 
  PY_mb_ceng                       CODE      00003568 
  PY_mb_cha                        CODE      0000356F 
  PY_mb_chai                       CODE      00003588 
  PY_mb_chan                       CODE      0000358F 
  PY_mb_chang                      CODE      000035A4 
  PY_mb_chao                       CODE      000035BD 
  PY_mb_che                        CODE      000035D2 
  PY_mb_chen                       CODE      000035DF 
  PY_mb_cheng                      CODE      000035F4 
  PY_mb_chi                        CODE      00003613 
  PY_mb_chong                      CODE      00003632 
  PY_mb_chou                       CODE      0000363D 
  PY_mb_chu                        CODE      00003656 
  PY_mb_chuai                      CODE      00003679 
  PY_mb_chuan                      CODE      0000367C 
  PY_mb_chuang                     CODE      0000368B 
  PY_mb_chui                       CODE      00003696 
  PY_mb_chun                       CODE      000036A1 
  PY_mb_chuo                       CODE      000036B0 
  PY_mb_ci                         CODE      000036B3 
  PY_mb_cong                       CODE      000036CC 
  PY_mb_cou                        CODE      000036D9 
  PY_mb_cu                         CODE      000036DC 
  PY_mb_cuan                       CODE      000036E5 
  PY_mb_cui                        CODE      000036EC 
  PY_mb_cun                        CODE      000036FD 
  PY_mb_cuo                        CODE      00003704 
  PY_mb_da                         CODE      00003711 
  PY_mb_dai                        CODE      0000371E 
  PY_mb_dan                        CODE      00003737 
  PY_mb_dang                       CODE      00003756 
  PY_mb_dao                        CODE      00003761 
  PY_mb_de                         CODE      0000377A 
  PY_mb_deng                       CODE      00003781 
  PY_mb_di                         CODE      00003790 
  PY_mb_dian                       CODE      000037B5 
  PY_mb_diao                       CODE      000037D6 
  PY_mb_die                        CODE      000037E7 
  PY_mb_ding                       CODE      000037F6 
  PY_mb_diu                        CODE      00003809 
  PY_mb_dong                       CODE      0000380C 
  PY_mb_dou                        CODE      00003821 
  PY_mb_du                         CODE      00003832 
  PY_mb_duan                       CODE      0000384F 
  PY_mb_dui                        CODE      0000385C 
  PY_mb_dun                        CODE      00003865 
  PY_mb_duo                        CODE      00003876 
  PY_mb_e                          CODE      0000388F 
  PY_mb_en                         CODE      000038AA 
  PY_mb_er                         CODE      000038AD 
  PY_mb_fa                         CODE      000038BE 
  PY_mb_fan                        CODE      000038CF 
  PY_mb_fang                       CODE      000038F2 
  PY_mb_fei                        CODE      00003909 
  PY_mb_fen                        CODE      00003922 
  PY_mb_feng                       CODE      00003941 
  PY_mb_fo                         CODE      00003960 
  PY_mb_fou                        CODE      00003963 
  PY_mb_fu                         CODE      00003966 
  PY_mb_ga                         CODE      000039BF 
  PY_mb_gai                        CODE      000039C4 
  PY_mb_gan                        CODE      000039D1 
  PY_mb_gang                       CODE      000039E8 
  PY_mb_gao                        CODE      000039FB 
  PY_mb_ge                         CODE      00003A10 
  PY_mb_gei                        CODE      00003A33 
  PY_mb_gen                        CODE      00003A36 
  PY_mb_geng                       CODE      00003A3B 
  PY_mb_gong                       CODE      00003A4A 
  PY_mb_gou                        CODE      00003A69 
  PY_mb_gu                         CODE      00003A7C 
  PY_mb_gua                        CODE      00003AA1 
  PY_mb_guai                       CODE      00003AAE 
  PY_mb_guan                       CODE      00003AB5 
  PY_mb_guang                      CODE      00003ACC 
  PY_mb_gui                        CODE      00003AD3 
  PY_mb_gun                        CODE      00003AF4 
  PY_mb_guo                        CODE      00003AFB 
  PY_mb_ha                         CODE      00003B08 
  PY_mb_hai                        CODE      00003B0D 
  PY_mb_han                        CODE      00003B1C 
  PY_mb_hang                       CODE      00003B43 
  PY_mb_hao                        CODE      00003B4A 
  PY_mb_he                         CODE      00003B5D 
  PY_mb_hei                        CODE      00003B80 
  PY_mb_hen                        CODE      00003B85 
  PY_mb_heng                       CODE      00003B8E 
  PY_mb_hong                       CODE      00003B99 
  PY_mb_hou                        CODE      00003BAC 
  PY_mb_hu                         CODE      00003BBB 
  PY_mb_hua                        CODE      00003BE0 
  PY_mb_huai                       CODE      00003BF3 
  PY_mb_huan                       CODE      00003BFE 
  PY_mb_huang                      CODE      00003C1B 
  PY_mb_hui                        CODE      00003C38 
  PY_mb_hun                        CODE      00003C63 
  PY_mb_huo                        CODE      00003C70 
  PY_mb_ji                         CODE      00003C85 
  PY_mb_jia                        CODE      00003CF2 
  PY_mb_jian                       CODE      00003D17 
  PY_mb_jiang                      CODE      00003D66 
  PY_mb_jiao                       CODE      00003D81 
  PY_mb_jie                        CODE      00003DBA 
  PY_mb_jin                        CODE      00003DED 
  PY_mb_jing                       CODE      00003E16 
  PY_mb_jiong                      CODE      00003E49 
  PY_mb_jiu                        CODE      00003E4E 
  PY_mb_ju                         CODE      00003E71 
  PY_mb_juan                       CODE      00003EA6 
  PY_mb_jue                        CODE      00003EB5 
  PY_mb_jun                        CODE      00003EC8 
  PY_mb_ka                         CODE      00003EDF 
  PY_mb_kai                        CODE      00003EE6 
  PY_mb_kan                        CODE      00003EF1 
  PY_mb_kang                       CODE      00003F00 
  PY_mb_kao                        CODE      00003F0F 
  PY_mb_ke                         CODE      00003F18 
  PY_mb_ken                        CODE      00003F37 
  PY_mb_keng                       CODE      00003F40 
  PY_mb_kong                       CODE      00003F45 
  PY_mb_kou                        CODE      00003F4E 
  PY_mb_ku                         CODE      00003F57 
  PY_mb_kua                        CODE      00003F66 
  PY_mb_kuai                       CODE      00003F71 
  PY_mb_kuan                       CODE      00003F7A 
  PY_mb_kuang                      CODE      00003F7F 
  PY_mb_kui                        CODE      00003F90 
  PY_mb_kun                        CODE      00003FA7 
  PY_mb_kuo                        CODE      00003FB0 
  PY_mb_la                         CODE      00003FB9 
  PY_mb_lai                        CODE      00003FC8 
  PY_mb_lan                        CODE      00003FCF 
  PY_mb_lang                       CODE      00003FEE 
  PY_mb_lao                        CODE      00003FFD 
  PY_mb_le                         CODE      00004010 
  PY_mb_lei                        CODE      00004017 
  PY_mb_leng                       CODE      0000402E 
  PY_mb_li                         CODE      00004035 
  PY_mb_lian                       CODE      0000407A 
  PY_mb_liang                      CODE      00004097 
  PY_mb_liao                       CODE      000040B0 
  PY_mb_lie                        CODE      000040C9 
  PY_mb_lin                        CODE      000040D4 
  PY_mb_ling                       CODE      000040ED 
  PY_mb_liu                        CODE      0000410A 
  PY_mb_long                       CODE      00004121 
  PY_mb_lou                        CODE      00004134 
  PY_mb_lu                         CODE      00004141 
  PY_mb_luan                       CODE      0000416A 
  PY_mb_lue                        CODE      00004177 
  PY_mb_lun                        CODE      0000417C 
  PY_mb_luo                        CODE      0000418B 
  PY_mb_lv                         CODE      000041A4 
  PY_mb_ma                         CODE      000041C1 
  PY_mb_mai                        CODE      000041D4 
  PY_mb_man                        CODE      000041E1 
  PY_mb_mang                       CODE      000041F4 
  PY_mb_mao                        CODE      00004201 
  PY_mb_me                         CODE      0000421A 
  PY_mb_mei                        CODE      0000421D 
  PY_mb_men                        CODE      0000423E 
  PY_mb_meng                       CODE      00004245 
  PY_mb_mi                         CODE      00004256 
  PY_mb_mian                       CODE      00004273 
  PY_mb_miao                       CODE      00004286 
  PY_mb_mie                        CODE      00004297 
  PY_mb_min                        CODE      0000429C 
  PY_mb_ming                       CODE      000042A9 
  PY_mb_miu                        CODE      000042B6 
  PY_mb_mo                         CODE      000042B9 
  PY_mb_mou                        CODE      000042DE 
  PY_mb_mu                         CODE      000042E5 
  PY_mb_na                         CODE      00004304 
  PY_mb_nai                        CODE      00004313 
  PY_mb_nan                        CODE      0000431E 
  PY_mb_nang                       CODE      00004325 
  PY_mb_nao                        CODE      00004328 
  PY_mb_ne                         CODE      00004333 
  PY_mb_nei                        CODE      00004336 
  PY_mb_nen                        CODE      0000433B 
  PY_mb_neng                       CODE      0000433E 
  PY_mb_ni                         CODE      00004341 
  PY_mb_nian                       CODE      00004358 
  PY_mb_niang                      CODE      00004367 
  PY_mb_niao                       CODE      0000436C 
  PY_mb_nie                        CODE      00004371 
  PY_mb_nin                        CODE      00004380 
  PY_mb_ning                       CODE      00004383 
  PY_mb_niu                        CODE      00004390 
  PY_mb_nong                       CODE      00004399 
  PY_mb_nu                         CODE      000043A2 
  PY_mb_nuan                       CODE      000043A9 
  PY_mb_nue                        CODE      000043AC 
  PY_mb_nuo                        CODE      000043B1 
  PY_mb_nv                         CODE      000043BA 
  PY_mb_o                          CODE      000043BD 
  PY_mb_ou                         CODE      000043C0 
  PY_mb_pa                         CODE      000043CF 
  PY_mb_pai                        CODE      000043DE 
  PY_mb_pan                        CODE      000043EB 
  PY_mb_pang                       CODE      000043FC 
  PY_mb_pao                        CODE      00004407 
  PY_mb_pei                        CODE      00004416 
  PY_mb_pen                        CODE      00004429 
  PY_mb_peng                       CODE      0000442E 
  PY_mb_pi                         CODE      0000444B 
  PY_mb_pian                       CODE      00004470 
  PY_mb_piao                       CODE      00004479 
  PY_mb_pie                        CODE      00004482 
  PY_mb_pin                        CODE      00004487 
  PY_mb_ping                       CODE      00004492 
  PY_mb_po                         CODE      000044A5 
  PY_mb_pou                        CODE      000044B6 
  PY_mb_pu                         CODE      000044B9 
  PY_mb_qi                         CODE      000044D8 
  PY_mb_qia                        CODE      00004521 
  PY_mb_qian                       CODE      00004528 
  PY_mb_qiang                      CODE      00004555 
  PY_mb_qiao                       CODE      00004566 
  PY_mb_qie                        CODE      00004585 
[...]
  ?MOVE_LONG8_XDATA_IDATA          CODE      000003EC 
?MOVE_LONG8_XDATA_XDATA ( C:\Program Files\IAR Systems\Embedded Workbench 4.0 Evaluation version\8051\LIB\CLIB\cl-pli-blxd-1e16x01.r51 )
  ?MOVE_LONG8_XDATA_XDATA          CODE      000003F9 
?MOVE_LONG8_XDATA_CODE ( C:\Program Files\IAR Systems\Embedded Workbench 4.0 Evaluation version\8051\LIB\CLIB\cl-pli-blxd-1e16x01.r51 )
  ?MOVE_LONG8_XDATA_CODE           CODE      0000041A 
?S_DIV_MOD ( C:\Program Files\IAR Systems\Embedded Workbench 4.0 Evaluation version\8051\LIB\CLIB\cl-pli-blxd-1e16x01.r51 )
  ?S_DIV_MOD                       CODE      00000475 
  ?US_DIV_MOD                      CODE      0000047D 
?SS_SHR ( C:\Program Files\IAR Systems\Embedded Workbench 4.0 Evaluation version\8051\LIB\CLIB\cl-pli-blxd-1e16x01.r51 )
  ?SS_SHR                          CODE      000004D6 
?US_SHR ( C:\Program Files\IAR Systems\Embedded Workbench 4.0 Evaluation version\8051\LIB\CLIB\cl-pli-blxd-1e16x01.r51 )
  ?US_SHR                          CODE      000004E6 
?S_SHL ( C:\Program Files\IAR Systems\Embedded Workbench 4.0 Evaluation version\8051\LIB\CLIB\cl-pli-blxd-1e16x01.r51 )
  ?S_SHL                           CODE      000004F5 
  ?S_SHL_REW                       CODE      000004F8 
?ALLOC_XSTACK8 ( C:\Program Files\IAR Systems\Embedded Workbench 4.0 Evaluation version\8051\LIB\CLIB\cl-pli-blxd-1e16x01.r51 )
  ?ALLOC_XSTACK8                   CODE      00000508 
?DEALLOC_XSTACK8 ( C:\Program Files\IAR Systems\Embedded Workbench 4.0 Evaluation version\8051\LIB\CLIB\cl-pli-blxd-1e16x01.r51 )
  ?DEALLOC_XSTACK8                 CODE      00000517 
?ADD_XSTACK_DISP8 ( C:\Program Files\IAR Systems\Embedded Workbench 4.0 Evaluation version\8051\LIB\CLIB\cl-pli-blxd-1e16x01.r51 )
  ?ADD_XSTACK_DISP0_8              CODE      0000052A 
?XSTACK_DISP8 ( C:\Program Files\IAR Systems\Embedded Workbench 4.0 Evaluation version\8051\LIB\CLIB\cl-pli-blxd-1e16x01.r51 )
  ?XSTACK_DISP0_8                  CODE      0000053E 
?CALL_IND ( C:\Program Files\IAR Systems\Embedded Workbench 4.0 Evaluation version\8051\LIB\CLIB\cl-pli-blxd-1e16x01.r51 )
  ?CALL_IND                        CODE      00000548 
?POP_BIT_ISP ( C:\Program Files\IAR Systems\Embedded Workbench 4.0 Evaluation version\8051\LIB\CLIB\cl-pli-blxd-1e16x01.r51 )
  ?POP_BIT_ISP                     CODE      0000054A 
?BANKED_ENTER_XDATA ( C:\Program Files\IAR Systems\Embedded Workbench 4.0 Evaluation version\8051\LIB\CLIB\cl-pli-blxd-1e16x01.r51 )
  ?BANKED_ENTER_XDATA              CODE      0000055D 
?FUNC_ENTER_XDATA ( C:\Program Files\IAR Systems\Embedded Workbench 4.0 Evaluation version\8051\LIB\CLIB\cl-pli-blxd-1e16x01.r51 )
  ?FUNC_ENTER_XDATA                CODE      000005C2 
?BANKED_LEAVE_XDATA ( C:\Program Files\IAR Systems\Embedded Workbench 4.0 Evaluation version\8051\LIB\CLIB\cl-pli-blxd-1e16x01.r51 )
  ?BANKED_LEAVE_XDATA              CODE      00000621 
?FUNC_LEAVE_XDATA ( C:\Program Files\IAR Systems\Embedded Workbench 4.0 Evaluation version\8051\LIB\CLIB\cl-pli-blxd-1e16x01.r51 )
  ?FUNC_LEAVE_XDATA                CODE      00000662 
?INTERRUPT_ENTER_XSP ( C:\Program Files\IAR Systems\Embedded Workbench 4.0 Evaluation version\8051\LIB\CLIB\cl-pli-blxd-1e16x01.r51 )
  ?INTERRUPT_ENTER_XSP             CODE      0000069D 
?INTERRUPT_LEAVE_XSP ( C:\Program Files\IAR Systems\Embedded Workbench 4.0 Evaluation version\8051\LIB\CLIB\cl-pli-blxd-1e16x01.r51 )
  ?INTERRUPT_LEAVE_XSP             CODE      000006F5 
iar_stack_enter_leave_dptr ( C:\Program Files\IAR Systems\Embedded Workbench 4.0 Evaluation version\8051\LIB\CLIB\cl-pli-blxd-1e16x01.r51 )
?PUSH_XSTACK_I ( C:\Program Files\IAR Systems\Embedded Workbench 4.0 Evaluation version\8051\LIB\CLIB\cl-pli-blxd-1e16x01.r51 )
  ?PUSH_XSTACK_I_FOUR              CODE      00000746 
  ?PUSH_XSTACK_I_THREE             CODE      0000074A 
  ?PUSH_XSTACK_I_TWO               CODE      0000074E 
  ?PUSH_XSTACK_I_ONE               CODE      00000752 
  ?PUSH_XSTACK_I                   CODE      00000754 
?PUSH_XSTACK8_X ( C:\Program Files\IAR Systems\Embedded Workbench 4.0 Evaluation version\8051\LIB\CLIB\cl-pli-blxd-1e16x01.r51 )
  ?PUSH_XSTACK8_X_FOUR             CODE      00000761 
  ?PUSH_XSTACK8_X_THREE            CODE      00000765 
  ?PUSH_XSTACK8_X_TWO              CODE      00000769 
  ?PUSH_XSTACK8_X                  CODE      0000076D 
?PUSH_XSTACK8_C ( C:\Program Files\IAR Systems\Embedded Workbench 4.0 Evaluation version\8051\LIB\CLIB\cl-pli-blxd-1e16x01.r51 )
?UC_SWITCH_DENSE ( C:\Program Files\IAR Systems\Embedded Workbench 4.0 Evaluation version\8051\LIB\CLIB\cl-pli-blxd-1e16x01.r51 )
  ?UC_SWITCH_DENSE                 CODE      00000791 
?US_SWITCH_DENSE ( C:\Program Files\IAR Systems\Embedded Workbench 4.0 Evaluation version\8051\LIB\CLIB\cl-pli-blxd-1e16x01.r51 )
  ?US_SWITCH_DENSE                 CODE      000007C7 
?UC_SWITCH_SPARSE ( C:\Program Files\IAR Systems\Embedded Workbench 4.0 Evaluation version\8051\LIB\CLIB\cl-pli-blxd-1e16x01.r51 )
  ?UC_SWITCH_SPARSE                CODE      0000080D 
  ?UC_SWITCH_SPARSE_LEAVE          CODE      0000082A 
?UC_JMP_IF_IN_RANGE ( C:\Program Files\IAR Systems\Embedded Workbench 4.0 Evaluation version\8051\LIB\CLIB\cl-pli-blxd-1e16x01.r51 )
  ?UC_JMP_IF_IN_RANGE              CODE      00000837 
?UC_JMP_IF_VALUE ( C:\Program Files\IAR Systems\Embedded Workbench 4.0 Evaluation version\8051\LIB\CLIB\cl-pli-blxd-1e16x01.r51 )
  ?UC_JMP_IF_VALUE                 CODE      00000856 
?memset ( C:\Program Files\IAR Systems\Embedded Workbench 4.0 Evaluation version\8051\LIB\CLIB\cl-pli-blxd-1e16x01.r51 )
  memset                           CODE      0001FF65 
  memset::?relay                   CODE      00002A58 
?strcat ( C:\Program Files\IAR Systems\Embedded Workbench 4.0 Evaluation version\8051\LIB\CLIB\cl-pli-blxd-1e16x01.r51 )
  strcat                           CODE      0001FE2F 
  strcat::?relay                   CODE      00002A5E 
?strcmp ( C:\Program Files\IAR Systems\Embedded Workbench 4.0 Evaluation version\8051\LIB\CLIB\cl-pli-blxd-1e16x01.r51 )
  strcmp                           CODE      00017FAF 
  strcmp::?relay                   CODE      00002A64 
?strcpy ( C:\Program Files\IAR Systems\Embedded Workbench 4.0 Evaluation version\8051\LIB\CLIB\cl-pli-blxd-1e16x01.r51 )
  strcpy                           CODE      0001FEBF 
  strcpy::?relay                   CODE      00002A6A 
?strlen ( C:\Program Files\IAR Systems\Embedded Workbench 4.0 Evaluation version\8051\LIB\CLIB\cl-pli-blxd-1e16x01.r51 )
  strlen                           CODE      0000FFDC 
  strlen::?relay                   CODE      00002A70 
?ctype ( C:\Program Files\IAR Systems\Embedded Workbench 4.0 Evaluation version\8051\LIB\CLIB\cl-pli-blxd-1e16x01.r51 )
?low_level_init ( C:\Program Files\IAR Systems\Embedded Workbench 4.0 Evaluation version\8051\LIB\CLIB\cl-pli-blxd-1e16x01.r51 )
  __low_level_init                 CODE      00000184 



                ****************************************
                *                                      *
                *            MODULE SUMMARY            *
                *                                      *
                ****************************************

Module                      CODE      DATA      XDATA  IDATA    BIT
------                      ----      ----      -----  -----    ---
                           (Rel)  (Rel)  (Abs)  (Rel)  (Rel)  (Rel)
51PY                       9 964                  245
?ADD_XSTACK_DISP8             20
?ALLOC_XSTACK8                15
?BANKED_CODE_SUPPORT          71
?BANKED_ENTER_XDATA          101
?BANKED_LEAVE_XDATA           65
?CALL_IND                      2
?C_GPTR_LOAD                  26
?DEALLOC_XSTACK8              19
?FUNC_ENTER_XDATA             95
?FUNC_LEAVE_XDATA             59
?INTERRUPT_ENTER_XSP          88
?INTERRUPT_LEAVE_XSP          81
?L_ADD                        19
?L_ADD_TO_X                   19
?L_ADD_X                      19
?L_AND_TO_X                   19
?L_AND_X                      19
?L_EQ_X                       21
?L_MOV                        15
?L_MOV_TO_X                   15
?L_MOV_X                      15
?L_MUL                       128
?L_NEG                        17
?L_NOT                        16
?L_SHL                        31
?L_SUB_FROM_X                 20
?L_SUB_X                      24
?MOVE_LONG8_XDATA_CODE        34
?MOVE_LONG8_XDATA_IDATA       13
?MOVE_LONG8_XDATA_XDATA       33
?POP_BIT_ISP                  19
?PUSH_XSTACK8_X               48
?PUSH_XSTACK_I                27
?SL_GT_X                      21
?SS_SHR                       16
?S_DIV_MOD                   154
?S_SHL                        19
?UC_JMP_IF_IN_RANGE           31
?UC_JMP_IF_VALUE              22
?UC_SWITCH_DENSE              54
?UC_SWITCH_SPARSE             42
?UL_DIV_MOD                  112
?UL_GT                        16
?UL_GT_X                      16
?UL_SHR                       25
?US_SHR                       15
?US_SWITCH_DENSE              70
?XSTACK_DISP8                 10
?cexit                         5
?cmain                       162
?low_level_init                3
?memset                       53
?strcat                       80
?strcmp                       87
?strcpy                       66
?strlen                       36
AF                         2 170                    2
APS                          582                   14
APSMEDE                    2 972                   10
APSMEDE_CB                   521
AddrMgr                      580                    4
CSTARTUP                      16
  + common                     3
DQUE                       1 711
KeyAudioISR                   61             1
  + shared                   126             1
  + common
MPDep                        602                    4      6
  + shared                                  11     16
MacUtil                    1 158                   12
MenuAdjustUtil             2 327                   48
MenuChineseInputUtil       2 914                   60
MenuLib_Nv                   875
MenuLib_global             3 274                   93
MenuLib_orphan             4 325                  297
MenuLib_tree              11 661                  604
  + shared                                          4
MineApp                    4 224                   44
MineApp_Local                 22                  146
MineApp_MP_Function        2 980                   14
MineApp_MenuLib            2 688                   49
MineApp_Osal                  91                   17
MineApp_global               766                    2
  + shared                                   1
NLMEDE                     1 686                   14
NLMEDE_CB                    890
OSAL                       2 362                   42
OSAL_Memory                  528                4 103
OSAL_Nv                    4 694             3     41
OSAL_PwrMgr                   28                    7
OSAL_Timers                  972                   13
  + shared                                          4
OnBoard                      523                   11
SleepUtil                    749             1     32
  + shared                    46             1
  + common
TimeUtil                   1 893                   39
VIRTUAL_REGISTERS                     2                           8
WatchDogUtil                  71
ZDApp                      2 408                   25
ZDConfig                      10                   10
ZDObject                   1 883                   52
ZDProfile                  1 252                   86
ZDSecMgr                      20
ZGlobals                     744                   53
ZMain                        307             1
  + shared                                   4
aps_groups                    86                    2
aps_util                   1 250
codec_fm11ge300              724
codec_i2c                    499
  + shared                                   3
delay                         60
hal_adc                      350             6
  + shared                                   1
hal_assert                    50                   17
  + shared                                   1
hal_audio                  3 063             2    321
  + shared                                   1
hal_drivers                  515                    3
hal_key                      286                    4
hal_led                       20
hal_timer                  1 597            11     60
  + common                   102
key_interface                725
lcd_interface              3 037                    3
mac_backoff_timer            545                   13
  + shared                                   3
mac_cfg                        5                    5
mac_coord                      4
  + shared                                          4
mac_csp_tx                   558             1
  + shared                                   4
mac_data                   2 123                   27
mac_device                 1 810                   20
mac_low_level                 65
mac_main                   1 663                   48
mac_mcu                      774            11      2
  + common                   134
mac_mem                      110             1
mac_mgmt                   2 921                    2
mac_pib                      846                   59
mac_pwr                      112                    1
mac_radio                    621                    4
mac_radio_defs                31
mac_rx                     2 001                   18
mac_rx_onoff                 335                    2
mac_scan                   1 470                   28
mac_sleep                    156                    1
mac_timer                  1 044                   14
mac_tx                       912                    8
nwk                        3 951                  107
nwk_bufs                   1 688                    3
nwk_globals                  232                   45
nwk_util                   4 199                   11
osal_nv_util                 287
saddr                        276
ssp                           88                    4
zmac                         666                    6
zmac_cb                      956
N/A (command line)                   16           639    192
N/A (alignment)
----------               -------     --     --  -----    ---      -
Total:                   122 543     18     69  7 698    198      8
  + common                   134


                ****************************************
                *                                      *
                *      SEGMENTS IN ADDRESS ORDER       *
                *                                      *
                ****************************************


SEGMENT              SPACE    START ADDRESS   END ADDRESS     SIZE  TYPE  ALIGN
=======              =====    =============   ===========     ====  ====  =====
INTVEC               CODE          00000000 - 00000085          86   com    0
CSTART               CODE          00000086 - 00000186         101   rel    0
RCODE                CODE          00000187 - 0000086B         6E5   rel    0
NEAR_CODE            CODE          0000086C - 000017AF         F44   rel    0
BANK_RELAYS          CODE          000017B0 - 00002A75        12C6   rel    0
BDATA_ID             CODE               00002A76                     dse    0
DATA_ID              CODE               00002A76                     dse    0
BIT_ID               CODE               00002A76                     dse    0
IDATA_ID             CODE          00002A76 - 00002A76           1   rel    0
PDATA_ID             CODE               00002A77                     dse    0
IXDATA_ID            CODE               00002A77                     dse    0
XDATA_ID             CODE          00002A77 - 00003071         5FB   rel    0
CODE_C               CODE          00003072 - 00005F3B        2ECA   rel    0
<BANKED_CODE> 1      CODE          00005FD0 - 0000FFF9        A02A   rel    0
<BANKED_CODE> 2      CODE          00010000 - 00017FFF        8000   rel    0
<BANKED_CODE> 3      CODE          00018000 - 0001CFFB        4FFC   rel    0
<BANKED_CODE> 4      CODE          0001F000 - 0001FFD2         FD3   rel    0
REGISTERS            DATA          00000000 - 00000007           8   rel    0
VREG                 DATA          00000008 - 0000000F           8   rel    0
PSP                  DATA               00000010                     dse    0
XSP                  DATA          00000010 - 00000011           2   rel    0
BREG                 BIT        00000020.0  -  00000020.7        8   rel    0
SFR_AN               DATA          00000080 - 00000081           2   rel    0
                     DATA          00000087 - 00000088           2 
                     DATA          0000008A - 0000008A           1 
                     DATA          0000008C - 0000008D           2 
                     DATA          0000008F - 00000091           3 
                     DATA          00000094 - 00000097           4 
                     DATA          0000009A - 0000009E           5 
                     DATA          000000A0 - 000000A9           A 
                     DATA          000000AB - 000000AB           1 
                     DATA          000000AD - 000000AE           2 
                     DATA          000000B4 - 000000B6           3 
                     DATA          000000B8 - 000000BE           7 
                     DATA          000000C0 - 000000C0           1 
                     DATA          000000C3 - 000000C3           1 
                     DATA          000000C6 - 000000C6           1 
                     DATA          000000C9 - 000000C9           1 
                     DATA          000000CB - 000000CC           2 
                     DATA          000000CE - 000000CE           1 
                     DATA          000000D8 - 000000D9           2 
                     DATA          000000E1 - 000000E1           1 
                     DATA          000000E4 - 000000E9           6 
                     DATA          000000EB - 000000EC           2 
                     DATA          000000EE - 000000EE           1 
                     DATA          000000F2 - 000000F5           4 
                     DATA          000000F7 - 000000F7           1 
                     DATA          000000FD - 000000FF           3 
XSTACK               XDATA         0000E000 - 0000E27E         27F   rel    0
XDATA_N              XDATA              0000E27F                     dse    0
IXDATA_I             XDATA              0000E27F                     dse    0
XDATA_Z              XDATA         0000E27F - 0000F816        1598   rel    0
XDATA_I              XDATA         0000F817 - 0000FE11         5FB   rel    0
IDATA_I              IDATA         00000012 - 00000012           1   rel    0
IDATA_Z              IDATA         00000013 - 00000017           5   rel    0
ISTACK               IDATA         00000040 - 000000FF          C0   rel    0

                ****************************************
                *                                      *
                *        END OF CROSS REFERENCE        *
                *                                      *
                ****************************************

 122 677 bytes of CODE  memory
      18 bytes of DATA  memory (+ 69 absolute )
   7 698 bytes of XDATA memory
     198 bytes of IDATA memory
       8 bits  of BIT   memory

Errors: none
Warnings: 2

