ARM Linker, 5.03 [Build 76] [MDK-ARM Standard]

==============================================================================

Section Cross References

    application.o(.text) refers to deca_device.o(.text) for dwt_isr
    application.o(.text) refers to stm32l1xx_gpio.o(.text) for GPIO_ReadInputDataBit
    application.o(.text) refers to timer_event.o(.text) for event_timer_take_all
    application.o(.text) refers to instance.o(.text) for TdoaGetLocalInstStructurePtr
    application.o(.text) refers to rand.o(.text) for rand
    application.o(.text) refers to sleep.o(.text) for Sleep
    application.o(.text) refers to printf_util.o(.text) for PrintfUtil_vPrintf
    application.o(.text) refers to mcu.o(.text) for WatchdogReset
    mac_msg.o(.text) refers to mem.o(.text) for rt_free
    mac_msg.o(.text) refers to mac_msg.o(.bss) for mac_msg_list
    mac_msg.o(.text) refers to mac_msg.o(.data) for free_node
    main.o(.text) refers to printf_util.o(.text) for PrintfUtil_u8Init
    main.o(.text) refers to board.o(.text) for board_init
    main.o(.text) refers to mcu.o(.text) for portResetTickCnt
    main.o(.text) refers to application.o(.text) for Application
    mem.o(.text) refers to mcu.o(.emb_text) for interrupt_disable
    mem.o(.text) refers to mem.o(.data) for heap_ptr
    timer_event.o(.text) refers to mcu.o(.emb_text) for interrupt_disable
    timer_event.o(.text) refers to memseta.o(.text) for __aeabi_memclr4
    timer_event.o(.text) refers to mcu.o(.text) for GetSysClock
    timer_event.o(.text) refers to timer_event.o(.data) for bits_events
    timer_event.o(.text) refers to timer_event.o(.bss) for timer_list
    debug.o(.text) refers to stm32l1xx_gpio.o(.text) for GPIO_ResetBits
    debug.o(.text) refers to mcu.o(.text) for Delay_ms
    instance.o(.text) refers to deca_device.o(.text) for dwt_readrxtimestamp
    instance.o(.text) refers to timer_event.o(.text) for event_timer_set
    instance.o(.text) refers to rand.o(.text) for rand
    instance.o(.text) refers to memseta.o(.text) for __aeabi_memclr4
    instance.o(.text) refers to memcpya.o(.text) for __aeabi_memcpy4
    instance.o(.text) refers to dotie.o(.text) for TdoaClearMsgArray
    instance.o(.text) refers to printf_util.o(.text) for PrintfUtil_vPrintf
    instance.o(.text) refers to mcu.o(.text) for portGetTickCnt
    instance.o(.text) refers to dfltui.o(.text) for __aeabi_ui2d
    instance.o(.text) refers to dmul.o(.text) for __aeabi_dmul
    instance.o(.text) refers to instance.o(.bss) for gstTdoaInstData
    instance.o(.text) refers to application.o(.bss) for gTdoaSendPack
    instance.o(.text) refers to instance.o(.data) for gu8NblinkPack
    instance.o(.text) refers to ddiv.o(.text) for __aeabi_ddiv
    instance.o(.text) refers to log10.o(i.log10) for log10
    instance.o(.text) refers to dadd.o(.text) for __aeabi_dsub
    instance.o(.text) refers to dfixi.o(.text) for __aeabi_d2iz
    instance.o(.text) refers to port.o(.text) for reset_DW1000
    instance.o(.text) refers to instance.o(.constdata) for gstSpectrumTxConfig
    instance.o(.text) refers to application.o(.text) for DecaTdoaEquipEventSet
    instance.o(.text) refers to stm32l1xx_usart.o(.text) for USART_SendData
    instance.o(.text) refers to crc.o(.text) for CRC16
    deca_spi.o(.text) refers to stm32l1xx_spi.o(.text) for SPI_I2S_GetFlagStatus
    deca_spi.o(.text) refers to stm32l1xx_gpio.o(.text) for GPIO_ResetBits
    deca_spi.o(.text) refers to mcu.o(.text) for Delay_ms
    port.o(.text) refers to stm32l1xx_gpio.o(.text) for GPIO_Init
    port.o(.text) refers to stm32l1xx_spi.o(.text) for SPI_I2S_DeInit
    port.o(.text) refers to stm32l1xx_rcc.o(.text) for RCC_APB1PeriphClockCmd
    port.o(.text) refers to stm32l1xx_pwr.o(.text) for PWR_RTCAccessCmd
    port.o(.text) refers to stm32l1xx_rtc.o(.text) for RTC_WaitForSynchro
    port.o(.text) refers to stm32l1xx_exti.o(.text) for EXTI_ClearITPendingBit
    port.o(.text) refers to misc.o(.text) for NVIC_Init
    port.o(.text) refers to sleep.o(.text) for Sleep
    unistd.o(.text) refers to mcu.o(.text) for portGetTickCnt
    dotie.o(.text) refers to uldiv.o(.text) for __aeabi_uldivmod
    dotie.o(.text) refers to memseta.o(.text) for __aeabi_memclr4
    dotie.o(.text) refers to instance.o(.text) for TdoaGetLocalInstStructurePtr
    dotie.o(.text) refers to dotie.o(.bss) for avgTie
    dotie.o(.text) refers to instance.o(.bss) for gstTdoaMsgArray
    dotie.o(.text) refers to dotie.o(.data) for max_tie
    dotie.o(.text) refers to instance.o(.data) for gu8NblinkSend
    dotie.o(.text) refers to dfltul.o(.text) for __aeabi_ul2d
    dotie.o(.text) refers to ddiv.o(.text) for __aeabi_ddiv
    dotie.o(.text) refers to dmul.o(.text) for __aeabi_dmul
    dotie.o(.text) refers to dfixul.o(.text) for __aeabi_d2ulz
    dotie.o(.text) refers to printf_util.o(.text) for PrintfUtil_vPrintf
    dotie.o(.text) refers to dotie.o(.constdata) for .constdata
[...]
    .text                                    0x08008c12   Section        0  llshl.o(.text)
    .text                                    0x08008c30   Section        0  llushr.o(.text)
    .text                                    0x08008c50   Section        0  llsshr.o(.text)
    .text                                    0x08008c74   Section        0  iusefp.o(.text)
    .text                                    0x08008c74   Section        0  fepilogue.o(.text)
    .text                                    0x08008ce0   Section        0  depilogue.o(.text)
    .text                                    0x08008d9e   Section        0  dscalb.o(.text)
    .text                                    0x08008dcc   Section        0  dflti.o(.text)
    .text                                    0x08008df0   Section       36  init.o(.text)
    .text                                    0x08008e14   Section       40  cdcmple.o(.text)
    i.__0printf$bare                         0x08008e3c   Section        0  printfb.o(i.__0printf$bare)
    i.__kernel_poly                          0x08008e4c   Section        0  poly.o(i.__kernel_poly)
    i.__scatterload_copy                     0x08008ef6   Section       14  handlers.o(i.__scatterload_copy)
    i.__scatterload_null                     0x08008f04   Section        2  handlers.o(i.__scatterload_null)
    i.__scatterload_zeroinit                 0x08008f06   Section       14  handlers.o(i.__scatterload_zeroinit)
    i.__set_errno                            0x08008f14   Section        0  errno.o(i.__set_errno)
    i._printf_core                           0x08008f20   Section        0  printfb.o(i._printf_core)
    _printf_core                             0x08008f21   Thumb Code    34  printfb.o(i._printf_core)
    i.log                                    0x08008f44   Section        0  log.o(i.log)
    i.log10                                  0x080092b4   Section        0  log10.o(i.log10)
    .constdata                               0x080093a8   Section      100  instance.o(.constdata)
    .constdata                               0x0800940c   Section       66  dotie.o(.constdata)
    .constdata                               0x08009450   Section       75  deca_device.o(.constdata)
    .constdata                               0x0800949c   Section      178  deca_params_init.o(.constdata)
    .constdata                               0x0800954e   Section      512  crc.o(.constdata)
    auchCRCHi                                0x0800954e   Data         256  crc.o(.constdata)
    auchCRCLo                                0x0800964e   Data         256  crc.o(.constdata)
    .constdata                               0x08009750   Section       56  log.o(.constdata)
    Lg2                                      0x08009750   Data          24  log.o(.constdata)
    Lg                                       0x08009768   Data          32  log.o(.constdata)
    .constdata                               0x08009788   Section        8  qnan.o(.constdata)
    .data                                    0x20000000   Section        1  application.o(.data)
    .data                                    0x20000004   Section       13  timer_event.o(.data)
    reload_events                            0x20000004   Data           4  timer_event.o(.data)
    bits_events                              0x20000008   Data           4  timer_event.o(.data)
    min_timer                                0x2000000c   Data           4  timer_event.o(.data)
    timer_cnt                                0x20000010   Data           1  timer_event.o(.data)
    .data                                    0x20000012   Section       69  instance.o(.data)
    .data                                    0x20000058   Section        8  dotie.o(.data)
    .data                                    0x20000060   Section        4  mcu.o(.data)
    systicks                                 0x20000060   Data           4  mcu.o(.data)
    .data                                    0x20000064   Section        1  mma8452q.o(.data)
    .data                                    0x20000065   Section       25  stm32l1xx_rcc.o(.data)
    PLLMulTable                              0x20000065   Data           9  stm32l1xx_rcc.o(.data)
    APBAHBPrescTable                         0x2000006e   Data          16  stm32l1xx_rcc.o(.data)
    .data                                    0x20000080   Section       29  system_stm32l1xx.o(.data)
    .data                                    0x200000a0   Section        4  deca_device.o(.data)
    .data                                    0x200000a4   Section        6  printf_util.o(.data)
    .data                                    0x200000ac   Section        4  rand.o(.data)
    _rand_state                              0x200000ac   Data           4  rand.o(.data)
    .data                                    0x200000b0   Section        4  stdout.o(.data)
    .data                                    0x200000b4   Section        4  errno.o(.data)
    _errno                                   0x200000b4   Data           4  errno.o(.data)
    .bss                                     0x200000b8   Section     1404  application.o(.bss)
    .bss                                     0x20000634   Section      384  timer_event.o(.bss)
    timer_list                               0x20000634   Data         384  timer_event.o(.bss)
    .bss                                     0x200007b8   Section     3280  instance.o(.bss)
    .bss                                     0x20001488   Section      184  dotie.o(.bss)
    .bss                                     0x20001540   Section      272  stm32l1xx_usart.o(.bss)
    .bss                                     0x20001650   Section      120  deca_device.o(.bss)
    dw1000local                              0x20001650   Data         120  deca_device.o(.bss)
    STACK                                    0x200016c8   Section     8192  startup_stm32l1xx_md.o(STACK)

    Global Symbols

    Symbol Name                              Value     Ov Type        Size  Object(Section)

    BuildAttributes$$THM_ISAv4$P$D$K$B$S$PE$A:L22UL41UL21$X:L11$S22US41US21$IEEE1$IW$USESV6$~STKCKD$USESV7$~SHL$OTIME$ROPI$IEEEJ$EBA8$MICROLIB$REQ8$PRES8$EABIv2 0x00000000   Number         0  anon$$obj.o ABSOLUTE
    __ARM_use_no_argv                        0x00000000   Number         0  main.o ABSOLUTE
    __cpp_initialize__aeabi_                  - Undefined Weak Reference
    __cxa_finalize                            - Undefined Weak Reference
    __decompress                              - Undefined Weak Reference
    _clock_init                               - Undefined Weak Reference
    _microlib_exit                            - Undefined Weak Reference
    __Vectors_Size                           0x000000f4   Number         0  startup_stm32l1xx_md.o ABSOLUTE
    __Vectors                                0x08000000   Data           4  startup_stm32l1xx_md.o(RESET)
    __Vectors_End                            0x080000f4   Data           0  startup_stm32l1xx_md.o(RESET)
    __main                                   0x080000f5   Thumb Code     0  entry.o(.ARM.Collect$$$$00000000)
    _main_stk                                0x080000f5   Thumb Code     0  entry2.o(.ARM.Collect$$$$00000001)
    _main_scatterload                        0x080000f9   Thumb Code     0  entry5.o(.ARM.Collect$$$$00000004)
    __main_after_scatterload                 0x080000fd   Thumb Code     0  entry5.o(.ARM.Collect$$$$00000004)
    _main_clock                              0x080000fd   Thumb Code     0  entry7b.o(.ARM.Collect$$$$00000008)
    _main_cpp_init                           0x080000fd   Thumb Code     0  entry8b.o(.ARM.Collect$$$$0000000A)
    _main_init                               0x080000fd   Thumb Code     0  entry9a.o(.ARM.Collect$$$$0000000B)
    __rt_final_cpp                           0x08000105   Thumb Code     0  entry10a.o(.ARM.Collect$$$$0000000D)
    __rt_final_exit                          0x08000105   Thumb Code     0  entry11a.o(.ARM.Collect$$$$0000000F)
    interrupt_disable                        0x08000109   Thumb Code     8  mcu.o(.emb_text)
    interrupt_enable                         0x08000111   Thumb Code     6  mcu.o(.emb_text)
    vCheckBattery                            0x08000119   Thumb Code     2  application.o(.text)
    process_deca_irq                         0x0800011b   Thumb Code    22  application.o(.text)
    AppEventsProcess                         0x08000131   Thumb Code   204  application.o(.text)
    Appsleepinit                             0x080001fd   Thumb Code    26  application.o(.text)
    DecaTdoaEquipEventSet                    0x08000217   Thumb Code   110  application.o(.text)
    Application                              0x08000285   Thumb Code    52  application.o(.text)
    main                                     0x08000331   Thumb Code    38  main.o(.text)
    event_timer_take                         0x08000379   Thumb Code    60  timer_event.o(.text)
    event_timer_take_all                     0x080003b5   Thumb Code    28  timer_event.o(.text)
    event_timer_init                         0x080003d1   Thumb Code    28  timer_event.o(.text)
    event_timer_set                          0x080003ed   Thumb Code    46  timer_event.o(.text)
    event_timer_unset                        0x0800041b   Thumb Code    46  timer_event.o(.text)
    event_timer_add                          0x08000449   Thumb Code   124  timer_event.o(.text)
    event_timer_add_reload                   0x080004c5   Thumb Code   138  timer_event.o(.text)
    event_timer_del                          0x0800054f   Thumb Code   118  timer_event.o(.text)
    event_timer_update                       0x080005c5   Thumb Code   204  timer_event.o(.text)
    event_timer_next_tick                    0x08000691   Thumb Code    12  timer_event.o(.text)
    TdoaGetLocalInstStructurePtr             0x080006b1   Thumb Code     4  instance.o(.text)
    TdoaGetLocalCardStructurePtr             0x080006b5   Thumb Code     4  instance.o(.text)
    TdoaGetLocalMsgArrayStructurePtr         0x080006b9   Thumb Code     2  instance.o(.text)
    TdoaGetLocalSendPackStructurePtr         0x080006bb   Thumb Code     4  instance.o(.text)
    TDOATxCallback                           0x080006bf   Thumb Code     2  instance.o(.text)
    TDOARxTimeoutCallback                    0x080006c1   Thumb Code     2  instance.o(.text)
    TDOARxErrorCallback                      0x080006c3   Thumb Code     2  instance.o(.text)
    TDOARxGoodCallback                       0x080006c5   Thumb Code   298  instance.o(.text)
    TdoaDataBuffClear                        0x080007ef   Thumb Code    40  instance.o(.text)
    TdoaMsgPackInsetUartBuff                 0x08000817   Thumb Code    96  instance.o(.text)
    TdoaRxCardMsgProc                        0x08000877   Thumb Code   120  instance.o(.text)
    TdoaInstConfigFrameHeader                0x080008ef   Thumb Code    62  instance.o(.text)
    TdoaSetMacFrameData                      0x0800092d   Thumb Code    40  instance.o(.text)
    TdoaInstSendTagPoolPacket                0x08000955   Thumb Code    88  instance.o(.text)
    TdoaSendTagPoll                          0x080009ad   Thumb Code   172  instance.o(.text)
    TdoaInstRxRssiLevel                      0x08000a59   Thumb Code   434  instance.o(.text)
    TdoaInstRxMsgToCardMsgProc               0x08000c0b   Thumb Code    80  instance.o(.text)
    TdoaAnchorInit                           0x08000c5b   Thumb Code    74  instance.o(.text)
    TdoaTagInit                              0x08000ca5   Thumb Code    46  instance.o(.text)
    TdoaInstRunState                         0x08000cd3   Thumb Code   166  instance.o(.text)
    Dw1000Init                               0x08000d79   Thumb Code   112  instance.o(.text)
    TdoaInstChannelConfig                    0x08000de9   Thumb Code   392  instance.o(.text)
    TdoaInstanceBaseMsginit                  0x08000f71   Thumb Code   308  instance.o(.text)
    AppInstanceInit                          0x080010a5   Thumb Code    30  instance.o(.text)
    TdoaWriteDataToStm32                     0x080010c3   Thumb Code    52  instance.o(.text)
    TdoaBsmacBuildPacketMacHead              0x080010f7   Thumb Code   144  instance.o(.text)
    TdoaBsmacBuildPacketNetHead              0x08001187   Thumb Code    24  instance.o(.text)
    TdoaBsmacBuildPacketData                 0x0800119f   Thumb Code   120  instance.o(.text)
    TdoaBsmacBuildPacket                     0x08001217   Thumb Code   108  instance.o(.text)
    TdoaSendCardReportToUart                 0x08001283   Thumb Code   298  instance.o(.text)
    openspi                                  0x080013e1   Thumb Code     4  deca_spi.o(.text)
    closespi                                 0x080013e5   Thumb Code    28  deca_spi.o(.text)
    writetospi                               0x08001401   Thumb Code   114  deca_spi.o(.text)
    readfromspi                              0x08001473   Thumb Code   116  deca_spi.o(.text)
    writetoLCD                               0x080014e7   Thumb Code   136  deca_spi.o(.text)
    reset_DW1000                             0x08001581   Thumb Code    64  port.o(.text)
    SPI_ConfigFastRate                       0x080015c1   Thumb Code    84  port.o(.text)
    RTC_Configuration                        0x08001615   Thumb Code   152  port.o(.text)
    port_set_dw1000_slowrate                 0x080016ad   Thumb Code    10  port.o(.text)
    port_set_dw1000_fastrate                 0x080016b7   Thumb Code    10  port.o(.text)
    port_wakeup_dw1000                       0x080016c1   Thumb Code    32  port.o(.text)
    gettie                                   0x080016e9   Thumb Code    82  dotie.o(.text)
    avg_ANH_Tie                              0x0800173b   Thumb Code   538  dotie.o(.text)
    TdoaClearMsgArray                        0x08001955   Thumb Code    52  dotie.o(.text)
    TdoaBuildPackBuffInit                    0x08001989   Thumb Code    38  dotie.o(.text)
    TdoaCardMsdBuildUnityNew                 0x080019af   Thumb Code   394  dotie.o(.text)
    TdoaCardMsdBuildUnity                    0x08001b39   Thumb Code  1306  dotie.o(.text)
    TdoaCheckRxMsgStandardID                 0x08002053   Thumb Code    48  dotie.o(.text)
    TdoaRxSlowCardMsgProc                    0x08002083   Thumb Code    74  dotie.o(.text)
    TdoaRxQuickCardMsgProc                   0x080020cd   Thumb Code   226  dotie.o(.text)
    exchange_data                            0x080021d1   Thumb Code    38  as3933.o(.text)
    SpiReadWriteRegister                     0x08002229   Thumb Code    50  as3933.o(.text)
    config_As3933                            0x0800225b   Thumb Code   116  as3933.o(.text)
    EXCIT_Configuration                      0x080022cf   Thumb Code    64  as3933.o(.text)
    as3933_data_init                         0x0800230f   Thumb Code    66  as3933.o(.text)
    init_as3933                              0x08002351   Thumb Code    20  as3933.o(.text)
    Reset_Handler                            0x08002371   Thumb Code     8  startup_stm32l1xx_md.o(.text)
    NMI_Handler                              0x08002379   Thumb Code     2  startup_stm32l1xx_md.o(.text)
    HardFault_Handler                        0x0800237b   Thumb Code     2  startup_stm32l1xx_md.o(.text)
    MemManage_Handler                        0x0800237d   Thumb Code     2  startup_stm32l1xx_md.o(.text)
    BusFault_Handler                         0x0800237f   Thumb Code     2  startup_stm32l1xx_md.o(.text)
    UsageFault_Handler                       0x08002381   Thumb Code     2  startup_stm32l1xx_md.o(.text)
    SVC_Handler                              0x08002383   Thumb Code     2  startup_stm32l1xx_md.o(.text)
    DebugMon_Handler                         0x08002385   Thumb Code     2  startup_stm32l1xx_md.o(.text)
    PendSV_Handler                           0x08002387   Thumb Code     2  startup_stm32l1xx_md.o(.text)
    ADC1_IRQHandler                          0x0800238b   Thumb Code     0  startup_stm32l1xx_md.o(.text)
    COMP_IRQHandler                          0x0800238b   Thumb Code     0  startup_stm32l1xx_md.o(.text)
    DAC_IRQHandler                           0x0800238b   Thumb Code     0  startup_stm32l1xx_md.o(.text)
    DMA1_Channel1_IRQHandler                 0x0800238b   Thumb Code     0  startup_stm32l1xx_md.o(.text)
    DMA1_Channel2_IRQHandler                 0x0800238b   Thumb Code     0  startup_stm32l1xx_md.o(.text)
    DMA1_Channel3_IRQHandler                 0x0800238b   Thumb Code     0  startup_stm32l1xx_md.o(.text)
    DMA1_Channel4_IRQHandler                 0x0800238b   Thumb Code     0  startup_stm32l1xx_md.o(.text)
    DMA1_Channel5_IRQHandler                 0x0800238b   Thumb Code     0  startup_stm32l1xx_md.o(.text)
    DMA1_Channel6_IRQHandler                 0x0800238b   Thumb Code     0  startup_stm32l1xx_md.o(.text)
    DMA1_Channel7_IRQHandler                 0x0800238b   Thumb Code     0  startup_stm32l1xx_md.o(.text)
    EXTI15_10_IRQHandler                     0x0800238b   Thumb Code     0  startup_stm32l1xx_md.o(.text)
    EXTI2_IRQHandler                         0x0800238b   Thumb Code     0  startup_stm32l1xx_md.o(.text)
    EXTI4_IRQHandler                         0x0800238b   Thumb Code     0  startup_stm32l1xx_md.o(.text)
    FLASH_IRQHandler                         0x0800238b   Thumb Code     0  startup_stm32l1xx_md.o(.text)
    I2C1_ER_IRQHandler                       0x0800238b   Thumb Code     0  startup_stm32l1xx_md.o(.text)
    I2C1_EV_IRQHandler                       0x0800238b   Thumb Code     0  startup_stm32l1xx_md.o(.text)
    I2C2_ER_IRQHandler                       0x0800238b   Thumb Code     0  startup_stm32l1xx_md.o(.text)
    I2C2_EV_IRQHandler                       0x0800238b   Thumb Code     0  startup_stm32l1xx_md.o(.text)
    LCD_IRQHandler                           0x0800238b   Thumb Code     0  startup_stm32l1xx_md.o(.text)
    PVD_IRQHandler                           0x0800238b   Thumb Code     0  startup_stm32l1xx_md.o(.text)
    RCC_IRQHandler                           0x0800238b   Thumb Code     0  startup_stm32l1xx_md.o(.text)
    RTC_Alarm_IRQHandler                     0x0800238b   Thumb Code     0  startup_stm32l1xx_md.o(.text)
    SPI1_IRQHandler                          0x0800238b   Thumb Code     0  startup_stm32l1xx_md.o(.text)
    SPI2_IRQHandler                          0x0800238b   Thumb Code     0  startup_stm32l1xx_md.o(.text)
    TAMPER_STAMP_IRQHandler                  0x0800238b   Thumb Code     0  startup_stm32l1xx_md.o(.text)
    TIM10_IRQHandler                         0x0800238b   Thumb Code     0  startup_stm32l1xx_md.o(.text)
    TIM11_IRQHandler                         0x0800238b   Thumb Code     0  startup_stm32l1xx_md.o(.text)
    TIM2_IRQHandler                          0x0800238b   Thumb Code     0  startup_stm32l1xx_md.o(.text)
    TIM3_IRQHandler                          0x0800238b   Thumb Code     0  startup_stm32l1xx_md.o(.text)
    TIM4_IRQHandler                          0x0800238b   Thumb Code     0  startup_stm32l1xx_md.o(.text)
    TIM6_IRQHandler                          0x0800238b   Thumb Code     0  startup_stm32l1xx_md.o(.text)
    TIM7_IRQHandler                          0x0800238b   Thumb Code     0  startup_stm32l1xx_md.o(.text)
    TIM9_IRQHandler                          0x0800238b   Thumb Code     0  startup_stm32l1xx_md.o(.text)
    USART2_IRQHandler                        0x0800238b   Thumb Code     0  startup_stm32l1xx_md.o(.text)
    USART3_IRQHandler                        0x0800238b   Thumb Code     0  startup_stm32l1xx_md.o(.text)
    USB_FS_WKUP_IRQHandler                   0x0800238b   Thumb Code     0  startup_stm32l1xx_md.o(.text)
    USB_HP_IRQHandler                        0x0800238b   Thumb Code     0  startup_stm32l1xx_md.o(.text)
    USB_LP_IRQHandler                        0x0800238b   Thumb Code     0  startup_stm32l1xx_md.o(.text)
    WWDG_IRQHandler                          0x0800238b   Thumb Code     0  startup_stm32l1xx_md.o(.text)
    ADC_Configuration                        0x08002395   Thumb Code   160  adc.o(.text)
    ADC_Start                                0x08002435   Thumb Code    72  adc.o(.text)
    ADC_Stop                                 0x0800247d   Thumb Code    18  adc.o(.text)
    ADC_Get_ADCValue                         0x0800248f   Thumb Code    22  adc.o(.text)
    ADC_Get_Vdd                              0x080024a5   Thumb Code    84  adc.o(.text)
    motion_detect_init                       0x0800250d   Thumb Code    46  board.o(.text)
    motion_detect_int_open                   0x0800253b   Thumb Code    38  board.o(.text)
    motion_detect_int_close                  0x08002561   Thumb Code    32  board.o(.text)
    interrupt_init                           0x08002581   Thumb Code    62  board.o(.text)
    peripheral_int_open                      0x080025bf   Thumb Code    82  board.o(.text)
    board_init                               0x08002611   Thumb Code    56  board.o(.text)
    BUTTON_Configuration                     0x0800264d   Thumb Code    92  button.o(.text)
    BUTTON_KeyCode_Read                      0x080026a9   Thumb Code    38  button.o(.text)
    UART_Configuration                       0x080026d5   Thumb Code   170  com_config.o(.text)
    fputc                                    0x0800277f   Thumb Code    58  com_config.o(.text)
    LED_Configuration                        0x080027c1   Thumb Code   242  led.o(.text)
    led_station_init                         0x080028b3   Thumb Code    40  led.o(.text)
    led_station_on                           0x080028db   Thumb Code    14  led.o(.text)
    led_station_off                          0x080028e9   Thumb Code    14  led.o(.text)
    LED_Red_Flash                            0x080028f7   Thumb Code    30  led.o(.text)
    LED_Green_Flash                          0x08002915   Thumb Code    30  led.o(.text)
    EXTI0_IRQHandler                         0x08002941   Thumb Code    22  mcu.o(.text)
    EXTI1_IRQHandler                         0x08002957   Thumb Code    30  mcu.o(.text)
    EXTI3_IRQHandler                         0x08002975   Thumb Code    30  mcu.o(.text)
    EXTI9_5_IRQHandler                       0x08002993   Thumb Code    54  mcu.o(.text)
    set_flash_read_protection                0x08002a99   Thumb Code     2  mcu.o(.text)
    unset_flash_read_protection              0x08002a9b   Thumb Code    34  mcu.o(.text)
    SysTick_Configuration                    0x08002af7   Thumb Code    96  mcu.o(.text)
    chip_core_init                           0x08002b57   Thumb Code    20  mcu.o(.text)
    chip_interface_init                      0x08002b6b   Thumb Code    12  mcu.o(.text)
    chip_lowpower_ready                      0x08002b77   Thumb Code    90  mcu.o(.text)
    chip_lowpower_finish                     0x08002bd1   Thumb Code    64  mcu.o(.text)
    WatchdogReset                            0x08002c11   Thumb Code     8  mcu.o(.text)
    SysTick_Handler                          0x08002c19   Thumb Code    12  mcu.o(.text)
    portResetTickCnt                         0x08002c25   Thumb Code     8  mcu.o(.text)
    portSetTickCnt                           0x08002c2d   Thumb Code     6  mcu.o(.text)
    portGetTickCnt                           0x08002c33   Thumb Code     6  mcu.o(.text)
    GetSysClock                              0x08002c39   Thumb Code     6  mcu.o(.text)
    ElapsedSysClock                          0x08002c3f   Thumb Code    12  mcu.o(.text)
    Delay_ms                                 0x08002c9b   Thumb Code    32  mcu.o(.text)
    Delay_us                                 0x08002cbb   Thumb Code    32  mcu.o(.text)
    MOTOR_Configuration                      0x08002cfd   Thumb Code    52  motor.o(.text)
    MOTOR_Start                              0x08002d31   Thumb Code    14  motor.o(.text)
    MOTOR_Stop                               0x08002d3f   Thumb Code    14  motor.o(.text)
    SPI_Configuration                        0x08002d51   Thumb Code   192  spi_nano.o(.text)
    SPI2_Configuration                       0x08002e11   Thumb Code   198  spi_nano.o(.text)
    close_spi2_as3933                        0x08002ed7   Thumb Code    22  spi_nano.o(.text)
    MMA845x_WriteReg                         0x08002f05   Thumb Code    30  mma8452q.o(.text)
    MMA845x_ReadReg                          0x08002f23   Thumb Code    26  mma8452q.o(.text)
    MMA845x_ChipCheck                        0x08002f6b   Thumb Code    64  mma8452q.o(.text)
    MMA845x_Init                             0x08002fab   Thumb Code   338  mma8452q.o(.text)
    WAIT_NOP                                 0x08003101   Thumb Code    26  hal_io_i2c.o(.text)
    HAL_I2C_Init                             0x0800311b   Thumb Code   100  hal_io_i2c.o(.text)
    HAL_I2C_Start                            0x0800317f   Thumb Code    98  hal_io_i2c.o(.text)
    HAL_I2C_Stop                             0x080031e1   Thumb Code    88  hal_io_i2c.o(.text)
    HAL_I2C_ACK                              0x08003239   Thumb Code   104  hal_io_i2c.o(.text)
    HAL_I2C_SendByte                         0x080032a1   Thumb Code   224  hal_io_i2c.o(.text)
    HAL_I2C_RecvByte                         0x08003381   Thumb Code   120  hal_io_i2c.o(.text)
    HAL_I2C_WriteReg                         0x080033f9   Thumb Code    36  hal_io_i2c.o(.text)
    HAL_I2C_ReadReg                          0x0800341d   Thumb Code    54  hal_io_i2c.o(.text)
    RTC_WKUP_IRQHandler                      0x08003459   Thumb Code    20  sleep.o(.text)
    SleepInit                                0x0800346d   Thumb Code    22  sleep.o(.text)
    Sleep                                    0x08003483   Thumb Code   152  sleep.o(.text)
    system_powersave_sleep                   0x08003585   Thumb Code    12  sleep.o(.text)
    system_powersave_wakeup                  0x08003591   Thumb Code    38  sleep.o(.text)
    system_sleep                             0x080035b7   Thumb Code    12  sleep.o(.text)
    NVIC_PriorityGroupConfig                 0x080035d1   Thumb Code    10  misc.o(.text)
    NVIC_Init                                0x080035db   Thumb Code   108  misc.o(.text)
    NVIC_SetVectorTable                      0x08003647   Thumb Code    14  misc.o(.text)
    NVIC_SystemLPConfig                      0x08003655   Thumb Code    34  misc.o(.text)
    SysTick_CLKSourceConfig                  0x08003677   Thumb Code    40  misc.o(.text)
    ADC_DeInit                               0x080036b5   Thumb Code    28  stm32l1xx_adc.o(.text)
    ADC_Init                                 0x080036d1   Thumb Code    74  stm32l1xx_adc.o(.text)
    ADC_StructInit                           0x0800371b   Thumb Code    26  stm32l1xx_adc.o(.text)
    ADC_CommonInit                           0x08003735   Thumb Code    22  stm32l1xx_adc.o(.text)
    ADC_CommonStructInit                     0x0800374b   Thumb Code     6  stm32l1xx_adc.o(.text)
    ADC_Cmd                                  0x08003751   Thumb Code    22  stm32l1xx_adc.o(.text)
    ADC_BankSelection                        0x08003767   Thumb Code    22  stm32l1xx_adc.o(.text)
    ADC_PowerDownCmd                         0x0800377d   Thumb Code    18  stm32l1xx_adc.o(.text)
    ADC_DelaySelectionConfig                 0x0800378f   Thumb Code    16  stm32l1xx_adc.o(.text)
    ADC_AnalogWatchdogCmd                    0x0800379f   Thumb Code    16  stm32l1xx_adc.o(.text)
    ADC_AnalogWatchdogThresholdsConfig       0x080037af   Thumb Code     6  stm32l1xx_adc.o(.text)
    ADC_AnalogWatchdogSingleChannelConfig    0x080037b5   Thumb Code    16  stm32l1xx_adc.o(.text)
    ADC_TempSensorVrefintCmd                 0x080037c5   Thumb Code    30  stm32l1xx_adc.o(.text)
    ADC_RegularChannelConfig                 0x080037e3   Thumb Code   344  stm32l1xx_adc.o(.text)
    ADC_SoftwareStartConv                    0x0800393b   Thumb Code    10  stm32l1xx_adc.o(.text)
    ADC_GetSoftwareStartConvStatus           0x08003945   Thumb Code    20  stm32l1xx_adc.o(.text)
    ADC_EOCOnEachRegularChannelCmd           0x08003959   Thumb Code    22  stm32l1xx_adc.o(.text)
    ADC_ContinuousModeCmd                    0x0800396f   Thumb Code    22  stm32l1xx_adc.o(.text)
    ADC_DiscModeChannelCountConfig           0x08003985   Thumb Code    24  stm32l1xx_adc.o(.text)
    ADC_DiscModeCmd                          0x0800399d   Thumb Code    22  stm32l1xx_adc.o(.text)
    ADC_GetConversionValue                   0x080039b3   Thumb Code     8  stm32l1xx_adc.o(.text)
    ADC_DMACmd                               0x080039bb   Thumb Code    22  stm32l1xx_adc.o(.text)
    ADC_DMARequestAfterLastTransferCmd       0x080039d1   Thumb Code    22  stm32l1xx_adc.o(.text)
    ADC_InjectedChannelConfig                0x080039e7   Thumb Code   232  stm32l1xx_adc.o(.text)
    ADC_InjectedSequencerLengthConfig        0x08003acf   Thumb Code    24  stm32l1xx_adc.o(.text)
    ADC_SetInjectedOffset                    0x08003ae7   Thumb Code    20  stm32l1xx_adc.o(.text)
    ADC_ExternalTrigInjectedConvConfig       0x08003afb   Thumb Code    16  stm32l1xx_adc.o(.text)
    ADC_ExternalTrigInjectedConvEdgeConfig   0x08003b0b   Thumb Code    16  stm32l1xx_adc.o(.text)
    ADC_SoftwareStartInjectedConv            0x08003b1b   Thumb Code    10  stm32l1xx_adc.o(.text)
    ADC_GetSoftwareStartInjectedConvCmdStatus 0x08003b25   Thumb Code    20  stm32l1xx_adc.o(.text)
    ADC_AutoInjectedConvCmd                  0x08003b39   Thumb Code    22  stm32l1xx_adc.o(.text)
    ADC_InjectedDiscModeCmd                  0x08003b4f   Thumb Code    22  stm32l1xx_adc.o(.text)
    ADC_GetInjectedConversionValue           0x08003b65   Thumb Code    28  stm32l1xx_adc.o(.text)
    ADC_ITConfig                             0x08003b81   Thumb Code    32  stm32l1xx_adc.o(.text)
    ADC_GetFlagStatus                        0x08003ba1   Thumb Code    18  stm32l1xx_adc.o(.text)
    ADC_ClearFlag                            0x08003bb3   Thumb Code     6  stm32l1xx_adc.o(.text)
    ADC_GetITStatus                          0x08003bb9   Thumb Code    38  stm32l1xx_adc.o(.text)
    ADC_ClearITPendingBit                    0x08003bdf   Thumb Code    10  stm32l1xx_adc.o(.text)
    EXTI_DeInit                              0x08003be9   Thumb Code    30  stm32l1xx_exti.o(.text)
    EXTI_Init                                0x08003c07   Thumb Code   142  stm32l1xx_exti.o(.text)
    EXTI_StructInit                          0x08003c95   Thumb Code    16  stm32l1xx_exti.o(.text)
    EXTI_GenerateSWInterrupt                 0x08003ca5   Thumb Code    16  stm32l1xx_exti.o(.text)
    EXTI_GetFlagStatus                       0x08003cb5   Thumb Code    22  stm32l1xx_exti.o(.text)
    EXTI_ClearFlag                           0x08003ccb   Thumb Code     8  stm32l1xx_exti.o(.text)
    EXTI_GetITStatus                         0x08003cd3   Thumb Code    22  stm32l1xx_exti.o(.text)
    EXTI_ClearITPendingBit                   0x08003ce9   Thumb Code     8  stm32l1xx_exti.o(.text)
    FLASH_SetLatency                         0x08003cf5   Thumb Code    18  stm32l1xx_flash.o(.text)
    FLASH_PrefetchBufferCmd                  0x08003d07   Thumb Code    30  stm32l1xx_flash.o(.text)
    FLASH_ReadAccess64Cmd                    0x08003d25   Thumb Code    30  stm32l1xx_flash.o(.text)
    FLASH_SLEEPPowerDownCmd                  0x08003d43   Thumb Code    30  stm32l1xx_flash.o(.text)
    DATA_EEPROM_Unlock                       0x08003d61   Thumb Code    26  stm32l1xx_flash.o(.text)
    FLASH_Unlock                             0x08003d7b   Thumb Code    32  stm32l1xx_flash.o(.text)
    FLASH_Lock                               0x08003d9b   Thumb Code    18  stm32l1xx_flash.o(.text)
    FLASH_GetStatus                          0x08003dad   Thumb Code    54  stm32l1xx_flash.o(.text)
    FLASH_WaitForLastOperation               0x08003de3   Thumb Code    48  stm32l1xx_flash.o(.text)
    FLASH_ErasePage                          0x08003e13   Thumb Code    86  stm32l1xx_flash.o(.text)
    FLASH_FastProgramWord                    0x08003e69   Thumb Code    34  stm32l1xx_flash.o(.text)
    DATA_EEPROM_Lock                         0x08003e8b   Thumb Code    18  stm32l1xx_flash.o(.text)
    DATA_EEPROM_FixedTimeProgramCmd          0x08003e9d   Thumb Code    38  stm32l1xx_flash.o(.text)
    DATA_EEPROM_EraseByte                    0x08003ec3   Thumb Code    26  stm32l1xx_flash.o(.text)
    DATA_EEPROM_EraseHalfWord                0x08003edd   Thumb Code    26  stm32l1xx_flash.o(.text)
    DATA_EEPROM_EraseWord                    0x08003ef7   Thumb Code    26  stm32l1xx_flash.o(.text)
    DATA_EEPROM_FastProgramWord              0x08003f11   Thumb Code    50  stm32l1xx_flash.o(.text)
    DATA_EEPROM_FastProgramByte              0x08003f43   Thumb Code   108  stm32l1xx_flash.o(.text)
    DATA_EEPROM_FastProgramHalfWord          0x08003faf   Thumb Code   136  stm32l1xx_flash.o(.text)
    DATA_EEPROM_ProgramByte                  0x08004037   Thumb Code    92  stm32l1xx_flash.o(.text)
    DATA_EEPROM_ProgramHalfWord              0x08004093   Thumb Code   140  stm32l1xx_flash.o(.text)
    DATA_EEPROM_ProgramWord                  0x0800411f   Thumb Code    34  stm32l1xx_flash.o(.text)
    FLASH_OB_Unlock                          0x08004141   Thumb Code    30  stm32l1xx_flash.o(.text)
    FLASH_OB_Lock                            0x0800415f   Thumb Code    14  stm32l1xx_flash.o(.text)
    FLASH_OB_Launch                          0x0800416d   Thumb Code    14  stm32l1xx_flash.o(.text)
    FLASH_OB_WRPConfig                       0x0800417b   Thumb Code   142  stm32l1xx_flash.o(.text)
    FLASH_OB_WRP1Config                      0x08004209   Thumb Code   142  stm32l1xx_flash.o(.text)
    FLASH_OB_WRP2Config                      0x08004297   Thumb Code   142  stm32l1xx_flash.o(.text)
    FLASH_OB_RDPConfig                       0x08004325   Thumb Code    48  stm32l1xx_flash.o(.text)
    FLASH_OB_PCROPConfig                     0x08004355   Thumb Code   142  stm32l1xx_flash.o(.text)
    FLASH_OB_PCROP1Config                    0x080043e3   Thumb Code   142  stm32l1xx_flash.o(.text)
    FLASH_OB_PCROPSelectionConfig            0x08004471   Thumb Code    72  stm32l1xx_flash.o(.text)
    FLASH_OB_UserConfig                      0x080044b9   Thumb Code    94  stm32l1xx_flash.o(.text)
    FLASH_OB_BORConfig                       0x08004517   Thumb Code    84  stm32l1xx_flash.o(.text)
    FLASH_OB_BootConfig                      0x0800456b   Thumb Code    62  stm32l1xx_flash.o(.text)
    FLASH_OB_GetUser                         0x080045a9   Thumb Code    10  stm32l1xx_flash.o(.text)
    FLASH_OB_GetWRP                          0x080045b3   Thumb Code     8  stm32l1xx_flash.o(.text)
    FLASH_OB_GetWRP1                         0x080045bb   Thumb Code     8  stm32l1xx_flash.o(.text)
    FLASH_OB_GetWRP2                         0x080045c3   Thumb Code     8  stm32l1xx_flash.o(.text)
    FLASH_OB_GetRDP                          0x080045cb   Thumb Code    20  stm32l1xx_flash.o(.text)
    FLASH_OB_GetSPRMOD                       0x080045df   Thumb Code    22  stm32l1xx_flash.o(.text)
    FLASH_OB_GetBOR                          0x080045f5   Thumb Code    10  stm32l1xx_flash.o(.text)
    FLASH_ITConfig                           0x080045ff   Thumb Code    34  stm32l1xx_flash.o(.text)
    FLASH_GetFlagStatus                      0x08004621   Thumb Code    22  stm32l1xx_flash.o(.text)
    FLASH_ClearFlag                          0x08004637   Thumb Code     8  stm32l1xx_flash.o(.text)
    GPIO_DeInit                              0x08004649   Thumb Code   196  stm32l1xx_gpio.o(.text)
    GPIO_Init                                0x0800470d   Thumb Code   144  stm32l1xx_gpio.o(.text)
    GPIO_StructInit                          0x0800479d   Thumb Code    18  stm32l1xx_gpio.o(.text)
    GPIO_PinLockConfig                       0x080047af   Thumb Code    34  stm32l1xx_gpio.o(.text)
    GPIO_ReadInputDataBit                    0x080047d1   Thumb Code    18  stm32l1xx_gpio.o(.text)
    GPIO_ReadInputData                       0x080047e3   Thumb Code     6  stm32l1xx_gpio.o(.text)
    GPIO_ReadOutputDataBit                   0x080047e9   Thumb Code    18  stm32l1xx_gpio.o(.text)
    GPIO_ReadOutputData                      0x080047fb   Thumb Code     6  stm32l1xx_gpio.o(.text)
    GPIO_SetBits                             0x08004801   Thumb Code     4  stm32l1xx_gpio.o(.text)
    GPIO_ResetBits                           0x08004805   Thumb Code     4  stm32l1xx_gpio.o(.text)
    GPIO_WriteBit                            0x08004809   Thumb Code    10  stm32l1xx_gpio.o(.text)
    GPIO_Write                               0x08004813   Thumb Code     4  stm32l1xx_gpio.o(.text)
    GPIO_ToggleBits                          0x08004817   Thumb Code     8  stm32l1xx_gpio.o(.text)
    GPIO_PinAFConfig                         0x0800481f   Thumb Code    70  stm32l1xx_gpio.o(.text)
    IWDG_WriteAccessCmd                      0x08004885   Thumb Code     6  stm32l1xx_iwdg.o(.text)
    IWDG_SetPrescaler                        0x0800488b   Thumb Code     6  stm32l1xx_iwdg.o(.text)
    IWDG_SetReload                           0x08004891   Thumb Code     6  stm32l1xx_iwdg.o(.text)
    IWDG_ReloadCounter                       0x08004897   Thumb Code    10  stm32l1xx_iwdg.o(.text)
    IWDG_Enable                              0x080048a1   Thumb Code    10  stm32l1xx_iwdg.o(.text)
    IWDG_GetFlagStatus                       0x080048ab   Thumb Code    20  stm32l1xx_iwdg.o(.text)
    LCD_DeInit                               0x080048c5   Thumb Code    22  stm32l1xx_lcd.o(.text)
    LCD_WaitForSynchro                       0x080048db   Thumb Code    14  stm32l1xx_lcd.o(.text)
    LCD_Init                                 0x080048e9   Thumb Code    86  stm32l1xx_lcd.o(.text)
    LCD_StructInit                           0x0800493f   Thumb Code    14  stm32l1xx_lcd.o(.text)
    LCD_Cmd                                  0x0800494d   Thumb Code     6  stm32l1xx_lcd.o(.text)
    LCD_HighDriveCmd                         0x08004953   Thumb Code     6  stm32l1xx_lcd.o(.text)
    LCD_MuxSegmentCmd                        0x08004959   Thumb Code     6  stm32l1xx_lcd.o(.text)
    LCD_PulseOnDurationConfig                0x0800495f   Thumb Code    26  stm32l1xx_lcd.o(.text)
    LCD_DeadTimeConfig                       0x08004979   Thumb Code    26  stm32l1xx_lcd.o(.text)
    LCD_BlinkConfig                          0x08004993   Thumb Code    34  stm32l1xx_lcd.o(.text)
    LCD_ContrastConfig                       0x080049b5   Thumb Code    26  stm32l1xx_lcd.o(.text)
    LCD_Write                                0x080049cf   Thumb Code    10  stm32l1xx_lcd.o(.text)
    LCD_UpdateDisplayRequest                 0x080049d9   Thumb Code     8  stm32l1xx_lcd.o(.text)
    LCD_ITConfig                             0x080049e1   Thumb Code    34  stm32l1xx_lcd.o(.text)
    LCD_GetFlagStatus                        0x08004a03   Thumb Code    20  stm32l1xx_lcd.o(.text)
    LCD_ClearFlag                            0x08004a17   Thumb Code     8  stm32l1xx_lcd.o(.text)
    LCD_GetITStatus                          0x08004a1f   Thumb Code    38  stm32l1xx_lcd.o(.text)
    LCD_ClearITPendingBit                    0x08004a45   Thumb Code     8  stm32l1xx_lcd.o(.text)
    PWR_DeInit                               0x08004a5d   Thumb Code    22  stm32l1xx_pwr.o(.text)
    PWR_RTCAccessCmd                         0x08004a73   Thumb Code     6  stm32l1xx_pwr.o(.text)
    PWR_PVDLevelConfig                       0x08004a79   Thumb Code    18  stm32l1xx_pwr.o(.text)
    PWR_PVDCmd                               0x08004a8b   Thumb Code     6  stm32l1xx_pwr.o(.text)
    PWR_WakeUpPinCmd                         0x08004a91   Thumb Code    20  stm32l1xx_pwr.o(.text)
    PWR_FastWakeUpCmd                        0x08004aa5   Thumb Code     6  stm32l1xx_pwr.o(.text)
    PWR_UltraLowPowerCmd                     0x08004aab   Thumb Code     6  stm32l1xx_pwr.o(.text)
    PWR_VoltageScalingConfig                 0x08004ab1   Thumb Code    24  stm32l1xx_pwr.o(.text)
    PWR_EnterLowPowerRunMode                 0x08004ac9   Thumb Code    50  stm32l1xx_pwr.o(.text)
    PWR_EnterSleepMode                       0x08004afb   Thumb Code    42  stm32l1xx_pwr.o(.text)
    PWR_EnterSTOPMode                        0x08004b25   Thumb Code    54  stm32l1xx_pwr.o(.text)
    PWR_EnterSTANDBYMode                     0x08004b5b   Thumb Code    42  stm32l1xx_pwr.o(.text)
    PWR_GetFlagStatus                        0x08004b85   Thumb Code    20  stm32l1xx_pwr.o(.text)
    PWR_ClearFlag                            0x08004b99   Thumb Code    14  stm32l1xx_pwr.o(.text)
    RCC_DeInit                               0x08004bb5   Thumb Code    74  stm32l1xx_rcc.o(.text)
    RCC_HSEConfig                            0x08004bff   Thumb Code    14  stm32l1xx_rcc.o(.text)
    RCC_GetFlagStatus                        0x08004c0d   Thumb Code    48  stm32l1xx_rcc.o(.text)
    RCC_WaitForHSEStartUp                    0x08004c3d   Thumb Code    56  stm32l1xx_rcc.o(.text)
    RCC_AdjustMSICalibrationValue            0x08004c75   Thumb Code     8  stm32l1xx_rcc.o(.text)
    RCC_MSIRangeConfig                       0x08004c7d   Thumb Code    20  stm32l1xx_rcc.o(.text)
    RCC_MSICmd                               0x08004c91   Thumb Code     6  stm32l1xx_rcc.o(.text)
    RCC_AdjustHSICalibrationValue            0x08004c97   Thumb Code    22  stm32l1xx_rcc.o(.text)
    RCC_HSICmd                               0x08004cad   Thumb Code     6  stm32l1xx_rcc.o(.text)
    RCC_LSEConfig                            0x08004cb3   Thumb Code    14  stm32l1xx_rcc.o(.text)
    RCC_LSICmd                               0x08004cc1   Thumb Code     6  stm32l1xx_rcc.o(.text)
    RCC_PLLConfig                            0x08004cc7   Thumb Code    16  stm32l1xx_rcc.o(.text)
    RCC_PLLCmd                               0x08004cd7   Thumb Code     6  stm32l1xx_rcc.o(.text)
    RCC_ClockSecuritySystemCmd               0x08004cdd   Thumb Code     6  stm32l1xx_rcc.o(.text)
    RCC_LSEClockSecuritySystemCmd            0x08004ce3   Thumb Code     8  stm32l1xx_rcc.o(.text)
    RCC_MCOConfig                            0x08004ceb   Thumb Code    12  stm32l1xx_rcc.o(.text)
    RCC_SYSCLKConfig                         0x08004cf7   Thumb Code    20  stm32l1xx_rcc.o(.text)
    RCC_GetSYSCLKSource                      0x08004d0b   Thumb Code    12  stm32l1xx_rcc.o(.text)
    RCC_HCLKConfig                           0x08004d17   Thumb Code    20  stm32l1xx_rcc.o(.text)
    RCC_PCLK1Config                          0x08004d2b   Thumb Code    20  stm32l1xx_rcc.o(.text)
    RCC_PCLK2Config                          0x08004d3f   Thumb Code    22  stm32l1xx_rcc.o(.text)
    RCC_GetClocksFreq                        0x08004d55   Thumb Code   248  stm32l1xx_rcc.o(.text)
    RCC_RTCCLKConfig                         0x08004e4d   Thumb Code    64  stm32l1xx_rcc.o(.text)
    RCC_RTCCLKCmd                            0x08004e8d   Thumb Code     8  stm32l1xx_rcc.o(.text)
    RCC_RTCResetCmd                          0x08004e95   Thumb Code     8  stm32l1xx_rcc.o(.text)
    RCC_AHBPeriphClockCmd                    0x08004e9d   Thumb Code    34  stm32l1xx_rcc.o(.text)
    RCC_APB2PeriphClockCmd                   0x08004ebf   Thumb Code    34  stm32l1xx_rcc.o(.text)
    RCC_APB1PeriphClockCmd                   0x08004ee1   Thumb Code    34  stm32l1xx_rcc.o(.text)
    RCC_AHBPeriphResetCmd                    0x08004f03   Thumb Code    34  stm32l1xx_rcc.o(.text)
    RCC_APB2PeriphResetCmd                   0x08004f25   Thumb Code    34  stm32l1xx_rcc.o(.text)
    RCC_APB1PeriphResetCmd                   0x08004f47   Thumb Code    34  stm32l1xx_rcc.o(.text)
    RCC_AHBPeriphClockLPModeCmd              0x08004f69   Thumb Code    34  stm32l1xx_rcc.o(.text)
    RCC_APB2PeriphClockLPModeCmd             0x08004f8b   Thumb Code    66  stm32l1xx_rcc.o(.text)
    RCC_APB1PeriphClockLPModeCmd             0x08004fcd   Thumb Code    34  stm32l1xx_rcc.o(.text)
    RCC_ITConfig                             0x08004fef   Thumb Code    34  stm32l1xx_rcc.o(.text)
    RCC_ClearFlag                            0x08005011   Thumb Code    18  stm32l1xx_rcc.o(.text)
    RCC_GetITStatus                          0x08005023   Thumb Code    22  stm32l1xx_rcc.o(.text)
    RCC_ClearITPendingBit                    0x08005039   Thumb Code     8  stm32l1xx_rcc.o(.text)
    RTC_WaitForSynchro                       0x08005045   Thumb Code    92  stm32l1xx_rtc.o(.text)
    RTC_EnterInitMode                        0x080050a1   Thumb Code    84  stm32l1xx_rtc.o(.text)
    RTC_DeInit                               0x080050f5   Thumb Code   204  stm32l1xx_rtc.o(.text)
    RTC_ExitInitMode                         0x080051c1   Thumb Code    18  stm32l1xx_rtc.o(.text)
    RTC_Init                                 0x080051d3   Thumb Code    94  stm32l1xx_rtc.o(.text)
    RTC_StructInit                           0x08005231   Thumb Code    14  stm32l1xx_rtc.o(.text)
    RTC_WriteProtectionCmd                   0x0800523f   Thumb Code    22  stm32l1xx_rtc.o(.text)
    RTC_RefClockCmd                          0x08005255   Thumb Code    76  stm32l1xx_rtc.o(.text)
    RTC_BypassShadowCmd                      0x080052a1   Thumb Code    54  stm32l1xx_rtc.o(.text)
    RTC_SetTime                              0x08005309   Thumb Code   200  stm32l1xx_rtc.o(.text)
    RTC_TimeStructInit                       0x080053d1   Thumb Code    12  stm32l1xx_rtc.o(.text)
    RTC_GetTime                              0x080053dd   Thumb Code    74  stm32l1xx_rtc.o(.text)
    RTC_GetSubSecond                         0x08005427   Thumb Code    30  stm32l1xx_rtc.o(.text)
    RTC_SetDate                              0x08005445   Thumb Code   190  stm32l1xx_rtc.o(.text)
    RTC_DateStructInit                       0x08005503   Thumb Code    14  stm32l1xx_rtc.o(.text)
    RTC_GetDate                              0x08005511   Thumb Code    70  stm32l1xx_rtc.o(.text)
    RTC_SetAlarm                             0x08005557   Thumb Code   230  stm32l1xx_rtc.o(.text)
    RTC_AlarmStructInit                      0x0800563d   Thumb Code    22  stm32l1xx_rtc.o(.text)
    RTC_GetAlarm                             0x08005653   Thumb Code   114  stm32l1xx_rtc.o(.text)
    RTC_AlarmCmd                             0x080056c5   Thumb Code   112  stm32l1xx_rtc.o(.text)
    RTC_AlarmSubSecondConfig                 0x08005735   Thumb Code    46  stm32l1xx_rtc.o(.text)
    RTC_GetAlarmSubSecond                    0x08005763   Thumb Code    34  stm32l1xx_rtc.o(.text)
    RTC_WakeUpClockConfig                    0x08005785   Thumb Code    42  stm32l1xx_rtc.o(.text)
    RTC_SetWakeUpCounter                     0x080057af   Thumb Code    22  stm32l1xx_rtc.o(.text)
    RTC_GetWakeUpCounter                     0x080057c5   Thumb Code    10  stm32l1xx_rtc.o(.text)
    RTC_WakeUpCmd                            0x080057cf   Thumb Code   116  stm32l1xx_rtc.o(.text)
    RTC_DayLightSavingConfig                 0x08005843   Thumb Code    50  stm32l1xx_rtc.o(.text)
    RTC_GetStoreOperation                    0x08005875   Thumb Code    12  stm32l1xx_rtc.o(.text)
    RTC_OutputConfig                         0x08005881   Thumb Code    60  stm32l1xx_rtc.o(.text)
    RTC_CoarseCalibConfig                    0x080058bd   Thumb Code    52  stm32l1xx_rtc.o(.text)
    RTC_CoarseCalibCmd                       0x080058f1   Thumb Code    76  stm32l1xx_rtc.o(.text)
    RTC_CalibOutputCmd                       0x0800593d   Thumb Code    54  stm32l1xx_rtc.o(.text)
    RTC_CalibOutputConfig                    0x08005973   Thumb Code    42  stm32l1xx_rtc.o(.text)
    RTC_SmoothCalibConfig                    0x0800599d   Thumb Code    90  stm32l1xx_rtc.o(.text)
    RTC_TimeStampCmd                         0x080059f7   Thumb Code    54  stm32l1xx_rtc.o(.text)
    RTC_GetTimeStamp                         0x08005a2d   Thumb Code   144  stm32l1xx_rtc.o(.text)
    RTC_GetTimeStampSubSecond                0x08005abd   Thumb Code     8  stm32l1xx_rtc.o(.text)
    RTC_TamperTriggerConfig                  0x08005ac5   Thumb Code    38  stm32l1xx_rtc.o(.text)
    RTC_TamperCmd                            0x08005aeb   Thumb Code    34  stm32l1xx_rtc.o(.text)
    RTC_TamperFilterConfig                   0x08005b0d   Thumb Code    26  stm32l1xx_rtc.o(.text)
    RTC_TamperSamplingFreqConfig             0x08005b27   Thumb Code    26  stm32l1xx_rtc.o(.text)
    RTC_TamperPinsPrechargeDuration          0x08005b41   Thumb Code    26  stm32l1xx_rtc.o(.text)
    RTC_TimeStampOnTamperDetectionCmd        0x08005b5b   Thumb Code    38  stm32l1xx_rtc.o(.text)
    RTC_TamperPullUpCmd                      0x08005b81   Thumb Code    38  stm32l1xx_rtc.o(.text)
    RTC_WriteBackupRegister                  0x08005ba7   Thumb Code    26  stm32l1xx_rtc.o(.text)
    RTC_ReadBackupRegister                   0x08005bc1   Thumb Code    28  stm32l1xx_rtc.o(.text)
    RTC_OutputTypeConfig                     0x08005bdd   Thumb Code    26  stm32l1xx_rtc.o(.text)
    RTC_SynchroShiftConfig                   0x08005bf7   Thumb Code   118  stm32l1xx_rtc.o(.text)
    RTC_ITConfig                             0x08005c6d   Thumb Code   108  stm32l1xx_rtc.o(.text)
    RTC_GetFlagStatus                        0x08005cd9   Thumb Code    32  stm32l1xx_rtc.o(.text)
    RTC_ClearFlag                            0x08005cf9   Thumb Code    30  stm32l1xx_rtc.o(.text)
    RTC_GetITStatus                          0x08005d17   Thumb Code    68  stm32l1xx_rtc.o(.text)
    RTC_ClearITPendingBit                    0x08005d5b   Thumb Code    32  stm32l1xx_rtc.o(.text)
    SPI_I2S_DeInit                           0x08005d85   Thumb Code    76  stm32l1xx_spi.o(.text)
    SPI_Init                                 0x08005dd1   Thumb Code    60  stm32l1xx_spi.o(.text)
    I2S_Init                                 0x08005e0d   Thumb Code   212  stm32l1xx_spi.o(.text)
    SPI_StructInit                           0x08005ee1   Thumb Code    24  stm32l1xx_spi.o(.text)
    I2S_StructInit                           0x08005ef9   Thumb Code    20  stm32l1xx_spi.o(.text)
    SPI_Cmd                                  0x08005f0d   Thumb Code    24  stm32l1xx_spi.o(.text)
    I2S_Cmd                                  0x08005f25   Thumb Code    24  stm32l1xx_spi.o(.text)
    SPI_DataSizeConfig                       0x08005f3d   Thumb Code    18  stm32l1xx_spi.o(.text)
    SPI_BiDirectionalLineConfig              0x08005f4f   Thumb Code    28  stm32l1xx_spi.o(.text)
    SPI_NSSInternalSoftwareConfig            0x08005f6b   Thumb Code    30  stm32l1xx_spi.o(.text)
    SPI_SSOutputCmd                          0x08005f89   Thumb Code    24  stm32l1xx_spi.o(.text)
    SPI_I2S_ReceiveData                      0x08005fa1   Thumb Code     6  stm32l1xx_spi.o(.text)
    SPI_I2S_SendData                         0x08005fa7   Thumb Code     4  stm32l1xx_spi.o(.text)
    SPI_CalculateCRC                         0x08005fab   Thumb Code    24  stm32l1xx_spi.o(.text)
    SPI_TransmitCRC                          0x08005fc3   Thumb Code    10  stm32l1xx_spi.o(.text)
    SPI_GetCRC                               0x08005fcd   Thumb Code    16  stm32l1xx_spi.o(.text)
    SPI_GetCRCPolynomial                     0x08005fdd   Thumb Code     6  stm32l1xx_spi.o(.text)
    SPI_I2S_DMACmd                           0x08005fe3   Thumb Code    18  stm32l1xx_spi.o(.text)
    SPI_I2S_ITConfig                         0x08005ff5   Thumb Code    32  stm32l1xx_spi.o(.text)
    SPI_I2S_GetFlagStatus                    0x08006015   Thumb Code    18  stm32l1xx_spi.o(.text)
    SPI_I2S_ClearFlag                        0x08006027   Thumb Code     6  stm32l1xx_spi.o(.text)
    SPI_I2S_GetITStatus                      0x0800602d   Thumb Code    52  stm32l1xx_spi.o(.text)
    SPI_I2S_ClearITPendingBit                0x08006061   Thumb Code    20  stm32l1xx_spi.o(.text)
    SYSCFG_DeInit                            0x08006081   Thumb Code    20  stm32l1xx_syscfg.o(.text)
    SYSCFG_RIDeInit                          0x08006095   Thumb Code    32  stm32l1xx_syscfg.o(.text)
    SYSCFG_MemoryRemapConfig                 0x080060b5   Thumb Code     6  stm32l1xx_syscfg.o(.text)
    SYSCFG_GetBootMode                       0x080060bb   Thumb Code    10  stm32l1xx_syscfg.o(.text)
    SYSCFG_USBPuCmd                          0x080060c5   Thumb Code    30  stm32l1xx_syscfg.o(.text)
    SYSCFG_EXTILineConfig                    0x080060e3   Thumb Code    66  stm32l1xx_syscfg.o(.text)
    SYSCFG_RITIMSelect                       0x08006125   Thumb Code    18  stm32l1xx_syscfg.o(.text)
    SYSCFG_RITIMInputCaptureConfig           0x08006137   Thumb Code    86  stm32l1xx_syscfg.o(.text)
    SYSCFG_RIResistorConfig                  0x0800618d   Thumb Code    34  stm32l1xx_syscfg.o(.text)
    SYSCFG_RIChannelSpeedConfig              0x080061af   Thumb Code    34  stm32l1xx_syscfg.o(.text)
    SYSCFG_RIIOSwitchConfig                  0x080061d1   Thumb Code    80  stm32l1xx_syscfg.o(.text)
    SYSCFG_RISwitchControlModeCmd            0x08006221   Thumb Code    38  stm32l1xx_syscfg.o(.text)
    SYSCFG_RIHysteresisConfig                0x08006247   Thumb Code   282  stm32l1xx_syscfg.o(.text)
    USART_DeInit                             0x08006369   Thumb Code   134  stm32l1xx_usart.o(.text)
    USART_Init                               0x080063ef   Thumb Code   198  stm32l1xx_usart.o(.text)
    USART_StructInit                         0x080064b5   Thumb Code    24  stm32l1xx_usart.o(.text)
    USART_ClockInit                          0x080064cd   Thumb Code    32  stm32l1xx_usart.o(.text)
    USART_ClockStructInit                    0x080064ed   Thumb Code    12  stm32l1xx_usart.o(.text)
    USART_Cmd                                0x080064f9   Thumb Code    24  stm32l1xx_usart.o(.text)
    USART_SetPrescaler                       0x08006511   Thumb Code    16  stm32l1xx_usart.o(.text)
    USART_OverSampling8Cmd                   0x08006521   Thumb Code    22  stm32l1xx_usart.o(.text)
    USART_OneBitMethodCmd                    0x08006537   Thumb Code    24  stm32l1xx_usart.o(.text)
    USART_SendData                           0x0800654f   Thumb Code     8  stm32l1xx_usart.o(.text)
    USART_ReceiveData                        0x08006557   Thumb Code    10  stm32l1xx_usart.o(.text)
    USART_SetAddress                         0x08006561   Thumb Code    18  stm32l1xx_usart.o(.text)
    USART_ReceiverWakeUpCmd                  0x08006573   Thumb Code    24  stm32l1xx_usart.o(.text)
    USART_WakeUpConfig                       0x0800658b   Thumb Code    18  stm32l1xx_usart.o(.text)
    USART_LINBreakDetectLengthConfig         0x0800659d   Thumb Code    18  stm32l1xx_usart.o(.text)
    USART_LINCmd                             0x080065af   Thumb Code    24  stm32l1xx_usart.o(.text)
    USART_SendBreak                          0x080065c7   Thumb Code    10  stm32l1xx_usart.o(.text)
    USART_HalfDuplexCmd                      0x080065d1   Thumb Code    24  stm32l1xx_usart.o(.text)
    USART_SetGuardTime                       0x080065e9   Thumb Code    16  stm32l1xx_usart.o(.text)
    USART_SmartCardCmd                       0x080065f9   Thumb Code    24  stm32l1xx_usart.o(.text)
    USART_SmartCardNACKCmd                   0x08006611   Thumb Code    24  stm32l1xx_usart.o(.text)
    USART_IrDAConfig                         0x08006629   Thumb Code    18  stm32l1xx_usart.o(.text)
    USART_IrDACmd                            0x0800663b   Thumb Code    24  stm32l1xx_usart.o(.text)
    USART_DMACmd                             0x08006653   Thumb Code    18  stm32l1xx_usart.o(.text)
    USART_ITConfig                           0x08006665   Thumb Code    74  stm32l1xx_usart.o(.text)
    USART_GetFlagStatus                      0x080066af   Thumb Code    26  stm32l1xx_usart.o(.text)
    USART_ClearFlag                          0x080066c9   Thumb Code    18  stm32l1xx_usart.o(.text)
    USART_GetITStatus                        0x080066db   Thumb Code    84  stm32l1xx_usart.o(.text)
    USART_ClearITPendingBit                  0x0800672f   Thumb Code    50  stm32l1xx_usart.o(.text)
    msg_analyser_register                    0x08006761   Thumb Code    34  stm32l1xx_usart.o(.text)
    USART1_IRQHandler                        0x08006783   Thumb Code   432  stm32l1xx_usart.o(.text)
    SystemInit                               0x08006a35   Thumb Code    88  system_stm32l1xx.o(.text)
    SystemCoreClockUpdate                    0x08006a8d   Thumb Code   204  system_stm32l1xx.o(.text)
    dwt_writetodevice                        0x08006b85   Thumb Code   138  deca_device.o(.text)
    dwt_write16bitoffsetreg                  0x08006c0f   Thumb Code    38  deca_device.o(.text)
    dwt_write32bitoffsetreg                  0x08006c35   Thumb Code    48  deca_device.o(.text)
    dwt_readfromdevice                       0x08006c65   Thumb Code   134  deca_device.o(.text)
    dwt_read32bitoffsetreg                   0x08006ceb   Thumb Code    56  deca_device.o(.text)
    _dwt_enableclocks                        0x08006d23   Thumb Code   314  deca_device.o(.text)
    _dwt_loaducodefromrom                    0x08006e5d   Thumb Code    82  deca_device.o(.text)
    _dwt_nvmread                             0x08006eaf   Thumb Code    84  deca_device.o(.text)
    dwt_readdevid                            0x08006f03   Thumb Code    12  deca_device.o(.text)
    dwt_initialise                           0x08006f0f   Thumb Code   306  deca_device.o(.text)
    dwt_getpartid                            0x08007041   Thumb Code     6  deca_device.o(.text)
    dwt_getlotid                             0x08007047   Thumb Code     6  deca_device.o(.text)
    dwt_configuretxrf                        0x0800704d   Thumb Code    28  deca_device.o(.text)
    dwt_getotptxpower                        0x08007069   Thumb Code    22  deca_device.o(.text)
    dwt_settxantennadelay                    0x0800707f   Thumb Code    20  deca_device.o(.text)
    dwt_setrxantennadelay                    0x08007093   Thumb Code    22  deca_device.o(.text)
    dwt_xtaltrim                             0x080070a9   Thumb Code    48  deca_device.o(.text)
    _dwt_configlde                           0x080070d9   Thumb Code    56  deca_device.o(.text)
    dwt_configure                            0x08007111   Thumb Code   630  deca_device.o(.text)
    dwt_readantennadelay                     0x08007387   Thumb Code    16  deca_device.o(.text)
    dwt_writetxdata                          0x08007397   Thumb Code    38  deca_device.o(.text)
    dwt_writetxfctrl                         0x080073bd   Thumb Code    30  deca_device.o(.text)
    dwt_readrxdata                           0x080073db   Thumb Code    22  deca_device.o(.text)
    dwt_readaccdata                          0x080073f1   Thumb Code    34  deca_device.o(.text)
    dwt_read16bitoffsetreg                   0x08007413   Thumb Code    44  deca_device.o(.text)
    dwt_readdignostics                       0x0800743f   Thumb Code    96  deca_device.o(.text)
    dwt_readtxtimestamp                      0x0800749f   Thumb Code    18  deca_device.o(.text)
    dwt_readtxtimestamphi32                  0x080074b1   Thumb Code    12  deca_device.o(.text)
    dwt_readrxtimestamp                      0x080074bd   Thumb Code    18  deca_device.o(.text)
    dwt_readrxtimestamphi32                  0x080074cf   Thumb Code    12  deca_device.o(.text)
    dwt_readsystimestamphi32                 0x080074db   Thumb Code    12  deca_device.o(.text)
    dwt_readsystime                          0x080074e7   Thumb Code    18  deca_device.o(.text)
    dwt_enableframefilter                    0x080074f9   Thumb Code    50  deca_device.o(.text)
    dwt_setpanid                             0x0800752b   Thumb Code    16  deca_device.o(.text)
    dwt_setaddress16                         0x0800753b   Thumb Code    16  deca_device.o(.text)
    dwt_seteui                               0x0800754b   Thumb Code    18  deca_device.o(.text)
    dwt_setlnapamode                         0x0800755d   Thumb Code    44  deca_device.o(.text)
    dwt_geteui                               0x08007589   Thumb Code    18  deca_device.o(.text)
    _dwt_nvmsetmrregs                        0x0800759b   Thumb Code   612  deca_device.o(.text)
    _dwt_nvmprogword32                       0x080077ff   Thumb Code   176  deca_device.o(.text)
    dwt_otpwriteandverify                    0x080078af   Thumb Code    94  deca_device.o(.text)
    _dwt_aonconfigupload                     0x0800790d   Thumb Code    36  deca_device.o(.text)
    _dwt_aonarrayupload                      0x08007931   Thumb Code    36  deca_device.o(.text)
    dwt_entersleep                           0x08007955   Thumb Code     8  deca_device.o(.text)
    dwt_configuresleepcnt                    0x0800795d   Thumb Code   132  deca_device.o(.text)
    dwt_calibratesleepcnt                    0x080079e1   Thumb Code   260  deca_device.o(.text)
    dwt_configuresleep                       0x08007ae5   Thumb Code    32  deca_device.o(.text)
    dwt_entersleepaftertx                    0x08007b05   Thumb Code    38  deca_device.o(.text)
    dwt_spicswakeup                          0x08007b2b   Thumb Code    58  deca_device.o(.text)
    dwt_loadopsettabfromotp                  0x08007b65   Thumb Code    76  deca_device.o(.text)
    dwt_setsmarttxpower                      0x08007bb1   Thumb Code    56  deca_device.o(.text)
    dwt_enableautoack                        0x08007be9   Thumb Code    52  deca_device.o(.text)
    dwt_setdblrxbuffmode                     0x08007c1d   Thumb Code    58  deca_device.o(.text)
    dwt_setautorxreenable                    0x08007c57   Thumb Code    46  deca_device.o(.text)
    dwt_setrxaftertxdelay                    0x08007c85   Thumb Code    36  deca_device.o(.text)
    dwt_setcallbacks                         0x08007ca9   Thumb Code     8  deca_device.o(.text)
    dwt_sethsrb                              0x08007cb1   Thumb Code    20  deca_device.o(.text)
    dwt_isr                                  0x08007cc5   Thumb Code   376  deca_device.o(.text)
    dwt_setleds                              0x08007e3d   Thumb Code   196  deca_device.o(.text)
    _dwt_checkclkplllock                     0x08007f01   Thumb Code    64  deca_device.o(.text)
    _dwt_disablesequencing                   0x08007f41   Thumb Code    20  deca_device.o(.text)
    dwt_setdelayedtrxtime                    0x08007f55   Thumb Code    16  deca_device.o(.text)
    dwt_starttx                              0x08007f65   Thumb Code   122  deca_device.o(.text)
    dwt_syncrxbufptrs                        0x08007fdf   Thumb Code    70  deca_device.o(.text)
    dwt_forcetrxoff                          0x08008025   Thumb Code    50  deca_device.o(.text)
    dwt_setrxmode                            0x08008057   Thumb Code    46  deca_device.o(.text)
    dwt_rxenable                             0x08008085   Thumb Code    82  deca_device.o(.text)
    dwt_setrxtimeout                         0x080080d7   Thumb Code   102  deca_device.o(.text)
    dwt_setpreambledetecttimeout             0x0800813d   Thumb Code    16  deca_device.o(.text)
    dwt_setinterrupt                         0x0800814d   Thumb Code    36  deca_device.o(.text)
    dwt_configeventcounters                  0x08008171   Thumb Code    44  deca_device.o(.text)
    dwt_readeventcounters                    0x0800819d   Thumb Code   138  deca_device.o(.text)
    dwt_softreset                            0x08008227   Thumb Code   100  deca_device.o(.text)
    dwt_configcwmode                         0x0800828b   Thumb Code   144  deca_device.o(.text)
    dwt_configcontinuousframemode            0x0800831b   Thumb Code    78  deca_device.o(.text)
    dwt_readtempvbat                         0x08008369   Thumb Code   152  deca_device.o(.text)
    dwt_readwakeuptemp                       0x08008401   Thumb Code    56  deca_device.o(.text)
    dwt_readwakeupvbat                       0x08008439   Thumb Code    20  deca_device.o(.text)
    vPutC                                    0x0800844d   Thumb Code    30  printf_util.o(.text)
    vInitPrintf                              0x0800846b   Thumb Code     6  printf_util.o(.text)
    PrintfUtil_u8Init                        0x08008471   Thumb Code    12  printf_util.o(.text)
    vNum2String                              0x0800847d   Thumb Code    94  printf_util.o(.text)
    PrintfUtil_vPrintf                       0x080084db   Thumb Code   304  printf_util.o(.text)
    PrintfUtil_vPrintMem                     0x0800860b   Thumb Code    32  printf_util.o(.text)
    CRC16                                    0x0800863d   Thumb Code    48  crc.o(.text)
    __aeabi_uldivmod                         0x08008675   Thumb Code    98  uldiv.o(.text)
    rand                                     0x080086d9   Thumb Code    20  rand.o(.text)
    srand                                    0x080086ed   Thumb Code     6  rand.o(.text)
    __aeabi_memcpy                           0x080086fd   Thumb Code    36  memcpya.o(.text)
    __aeabi_memcpy4                          0x080086fd   Thumb Code     0  memcpya.o(.text)
    __aeabi_memcpy8                          0x080086fd   Thumb Code     0  memcpya.o(.text)
    __aeabi_memset                           0x08008721   Thumb Code    14  memseta.o(.text)
    __aeabi_memset4                          0x08008721   Thumb Code     0  memseta.o(.text)
    __aeabi_memset8                          0x08008721   Thumb Code     0  memseta.o(.text)
    __aeabi_memclr                           0x0800872f   Thumb Code     4  memseta.o(.text)
    __aeabi_memclr4                          0x0800872f   Thumb Code     0  memseta.o(.text)
    __aeabi_memclr8                          0x0800872f   Thumb Code     0  memseta.o(.text)
    _memset$wrapper                          0x08008733   Thumb Code    18  memseta.o(.text)
    __aeabi_fmul                             0x08008745   Thumb Code   108  fmul.o(.text)
    __aeabi_fdiv                             0x080087b1   Thumb Code   128  fdiv.o(.text)
    __aeabi_dadd                             0x08008831   Thumb Code   322  dadd.o(.text)
    __aeabi_dsub                             0x08008973   Thumb Code     6  dadd.o(.text)
    __aeabi_drsub                            0x08008979   Thumb Code     6  dadd.o(.text)
    __aeabi_dmul                             0x0800897f   Thumb Code   228  dmul.o(.text)
    __aeabi_ddiv                             0x08008a63   Thumb Code   222  ddiv.o(.text)
    __aeabi_ui2f                             0x08008b41   Thumb Code    10  ffltui.o(.text)
    __aeabi_ui2d                             0x08008b4b   Thumb Code    26  dfltui.o(.text)
    __aeabi_ul2d                             0x08008b65   Thumb Code    24  dfltul.o(.text)
    __aeabi_f2uiz                            0x08008b7d   Thumb Code    40  ffixui.o(.text)
    __aeabi_d2iz                             0x08008ba5   Thumb Code    62  dfixi.o(.text)
    __aeabi_d2ulz                            0x08008be3   Thumb Code    48  dfixul.o(.text)
    __aeabi_llsl                             0x08008c13   Thumb Code    30  llshl.o(.text)
    _ll_shift_l                              0x08008c13   Thumb Code     0  llshl.o(.text)
    __aeabi_llsr                             0x08008c31   Thumb Code    32  llushr.o(.text)
    _ll_ushift_r                             0x08008c31   Thumb Code     0  llushr.o(.text)
    __aeabi_lasr                             0x08008c51   Thumb Code    36  llsshr.o(.text)
    _ll_sshift_r                             0x08008c51   Thumb Code     0  llsshr.o(.text)
    __I$use$fp                               0x08008c75   Thumb Code     0  iusefp.o(.text)
    _float_round                             0x08008c75   Thumb Code    18  fepilogue.o(.text)
    _float_epilogue                          0x08008c87   Thumb Code    90  fepilogue.o(.text)
    _double_round                            0x08008ce1   Thumb Code    26  depilogue.o(.text)
    _double_epilogue                         0x08008cfb   Thumb Code   164  depilogue.o(.text)
    __ARM_scalbn                             0x08008d9f   Thumb Code    46  dscalb.o(.text)
    scalbn                                   0x08008d9f   Thumb Code     0  dscalb.o(.text)
    __aeabi_i2d                              0x08008dcd   Thumb Code    34  dflti.o(.text)
    __scatterload                            0x08008df1   Thumb Code    28  init.o(.text)
    __scatterload_rt2                        0x08008df1   Thumb Code     0  init.o(.text)
    __aeabi_cdcmpeq                          0x08008e15   Thumb Code     0  cdcmple.o(.text)
    __aeabi_cdcmple                          0x08008e15   Thumb Code    38  cdcmple.o(.text)
    __0printf$bare                           0x08008e3d   Thumb Code     8  printfb.o(i.__0printf$bare)
    __1printf$bare                           0x08008e3d   Thumb Code     0  printfb.o(i.__0printf$bare)
    __2printf                                0x08008e3d   Thumb Code     0  printfb.o(i.__0printf$bare)
    __kernel_poly                            0x08008e4d   Thumb Code   170  poly.o(i.__kernel_poly)
    __scatterload_copy                       0x08008ef7   Thumb Code    14  handlers.o(i.__scatterload_copy)
    __scatterload_null                       0x08008f05   Thumb Code     2  handlers.o(i.__scatterload_null)
    __scatterload_zeroinit                   0x08008f07   Thumb Code    14  handlers.o(i.__scatterload_zeroinit)
    __set_errno                              0x08008f15   Thumb Code     6  errno.o(i.__set_errno)
    log                                      0x08008f45   Thumb Code   822  log.o(i.log)
    log10                                    0x080092b5   Thumb Code   212  log10.o(i.log10)
    gstSpectrumTxConfig                      0x080093a8   Data          96  instance.o(.constdata)
    gau16RfDelays                            0x08009408   Data           4  instance.o(.constdata)
    chan_idx                                 0x0800949c   Data           8  deca_params_init.o(.constdata)
    tx_config                                0x080094a4   Data          24  deca_params_init.o(.constdata)
    pll2_config                              0x080094bc   Data          30  deca_params_init.o(.constdata)
    pll2calcfg                               0x080094da   Data           1  deca_params_init.o(.constdata)
    rx_config                                0x080094db   Data           2  deca_params_init.o(.constdata)
    agc_config                               0x080094e0   Data           8  deca_params_init.o(.constdata)
    dwnsSFDlen                               0x080094e8   Data           3  deca_params_init.o(.constdata)
    sftsh                                    0x080094ec   Data          12  deca_params_init.o(.constdata)
    dtune1                                   0x080094f8   Data           4  deca_params_init.o(.constdata)
    digital_bb_config                        0x080094fc   Data          32  deca_params_init.o(.constdata)
    lde_replicaCoeff                         0x0800951c   Data          50  deca_params_init.o(.constdata)
    __mathlib_zero                           0x08009788   Data           8  qnan.o(.constdata)
    Region$$Table$$Base                      0x08009790   Number         0  anon$$obj.o(Region$$Table)
    Region$$Table$$Limit                     0x080097b0   Number         0  anon$$obj.o(Region$$Table)
    isMoving                                 0x20000000   Data           1  application.o(.data)
    u16HdlTxFrameCnt                         0x20000012   Data           2  instance.o(.data)
    gu8NblinkPack                            0x20000014   Data           1  instance.o(.data)
    gu8NblinkSend                            0x20000015   Data           1  instance.o(.data)
    gu16InstanceTypeRecv                     0x20000016   Data           2  instance.o(.data)
    gstChConfig                              0x20000018   Data          63  instance.o(.data)
    max_tie                                  0x20000058   Data           8  dotie.o(.data)
    bInvalid                                 0x20000064   Data           1  mma8452q.o(.data)
    SystemCoreClock                          0x20000080   Data           4  system_stm32l1xx.o(.data)
    PLLMulTable                              0x20000084   Data           9  system_stm32l1xx.o(.data)
    AHBPrescTable                            0x2000008d   Data          16  system_stm32l1xx.o(.data)
    reg                                      0x200000a0   Data           4  deca_device.o(.data)
    vPutChar                                 0x200000a4   Data           4  printf_util.o(.data)
    u8Port_G                                 0x200000a8   Data           1  printf_util.o(.data)
    u8BaudRate_G                             0x200000a9   Data           1  printf_util.o(.data)
    __stdout                                 0x200000b0   Data           4  stdout.o(.data)
    gTdoaSendPack                            0x200000b8   Data        1404  application.o(.bss)
    gstTdoaInstData                          0x200007b8   Data         304  instance.o(.bss)
    gstTdoaCardMsg                           0x200008e8   Data          16  instance.o(.bss)
    gstTdoaMsgArray                          0x200008f8   Data        2960  instance.o(.bss)
    standardID                               0x20001488   Data          20  dotie.o(.bss)
    avgTie                                   0x200014a0   Data         160  dotie.o(.bss)
    UartHdl                                  0x20001540   Data         272  stm32l1xx_usart.o(.bss)
    __initial_sp                             0x200036c8   Data           0  startup_stm32l1xx_md.o(STACK)



==============================================================================

Memory Map of the image

  Image Entry point : 0x080000f5

  Load Region LR_IROM1 (Base: 0x08000000, Size: 0x00009868, Max: 0x00020000, ABSOLUTE)

    Execution Region ER_IROM1 (Base: 0x08000000, Size: 0x000097b0, Max: 0x00020000, ABSOLUTE)

    Base Addr    Size         Type   Attr      Idx    E Section Name        Object

    0x08000000   0x000000f4   Data   RO          673    RESET               startup_stm32l1xx_md.o
    0x080000f4   0x00000000   Code   RO         1698  * .ARM.Collect$$$$00000000  mc_w.l(entry.o)
    0x080000f4   0x00000004   Code   RO         2008    .ARM.Collect$$$$00000001  mc_w.l(entry2.o)
    0x080000f8   0x00000004   Code   RO         2011    .ARM.Collect$$$$00000004  mc_w.l(entry5.o)
    0x080000fc   0x00000000   Code   RO         2013    .ARM.Collect$$$$00000008  mc_w.l(entry7b.o)
    0x080000fc   0x00000000   Code   RO         2015    .ARM.Collect$$$$0000000A  mc_w.l(entry8b.o)
    0x080000fc   0x00000008   Code   RO         2016    .ARM.Collect$$$$0000000B  mc_w.l(entry9a.o)
    0x08000104   0x00000000   Code   RO         2018    .ARM.Collect$$$$0000000D  mc_w.l(entry10a.o)
    0x08000104   0x00000000   Code   RO         2020    .ARM.Collect$$$$0000000F  mc_w.l(entry11a.o)
    0x08000104   0x00000004   Code   RO         2009    .ARM.Collect$$$$00002712  mc_w.l(entry2.o)
    0x08000108   0x0000000e   Code   RO          864    .emb_text           mcu.o
    0x08000116   0x00000002   PAD
    0x08000118   0x00000218   Code   RO            3    .text               application.o
    0x08000330   0x0000002c   Code   RO          295    .text               main.o
    0x0800035c   0x00000354   Code   RO          377    .text               timer_event.o
    0x080006b0   0x00000d30   Code   RO          430    .text               instance.o
    0x080013e0   0x000001a0   Code   RO          465    .text               deca_spi.o
    0x08001580   0x00000168   Code   RO          559    .text               port.o
    0x080016e8   0x00000ae8   Code   RO          599    .text               dotie.o
    0x080021d0   0x000001a0   Code   RO          647    .text               as3933.o
    0x08002370   0x00000024   Code   RO          674    .text               startup_stm32l1xx_md.o
    0x08002394   0x00000178   Code   RO          680    .text               adc.o
    0x0800250c   0x00000140   Code   RO          740    .text               board.o
    0x0800264c   0x00000088   Code   RO          766    .text               button.o
    0x080026d4   0x000000ec   Code   RO          809    .text               com_config.o
    0x080027c0   0x00000180   Code   RO          841    .text               led.o
    0x08002940   0x000003bc   Code   RO          865    .text               mcu.o
    0x08002cfc   0x00000054   Code   RO          901    .text               motor.o
    0x08002d50   0x000001b4   Code   RO          921    .text               spi_nano.o
    0x08002f04   0x000001fc   Code   RO          941    .text               mma8452q.o
    0x08003100   0x00000358   Code   RO          964    .text               hal_io_i2c.o
    0x08003458   0x00000178   Code   RO          984    .text               sleep.o
    0x080035d0   0x000000e4   Code   RO         1009    .text               misc.o
    0x080036b4   0x00000534   Code   RO         1029    .text               stm32l1xx_adc.o
    0x08003be8   0x0000010c   Code   RO         1189    .text               stm32l1xx_exti.o
    0x08003cf4   0x00000954   Code   RO         1209    .text               stm32l1xx_flash.o
    0x08004648   0x0000023c   Code   RO         1269    .text               stm32l1xx_gpio.o
    0x08004884   0x00000040   Code   RO         1309    .text               stm32l1xx_iwdg.o
    0x080048c4   0x00000198   Code   RO         1329    .text               stm32l1xx_lcd.o
    0x08004a5c   0x00000158   Code   RO         1369    .text               stm32l1xx_pwr.o
    0x08004bb4   0x00000490   Code   RO         1389    .text               stm32l1xx_rcc.o
    0x08005044   0x00000d40   Code   RO         1411    .text               stm32l1xx_rtc.o
    0x08005d84   0x000002fc   Code   RO         1451    .text               stm32l1xx_spi.o
    0x08006080   0x000002e8   Code   RO         1471    .text               stm32l1xx_syscfg.o
    0x08006368   0x000005d4   Code   RO         1511    .text               stm32l1xx_usart.o
    0x0800693c   0x00000248   Code   RO         1554    .text               system_stm32l1xx.o
    0x08006b84   0x000018c8   Code   RO         1606    .text               deca_device.o
    0x0800844c   0x000001f0   Code   RO         1651    .text               printf_util.o
    0x0800863c   0x00000038   Code   RO         1676    .text               crc.o
    0x08008674   0x00000062   Code   RO         1701    .text               mc_w.l(uldiv.o)
    0x080086d6   0x00000002   PAD
    0x080086d8   0x00000024   Code   RO         1703    .text               mc_w.l(rand.o)
    0x080086fc   0x00000024   Code   RO         1706    .text               mc_w.l(memcpya.o)
    0x08008720   0x00000024   Code   RO         1708    .text               mc_w.l(memseta.o)
    0x08008744   0x0000006c   Code   RO         1972    .text               mf_w.l(fmul.o)
    0x080087b0   0x00000080   Code   RO         1974    .text               mf_w.l(fdiv.o)
    0x08008830   0x0000014e   Code   RO         1976    .text               mf_w.l(dadd.o)
    0x0800897e   0x000000e4   Code   RO         1978    .text               mf_w.l(dmul.o)
    0x08008a62   0x000000de   Code   RO         1980    .text               mf_w.l(ddiv.o)
    0x08008b40   0x0000000a   Code   RO         1984    .text               mf_w.l(ffltui.o)
    0x08008b4a   0x0000001a   Code   RO         1986    .text               mf_w.l(dfltui.o)
    0x08008b64   0x00000018   Code   RO         1988    .text               mf_w.l(dfltul.o)
    0x08008b7c   0x00000028   Code   RO         1990    .text               mf_w.l(ffixui.o)
    0x08008ba4   0x0000003e   Code   RO         1992    .text               mf_w.l(dfixi.o)
    0x08008be2   0x00000030   Code   RO         1994    .text               mf_w.l(dfixul.o)
    0x08008c12   0x0000001e   Code   RO         2025    .text               mc_w.l(llshl.o)
    0x08008c30   0x00000020   Code   RO         2027    .text               mc_w.l(llushr.o)
    0x08008c50   0x00000024   Code   RO         2029    .text               mc_w.l(llsshr.o)
    0x08008c74   0x00000000   Code   RO         2038    .text               mc_w.l(iusefp.o)
    0x08008c74   0x0000006c   Code   RO         2039    .text               mf_w.l(fepilogue.o)
    0x08008ce0   0x000000be   Code   RO         2041    .text               mf_w.l(depilogue.o)
    0x08008d9e   0x0000002e   Code   RO         2043    .text               mf_w.l(dscalb.o)
    0x08008dcc   0x00000022   Code   RO         2045    .text               mf_w.l(dflti.o)
    0x08008dee   0x00000002   PAD
    0x08008df0   0x00000024   Code   RO         2052    .text               mc_w.l(init.o)
    0x08008e14   0x00000028   Code   RO         2054    .text               mf_w.l(cdcmple.o)
    0x08008e3c   0x00000010   Code   RO         1713    i.__0printf$bare    mc_w.l(printfb.o)
    0x08008e4c   0x000000aa   Code   RO         2049    i.__kernel_poly     m_ws.l(poly.o)
    0x08008ef6   0x0000000e   Code   RO         2058    i.__scatterload_copy  mc_w.l(handlers.o)
    0x08008f04   0x00000002   Code   RO         2059    i.__scatterload_null  mc_w.l(handlers.o)
    0x08008f06   0x0000000e   Code   RO         2060    i.__scatterload_zeroinit  mc_w.l(handlers.o)
    0x08008f14   0x0000000c   Code   RO         2033    i.__set_errno       mc_w.l(errno.o)
    0x08008f20   0x00000022   Code   RO         1720    i._printf_core      mc_w.l(printfb.o)
    0x08008f42   0x00000002   PAD
    0x08008f44   0x00000370   Code   RO         1999    i.log               m_ws.l(log.o)
    0x080092b4   0x000000f4   Code   RO         1691    i.log10             m_ws.l(log10.o)
    0x080093a8   0x00000064   Data   RO          432    .constdata          instance.o
    0x0800940c   0x00000042   Data   RO          601    .constdata          dotie.o
    0x0800944e   0x00000002   PAD
    0x08009450   0x0000004b   Data   RO         1608    .constdata          deca_device.o
    0x0800949b   0x00000001   PAD
    0x0800949c   0x000000b2   Data   RO         1637    .constdata          deca_params_init.o
    0x0800954e   0x00000200   Data   RO         1677    .constdata          crc.o
    0x0800974e   0x00000002   PAD
    0x08009750   0x00000038   Data   RO         2000    .constdata          m_ws.l(log.o)
    0x08009788   0x00000008   Data   RO         2051    .constdata          m_ws.l(qnan.o)
    0x08009790   0x00000020   Data   RO         2056    Region$$Table       anon$$obj.o


    Execution Region RW_IRAM1 (Base: 0x20000000, Size: 0x000036c8, Max: 0x00004000, ABSOLUTE)

    Base Addr    Size         Type   Attr      Idx    E Section Name        Object

    0x20000000   0x00000001   Data   RW            5    .data               application.o
    0x20000001   0x00000003   PAD
    0x20000004   0x0000000d   Data   RW          379    .data               timer_event.o
    0x20000011   0x00000001   PAD
    0x20000012   0x00000045   Data   RW          433    .data               instance.o
    0x20000057   0x00000001   PAD
    0x20000058   0x00000008   Data   RW          602    .data               dotie.o
    0x20000060   0x00000004   Data   RW          866    .data               mcu.o
    0x20000064   0x00000001   Data   RW          942    .data               mma8452q.o
    0x20000065   0x00000019   Data   RW         1390    .data               stm32l1xx_rcc.o
    0x2000007e   0x00000002   PAD
    0x20000080   0x0000001d   Data   RW         1555    .data               system_stm32l1xx.o
    0x2000009d   0x00000003   PAD
    0x200000a0   0x00000004   Data   RW         1609    .data               deca_device.o
    0x200000a4   0x00000006   Data   RW         1653    .data               printf_util.o
    0x200000aa   0x00000002   PAD
    0x200000ac   0x00000004   Data   RW         1704    .data               mc_w.l(rand.o)
    0x200000b0   0x00000004   Data   RW         2022    .data               mc_w.l(stdout.o)
    0x200000b4   0x00000004   Data   RW         2034    .data               mc_w.l(errno.o)
    0x200000b8   0x0000057c   Zero   RW            4    .bss                application.o
    0x20000634   0x00000180   Zero   RW          378    .bss                timer_event.o
    0x200007b4   0x00000004   PAD
    0x200007b8   0x00000cd0   Zero   RW          431    .bss                instance.o
    0x20001488   0x000000b8   Zero   RW          600    .bss                dotie.o
    0x20001540   0x00000110   Zero   RW         1512    .bss                stm32l1xx_usart.o
    0x20001650   0x00000078   Zero   RW         1607    .bss                deca_device.o
    0x200016c8   0x00002000   Zero   RW          671    STACK               startup_stm32l1xx_md.o


==============================================================================

Image component sizes


      Code (inc. data)   RO Data    RW Data    ZI Data      Debug   Object Name

       376         20          0          0          0       1304   adc.o
       536        120          0          1       1404     300979   application.o
       416         12          0          0          0       1644   as3933.o
       320          4          0          0          0       1462   board.o
       136          6          0          0          0        731   button.o
       236          8          0          0          0        879   com_config.o
        56          8        512          0          0       1124   crc.o
      6344        148         75          4        120      24706   deca_device.o
         0          0        178          0          0       1696   deca_params_init.o
         0          0          0          0          0       2876   deca_range_tables.o
       416         18          0          0          0     191193   deca_spi.o
      2792         58         66          8        184      15598   dotie.o
       856          6          0          0          0       3702   hal_io_i2c.o
      3376        524        100         69       3280      20900   instance.o
       384         14          0          0          0       1242   led.o
         0          0          0          0          0       1188   mac_msg.o
        44          6          0          0          0      42038   main.o
       970         34          0          4          0      29002   mcu.o
       228         22          0          0          0       1909   misc.o
       508          4          0          1          0       1813   mma8452q.o
        84          4          0          0          0        701   motor.o
       360          8          0          0          0       1449   port.o
       496         18          0          6          0       3034   printf_util.o
       376         14          0          0          0      25872   sleep.o
       436         24          0          0          0       1069   spi_nano.o
        36          8        244          0       8192        884   startup_stm32l1xx_md.o
      1332         20          0          0          0      10762   stm32l1xx_adc.o
       268          4          0          0          0       2311   stm32l1xx_exti.o
      2388         46          0          0          0      11817   stm32l1xx_flash.o
       572         32          0          0          0       3981   stm32l1xx_gpio.o
        64          6          0          0          0       1305   stm32l1xx_iwdg.o
       408         16          0          0          0       4553   stm32l1xx_lcd.o
       344         14          0          0          0       4092   stm32l1xx_pwr.o
      1168         40          0         25          0       9525   stm32l1xx_rcc.o
      3392         46          0          0          0      14579   stm32l1xx_rtc.o
       764         12          0          0          0       6042   stm32l1xx_spi.o
       744          8          0          0          0       3300   stm32l1xx_syscfg.o
      1492         44          0          0        272       9110   stm32l1xx_usart.o
       584         44          0         29          0       2015   system_stm32l1xx.o
       852         20          0         13        384       4471   timer_event.o

    ----------------------------------------------------------------------
     34156       1440       1212        172      13840     766858   Object Totals
         0          0         32          0          0          0   (incl. Generated)
         2          0          5         12          4          0   (incl. Padding)

    ----------------------------------------------------------------------

      Code (inc. data)   RO Data    RW Data    ZI Data      Debug   Library Member Name

       880         58         56          0          0        264   log.o
       244         32          0          0          0        128   log10.o
       170          0          0          0          0         96   poly.o
         0          0          8          0          0          0   qnan.o
         0          0          0          0          0          0   entry.o
         0          0          0          0          0          0   entry10a.o
         0          0          0          0          0          0   entry11a.o
         8          4          0          0          0          0   entry2.o
         4          0          0          0          0          0   entry5.o
         0          0          0          0          0          0   entry7b.o
         0          0          0          0          0          0   entry8b.o
         8          4          0          0          0          0   entry9a.o
        12          6          0          4          0         68   errno.o
        30          0          0          0          0          0   handlers.o
        36          8          0          0          0         68   init.o
         0          0          0          0          0          0   iusefp.o
        30          0          0          0          0         68   llshl.o
        36          0          0          0          0         68   llsshr.o
        32          0          0          0          0         68   llushr.o
        36          0          0          0          0         68   memcpya.o
        36          0          0          0          0        108   memseta.o
        50          8          0          0          0        152   printfb.o
        36         10          0          4          0        136   rand.o
         0          0          0          4          0          0   stdout.o
        98          0          0          0          0         92   uldiv.o
        40          2          0          0          0         68   cdcmple.o
       334          0          0          0          0        148   dadd.o
       222          0          0          0          0        100   ddiv.o
       190          0          0          0          0        176   depilogue.o
        62          0          0          0          0         80   dfixi.o
        48          0          0          0          0         68   dfixul.o
        34          0          0          0          0         76   dflti.o
        26          0          0          0          0         76   dfltui.o
        24          0          0          0          0         76   dfltul.o
       228          0          0          0          0         96   dmul.o
        46          0          0          0          0         80   dscalb.o
       128          0          0          0          0         88   fdiv.o
       108          0          0          0          0        168   fepilogue.o
        40          0          0          0          0         68   ffixui.o
        10          0          0          0          0         68   ffltui.o
       108          0          0          0          0         76   fmul.o

    ----------------------------------------------------------------------
      3400        132         64         12          0       2896   Library Totals
         6          0          0          0          0          0   (incl. Padding)

    ----------------------------------------------------------------------

      Code (inc. data)   RO Data    RW Data    ZI Data      Debug   Library Name

      1294         90         64          0          0        488   m_ws.l
       452         40          0         12          0        896   mc_w.l
      1648          2          0          0          0       1512   mf_w.l

    ----------------------------------------------------------------------
      3400        132         64         12          0       2896   Library Totals

    ----------------------------------------------------------------------

==============================================================================


      Code (inc. data)   RO Data    RW Data    ZI Data      Debug   

     37556       1572       1276        184      13840     764346   Grand Totals
     37556       1572       1276        184      13840     764346   ELF Image Totals
     37556       1572       1276        184          0          0   ROM Totals

==============================================================================

    Total RO  Size (Code + RO Data)                38832 (  37.92kB)
    Total RW  Size (RW Data + ZI Data)             14024 (  13.70kB)
    Total ROM Size (Code + RO Data + RW Data)      39016 (  38.10kB)

==============================================================================

