<html>
<body>
<pre>
<h1>µVision Build Log</h1>
<h2>Project:</h2>
D:\P4\customization\branch-Tdoa\Zigbee\stm32\stm32l1xx\decave_uwb_tdoa1_modify_v4.0\coalwashery.uvprojx
Project File Date:  11/12/2018

<h2>Output:</h2>
Build target 'LPBSSv2.0'
linking...
Program Size: Code=37556 RO-data=1276 RW-data=184 ZI-data=13840  
FromELF: creating hex file...
After Build - User command #1: fromelf --bin .\build\coalwashery.axf --output LPBSS_CARDv2.bin
".\build\coalwashery.axf" - 0 Error(s), 0 Warning(s).
</pre>
</body>
</html>
