<html>
<body>
<pre>
<h1>µVision Build Log</h1>
<h2>Project:</h2>
E:\workfile\nanotron\test_proj\groud_loc_2.1\Project\Tag\Tag.uvproj
Project File Date:  09/05/2012

<h2>Output:</h2>
Build target 'Tag'
assembling startup_stm32f10x_md.s...
compiling App.c...
compiling Main.c...
compiling Version.c...
compiling HAL.c...
compiling Utility.c...
compiling ConPutDec.c...
compiling ConPutHex.c...
compiling ConPutNum.c...
compiling ConPutRet.c...
compiling ConPutSpc.c...
compiling ConPutStr.c...
compiling ConRdLine.c...
compiling NtrxBBT.c...
compiling NtrxChip.c...
compiling NtrxGetCh.c...
compiling NtrxGetPower.c...
compiling NtrxGetRTC.c...
compiling NtrxGetRxMode.c...
compiling NtrxInit.c...
compiling NtrxPara.c...
compiling NtrxPowerDn.c...
compiling NtrxPowerDnPad.c...
compiling NtrxRange.c...
compiling NtrxRegMap.c...
compiling NtrxSetAddr2.c...
compiling NtrxSetCh.c...
compiling NtrxSetPower.c...
compiling NtrxSetRTC.c...
compiling NtrxSetRxMode.c...
compiling NtrxSetSyncWD.c...
compiling NtrxTask.c...
compiling NtrxTrans.c...
compiling NtrxWarmInit.c...
compiling App_Osal.c...
compiling OSAL.c...
compiling OSAL_Clock.c...
compiling OSAL_PwrMgr.c...
compiling OSAL_Timers.c...
compiling _hal_uart_isr.c...
compiling hal_uart.c...
compiling STM32_CPU.c...
compiling STM32_SPI.c...
compiling STM32F103CB.c...
compiling KeyScan.c...
compiling LED.c...
compiling OLED.c...
linking...
Program Size: Code=27158 RO-data=6430 RW-data=208 ZI-data=3216  
".\out\Tag.axf" - 0 Error(s), 0 Warning(s).
Build target 'Tag'
compiling App.c...
App.c(675): error:  #268: declaration may not appear after executable statement in block
App.c:                  uint8 itick = (1 << (fail - MIN_FAIL_COUNT));
App.c:                  ^
App.c(676): error:  #268: declaration may not appear after executable statement in block
App.c:                  uint8 itickmask = itick - 1;
App.c:                  ^
App.c(677): error:  #268: declaration may not appear after executable statement in block
App.c:                  uint8 iremain = itick - (tick & itickmask);
App.c:                  ^
App.c(705): error:  #268: declaration may not appear after executable statement in block
App.c:          uint32 next = (((current + HALF_TICK_PERIOD) >> TICK_BITS) << TICK_BITS) + TICK_PERIOD * remain;
App.c:          ^
App.c(706): error:  #268: declaration may not appear after executable statement in block
App.c:          uint32 timeout = next - GetSysClock();
App.c:          ^
App.c(712): error:  #268: declaration may not appear after executable statement in block
App.c:          NT_toa_result_t *frm = (NT_toa_result_t*)malloc(sizeof(NT_toa_result_t) + cnt * sizeof(NT_ranging_record_t));
App.c:          ^
App.c(1954): warning:  #111-D: statement is unreachable
App.c:          bestrssi = 0xFF;
App.c:          ^
App.c: App.c: 1 warning, 6 errors
compiling Main.c...
compiling Version.c...
compiling HAL.c...
compiling Utility.c...
compiling ConPutDec.c...
compiling ConPutHex.c...
compiling ConPutNum.c...
compiling ConPutRet.c...
compiling ConPutSpc.c...
compiling ConPutStr.c...
compiling ConRdLine.c...
compiling NtrxBBT.c...
compiling NtrxChip.c...
compiling NtrxGetCh.c...
compiling NtrxGetPower.c...
compiling NtrxGetRTC.c...
compiling NtrxGetRxMode.c...
compiling NtrxInit.c...
compiling NtrxPara.c...
compiling NtrxPowerDn.c...
compiling NtrxPowerDnPad.c...
compiling NtrxRange.c...
compiling NtrxRegMap.c...
compiling NtrxSetAddr2.c...
compiling NtrxSetCh.c...
compiling NtrxSetPower.c...
compiling NtrxSetRTC.c...
compiling NtrxSetRxMode.c...
compiling NtrxSetSyncWD.c...
compiling NtrxTask.c...
compiling NtrxTrans.c...
compiling NtrxWarmInit.c...
compiling App_Osal.c...
compiling OSAL.c...
compiling OSAL_Clock.c...
compiling OSAL_PwrMgr.c...
compiling OSAL_Timers.c...
compiling _hal_uart_isr.c...
compiling hal_uart.c...
compiling STM32_CPU.c...
compiling STM32_SPI.c...
compiling STM32F103CB.c...
compiling KeyScan.c...
compiling LED.c...
compiling OLED.c...
Target not created
Build target 'Tag'
compiling App.c...
App.c(677): error:  #268: declaration may not appear after executable statement in block
App.c:                  uint8 itickmask = itick - 1;
App.c:                  ^
App.c(678): error:  #268: declaration may not appear after executable statement in block
App.c:                  uint8 iremain = itick - (tick & itickmask);
App.c:                  ^
App.c(706): error:  #268: declaration may not appear after executable statement in block
App.c:          uint32 next = (((current + HALF_TICK_PERIOD) >> TICK_BITS) << TICK_BITS) + TICK_PERIOD * remain;
App.c:          ^
App.c(707): error:  #268: declaration may not appear after executable statement in block
App.c:          uint32 timeout = next - GetSysClock();
App.c:          ^
App.c(713): error:  #268: declaration may not appear after executable statement in block
App.c:          NT_toa_result_t *frm = (NT_toa_result_t*)malloc(sizeof(NT_toa_result_t) + cnt * sizeof(NT_ranging_record_t));
App.c:          ^
App.c(1955): warning:  #111-D: statement is unreachable
App.c:          bestrssi = 0xFF;
App.c:          ^
App.c: App.c: 1 warning, 5 errors
Target not created
Build target 'Tag'
compiling App.c...
App.c(708): error:  #268: declaration may not appear after executable statement in block
App.c:          uint32 next = (((current + HALF_TICK_PERIOD) >> TICK_BITS) << TICK_BITS) + TICK_PERIOD * remain;
App.c:          ^
App.c(709): error:  #268: declaration may not appear after executable statement in block
App.c:          uint32 timeout = next - GetSysClock();
App.c:          ^
App.c(715): error:  #268: declaration may not appear after executable statement in block
App.c:          NT_toa_result_t *frm = (NT_toa_result_t*)malloc(sizeof(NT_toa_result_t) + cnt * sizeof(NT_ranging_record_t));
App.c:          ^
App.c(1957): warning:  #111-D: statement is unreachable
App.c:          bestrssi = 0xFF;
App.c:          ^
App.c: App.c: 1 warning, 3 errors
Target not created
Build target 'Tag'
compiling App.c...
App.c(717): error:  #268: declaration may not appear after executable statement in block
App.c:          NT_toa_result_t *frm = (NT_toa_result_t*)malloc(sizeof(NT_toa_result_t) + cnt * sizeof(NT_ranging_record_t));
App.c:          ^
App.c(1959): warning:  #111-D: statement is unreachable
App.c:          bestrssi = 0xFF;
App.c:          ^
App.c: App.c: 1 warning, 1 error
Target not created
Build target 'Tag'
compiling App.c...
App.c(1960): warning:  #111-D: statement is unreachable
App.c:          bestrssi = 0xFF;
App.c:          ^
App.c: App.c: 1 warning, 0 errors
linking...
Program Size: Code=27546 RO-data=6430 RW-data=208 ZI-data=3224  
".\out\Tag.axf" - 0 Error(s), 1 Warning(s).
Build target 'Tag'
compiling App.c...
App.c(1958): warning:  #29-D: expected an expression
App.c:          #elif
App.c:               ^
App.c(1951): warning:  #177-D: variable "bestrssi" was declared but never referenced
App.c:          uint8 bestrssi;
App.c:                ^
App.c(1952): warning:  #177-D: variable "bestidx" was declared but never referenced
App.c:          uint8 bestidx;
App.c:                ^
App.c(1953): warning:  #177-D: variable "i" was declared but never referenced
App.c:          uint8 i;
App.c:                ^
App.c: App.c: 4 warnings, 0 errors
linking...
Program Size: Code=27546 RO-data=6430 RW-data=208 ZI-data=3224  
".\out\Tag.axf" - 0 Error(s), 4 Warning(s).
Build target 'Tag'
compiling App.c...
App.c(1958): error:  #11-D: unrecognized preprocessing directive
App.c:          #elseif
App.c:           ^
App.c(1960): warning:  #111-D: statement is unreachable
App.c:          bestrssi = 0xFF;
App.c:          ^
App.c: App.c: 1 warning, 1 error
Target not created
Build target 'Tag'
compiling App.c...
App.c(1951): warning:  #177-D: variable "bestrssi" was declared but never referenced
App.c:          uint8 bestrssi;
App.c:                ^
App.c(1952): warning:  #177-D: variable "bestidx" was declared but never referenced
App.c:          uint8 bestidx;
App.c:                ^
App.c(1953): warning:  #177-D: variable "i" was declared but never referenced
App.c:          uint8 i;
App.c:                ^
App.c: App.c: 3 warnings, 0 errors
linking...
Program Size: Code=27546 RO-data=6430 RW-data=208 ZI-data=3224  
".\out\Tag.axf" - 0 Error(s), 3 Warning(s).
Build target 'Tag'
compiling App.c...
linking...
Program Size: Code=27546 RO-data=6430 RW-data=208 ZI-data=3224  
".\out\Tag.axf" - 0 Error(s), 0 Warning(s).
